******************************************************************************
             TMS320C2000 Linker PC v15.12.3                    
******************************************************************************
>> Linked Tue Nov 01 19:08:29 2016

OUTPUT FILE NAME:   <ChoicePhaseWithKinds.out>
ENTRY POINT SYMBOL: "_c_int00"  address: 003f5731


MEMORY CONFIGURATION

         name            origin    length      used     unused   attr    fill
----------------------  --------  ---------  --------  --------  ----  --------
PAGE 0:
  RAML0                 00008000   00000800  00000021  000007df  RWIX
  RAML1                 00008a00   00000400  00000000  00000400  RWIX
  OTP                   003d7800   00000400  00000000  00000400  RWIX
  FLASHH                003d8000   00004000  00000000  00004000  RWIX
  FLASHG                003dc000   00004000  00000000  00004000  RWIX
  FLASHF                003e0000   00004000  00000000  00004000  RWIX
  FLASHE                003e4000   00004000  00000000  00004000  RWIX
  FLASHD                003e8000   00004000  00000021  00003fdf  RWIX
  FLASHC                003ec000   00004000  00000000  00004000  RWIX
  FLASHA                003f4000   00003f80  00001f36  0000204a  RWIX
  CSM_RSVD              003f7f80   00000076  00000000  00000076  RWIX
  BEGIN                 003f7ff6   00000002  00000002  00000000  RWIX
  CSM_PWL_P0            003f7ff8   00000008  00000000  00000008  RWIX
  FPUTABLES             003fd860   000006a0  000006a0  00000000  RWIX
  IQTABLES              003fdf00   00000b50  00000000  00000b50  RWIX
  IQTABLES2             003fea50   0000008c  00000000  0000008c  RWIX
  IQTABLES3             003feadc   000000aa  00000000  000000aa  RWIX
  ROM                   003ff3b0   00000c10  00000000  00000c10  RWIX
  RESET                 003fffc0   00000002  00000000  00000002  RWIX
  VECTORS               003fffc2   0000003e  00000000  0000003e  RWIX

PAGE 1:
  BOOT_RSVD             00000000   00000050  00000000  00000050  RWIX
  RAMM0                 00000050   000004b0  00000400  000000b0  RWIX
  RAMM1                 00000500   00000300  00000000  00000300  RWIX
  DEV_EMU               00000880   00000105  00000004  00000101  RWIX
  SYS_PWR_CTL           00000985   00000003  00000003  00000000  RWIX
  FLASH_REGS            00000a80   00000060  00000008  00000058  RWIX
  CSM                   00000ae0   00000020  00000010  00000010  RWIX
  ADC_RESULT            00000b00   00000020  00000010  00000010  RWIX
  CPU_TIMER0            00000c00   00000008  00000008  00000000  RWIX
  CPU_TIMER1            00000c08   00000008  00000008  00000000  RWIX
  CPU_TIMER2            00000c10   00000008  00000008  00000000  RWIX
  PIE_CTRL              00000ce0   00000020  0000001a  00000006  RWIX
  PIE_VECT              00000d00   00000100  00000100  00000000  RWIX
  DMA                   00001000   00000200  000000e0  00000120  RWIX
  CLA1                  00001400   00000080  00000040  00000040  RWIX
  USB0                  00004000   00001000  00000454  00000bac  RWIX
  McBSPA                00005000   00000040  00000024  0000001c  RWIX
  ECANA                 00006000   00000040  00000034  0000000c  RWIX
  ECANA_LAM             00006040   00000040  00000040  00000000  RWIX
  ECANA_MOTS            00006080   00000040  00000040  00000000  RWIX
  ECANA_MOTO            000060c0   00000040  00000040  00000000  RWIX
  ECANA_MBOX            00006100   00000100  00000100  00000000  RWIX
  COMP1                 00006400   00000020  00000014  0000000c  RWIX
  COMP2                 00006420   00000020  00000014  0000000c  RWIX
  COMP3                 00006440   00000020  00000014  0000000c  RWIX
  EPWM1                 00006800   00000040  00000040  00000000  RWIX
  EPWM2                 00006840   00000040  00000040  00000000  RWIX
  EPWM3                 00006880   00000040  00000040  00000000  RWIX
  EPWM4                 000068c0   00000040  00000040  00000000  RWIX
  EPWM5                 00006900   00000040  00000040  00000000  RWIX
  EPWM6                 00006940   00000040  00000040  00000000  RWIX
  EPWM7                 00006980   00000040  00000040  00000000  RWIX
  EPWM8                 000069c0   00000040  00000040  00000000  RWIX
  ECAP1                 00006a00   00000020  00000020  00000000  RWIX
  ECAP2                 00006a20   00000020  00000020  00000000  RWIX
  ECAP3                 00006a40   00000020  00000020  00000000  RWIX
  HRCAP1                00006ac0   00000020  00000020  00000000  RWIX
  HRCAP2                00006ae0   00000020  00000020  00000000  RWIX
  EQEP1                 00006b00   00000040  00000022  0000001e  RWIX
  EQEP2                 00006b40   00000040  00000022  0000001e  RWIX
  HRCAP3                00006c80   00000020  00000020  00000000  RWIX
  HRCAP4                00006ca0   00000020  00000020  00000000  RWIX
  GPIOCTRL              00006f80   00000040  00000040  00000000  RWIX
  GPIODAT               00006fc0   00000020  00000020  00000000  RWIX
  GPIOINT               00006fe0   00000020  00000020  00000000  RWIX
  SYSTEM                00007010   00000030  00000030  00000000  RWIX
  SPIA                  00007040   00000010  00000010  00000000  RWIX
  SCIA                  00007050   00000010  00000010  00000000  RWIX
  NMIINTRUPT            00007060   00000010  00000010  00000000  RWIX
  XINTRUPT              00007070   00000010  00000010  00000000  RWIX
  ADC                   00007100   00000080  00000050  00000030  RWIX
  SPIB                  00007740   00000010  00000010  00000000  RWIX
  SCIB                  00007750   00000010  00000010  00000000  RWIX
  I2CA                  00007900   00000040  00000022  0000001e  RWIX
  RAML2                 00008c00   00000600  00000540  000000c0  RWIX
  RAML3                 00009200   00000d00  00000000  00000d00  RWIX
  RAML4                 0000a000   00002000  00000000  00002000  RWIX
  RAML5                 0000c000   00002000  00000080  00001f80  RWIX
  RAML6                 0000e000   00002000  00000080  00001f80  RWIX
  RAML7                 00010000   00002000  00000042  00001fbe  RWIX
  RAML8                 00012000   00002000  00000080  00001f80  RWIX
  USB_RAM               00040000   00000800  00000000  00000800  RWIX
  PARTID                003d7e80   00000001  00000001  00000000  RWIX
  FLASHB                003f0000   00004000  00000000  00004000  RWIX
  CSM_PWL               003f7ff8   00000008  00000008  00000000  RWIX


SECTION ALLOCATION MAP

 output                                  attributes/
section   page    origin      length       input sections
--------  ----  ----------  ----------   ----------------
ramfuncs   0    003e8000    00000021     RUN ADDR = 00008000
                  003e8000    0000001d     F2806x_SysCtrl.obj (ramfuncs)
                  003e801d    00000004     F2806x_usDelay.obj (ramfuncs)

.text      0    003f4000    00001b0c     
                  003f4000    0000039b     F2806x_DefaultIsr.obj (.text:retain)
                  003f439b    00000001     rts2800_fpu32.lib : startup.obj (.text)
                  003f439c    00000379     MonitorCalculate.obj (.text)
                  003f4715    00000001     --HOLE-- [fill = 0]
                  003f4716    000002f8     Action.obj (.text)
                  003f4a0e    000001bb     F2806x_Adc.obj (.text)
                  003f4bc9    00000186     F2806x_SysCtrl.obj (.text)
                  003f4d4f    0000013d     RtuFrameB.obj (.text)
                  003f4e8c    00000125     RtuFrame.obj (.text)
                  003f4fb1    00000001     --HOLE-- [fill = 0]
                  003f4fb2    0000011d     C28x_FPU_Lib.lib : RFFT_f32.obj (.text)
                  003f50cf    000000f4     withFFTmain.obj (.text)
                  003f51c3    000000a1     RtuFrameB.obj (.text:retain)
                  003f5264    0000009c     rts2800_fpu32.lib : fd_add.obj (.text)
                  003f5300    00000098     SampleProcess.obj (.text:retain)
                  003f5398    0000008b     rts2800_fpu32.lib : fd_div.obj (.text)
                  003f5423    00000089     PwmTimer.obj (.text:retain)
                  003f54ac    00000083     rts2800_fpu32.lib : fd_mpy.obj (.text)
                  003f552f    0000007c     RtuFrame.obj (.text:retain)
                  003f55ab    00000070     C28x_FPU_Lib.lib : RFFT_f32_sincostable.obj (.text)
                  003f561b    00000067     ConfigADC.obj (.text)
                  003f5682    00000058     F2806x_CpuTimers.obj (.text)
                  003f56da    00000057     DeviceIO.obj (.text)
                  003f5731    00000056     rts2800_fpu32.lib : boot.obj (.text)
                  003f5787    00000055     SCI.obj (.text)
                  003f57dc    0000004a     rts2800_fpu32_fast_supplement.lib : atan_f32.obj (.text)
                  003f5826    00000049     MonitorCalculate.obj (.text:retain)
                  003f586f    00000046     rts2800_fpu32.lib : cpy_tbl.obj (.text)
                  003f58b5    0000003b     F2806x_Sci.obj (.text)
                  003f58f0    00000034     rts2800_fpu32_fast_supplement.lib : cos_f32.obj (.text)
                  003f5924    00000034                                       : sin_f32.obj (.text)
                  003f5958    00000030     SampleProcess.obj (.text)
                  003f5988    00000029     rts2800_fpu32.lib : exit.obj (.text)
                  003f59b1    00000028     F2806x_PieCtrl.obj (.text)
                  003f59d9    0000001e     rts2800_fpu32.lib : memcpy.obj (.text)
                  003f59f7    00000001     --HOLE-- [fill = 0]
                  003f59f8    0000001c     CRC16.obj (.text)
                  003f5a14    0000001c     rts2800_fpu32.lib : fs_tofd.obj (.text)
                  003f5a30    0000001b                       : fd_toul.obj (.text)
                  003f5a4b    0000001a                       : cpy_utils.obj (.text)
                  003f5a65    00000019                       : args_main.obj (.text)
                  003f5a7e    00000019                       : prolog.obj (.text)
                  003f5a97    00000019     rts2800_fpu32_fast_supplement.lib : div_f32.obj (.text)
                  003f5ab0    00000017     rts2800_fpu32.lib : u_tofd.obj (.text)
                  003f5ac7    00000011     F2806x_PieVect.obj (.text)
                  003f5ad8    0000000e     rts2800_fpu32.lib : fd_sub.obj (.text)
                  003f5ae6    0000000c                       : epilog.obj (.text)
                  003f5af2    00000009                       : _lock.obj (.text)
                  003f5afb    00000008     F2806x_CodeStartBranch.obj (.text)
                  003f5b03    00000007     F2806x_DisInt.obj (.text)
                  003f5b0a    00000002     rts2800_fpu32.lib : pre_init.obj (.text)

.econst    0    003f5b0c    0000032e     
                  003f5b0c    00000100     CRC16.obj (.econst:.string:_auchCRCHi)
                  003f5c0c    00000100     CRC16.obj (.econst:.string:_auchCRCLo)
                  003f5d0c    00000100     F2806x_PieVect.obj (.econst:_PieVectTableInit)
                  003f5e0c    00000010     BasicModule.obj (.econst)
                  003f5e1c    00000010     MonitorCalculate.obj (.econst)
                  003f5e2c    0000000e     withFFTmain.obj (.econst:_$P$T0$1)

.cinit     0    003f5e3a    000000fc     
                  003f5e3a    00000057     MonitorCalculate.obj (.cinit)
                  003f5e91    00000030     RtuFrame.obj (.cinit)
                  003f5ec1    00000030     RtuFrameB.obj (.cinit)
                  003f5ef1    0000001e     SampleProcess.obj (.cinit)
                  003f5f0f    0000000e     rts2800_fpu32.lib : exit.obj (.cinit)
                  003f5f1d    00000008     Action.obj (.cinit)
                  003f5f25    00000005     rts2800_fpu32.lib : _lock.obj (.cinit:__lock)
                  003f5f2a    00000005                       : _lock.obj (.cinit:__unlock)
                  003f5f2f    00000005     withFFTmain.obj (.cinit)
                  003f5f34    00000002     --HOLE-- [fill = 0]

.pinit     0    003f4000    00000000     UNINITIALIZED

codestart 
*          0    003f7ff6    00000002     
                  003f7ff6    00000002     F2806x_CodeStartBranch.obj (codestart)

FPUmathTables 
*          0    003fd860    000006a0     NOLOAD SECTION
                  003fd860    000006a0     rts2800_fpu32_fast_supplement.lib : FPUmathTables.obj (FPUmathTables)

.stack     1    00000050    00000400     UNINITIALIZED
                  00000050    00000400     --HOLE--

DevEmuRegsFile 
*          1    00000880    00000004     UNINITIALIZED
                  00000880    00000004     F2806x_GlobalVariableDefs.obj (DevEmuRegsFile)

SysPwrCtrlRegsFile 
*          1    00000985    00000003     UNINITIALIZED
                  00000985    00000003     F2806x_GlobalVariableDefs.obj (SysPwrCtrlRegsFile)

FlashRegsFile 
*          1    00000a80    00000008     UNINITIALIZED
                  00000a80    00000008     F2806x_GlobalVariableDefs.obj (FlashRegsFile)

CsmRegsFile 
*          1    00000ae0    00000010     UNINITIALIZED
                  00000ae0    00000010     F2806x_GlobalVariableDefs.obj (CsmRegsFile)

AdcResultFile 
*          1    00000b00    00000010     UNINITIALIZED
                  00000b00    00000010     F2806x_GlobalVariableDefs.obj (AdcResultFile)

CpuTimer0RegsFile 
*          1    00000c00    00000008     UNINITIALIZED
                  00000c00    00000008     F2806x_GlobalVariableDefs.obj (CpuTimer0RegsFile)

CpuTimer1RegsFile 
*          1    00000c08    00000008     UNINITIALIZED
                  00000c08    00000008     F2806x_GlobalVariableDefs.obj (CpuTimer1RegsFile)

CpuTimer2RegsFile 
*          1    00000c10    00000008     UNINITIALIZED
                  00000c10    00000008     F2806x_GlobalVariableDefs.obj (CpuTimer2RegsFile)

PieCtrlRegsFile 
*          1    00000ce0    0000001a     UNINITIALIZED
                  00000ce0    0000001a     F2806x_GlobalVariableDefs.obj (PieCtrlRegsFile)

PieVectTableFile 
*          1    00000d00    00000100     UNINITIALIZED
                  00000d00    00000100     F2806x_GlobalVariableDefs.obj (PieVectTableFile)

EmuKeyVar 
*          1    00000d00    00000001     UNINITIALIZED
                  00000d00    00000001     F2806x_GlobalVariableDefs.obj (EmuKeyVar)

EmuBModeVar 
*          1    00000d01    00000001     UNINITIALIZED
                  00000d01    00000001     F2806x_GlobalVariableDefs.obj (EmuBModeVar)

FlashCallbackVar 
*          1    00000d02    00000002     UNINITIALIZED
                  00000d02    00000002     F2806x_GlobalVariableDefs.obj (FlashCallbackVar)

FlashScalingVar 
*          1    00000d04    00000002     UNINITIALIZED
                  00000d04    00000002     F2806x_GlobalVariableDefs.obj (FlashScalingVar)

DmaRegsFile 
*          1    00001000    000000e0     UNINITIALIZED
                  00001000    000000e0     F2806x_GlobalVariableDefs.obj (DmaRegsFile)

Cla1RegsFile 
*          1    00001400    00000040     UNINITIALIZED
                  00001400    00000040     F2806x_GlobalVariableDefs.obj (Cla1RegsFile)

Usb0RegsFile 
*          1    00004000    00000454     UNINITIALIZED
                  00004000    00000454     F2806x_GlobalVariableDefs.obj (Usb0RegsFile)

McbspaRegsFile 
*          1    00005000    00000024     UNINITIALIZED
                  00005000    00000024     F2806x_GlobalVariableDefs.obj (McbspaRegsFile)

ECanaRegsFile 
*          1    00006000    00000034     UNINITIALIZED
                  00006000    00000034     F2806x_GlobalVariableDefs.obj (ECanaRegsFile)

ECanaLAMRegsFile 
*          1    00006040    00000040     UNINITIALIZED
                  00006040    00000040     F2806x_GlobalVariableDefs.obj (ECanaLAMRegsFile)

ECanaMOTSRegsFile 
*          1    00006080    00000040     UNINITIALIZED
                  00006080    00000040     F2806x_GlobalVariableDefs.obj (ECanaMOTSRegsFile)

ECanaMOTORegsFile 
*          1    000060c0    00000040     UNINITIALIZED
                  000060c0    00000040     F2806x_GlobalVariableDefs.obj (ECanaMOTORegsFile)

ECanaMboxesFile 
*          1    00006100    00000100     UNINITIALIZED
                  00006100    00000100     F2806x_GlobalVariableDefs.obj (ECanaMboxesFile)

Comp1RegsFile 
*          1    00006400    00000014     UNINITIALIZED
                  00006400    00000014     F2806x_GlobalVariableDefs.obj (Comp1RegsFile)

Comp2RegsFile 
*          1    00006420    00000014     UNINITIALIZED
                  00006420    00000014     F2806x_GlobalVariableDefs.obj (Comp2RegsFile)

Comp3RegsFile 
*          1    00006440    00000014     UNINITIALIZED
                  00006440    00000014     F2806x_GlobalVariableDefs.obj (Comp3RegsFile)

EPwm1RegsFile 
*          1    00006800    00000040     UNINITIALIZED
                  00006800    00000040     F2806x_GlobalVariableDefs.obj (EPwm1RegsFile)

EPwm2RegsFile 
*          1    00006840    00000040     UNINITIALIZED
                  00006840    00000040     F2806x_GlobalVariableDefs.obj (EPwm2RegsFile)

EPwm3RegsFile 
*          1    00006880    00000040     UNINITIALIZED
                  00006880    00000040     F2806x_GlobalVariableDefs.obj (EPwm3RegsFile)

EPwm4RegsFile 
*          1    000068c0    00000040     UNINITIALIZED
                  000068c0    00000040     F2806x_GlobalVariableDefs.obj (EPwm4RegsFile)

EPwm5RegsFile 
*          1    00006900    00000040     UNINITIALIZED
                  00006900    00000040     F2806x_GlobalVariableDefs.obj (EPwm5RegsFile)

EPwm6RegsFile 
*          1    00006940    00000040     UNINITIALIZED
                  00006940    00000040     F2806x_GlobalVariableDefs.obj (EPwm6RegsFile)

EPwm7RegsFile 
*          1    00006980    00000040     UNINITIALIZED
                  00006980    00000040     F2806x_GlobalVariableDefs.obj (EPwm7RegsFile)

EPwm8RegsFile 
*          1    000069c0    00000040     UNINITIALIZED
                  000069c0    00000040     F2806x_GlobalVariableDefs.obj (EPwm8RegsFile)

ECap1RegsFile 
*          1    00006a00    00000020     UNINITIALIZED
                  00006a00    00000020     F2806x_GlobalVariableDefs.obj (ECap1RegsFile)

ECap2RegsFile 
*          1    00006a20    00000020     UNINITIALIZED
                  00006a20    00000020     F2806x_GlobalVariableDefs.obj (ECap2RegsFile)

ECap3RegsFile 
*          1    00006a40    00000020     UNINITIALIZED
                  00006a40    00000020     F2806x_GlobalVariableDefs.obj (ECap3RegsFile)

HRCap1RegsFile 
*          1    00006ac0    00000020     UNINITIALIZED
                  00006ac0    00000020     F2806x_GlobalVariableDefs.obj (HRCap1RegsFile)

HRCap2RegsFile 
*          1    00006ae0    00000020     UNINITIALIZED
                  00006ae0    00000020     F2806x_GlobalVariableDefs.obj (HRCap2RegsFile)

EQep1RegsFile 
*          1    00006b00    00000022     UNINITIALIZED
                  00006b00    00000022     F2806x_GlobalVariableDefs.obj (EQep1RegsFile)

EQep2RegsFile 
*          1    00006b40    00000022     UNINITIALIZED
                  00006b40    00000022     F2806x_GlobalVariableDefs.obj (EQep2RegsFile)

HRCap3RegsFile 
*          1    00006c80    00000020     UNINITIALIZED
                  00006c80    00000020     F2806x_GlobalVariableDefs.obj (HRCap3RegsFile)

HRCap4RegsFile 
*          1    00006ca0    00000020     UNINITIALIZED
                  00006ca0    00000020     F2806x_GlobalVariableDefs.obj (HRCap4RegsFile)

GpioCtrlRegsFile 
*          1    00006f80    00000040     UNINITIALIZED
                  00006f80    00000040     F2806x_GlobalVariableDefs.obj (GpioCtrlRegsFile)

GpioDataRegsFile 
*          1    00006fc0    00000020     UNINITIALIZED
                  00006fc0    00000020     F2806x_GlobalVariableDefs.obj (GpioDataRegsFile)

GpioIntRegsFile 
*          1    00006fe0    00000020     UNINITIALIZED
                  00006fe0    00000020     F2806x_GlobalVariableDefs.obj (GpioIntRegsFile)

SysCtrlRegsFile 
*          1    00007010    00000030     UNINITIALIZED
                  00007010    00000030     F2806x_GlobalVariableDefs.obj (SysCtrlRegsFile)

SpiaRegsFile 
*          1    00007040    00000010     UNINITIALIZED
                  00007040    00000010     F2806x_GlobalVariableDefs.obj (SpiaRegsFile)

SciaRegsFile 
*          1    00007050    00000010     UNINITIALIZED
                  00007050    00000010     F2806x_GlobalVariableDefs.obj (SciaRegsFile)

NmiIntruptRegsFile 
*          1    00007060    00000010     UNINITIALIZED
                  00007060    00000010     F2806x_GlobalVariableDefs.obj (NmiIntruptRegsFile)

XIntruptRegsFile 
*          1    00007070    00000010     UNINITIALIZED
                  00007070    00000010     F2806x_GlobalVariableDefs.obj (XIntruptRegsFile)

AdcRegsFile 
*          1    00007100    00000050     UNINITIALIZED
                  00007100    00000050     F2806x_GlobalVariableDefs.obj (AdcRegsFile)

SpibRegsFile 
*          1    00007740    00000010     UNINITIALIZED
                  00007740    00000010     F2806x_GlobalVariableDefs.obj (SpibRegsFile)

ScibRegsFile 
*          1    00007750    00000010     UNINITIALIZED
                  00007750    00000010     F2806x_GlobalVariableDefs.obj (ScibRegsFile)

I2caRegsFile 
*          1    00007900    00000022     UNINITIALIZED
                  00007900    00000022     F2806x_GlobalVariableDefs.obj (I2caRegsFile)

.ebss      1    00008c00    00000540     UNINITIALIZED
                  00008c00    00000282     SampleProcess.obj (.ebss)
                  00008e82    00000022     withFFTmain.obj (.ebss)
                  00008ea4    00000018     F2806x_CpuTimers.obj (.ebss)
                  00008ebc    00000002     Action.obj (.ebss)
                  00008ebe    00000002     rts2800_fpu32.lib : _lock.obj (.ebss:__lock)
                  00008ec0    000000c2     MonitorCalculate.obj (.ebss)
                  00008f82    00000008     PwmTimer.obj (.ebss)
                  00008f8a    00000006     rts2800_fpu32.lib : exit.obj (.ebss)
                  00008f90    00000002                       : _lock.obj (.ebss:__unlock)
                  00008f92    0000002e     --HOLE--
                  00008fc0    000000c0     RtuFrame.obj (.ebss)
                  00009080    000000c0     RtuFrameB.obj (.ebss)

RFFTdata1 
*          1    0000c000    00000080     UNINITIALIZED
                  0000c000    00000080     MonitorCalculate.obj (RFFTdata1)

RFFTdata2 
*          1    0000e000    00000080     UNINITIALIZED
                  0000e000    00000080     MonitorCalculate.obj (RFFTdata2)

RFFTdata3 
*          1    00010000    00000042     UNINITIALIZED
                  00010000    00000042     MonitorCalculate.obj (RFFTdata3)

RFFTdata4 
*          1    00012000    00000080     UNINITIALIZED
                  00012000    00000080     MonitorCalculate.obj (RFFTdata4)

.reset     0    003fffc0    00000002     DSECT
                  003fffc0    00000002     rts2800_fpu32.lib : boot.obj (.reset)

vectors    0    003fffc2    00000000     DSECT

PartIdRegsFile 
*          1    003d7e80    00000001     UNINITIALIZED
                  003d7e80    00000001     F2806x_GlobalVariableDefs.obj (PartIdRegsFile)

CsmPwlFile 
*          1    003f7ff8    00000008     UNINITIALIZED
                  003f7ff8    00000008     F2806x_GlobalVariableDefs.obj (CsmPwlFile)

MODULE SUMMARY

       Module                          code   ro data   rw data
       ------                          ----   -------   -------
    .\ProjectSource\
       MonitorCalculate.obj            962    0         747    
       SampleProcess.obj               200    0         672    
       Action.obj                      760    0         10     
       RtuFrameB.obj                   478    0         240    
       RtuFrame.obj                    417    0         240    
       CRC16.obj                       28     0         512    
       PwmTimer.obj                    137    0         8      
       ConfigADC.obj                   103    0         0      
       DeviceIO.obj                    87     0         0      
       SCI.obj                         85     0         0      
       BasicModule.obj                 0      0         16     
    +--+-------------------------------+------+---------+---------+
       Total:                          3257   0         2445   
                                                               
    .\source\
       F2806x_GlobalVariableDefs.obj   0      0         3550   
       F2806x_DefaultIsr.obj           923    0         0      
       F2806x_SysCtrl.obj              448    0         0      
       F2806x_Adc.obj                  443    0         0      
       F2806x_PieVect.obj              17     0         256    
       F2806x_CpuTimers.obj            88     0         24     
       F2806x_Sci.obj                  59     0         0      
       F2806x_PieCtrl.obj              40     0         0      
       F2806x_CodeStartBranch.obj      10     0         0      
       F2806x_usDelay.obj              8      0         0      
       F2806x_DisInt.obj               7      0         0      
    +--+-------------------------------+------+---------+---------+
       Total:                          2043   0         3830   
                                                               
    .\withFFT\
       withFFTmain.obj                 244    0         53     
    +--+-------------------------------+------+---------+---------+
       Total:                          244    0         53     
                                                               
    ../lib/C28x_FPU_Lib.lib
       RFFT_f32.obj                    285    0         0      
       RFFT_f32_sincostable.obj        112    0         0      
    +--+-------------------------------+------+---------+---------+
       Total:                          397    0         0      
                                                               
    ../lib/rts2800_fpu32_fast_supplement.lib
       FPUmathTables.obj               0      0         1696   
       atan_f32.obj                    74     0         0      
       cos_f32.obj                     52     0         0      
       sin_f32.obj                     52     0         0      
       div_f32.obj                     25     0         0      
    +--+-------------------------------+------+---------+---------+
       Total:                          203    0         1696   
                                                               
    D:/Program Files (x86)/TI/ccsv6/tools/compiler/c2000_15.12.3.LTS/lib/rts2800_fpu32.lib
       fd_add.obj                      156    0         0      
       fd_div.obj                      139    0         0      
       fd_mpy.obj                      131    0         0      
       boot.obj                        86     0         0      
       cpy_tbl.obj                     70     0         0      
       exit.obj                        41     0         20     
       memcpy.obj                      30     0         0      
       fs_tofd.obj                     28     0         0      
       fd_toul.obj                     27     0         0      
       cpy_utils.obj                   26     0         0      
       args_main.obj                   25     0         0      
       prolog.obj                      25     0         0      
       _lock.obj                       9      0         14     
       u_tofd.obj                      23     0         0      
       fd_sub.obj                      14     0         0      
       epilog.obj                      12     0         0      
       pre_init.obj                    2      0         0      
       startup.obj                     1      0         0      
    +--+-------------------------------+------+---------+---------+
       Total:                          845    0         34     
                                                               
       Stack:                          0      0         1024   
    +--+-------------------------------+------+---------+---------+
       Grand Total:                    6989   0         9082   


GLOBAL DATA SYMBOLS: SORTED BY DATA PAGE

address     data page           name
--------    ----------------    ----
00000050       1 (00000040)     __stack

00000880      22 (00000880)     _DevEmuRegs

00000985      26 (00000980)     _SysPwrCtrlRegs

00000a80      2a (00000a80)     _FlashRegs

00000ae0      2b (00000ac0)     _CsmRegs

00000b00      2c (00000b00)     _AdcResult

00000c00      30 (00000c00)     _CpuTimer0Regs
00000c08      30 (00000c00)     _CpuTimer1Regs
00000c10      30 (00000c00)     _CpuTimer2Regs

00000ce0      33 (00000cc0)     _PieCtrlRegs

00000d00      34 (00000d00)     _EmuKey
00000d00      34 (00000d00)     _PieVectTable
00000d01      34 (00000d00)     _EmuBMode
00000d02      34 (00000d00)     _Flash_CallbackPtr
00000d04      34 (00000d00)     _Flash_CPUScaleFactor

00001000      40 (00001000)     _DmaRegs

00001400      50 (00001400)     _Cla1Regs

00004000     100 (00004000)     _Usb0Regs

00005000     140 (00005000)     _McbspaRegs

00006000     180 (00006000)     _ECanaRegs

00006040     181 (00006040)     _ECanaLAMRegs

00006080     182 (00006080)     _ECanaMOTSRegs

000060c0     183 (000060c0)     _ECanaMOTORegs

00006100     184 (00006100)     _ECanaMboxes

00006400     190 (00006400)     _Comp1Regs
00006420     190 (00006400)     _Comp2Regs

00006440     191 (00006440)     _Comp3Regs

00006800     1a0 (00006800)     _EPwm1Regs

00006840     1a1 (00006840)     _EPwm2Regs

00006880     1a2 (00006880)     _EPwm3Regs

000068c0     1a3 (000068c0)     _EPwm4Regs

00006900     1a4 (00006900)     _EPwm5Regs

00006940     1a5 (00006940)     _EPwm6Regs

00006980     1a6 (00006980)     _EPwm7Regs

000069c0     1a7 (000069c0)     _EPwm8Regs

00006a00     1a8 (00006a00)     _ECap1Regs
00006a20     1a8 (00006a00)     _ECap2Regs

00006a40     1a9 (00006a40)     _ECap3Regs

00006ac0     1ab (00006ac0)     _HRCap1Regs
00006ae0     1ab (00006ac0)     _HRCap2Regs

00006b00     1ac (00006b00)     _EQep1Regs

00006b40     1ad (00006b40)     _EQep2Regs

00006c80     1b2 (00006c80)     _HRCap3Regs
00006ca0     1b2 (00006c80)     _HRCap4Regs

00006f80     1be (00006f80)     _GpioCtrlRegs

00006fc0     1bf (00006fc0)     _GpioDataRegs
00006fe0     1bf (00006fc0)     _GpioIntRegs

00007010     1c0 (00007000)     _SysCtrlRegs

00007040     1c1 (00007040)     _SpiaRegs
00007050     1c1 (00007040)     _SciaRegs
00007060     1c1 (00007040)     _NmiIntruptRegs
00007070     1c1 (00007040)     _XIntruptRegs

00007100     1c4 (00007100)     _AdcRegs

00007740     1dd (00007740)     _SpibRegs
00007750     1dd (00007740)     _ScibRegs

00007900     1e4 (00007900)     _I2caRegs

00008c00     230 (00008c00)     _SampleIndex
00008c01     230 (00008c00)     _i
00008c02     230 (00008c00)     _SampleLen
00008c04     230 (00008c00)     _SamplePriod

00008c40     231 (00008c40)     _SampleData

00008cc0     233 (00008cc0)     _SampleDataSave

00008d80     236 (00008d80)     _SampleDataSavefloat

00008e82     23a (00008e80)     _FS
00008e84     23a (00008e80)     _recvFrame
00008e8c     23a (00008e80)     _sendFrame
00008e94     23a (00008e80)     _sendFrameB
00008e9c     23a (00008e80)     _recvFrameB
00008ea4     23a (00008e80)     _CpuTimer1
00008eac     23a (00008e80)     _CpuTimer2
00008eb4     23a (00008e80)     _CpuTimer0
00008ebc     23a (00008e80)     _ZVDFlag
00008ebd     23a (00008e80)     _HefenFlag
00008ebe     23a (00008e80)     __lock

00008ec0     23b (00008ec0)     _xiang
00008ec1     23b (00008ec0)     _FirstTrig
00008ec2     23b (00008ec0)     _count
00008ec4     23b (00008ec0)     _tp
00008ec6     23b (00008ec0)     _pFreqMonitor
00008ec8     23b (00008ec0)     _TwoDivideN
00008eca     23b (00008ec0)     _Cos1step
00008ecc     23b (00008ec0)     _Sin1step
00008ece     23b (00008ec0)     _phase
00008ed0     23b (00008ec0)     _a
00008ed2     23b (00008ec0)     _b
00008ed4     23b (00008ec0)     _pCalTimeMonitor
00008ed6     23b (00008ec0)     _tp4
00008ed8     23b (00008ec0)     _res
00008eda     23b (00008ec0)     _tq
00008edc     23b (00008ec0)     _t1
00008ede     23b (00008ec0)     _t0
00008ee0     23b (00008ec0)     _sumt
00008ee2     23b (00008ec0)     _tph
00008ee4     23b (00008ec0)     _tnow
00008ee6     23b (00008ec0)     _CalTimeMonitor
00008eee     23b (00008ec0)     _FreqMonitor
00008ef6     23b (00008ec0)     _SetParam

00008f00     23c (00008f00)     _rfft

00008f40     23d (00008f40)     _RFFphaseBuff

00008f82     23e (00008f80)     _EPwm2TimerIntCount
00008f84     23e (00008f80)     _EPwm1TimerIntCount
00008f86     23e (00008f80)     _EPwm4TimerIntCount
00008f88     23e (00008f80)     _EPwm3TimerIntCount
00008f8a     23e (00008f80)     ___TI_enable_exit_profile_output
00008f8c     23e (00008f80)     ___TI_cleanup_ptr
00008f8e     23e (00008f80)     ___TI_dtors_ptr
00008f90     23e (00008f80)     __unlock

00008fc0     23f (00008fc0)     _FifoEnd
00008fc1     23f (00008fc0)     _ReciveOverTimeFlag
00008fc2     23f (00008fc0)     _FifoHead
00008fc3     23f (00008fc0)     _LocalAddress
00008fc4     23f (00008fc0)     _completeFlag
00008fc5     23f (00008fc0)     _DealStep
00008fc6     23f (00008fc0)     _ReciveBufferLen
00008fc7     23f (00008fc0)     _ReciveIndex
00008fc8     23f (00008fc0)     _SciSendData
00008fce     23f (00008fc0)     _ReciveBuffer
00008fde     23f (00008fc0)     _RtuFrame

00009000     240 (00009000)     _FrameData

00009040     241 (00009040)     _SendFrameData

00009080     242 (00009080)     _DealStepB
00009081     242 (00009080)     _FifoEndB
00009082     242 (00009080)     _FifoHeadB
00009083     242 (00009080)     _completeFlagB
00009084     242 (00009080)     _ReciveOverTimeFlagB
00009085     242 (00009080)     _ReciveIndexB
00009086     242 (00009080)     _LocalAddressB
00009087     242 (00009080)     _ReciveBufferLenB
00009088     242 (00009080)     _SciSendDataB
0000908e     242 (00009080)     _RtuFrameB
0000909e     242 (00009080)     _ReciveBufferB

000090c0     243 (000090c0)     _FrameDataB

00009100     244 (00009100)     _SendFrameDataB

0000c000     300 (0000c000)     _RFFTin1Buff

0000e000     380 (0000e000)     _RFFToutBuff

00010000     400 (00010000)     _RFFTmagBuff

00012000     480 (00012000)     _RFFTF32Coef

003d7e80    f5fa (003d7e80)     _PartIdRegs

003f5b0c    fd6c (003f5b00)     _auchCRCHi

003f5c0c    fd70 (003f5c00)     _auchCRCLo

003f5d0c    fd74 (003f5d00)     _PieVectTableInit

003f7ff8    fdff (003f7fc0)     _CsmPwl

003fd860    ff61 (003fd840)     _FPUsinTable

003fd960    ff65 (003fd940)     _FPUcosTable

003fdc60    ff71 (003fdc40)     _FPUsinTableEnd

003fdd62    ff75 (003fdd40)     _FPUatan2HalfPITable
003fdd62    ff75 (003fdd40)     _FPUcosTableEnd
003fdd66    ff75 (003fdd40)     _FPUatan2Table

003fdeec    ff7b (003fdec0)     _FPUatan2TableEnd


GLOBAL SYMBOLS: SORTED ALPHABETICALLY BY Name 

page  address   name                                  
----  -------   ----                                  
0     003f4000  .text                                 
0     003f5988  C$$EXIT                               
0     003f5264  FD$$ADD                               
0     003f5398  FD$$DIV                               
0     003f54ac  FD$$MPY                               
0     003f5ad8  FD$$SUB                               
0     003f5a30  FD$$TOUL                              
0     003f5a97  FS$$DIV                               
0     003f5a14  FS$$TOFD                              
0     003f5ab0  U$$TOFD                               
0     003f4391  _ADCINT1_ISR                          
0     003f4387  _ADCINT2_ISR                          
0     003f437d  _ADCINT3_ISR                          
0     003f4373  _ADCINT4_ISR                          
0     003f4369  _ADCINT5_ISR                          
0     003f435f  _ADCINT6_ISR                          
0     003f4355  _ADCINT7_ISR                          
0     003f434b  _ADCINT8_ISR                          
0     003f4341  _ADCINT9_ISR                          
0     003f5300  _ADC_INT1_ISR                         
0     003f4a63  _AdcChanSelect                        
0     003f4abb  _AdcConversion                        
0     003f4ba4  _AdcOffsetSelfCal                     
1     00007100  _AdcRegs                              
1     00000b00  _AdcResult                            
0     003f4337  _CLA1_INT1_ISR                        
0     003f432d  _CLA1_INT2_ISR                        
0     003f4323  _CLA1_INT3_ISR                        
0     003f4319  _CLA1_INT4_ISR                        
0     003f430f  _CLA1_INT5_ISR                        
0     003f4305  _CLA1_INT6_ISR                        
0     003f42fb  _CLA1_INT7_ISR                        
0     003f42f1  _CLA1_INT8_ISR                        
0     003f59f8  _CRC16                                
0     003f46dd  _CalFreq                              
1     00008ee6  _CalTimeMonitor                       
0     003f4642  _CaliAB_Base                          
1     00001400  _Cla1Regs                             
1     00006400  _Comp1Regs                            
1     00006420  _Comp2Regs                            
1     00006440  _Comp3Regs                            
0     003f5646  _ConfigADC_Monitor                    
0     003f56b7  _ConfigCpuTimer                       
1     00008eca  _Cos1step                             
1     00008eb4  _CpuTimer0                            
1     00000c00  _CpuTimer0Regs                        
1     00008ea4  _CpuTimer1                            
1     00000c08  _CpuTimer1Regs                        
1     00008eac  _CpuTimer2                            
1     00000c10  _CpuTimer2Regs                        
1     003f7ff8  _CsmPwl                               
1     00000ae0  _CsmRegs                              
0     003f4d21  _CsmUnlock                            
0     003f42e7  _DATALOG_ISR                          
0     003f42dd  _DINTCH1_ISR                          
0     003f42d3  _DINTCH2_ISR                          
0     003f42c9  _DINTCH3_ISR                          
0     003f42bf  _DINTCH4_ISR                          
0     003f42b5  _DINTCH5_ISR                          
0     003f42ab  _DINTCH6_ISR                          
0     003f5b03  _DSP28x_DisableInt                    
0     003f5b07  _DSP28x_RestoreInt                    
0     0000801d  _DSP28x_usDelay                       
1     00008fc5  _DealStep                             
1     00009080  _DealStepB                            
1     00000880  _DevEmuRegs                           
0     003f4c0b  _DisableDog                           
1     00001000  _DmaRegs                              
0     003f42a1  _ECAN0INTA_ISR                        
0     003f4297  _ECAN1INTA_ISR                        
0     003f428d  _ECAP1_INT_ISR                        
0     003f4283  _ECAP2_INT_ISR                        
0     003f4279  _ECAP3_INT_ISR                        
1     00006040  _ECanaLAMRegs                         
1     000060c0  _ECanaMOTORegs                        
1     00006080  _ECanaMOTSRegs                        
1     00006100  _ECanaMboxes                          
1     00006000  _ECanaRegs                            
1     00006a00  _ECap1Regs                            
1     00006a20  _ECap2Regs                            
1     00006a40  _ECap3Regs                            
0     003f426c  _EMPTY_ISR                            
0     003f4262  _EMUINT_ISR                           
0     003f4258  _EPWM1_INT_ISR                        
0     003f424e  _EPWM1_TZINT_ISR                      
0     003f4244  _EPWM2_INT_ISR                        
0     003f423a  _EPWM2_TZINT_ISR                      
0     003f4230  _EPWM3_INT_ISR                        
0     003f4226  _EPWM3_TZINT_ISR                      
0     003f421c  _EPWM4_INT_ISR                        
0     003f4212  _EPWM4_TZINT_ISR                      
0     003f4208  _EPWM5_INT_ISR                        
0     003f41fe  _EPWM5_TZINT_ISR                      
0     003f41f4  _EPWM6_INT_ISR                        
0     003f41ea  _EPWM6_TZINT_ISR                      
0     003f41e0  _EPWM7_INT_ISR                        
0     003f41d6  _EPWM7_TZINT_ISR                      
0     003f41cc  _EPWM8_INT_ISR                        
0     003f41c2  _EPWM8_TZINT_ISR                      
1     00006800  _EPwm1Regs                            
1     00008f84  _EPwm1TimerIntCount                   
1     00006840  _EPwm2Regs                            
1     00008f82  _EPwm2TimerIntCount                   
1     00006880  _EPwm3Regs                            
1     00008f88  _EPwm3TimerIntCount                   
1     000068c0  _EPwm4Regs                            
1     00008f86  _EPwm4TimerIntCount                   
1     00006900  _EPwm5Regs                            
1     00006940  _EPwm6Regs                            
1     00006980  _EPwm7Regs                            
1     000069c0  _EPwm8Regs                            
0     003f41b8  _EQEP1_INT_ISR                        
0     003f41ae  _EQEP2_INT_ISR                        
1     00006b00  _EQep1Regs                            
1     00006b40  _EQep2Regs                            
1     00000d01  _EmuBMode                             
1     00000d00  _EmuKey                               
0     003f59d0  _EnableInterrupts                     
0     003f48c5  _ExecuteFunctioncode                  
0     003f482a  _ExecuteFunctioncodeB                 
0     003f4d09  _ExtOscSel                            
0     003f4468  _FFT_Cal                              
0     003f43d1  _FFT_Init                             
0     003fdd62  _FPUatan2HalfPITable                  
0     003fdd66  _FPUatan2Table                        
0     003fdeec  _FPUatan2TableEnd                     
0     003fd960  _FPUcosTable                          
0     003fdd62  _FPUcosTableEnd                       
0     003fd860  _FPUsinTable                          
0     003fdc60  _FPUsinTableEnd                       
1     00008e82  _FS                                   
1     00008fc0  _FifoEnd                              
1     00009081  _FifoEndB                             
1     00008fc2  _FifoHead                             
1     00009082  _FifoHeadB                            
1     00008ec1  _FirstTrig                            
1     00000a80  _FlashRegs                            
1     00000d04  _Flash_CPUScaleFactor                 
1     00000d02  _Flash_CallbackPtr                    
1     00009000  _FrameData                            
1     000090c0  _FrameDataB                           
0     003f4ec0  _FrameQueneIn                         
0     003f4d9b  _FrameQueneInB                        
0     003f4ee0  _FrameQueneOut                        
0     003f4dbb  _FrameQueneOutB                       
1     00008eee  _FreqMonitor                          
0     003f4f86  _GenRTUFrame                          
0     003f4e66  _GenRTUFrameB                         
0     003f572f  _GetKeyValue                          
0     003f45a9  _GetNewFreq                           
0     003f4480  _GetOVD                               
1     00006f80  _GpioCtrlRegs                         
1     00006fc0  _GpioDataRegs                         
1     00006fe0  _GpioIntRegs                          
0     003f41a4  _HRCAP1_INT_ISR                       
0     003f419a  _HRCAP2_INT_ISR                       
0     003f4190  _HRCAP3_INT_ISR                       
0     003f4186  _HRCAP4_INT_ISR                       
1     00006ac0  _HRCap1Regs                           
1     00006ae0  _HRCap2Regs                           
1     00006c80  _HRCap3Regs                           
1     00006ca0  _HRCap4Regs                           
1     00008ebd  _HefenFlag                            
0     003f417c  _I2CINT1A_ISR                         
0     003f4172  _I2CINT2A_ISR                         
1     00007900  _I2caRegs                             
0     003f4168  _ILLEGAL_ISR                          
0     003f415e  _INT13_ISR                            
0     003f4154  _INT14_ISR                            
0     003f4a34  _InitAdc                              
0     003f4a0e  _InitAdcAio                           
0     003f5682  _InitCpuTimers                        
0     003f56da  _InitDeviceIO                         
0     00008000  _InitFlash                            
0     003f43e9  _InitMonitorCalData                   
0     003f4c65  _InitPeripheralClocks                 
0     003f59b1  _InitPieCtrl                          
0     003f5ac7  _InitPieVectTable                     
0     003f4c13  _InitPll                              
0     003f4cdc  _InitPll2                             
0     003f5958  _InitSampleProcessData                
0     003f58ef  _InitSci                              
0     003f57cb  _InitSciAny                           
0     003f58ea  _InitSciGpio                          
0     003f58cd  _InitSciaGpio                         
0     003f58b5  _InitScibGpio                         
0     003f4cc4  _InitSysCtrl                          
0     003f4bfb  _IntOsc1Sel                           
0     003f4be7  _IntOsc2Sel                           
0     003f414a  _LUF_ISR                              
0     003f4140  _LVF_ISR                              
1     00008fc3  _LocalAddress                         
1     00009086  _LocalAddressB                        
0     003f4136  _MRINTA_ISR                           
0     003f412c  _MXINTA_ISR                           
1     00005000  _McbspaRegs                           
0     003f439c  _MidMeanFilter                        
0     003f4122  _NMI_ISR                              
1     00007060  _NmiIntruptRegs                       
0     003f4118  _PIE_RESERVED                         
1     003d7e80  _PartIdRegs                           
1     00000ce0  _PieCtrlRegs                          
1     00000d00  _PieVectTable                         
0     003f5d0c  _PieVectTableInit                     
1     00012000  _RFFTF32Coef                          
0     003f4fb2  _RFFT_f32                             
0     003f55ab  _RFFT_f32_sincostable                 
1     0000c000  _RFFTin1Buff                          
1     00010000  _RFFTmagBuff                          
1     0000e000  _RFFToutBuff                          
1     00008f40  _RFFphaseBuff                         
0     003f410e  _RTOSINT_ISR                          
0     003e8021  _RamfuncsLoadEnd                      
abs   00000021  _RamfuncsLoadSize                     
0     003e8000  _RamfuncsLoadStart                    
0     00008000  _RamfuncsRunStart                     
1     00008fce  _ReciveBuffer                         
1     0000909e  _ReciveBufferB                        
0     003f4ef2  _ReciveBufferDataDealing              
0     003f4dcd  _ReciveBufferDataDealingB             
1     00008fc6  _ReciveBufferLen                      
1     00009087  _ReciveBufferLenB                     
0     003f4ed3  _ReciveFrameDataInit                  
0     003f4dae  _ReciveFrameDataInitB                 
1     00008fc7  _ReciveIndex                          
1     00009085  _ReciveIndexB                         
1     00008fc1  _ReciveOverTimeFlag                   
1     00009084  _ReciveOverTimeFlagB                  
1     00008fde  _RtuFrame                             
1     0000908e  _RtuFrameB                            
0     003f4104  _SCIRXINTA_ISR                        
0     003f40fa  _SCIRXINTB_ISR                        
0     003f40f0  _SCITXINTA_ISR                        
0     003f40e6  _SCITXINTB_ISR                        
0     003f40dc  _SPIRXINTA_ISR                        
0     003f40d2  _SPIRXINTB_ISR                        
0     003f40c8  _SPITXINTA_ISR                        
0     003f40be  _SPITXINTB_ISR                        
1     00008c40  _SampleData                           
1     00008cc0  _SampleDataSave                       
1     00008d80  _SampleDataSavefloat                  
1     00008c00  _SampleIndex                          
1     00008c02  _SampleLen                            
1     00008c04  _SamplePriod                          
0     003f57a8  _SciAnyFifoInit                       
0     003f5797  _SciAnySendByte                       
0     003f579c  _SciAnySendStr                        
1     00008fc8  _SciSendData                          
1     00009088  _SciSendDataB                         
0     003f556d  _SciaRX_ISR                           
1     00007050  _SciaRegs                             
0     003f552f  _SciaTX_ISR                           
0     003f5226  _ScibRX_ISR                           
1     00007750  _ScibRegs                             
0     003f5787  _ScibSendByte                         
0     003f578d  _ScibSendStr                          
0     003f51c3  _ScibTX_ISR                           
0     003f47f0  _SendAFloatMesssage                   
0     003f472f  _SendBigData                          
0     003f4716  _SendCMDByB                           
0     003f4e8c  _SendFrame                            
0     003f4d4f  _SendFrameB                           
1     00009040  _SendFrameData                        
1     00009100  _SendFrameDataB                       
0     003f4bdd  _ServiceDog                           
1     00008ef6  _SetParam                             
0     003f5628  _SetSamplePriod                       
1     00008ecc  _Sin1step                             
1     00007040  _SpiaRegs                             
1     00007740  _SpibRegs                             
0     003f5620  _StartSample                          
0     003f561b  _StopSample                           
1     00007010  _SysCtrlRegs                          
1     00000985  _SysPwrCtrlRegs                       
0     003f40b4  _TINT0_ISR                            
1     00008ec8  _TwoDivideN                           
0     003f40aa  _USB0_INT_ISR                         
0     003f40a0  _USER10_ISR                           
0     003f4096  _USER11_ISR                           
0     003f408c  _USER12_ISR                           
0     003f4082  _USER1_ISR                            
0     003f4078  _USER2_ISR                            
0     003f406e  _USER3_ISR                            
0     003f4064  _USER4_ISR                            
0     003f405a  _USER5_ISR                            
0     003f4050  _USER6_ISR                            
0     003f4046  _USER7_ISR                            
0     003f403c  _USER8_ISR                            
0     003f4032  _USER9_ISR                            
1     00004000  _Usb0Regs                             
0     003f4028  _WAKEINT_ISR                          
0     003f401e  _XINT1_ISR                            
0     003f4014  _XINT2_ISR                            
0     003f400a  _XINT3_ISR                            
1     00007070  _XIntruptRegs                         
0     003f4bc9  _XtalOscSel                           
1     00008ebc  _ZVDFlag                              
1     00000450  __STACK_END                           
abs   00000400  __STACK_SIZE                          
1     00008f8c  ___TI_cleanup_ptr                     
1     00008f8e  ___TI_dtors_ptr                       
1     00008f8a  ___TI_enable_exit_profile_output      
abs   ffffffff  ___TI_pprof_out_hndl                  
abs   ffffffff  ___TI_prof_data_size                  
abs   ffffffff  ___TI_prof_data_start                 
abs   ffffffff  ___binit__                            
abs   ffffffff  ___c_args__                           
0     003f5e3a  ___cinit__                            
0     003f5b0c  ___etext__                            
abs   ffffffff  ___pinit__                            
0     003f4000  ___text__                             
0     003f5a65  __args_main                           
1     00008ebe  __lock                                
0     003f5afa  __nop                                 
0     003f5af6  __register_lock                       
0     003f5af2  __register_unlock                     
1     00000050  __stack                               
0     003f439b  __system_post_cinit                   
0     003f5b0a  __system_pre_init                     
1     00008f90  __unlock                              
1     00008ed0  _a                                    
0     003f5988  _abort                                
0     003f57dc  _atan                                 
0     003f5b0c  _auchCRCHi                            
0     003f5c0c  _auchCRCLo                            
1     00008ed2  _b                                    
0     003f5731  _c_int00                              
1     00008fc4  _completeFlag                         
1     00009083  _completeFlagB                        
0     003f586f  _copy_in                              
0     003f58f0  _cos                                  
1     00008ec2  _count                                
0     003f5826  _cpu_timer0_isr                       
0     003f5a4b  _ddcopy                               
0     003f5a4b  _dpcopy                               
0     003f5ae6  _epilog_c28x_1                        
0     003f5aea  _epilog_c28x_2                        
0     003f5492  _epwm1_timer_isr                      
0     003f5478  _epwm2_timer_isr                      
0     003f545e  _epwm3_timer_isr                      
0     003f5423  _epwm4_timer_isr                      
0     003f598a  _exit                                 
1     00008c01  _i                                    
0     003f50cf  _main                                 
0     003f59d9  _memcpy                               
1     00008ed4  _pCalTimeMonitor                      
1     00008ec6  _pFreqMonitor                         
0     003f5a4b  _pdcopy                               
1     00008ece  _phase                                
0     003f5a4b  _ppcopy                               
0     003f5a7e  _prolog_c28x_1                        
0     003f5a82  _prolog_c28x_2                        
0     003f5a8a  _prolog_c28x_3                        
1     00008e84  _recvFrame                            
1     00008e9c  _recvFrameB                           
1     00008ed8  _res                                  
1     00008f00  _rfft                                 
0     003f4fbb  _rfft_f32_Stages1and2and3andBitReverse
0     003f5027  _rfft_f32_Stages4andUp                
0     003f4000  _rsvd_ISR                             
1     00008e8c  _sendFrame                            
1     00008e94  _sendFrameB                           
0     003f5924  _sin                                  
1     00008ee0  _sumt                                 
1     00008ede  _t0                                   
1     00008edc  _t1                                   
1     00008ee4  _tnow                                 
1     00008ec4  _tp                                   
1     00008ed6  _tp4                                  
1     00008ee2  _tph                                  
1     00008eda  _tq                                   
1     00008ec0  _xiang                                
abs   ffffffff  binit                                 
0     003f5e3a  cinit                                 
0     003f7ff6  code_start                            
0     003f5b0c  etext                                 
abs   ffffffff  pinit                                 


GLOBAL SYMBOLS: SORTED BY Symbol Address 

page  address   name                                  
----  -------   ----                                  
0     00008000  _InitFlash                            
0     00008000  _RamfuncsRunStart                     
0     0000801d  _DSP28x_usDelay                       
0     003e8000  _RamfuncsLoadStart                    
0     003e8021  _RamfuncsLoadEnd                      
0     003f4000  .text                                 
0     003f4000  ___text__                             
0     003f4000  _rsvd_ISR                             
0     003f400a  _XINT3_ISR                            
0     003f4014  _XINT2_ISR                            
0     003f401e  _XINT1_ISR                            
0     003f4028  _WAKEINT_ISR                          
0     003f4032  _USER9_ISR                            
0     003f403c  _USER8_ISR                            
0     003f4046  _USER7_ISR                            
0     003f4050  _USER6_ISR                            
0     003f405a  _USER5_ISR                            
0     003f4064  _USER4_ISR                            
0     003f406e  _USER3_ISR                            
0     003f4078  _USER2_ISR                            
0     003f4082  _USER1_ISR                            
0     003f408c  _USER12_ISR                           
0     003f4096  _USER11_ISR                           
0     003f40a0  _USER10_ISR                           
0     003f40aa  _USB0_INT_ISR                         
0     003f40b4  _TINT0_ISR                            
0     003f40be  _SPITXINTB_ISR                        
0     003f40c8  _SPITXINTA_ISR                        
0     003f40d2  _SPIRXINTB_ISR                        
0     003f40dc  _SPIRXINTA_ISR                        
0     003f40e6  _SCITXINTB_ISR                        
0     003f40f0  _SCITXINTA_ISR                        
0     003f40fa  _SCIRXINTB_ISR                        
0     003f4104  _SCIRXINTA_ISR                        
0     003f410e  _RTOSINT_ISR                          
0     003f4118  _PIE_RESERVED                         
0     003f4122  _NMI_ISR                              
0     003f412c  _MXINTA_ISR                           
0     003f4136  _MRINTA_ISR                           
0     003f4140  _LVF_ISR                              
0     003f414a  _LUF_ISR                              
0     003f4154  _INT14_ISR                            
0     003f415e  _INT13_ISR                            
0     003f4168  _ILLEGAL_ISR                          
0     003f4172  _I2CINT2A_ISR                         
0     003f417c  _I2CINT1A_ISR                         
0     003f4186  _HRCAP4_INT_ISR                       
0     003f4190  _HRCAP3_INT_ISR                       
0     003f419a  _HRCAP2_INT_ISR                       
0     003f41a4  _HRCAP1_INT_ISR                       
0     003f41ae  _EQEP2_INT_ISR                        
0     003f41b8  _EQEP1_INT_ISR                        
0     003f41c2  _EPWM8_TZINT_ISR                      
0     003f41cc  _EPWM8_INT_ISR                        
0     003f41d6  _EPWM7_TZINT_ISR                      
0     003f41e0  _EPWM7_INT_ISR                        
0     003f41ea  _EPWM6_TZINT_ISR                      
0     003f41f4  _EPWM6_INT_ISR                        
0     003f41fe  _EPWM5_TZINT_ISR                      
0     003f4208  _EPWM5_INT_ISR                        
0     003f4212  _EPWM4_TZINT_ISR                      
0     003f421c  _EPWM4_INT_ISR                        
0     003f4226  _EPWM3_TZINT_ISR                      
0     003f4230  _EPWM3_INT_ISR                        
0     003f423a  _EPWM2_TZINT_ISR                      
0     003f4244  _EPWM2_INT_ISR                        
0     003f424e  _EPWM1_TZINT_ISR                      
0     003f4258  _EPWM1_INT_ISR                        
0     003f4262  _EMUINT_ISR                           
0     003f426c  _EMPTY_ISR                            
0     003f4279  _ECAP3_INT_ISR                        
0     003f4283  _ECAP2_INT_ISR                        
0     003f428d  _ECAP1_INT_ISR                        
0     003f4297  _ECAN1INTA_ISR                        
0     003f42a1  _ECAN0INTA_ISR                        
0     003f42ab  _DINTCH6_ISR                          
0     003f42b5  _DINTCH5_ISR                          
0     003f42bf  _DINTCH4_ISR                          
0     003f42c9  _DINTCH3_ISR                          
0     003f42d3  _DINTCH2_ISR                          
0     003f42dd  _DINTCH1_ISR                          
0     003f42e7  _DATALOG_ISR                          
0     003f42f1  _CLA1_INT8_ISR                        
0     003f42fb  _CLA1_INT7_ISR                        
0     003f4305  _CLA1_INT6_ISR                        
0     003f430f  _CLA1_INT5_ISR                        
0     003f4319  _CLA1_INT4_ISR                        
0     003f4323  _CLA1_INT3_ISR                        
0     003f432d  _CLA1_INT2_ISR                        
0     003f4337  _CLA1_INT1_ISR                        
0     003f4341  _ADCINT9_ISR                          
0     003f434b  _ADCINT8_ISR                          
0     003f4355  _ADCINT7_ISR                          
0     003f435f  _ADCINT6_ISR                          
0     003f4369  _ADCINT5_ISR                          
0     003f4373  _ADCINT4_ISR                          
0     003f437d  _ADCINT3_ISR                          
0     003f4387  _ADCINT2_ISR                          
0     003f4391  _ADCINT1_ISR                          
0     003f439b  __system_post_cinit                   
0     003f439c  _MidMeanFilter                        
0     003f43d1  _FFT_Init                             
0     003f43e9  _InitMonitorCalData                   
0     003f4468  _FFT_Cal                              
0     003f4480  _GetOVD                               
0     003f45a9  _GetNewFreq                           
0     003f4642  _CaliAB_Base                          
0     003f46dd  _CalFreq                              
0     003f4716  _SendCMDByB                           
0     003f472f  _SendBigData                          
0     003f47f0  _SendAFloatMesssage                   
0     003f482a  _ExecuteFunctioncodeB                 
0     003f48c5  _ExecuteFunctioncode                  
0     003f4a0e  _InitAdcAio                           
0     003f4a34  _InitAdc                              
0     003f4a63  _AdcChanSelect                        
0     003f4abb  _AdcConversion                        
0     003f4ba4  _AdcOffsetSelfCal                     
0     003f4bc9  _XtalOscSel                           
0     003f4bdd  _ServiceDog                           
0     003f4be7  _IntOsc2Sel                           
0     003f4bfb  _IntOsc1Sel                           
0     003f4c0b  _DisableDog                           
0     003f4c13  _InitPll                              
0     003f4c65  _InitPeripheralClocks                 
0     003f4cc4  _InitSysCtrl                          
0     003f4cdc  _InitPll2                             
0     003f4d09  _ExtOscSel                            
0     003f4d21  _CsmUnlock                            
0     003f4d4f  _SendFrameB                           
0     003f4d9b  _FrameQueneInB                        
0     003f4dae  _ReciveFrameDataInitB                 
0     003f4dbb  _FrameQueneOutB                       
0     003f4dcd  _ReciveBufferDataDealingB             
0     003f4e66  _GenRTUFrameB                         
0     003f4e8c  _SendFrame                            
0     003f4ec0  _FrameQueneIn                         
0     003f4ed3  _ReciveFrameDataInit                  
0     003f4ee0  _FrameQueneOut                        
0     003f4ef2  _ReciveBufferDataDealing              
0     003f4f86  _GenRTUFrame                          
0     003f4fb2  _RFFT_f32                             
0     003f4fbb  _rfft_f32_Stages1and2and3andBitReverse
0     003f5027  _rfft_f32_Stages4andUp                
0     003f50cf  _main                                 
0     003f51c3  _ScibTX_ISR                           
0     003f5226  _ScibRX_ISR                           
0     003f5264  FD$$ADD                               
0     003f5300  _ADC_INT1_ISR                         
0     003f5398  FD$$DIV                               
0     003f5423  _epwm4_timer_isr                      
0     003f545e  _epwm3_timer_isr                      
0     003f5478  _epwm2_timer_isr                      
0     003f5492  _epwm1_timer_isr                      
0     003f54ac  FD$$MPY                               
0     003f552f  _SciaTX_ISR                           
0     003f556d  _SciaRX_ISR                           
0     003f55ab  _RFFT_f32_sincostable                 
0     003f561b  _StopSample                           
0     003f5620  _StartSample                          
0     003f5628  _SetSamplePriod                       
0     003f5646  _ConfigADC_Monitor                    
0     003f5682  _InitCpuTimers                        
0     003f56b7  _ConfigCpuTimer                       
0     003f56da  _InitDeviceIO                         
0     003f572f  _GetKeyValue                          
0     003f5731  _c_int00                              
0     003f5787  _ScibSendByte                         
0     003f578d  _ScibSendStr                          
0     003f5797  _SciAnySendByte                       
0     003f579c  _SciAnySendStr                        
0     003f57a8  _SciAnyFifoInit                       
0     003f57cb  _InitSciAny                           
0     003f57dc  _atan                                 
0     003f5826  _cpu_timer0_isr                       
0     003f586f  _copy_in                              
0     003f58b5  _InitScibGpio                         
0     003f58cd  _InitSciaGpio                         
0     003f58ea  _InitSciGpio                          
0     003f58ef  _InitSci                              
0     003f58f0  _cos                                  
0     003f5924  _sin                                  
0     003f5958  _InitSampleProcessData                
0     003f5988  C$$EXIT                               
0     003f5988  _abort                                
0     003f598a  _exit                                 
0     003f59b1  _InitPieCtrl                          
0     003f59d0  _EnableInterrupts                     
0     003f59d9  _memcpy                               
0     003f59f8  _CRC16                                
0     003f5a14  FS$$TOFD                              
0     003f5a30  FD$$TOUL                              
0     003f5a4b  _ddcopy                               
0     003f5a4b  _dpcopy                               
0     003f5a4b  _pdcopy                               
0     003f5a4b  _ppcopy                               
0     003f5a65  __args_main                           
0     003f5a7e  _prolog_c28x_1                        
0     003f5a82  _prolog_c28x_2                        
0     003f5a8a  _prolog_c28x_3                        
0     003f5a97  FS$$DIV                               
0     003f5ab0  U$$TOFD                               
0     003f5ac7  _InitPieVectTable                     
0     003f5ad8  FD$$SUB                               
0     003f5ae6  _epilog_c28x_1                        
0     003f5aea  _epilog_c28x_2                        
0     003f5af2  __register_unlock                     
0     003f5af6  __register_lock                       
0     003f5afa  __nop                                 
0     003f5b03  _DSP28x_DisableInt                    
0     003f5b07  _DSP28x_RestoreInt                    
0     003f5b0a  __system_pre_init                     
0     003f5b0c  ___etext__                            
0     003f5b0c  _auchCRCHi                            
0     003f5b0c  etext                                 
0     003f5c0c  _auchCRCLo                            
0     003f5d0c  _PieVectTableInit                     
0     003f5e3a  ___cinit__                            
0     003f5e3a  cinit                                 
0     003f7ff6  code_start                            
0     003fd860  _FPUsinTable                          
0     003fd960  _FPUcosTable                          
0     003fdc60  _FPUsinTableEnd                       
0     003fdd62  _FPUatan2HalfPITable                  
0     003fdd62  _FPUcosTableEnd                       
0     003fdd66  _FPUatan2Table                        
0     003fdeec  _FPUatan2TableEnd                     
1     00000050  __stack                               
1     00000450  __STACK_END                           
1     00000880  _DevEmuRegs                           
1     00000985  _SysPwrCtrlRegs                       
1     00000a80  _FlashRegs                            
1     00000ae0  _CsmRegs                              
1     00000b00  _AdcResult                            
1     00000c00  _CpuTimer0Regs                        
1     00000c08  _CpuTimer1Regs                        
1     00000c10  _CpuTimer2Regs                        
1     00000ce0  _PieCtrlRegs                          
1     00000d00  _EmuKey                               
1     00000d00  _PieVectTable                         
1     00000d01  _EmuBMode                             
1     00000d02  _Flash_CallbackPtr                    
1     00000d04  _Flash_CPUScaleFactor                 
1     00001000  _DmaRegs                              
1     00001400  _Cla1Regs                             
1     00004000  _Usb0Regs                             
1     00005000  _McbspaRegs                           
1     00006000  _ECanaRegs                            
1     00006040  _ECanaLAMRegs                         
1     00006080  _ECanaMOTSRegs                        
1     000060c0  _ECanaMOTORegs                        
1     00006100  _ECanaMboxes                          
1     00006400  _Comp1Regs                            
1     00006420  _Comp2Regs                            
1     00006440  _Comp3Regs                            
1     00006800  _EPwm1Regs                            
1     00006840  _EPwm2Regs                            
1     00006880  _EPwm3Regs                            
1     000068c0  _EPwm4Regs                            
1     00006900  _EPwm5Regs                            
1     00006940  _EPwm6Regs                            
1     00006980  _EPwm7Regs                            
1     000069c0  _EPwm8Regs                            
1     00006a00  _ECap1Regs                            
1     00006a20  _ECap2Regs                            
1     00006a40  _ECap3Regs                            
1     00006ac0  _HRCap1Regs                           
1     00006ae0  _HRCap2Regs                           
1     00006b00  _EQep1Regs                            
1     00006b40  _EQep2Regs                            
1     00006c80  _HRCap3Regs                           
1     00006ca0  _HRCap4Regs                           
1     00006f80  _GpioCtrlRegs                         
1     00006fc0  _GpioDataRegs                         
1     00006fe0  _GpioIntRegs                          
1     00007010  _SysCtrlRegs                          
1     00007040  _SpiaRegs                             
1     00007050  _SciaRegs                             
1     00007060  _NmiIntruptRegs                       
1     00007070  _XIntruptRegs                         
1     00007100  _AdcRegs                              
1     00007740  _SpibRegs                             
1     00007750  _ScibRegs                             
1     00007900  _I2caRegs                             
1     00008c00  _SampleIndex                          
1     00008c01  _i                                    
1     00008c02  _SampleLen                            
1     00008c04  _SamplePriod                          
1     00008c40  _SampleData                           
1     00008cc0  _SampleDataSave                       
1     00008d80  _SampleDataSavefloat                  
1     00008e82  _FS                                   
1     00008e84  _recvFrame                            
1     00008e8c  _sendFrame                            
1     00008e94  _sendFrameB                           
1     00008e9c  _recvFrameB                           
1     00008ea4  _CpuTimer1                            
1     00008eac  _CpuTimer2                            
1     00008eb4  _CpuTimer0                            
1     00008ebc  _ZVDFlag                              
1     00008ebd  _HefenFlag                            
1     00008ebe  __lock                                
1     00008ec0  _xiang                                
1     00008ec1  _FirstTrig                            
1     00008ec2  _count                                
1     00008ec4  _tp                                   
1     00008ec6  _pFreqMonitor                         
1     00008ec8  _TwoDivideN                           
1     00008eca  _Cos1step                             
1     00008ecc  _Sin1step                             
1     00008ece  _phase                                
1     00008ed0  _a                                    
1     00008ed2  _b                                    
1     00008ed4  _pCalTimeMonitor                      
1     00008ed6  _tp4                                  
1     00008ed8  _res                                  
1     00008eda  _tq                                   
1     00008edc  _t1                                   
1     00008ede  _t0                                   
1     00008ee0  _sumt                                 
1     00008ee2  _tph                                  
1     00008ee4  _tnow                                 
1     00008ee6  _CalTimeMonitor                       
1     00008eee  _FreqMonitor                          
1     00008ef6  _SetParam                             
1     00008f00  _rfft                                 
1     00008f40  _RFFphaseBuff                         
1     00008f82  _EPwm2TimerIntCount                   
1     00008f84  _EPwm1TimerIntCount                   
1     00008f86  _EPwm4TimerIntCount                   
1     00008f88  _EPwm3TimerIntCount                   
1     00008f8a  ___TI_enable_exit_profile_output      
1     00008f8c  ___TI_cleanup_ptr                     
1     00008f8e  ___TI_dtors_ptr                       
1     00008f90  __unlock                              
1     00008fc0  _FifoEnd                              
1     00008fc1  _ReciveOverTimeFlag                   
1     00008fc2  _FifoHead                             
1     00008fc3  _LocalAddress                         
1     00008fc4  _completeFlag                         
1     00008fc5  _DealStep                             
1     00008fc6  _ReciveBufferLen                      
1     00008fc7  _ReciveIndex                          
1     00008fc8  _SciSendData                          
1     00008fce  _ReciveBuffer                         
1     00008fde  _RtuFrame                             
1     00009000  _FrameData                            
1     00009040  _SendFrameData                        
1     00009080  _DealStepB                            
1     00009081  _FifoEndB                             
1     00009082  _FifoHeadB                            
1     00009083  _completeFlagB                        
1     00009084  _ReciveOverTimeFlagB                  
1     00009085  _ReciveIndexB                         
1     00009086  _LocalAddressB                        
1     00009087  _ReciveBufferLenB                     
1     00009088  _SciSendDataB                         
1     0000908e  _RtuFrameB                            
1     0000909e  _ReciveBufferB                        
1     000090c0  _FrameDataB                           
1     00009100  _SendFrameDataB                       
1     0000c000  _RFFTin1Buff                          
1     0000e000  _RFFToutBuff                          
1     00010000  _RFFTmagBuff                          
1     00012000  _RFFTF32Coef                          
1     003d7e80  _PartIdRegs                           
1     003f7ff8  _CsmPwl                               
abs   00000021  _RamfuncsLoadSize                     
abs   00000400  __STACK_SIZE                          
abs   ffffffff  ___TI_pprof_out_hndl                  
abs   ffffffff  ___TI_prof_data_size                  
abs   ffffffff  ___TI_prof_data_start                 
abs   ffffffff  ___binit__                            
abs   ffffffff  ___c_args__                           
abs   ffffffff  ___pinit__                            
abs   ffffffff  binit                                 
abs   ffffffff  pinit                                 

[377 symbols]
