******************************************************************************
             TMS320C2000 Linker PC v15.12.3                    
******************************************************************************
>> Linked Tue Jul 18 13:06:11 2017

OUTPUT FILE NAME:   <ChoicePhaseWithKindsV1.3.out>
ENTRY POINT SYMBOL: "_c_int00"  address: 003f7674


MEMORY CONFIGURATION

         name            origin    length      used     unused   attr    fill
----------------------  --------  ---------  --------  --------  ----  --------
PAGE 0:
  RAML0                 00008000   00000800  0000001f  000007e1  RWIX
  RAML1                 00008a00   00000400  00000000  00000400  RWIX
  OTP                   003d7800   00000400  00000000  00000400  RWIX
  FLASHH                003d8000   00004000  00000000  00004000  RWIX
  FLASHG                003dc000   00004000  00000000  00004000  RWIX
  FLASHF                003e0000   00004000  00000000  00004000  RWIX
  FLASHE                003e4000   00004000  00000000  00004000  RWIX
  FLASHD                003e8000   00004000  0000001f  00003fe1  RWIX
  FLASHC                003ec000   00004000  00000000  00004000  RWIX
  FLASHA                003f4000   00003f80  00003b78  00000408  RWIX
  CSM_RSVD              003f7f80   00000076  00000000  00000076  RWIX
  BEGIN                 003f7ff6   00000002  00000002  00000000  RWIX
  CSM_PWL_P0            003f7ff8   00000008  00000000  00000008  RWIX
  FPUTABLES             003fd860   000006a0  000006a0  00000000  RWIX
  IQTABLES              003fdf00   00000b50  00000000  00000b50  RWIX
  IQTABLES2             003fea50   0000008c  00000000  0000008c  RWIX
  IQTABLES3             003feadc   000000aa  00000000  000000aa  RWIX
  ROM                   003ff3b0   00000c10  00000000  00000c10  RWIX
  RESET                 003fffc0   00000002  00000000  00000002  RWIX
  VECTORS               003fffc2   0000003e  00000000  0000003e  RWIX

PAGE 1:
  BOOT_RSVD             00000000   00000050  00000000  00000050  RWIX
  RAMM0                 00000050   000004b0  00000400  000000b0  RWIX
  RAMM1                 00000500   00000300  00000000  00000300  RWIX
  DEV_EMU               00000880   00000105  00000004  00000101  RWIX
  SYS_PWR_CTL           00000985   00000003  00000003  00000000  RWIX
  FLASH_REGS            00000a80   00000060  00000008  00000058  RWIX
  CSM                   00000ae0   00000020  00000010  00000010  RWIX
  ADC_RESULT            00000b00   00000020  00000010  00000010  RWIX
  CPU_TIMER0            00000c00   00000008  00000008  00000000  RWIX
  CPU_TIMER1            00000c08   00000008  00000008  00000000  RWIX
  CPU_TIMER2            00000c10   00000008  00000008  00000000  RWIX
  PIE_CTRL              00000ce0   00000020  0000001a  00000006  RWIX
  PIE_VECT              00000d00   00000100  00000100  00000000  RWIX
  DMA                   00001000   00000200  000000e0  00000120  RWIX
  CLA1                  00001400   00000080  00000040  00000040  RWIX
  USB0                  00004000   00001000  00000454  00000bac  RWIX
  McBSPA                00005000   00000040  00000024  0000001c  RWIX
  ECANA                 00006000   00000040  00000034  0000000c  RWIX
  ECANA_LAM             00006040   00000040  00000040  00000000  RWIX
  ECANA_MOTS            00006080   00000040  00000040  00000000  RWIX
  ECANA_MOTO            000060c0   00000040  00000040  00000000  RWIX
  ECANA_MBOX            00006100   00000100  00000100  00000000  RWIX
  COMP1                 00006400   00000020  00000014  0000000c  RWIX
  COMP2                 00006420   00000020  00000014  0000000c  RWIX
  COMP3                 00006440   00000020  00000014  0000000c  RWIX
  EPWM1                 00006800   00000040  00000040  00000000  RWIX
  EPWM2                 00006840   00000040  00000040  00000000  RWIX
  EPWM3                 00006880   00000040  00000040  00000000  RWIX
  EPWM4                 000068c0   00000040  00000040  00000000  RWIX
  EPWM5                 00006900   00000040  00000040  00000000  RWIX
  EPWM6                 00006940   00000040  00000040  00000000  RWIX
  EPWM7                 00006980   00000040  00000040  00000000  RWIX
  EPWM8                 000069c0   00000040  00000040  00000000  RWIX
  ECAP1                 00006a00   00000020  00000020  00000000  RWIX
  ECAP2                 00006a20   00000020  00000020  00000000  RWIX
  ECAP3                 00006a40   00000020  00000020  00000000  RWIX
  HRCAP1                00006ac0   00000020  00000020  00000000  RWIX
  HRCAP2                00006ae0   00000020  00000020  00000000  RWIX
  EQEP1                 00006b00   00000040  00000022  0000001e  RWIX
  EQEP2                 00006b40   00000040  00000022  0000001e  RWIX
  HRCAP3                00006c80   00000020  00000020  00000000  RWIX
  HRCAP4                00006ca0   00000020  00000020  00000000  RWIX
  GPIOCTRL              00006f80   00000040  00000040  00000000  RWIX
  GPIODAT               00006fc0   00000020  00000020  00000000  RWIX
  GPIOINT               00006fe0   00000020  00000020  00000000  RWIX
  SYSTEM                00007010   00000030  00000030  00000000  RWIX
  SPIA                  00007040   00000010  00000010  00000000  RWIX
  SCIA                  00007050   00000010  00000010  00000000  RWIX
  NMIINTRUPT            00007060   00000010  00000010  00000000  RWIX
  XINTRUPT              00007070   00000010  00000010  00000000  RWIX
  ADC                   00007100   00000080  00000050  00000030  RWIX
  SPIB                  00007740   00000010  00000010  00000000  RWIX
  SCIB                  00007750   00000010  00000010  00000000  RWIX
  I2CA                  00007900   00000040  00000022  0000001e  RWIX
  RAML2                 00008c00   00000600  00000000  00000600  RWIX
  RAML3                 00009200   00000d00  00000000  00000d00  RWIX
  RAML4                 0000a000   00002000  000007a0  00001860  RWIX
  RAML5                 0000c000   00002000  00000080  00001f80  RWIX
  RAML6                 0000e000   00002000  00000080  00001f80  RWIX
  RAML7                 00010000   00002000  00000042  00001fbe  RWIX
  RAML8                 00012000   00002000  00000080  00001f80  RWIX
  USB_RAM               00040000   00000800  00000000  00000800  RWIX
  PARTID                003d7e80   00000001  00000001  00000000  RWIX
  FLASHB                003f0000   00004000  00000000  00004000  RWIX
  CSM_PWL               003f7ff8   00000008  00000008  00000000  RWIX


SECTION ALLOCATION MAP

 output                                  attributes/
section   page    origin      length       input sections
--------  ----  ----------  ----------   ----------------
ramfuncs   0    003e8000    0000001f     RUN ADDR = 00008000
                  003e8000    0000001b     F2806x_SysCtrl.obj (ramfuncs)
                  003e801b    00000004     F2806x_usDelay.obj (ramfuncs)

.text      0    003f4000    000039aa     
                  003f4000    00000ef3     RefParameter.obj (.text)
                  003f4ef3    0000063c     MonitorCalculate.obj (.text)
                  003f552f    00000551     Action.obj (.text)
                  003f5a80    000004b0     DeviceNet.obj (.text)
                  003f5f30    0000039b     F2806x_DefaultIsr.obj (.text:retain)
                  003f62cb    00000259     SoftI2C.obj (.text)
                  003f6524    00000230     FrequencyCalutate.obj (.text)
                  003f6754    000001eb     F2806x_Adc.obj (.text)
                  003f693f    00000177     F2806x_SysCtrl.obj (.text)
                  003f6ab6    0000016d     PwmTimer.obj (.text)
                  003f6c23    00000132     PwmTimer.obj (.text:retain)
                  003f6d55    0000012f     CAN.obj (.text)
                  003f6e84    0000011d     C28x_FPU_Lib.lib : RFFT_f32.obj (.text)
                  003f6fa1    000000cb     CAN.obj (.text:retain)
                  003f706c    000000aa     SampleProcess.obj (.text:retain)
                  003f7116    000000a2     withFFTmain.obj (.text)
                  003f71b8    0000009c     rts2800_fpu32.lib : fd_add.obj (.text)
                  003f7254    0000008e     DeviceIO.obj (.text)
                  003f72e2    0000008e     F2806x_ECan.obj (.text)
                  003f7370    0000008b     rts2800_fpu32.lib : fd_div.obj (.text)
                  003f73fb    00000083                       : fd_mpy.obj (.text)
                  003f747e    00000070     C28x_FPU_Lib.lib : RFFT_f32_sincostable.obj (.text)
                  003f74ee    0000006b     ECAP.obj (.text:retain)
                  003f7559    00000063     ConfigADC.obj (.text)
                  003f75bc    00000061     F2806x_CpuTimers.obj (.text)
                  003f761d    00000057     SampleProcess.obj (.text)
                  003f7674    00000056     rts2800_fpu32.lib : boot.obj (.text)
                  003f76ca    0000004a     rts2800_fpu32_fast_supplement.lib : atan_f32.obj (.text)
                  003f7714    00000047     BasicModule.obj (.text)
                  003f775b    00000046     rts2800_fpu32.lib : cpy_tbl.obj (.text)
                  003f77a1    00000034     rts2800_fpu32_fast_supplement.lib : cos_f32.obj (.text)
                  003f77d5    00000034                                       : sin_f32.obj (.text)
                  003f7809    00000029     rts2800_fpu32.lib : exit.obj (.text)
                  003f7832    00000028     F2806x_PieCtrl.obj (.text)
                  003f785a    00000021     rts2800_fpu32_fast_supplement.lib : sqrt_f32.obj (.text)
                  003f787b    0000001e     rts2800_fpu32.lib : memcpy.obj (.text)
                  003f7899    0000001b     Timer.obj (.text)
                  003f78b4    0000001b     rts2800_fpu32.lib : fd_toul.obj (.text)
                  003f78cf    0000001a                       : cpy_utils.obj (.text)
                  003f78e9    00000019                       : args_main.obj (.text)
                  003f7902    00000019                       : prolog.obj (.text)
                  003f791b    00000019     rts2800_fpu32_fast_supplement.lib : div_f32.obj (.text)
                  003f7934    00000017     rts2800_fpu32.lib : u_tofd.obj (.text)
                  003f794b    00000016     Timer.obj (.text:retain)
                  003f7961    00000014     F2806x_PieVect.obj (.text)
                  003f7975    0000000e     rts2800_fpu32.lib : fd_sub.obj (.text)
                  003f7983    0000000c                       : epilog.obj (.text)
                  003f798f    00000009                       : _lock.obj (.text)
                  003f7998    00000008     F2806x_CodeStartBranch.obj (.text)
                  003f79a0    00000007     F2806x_DisInt.obj (.text)
                  003f79a7    00000002     rts2800_fpu32.lib : pre_init.obj (.text)
                  003f79a9    00000001                       : startup.obj (.text)

.econst    0    003f79aa    00000117     
                  003f79aa    00000100     F2806x_PieVect.obj (.econst:_PieVectTableInit)
                  003f7aaa    00000010     BasicModule.obj (.econst)
                  003f7aba    00000007     DeviceNet.obj (.econst:.string)

.cinit     0    003f7ac1    000000b7     
                  003f7ac1    00000035     DeviceNet.obj (.cinit)
                  003f7af6    0000001e     SampleProcess.obj (.cinit)
                  003f7b14    00000018     FrequencyCalutate.obj (.cinit)
                  003f7b2c    0000000e     rts2800_fpu32.lib : exit.obj (.cinit)
                  003f7b3a    0000000d     CAN.obj (.cinit)
                  003f7b47    0000000c     RefParameter.obj (.cinit)
                  003f7b53    0000000c     SoftI2C.obj (.cinit)
                  003f7b5f    00000009     ECAP.obj (.cinit)
                  003f7b68    00000005     rts2800_fpu32.lib : _lock.obj (.cinit:__lock)
                  003f7b6d    00000005                       : _lock.obj (.cinit:__unlock)
                  003f7b72    00000004     MonitorCalculate.obj (.cinit)
                  003f7b76    00000002     --HOLE-- [fill = 0]

.pinit     0    003f4000    00000000     UNINITIALIZED

codestart 
*          0    003f7ff6    00000002     
                  003f7ff6    00000002     F2806x_CodeStartBranch.obj (codestart)

FPUmathTables 
*          0    003fd860    000006a0     NOLOAD SECTION
                  003fd860    000006a0     rts2800_fpu32_fast_supplement.lib : FPUmathTables.obj (FPUmathTables)

.stack     1    00000050    00000400     UNINITIALIZED
                  00000050    00000400     --HOLE--

DevEmuRegsFile 
*          1    00000880    00000004     UNINITIALIZED
                  00000880    00000004     F2806x_GlobalVariableDefs.obj (DevEmuRegsFile)

SysPwrCtrlRegsFile 
*          1    00000985    00000003     UNINITIALIZED
                  00000985    00000003     F2806x_GlobalVariableDefs.obj (SysPwrCtrlRegsFile)

FlashRegsFile 
*          1    00000a80    00000008     UNINITIALIZED
                  00000a80    00000008     F2806x_GlobalVariableDefs.obj (FlashRegsFile)

CsmRegsFile 
*          1    00000ae0    00000010     UNINITIALIZED
                  00000ae0    00000010     F2806x_GlobalVariableDefs.obj (CsmRegsFile)

AdcResultFile 
*          1    00000b00    00000010     UNINITIALIZED
                  00000b00    00000010     F2806x_GlobalVariableDefs.obj (AdcResultFile)

CpuTimer0RegsFile 
*          1    00000c00    00000008     UNINITIALIZED
                  00000c00    00000008     F2806x_GlobalVariableDefs.obj (CpuTimer0RegsFile)

CpuTimer1RegsFile 
*          1    00000c08    00000008     UNINITIALIZED
                  00000c08    00000008     F2806x_GlobalVariableDefs.obj (CpuTimer1RegsFile)

CpuTimer2RegsFile 
*          1    00000c10    00000008     UNINITIALIZED
                  00000c10    00000008     F2806x_GlobalVariableDefs.obj (CpuTimer2RegsFile)

PieCtrlRegsFile 
*          1    00000ce0    0000001a     UNINITIALIZED
                  00000ce0    0000001a     F2806x_GlobalVariableDefs.obj (PieCtrlRegsFile)

PieVectTableFile 
*          1    00000d00    00000100     UNINITIALIZED
                  00000d00    00000100     F2806x_GlobalVariableDefs.obj (PieVectTableFile)

EmuKeyVar 
*          1    00000d00    00000001     UNINITIALIZED
                  00000d00    00000001     F2806x_GlobalVariableDefs.obj (EmuKeyVar)

EmuBModeVar 
*          1    00000d01    00000001     UNINITIALIZED
                  00000d01    00000001     F2806x_GlobalVariableDefs.obj (EmuBModeVar)

FlashCallbackVar 
*          1    00000d02    00000002     UNINITIALIZED
                  00000d02    00000002     F2806x_GlobalVariableDefs.obj (FlashCallbackVar)

FlashScalingVar 
*          1    00000d04    00000002     UNINITIALIZED
                  00000d04    00000002     F2806x_GlobalVariableDefs.obj (FlashScalingVar)

DmaRegsFile 
*          1    00001000    000000e0     UNINITIALIZED
                  00001000    000000e0     F2806x_GlobalVariableDefs.obj (DmaRegsFile)

Cla1RegsFile 
*          1    00001400    00000040     UNINITIALIZED
                  00001400    00000040     F2806x_GlobalVariableDefs.obj (Cla1RegsFile)

Usb0RegsFile 
*          1    00004000    00000454     UNINITIALIZED
                  00004000    00000454     F2806x_GlobalVariableDefs.obj (Usb0RegsFile)

McbspaRegsFile 
*          1    00005000    00000024     UNINITIALIZED
                  00005000    00000024     F2806x_GlobalVariableDefs.obj (McbspaRegsFile)

ECanaRegsFile 
*          1    00006000    00000034     UNINITIALIZED
                  00006000    00000034     F2806x_GlobalVariableDefs.obj (ECanaRegsFile)

ECanaLAMRegsFile 
*          1    00006040    00000040     UNINITIALIZED
                  00006040    00000040     F2806x_GlobalVariableDefs.obj (ECanaLAMRegsFile)

ECanaMOTSRegsFile 
*          1    00006080    00000040     UNINITIALIZED
                  00006080    00000040     F2806x_GlobalVariableDefs.obj (ECanaMOTSRegsFile)

ECanaMOTORegsFile 
*          1    000060c0    00000040     UNINITIALIZED
                  000060c0    00000040     F2806x_GlobalVariableDefs.obj (ECanaMOTORegsFile)

ECanaMboxesFile 
*          1    00006100    00000100     UNINITIALIZED
                  00006100    00000100     F2806x_GlobalVariableDefs.obj (ECanaMboxesFile)

Comp1RegsFile 
*          1    00006400    00000014     UNINITIALIZED
                  00006400    00000014     F2806x_GlobalVariableDefs.obj (Comp1RegsFile)

Comp2RegsFile 
*          1    00006420    00000014     UNINITIALIZED
                  00006420    00000014     F2806x_GlobalVariableDefs.obj (Comp2RegsFile)

Comp3RegsFile 
*          1    00006440    00000014     UNINITIALIZED
                  00006440    00000014     F2806x_GlobalVariableDefs.obj (Comp3RegsFile)

EPwm1RegsFile 
*          1    00006800    00000040     UNINITIALIZED
                  00006800    00000040     F2806x_GlobalVariableDefs.obj (EPwm1RegsFile)

EPwm2RegsFile 
*          1    00006840    00000040     UNINITIALIZED
                  00006840    00000040     F2806x_GlobalVariableDefs.obj (EPwm2RegsFile)

EPwm3RegsFile 
*          1    00006880    00000040     UNINITIALIZED
                  00006880    00000040     F2806x_GlobalVariableDefs.obj (EPwm3RegsFile)

EPwm4RegsFile 
*          1    000068c0    00000040     UNINITIALIZED
                  000068c0    00000040     F2806x_GlobalVariableDefs.obj (EPwm4RegsFile)

EPwm5RegsFile 
*          1    00006900    00000040     UNINITIALIZED
                  00006900    00000040     F2806x_GlobalVariableDefs.obj (EPwm5RegsFile)

EPwm6RegsFile 
*          1    00006940    00000040     UNINITIALIZED
                  00006940    00000040     F2806x_GlobalVariableDefs.obj (EPwm6RegsFile)

EPwm7RegsFile 
*          1    00006980    00000040     UNINITIALIZED
                  00006980    00000040     F2806x_GlobalVariableDefs.obj (EPwm7RegsFile)

EPwm8RegsFile 
*          1    000069c0    00000040     UNINITIALIZED
                  000069c0    00000040     F2806x_GlobalVariableDefs.obj (EPwm8RegsFile)

ECap1RegsFile 
*          1    00006a00    00000020     UNINITIALIZED
                  00006a00    00000020     F2806x_GlobalVariableDefs.obj (ECap1RegsFile)

ECap2RegsFile 
*          1    00006a20    00000020     UNINITIALIZED
                  00006a20    00000020     F2806x_GlobalVariableDefs.obj (ECap2RegsFile)

ECap3RegsFile 
*          1    00006a40    00000020     UNINITIALIZED
                  00006a40    00000020     F2806x_GlobalVariableDefs.obj (ECap3RegsFile)

HRCap1RegsFile 
*          1    00006ac0    00000020     UNINITIALIZED
                  00006ac0    00000020     F2806x_GlobalVariableDefs.obj (HRCap1RegsFile)

HRCap2RegsFile 
*          1    00006ae0    00000020     UNINITIALIZED
                  00006ae0    00000020     F2806x_GlobalVariableDefs.obj (HRCap2RegsFile)

EQep1RegsFile 
*          1    00006b00    00000022     UNINITIALIZED
                  00006b00    00000022     F2806x_GlobalVariableDefs.obj (EQep1RegsFile)

EQep2RegsFile 
*          1    00006b40    00000022     UNINITIALIZED
                  00006b40    00000022     F2806x_GlobalVariableDefs.obj (EQep2RegsFile)

HRCap3RegsFile 
*          1    00006c80    00000020     UNINITIALIZED
                  00006c80    00000020     F2806x_GlobalVariableDefs.obj (HRCap3RegsFile)

HRCap4RegsFile 
*          1    00006ca0    00000020     UNINITIALIZED
                  00006ca0    00000020     F2806x_GlobalVariableDefs.obj (HRCap4RegsFile)

GpioCtrlRegsFile 
*          1    00006f80    00000040     UNINITIALIZED
                  00006f80    00000040     F2806x_GlobalVariableDefs.obj (GpioCtrlRegsFile)

GpioDataRegsFile 
*          1    00006fc0    00000020     UNINITIALIZED
                  00006fc0    00000020     F2806x_GlobalVariableDefs.obj (GpioDataRegsFile)

GpioIntRegsFile 
*          1    00006fe0    00000020     UNINITIALIZED
                  00006fe0    00000020     F2806x_GlobalVariableDefs.obj (GpioIntRegsFile)

SysCtrlRegsFile 
*          1    00007010    00000030     UNINITIALIZED
                  00007010    00000030     F2806x_GlobalVariableDefs.obj (SysCtrlRegsFile)

SpiaRegsFile 
*          1    00007040    00000010     UNINITIALIZED
                  00007040    00000010     F2806x_GlobalVariableDefs.obj (SpiaRegsFile)

SciaRegsFile 
*          1    00007050    00000010     UNINITIALIZED
                  00007050    00000010     F2806x_GlobalVariableDefs.obj (SciaRegsFile)

NmiIntruptRegsFile 
*          1    00007060    00000010     UNINITIALIZED
                  00007060    00000010     F2806x_GlobalVariableDefs.obj (NmiIntruptRegsFile)

XIntruptRegsFile 
*          1    00007070    00000010     UNINITIALIZED
                  00007070    00000010     F2806x_GlobalVariableDefs.obj (XIntruptRegsFile)

AdcRegsFile 
*          1    00007100    00000050     UNINITIALIZED
                  00007100    00000050     F2806x_GlobalVariableDefs.obj (AdcRegsFile)

SpibRegsFile 
*          1    00007740    00000010     UNINITIALIZED
                  00007740    00000010     F2806x_GlobalVariableDefs.obj (SpibRegsFile)

ScibRegsFile 
*          1    00007750    00000010     UNINITIALIZED
                  00007750    00000010     F2806x_GlobalVariableDefs.obj (ScibRegsFile)

I2caRegsFile 
*          1    00007900    00000022     UNINITIALIZED
                  00007900    00000022     F2806x_GlobalVariableDefs.obj (I2caRegsFile)

.ebss      1    0000a000    000007a0     UNINITIALIZED
                  0000a000    00000328     RefParameter.obj (.ebss)
                  0000a328    00000018     F2806x_CpuTimers.obj (.ebss)
                  0000a340    00000282     SampleProcess.obj (.ebss)
                  0000a5c2    00000028     Action.obj (.ebss)
                  0000a5ea    00000016     FrequencyCalutate.obj (.ebss)
                  0000a600    000000e5     DeviceNet.obj (.ebss)
                  0000a6e5    00000001     --HOLE--
                  0000a6e6    00000010     ECAP.obj (.ebss)
                  0000a6f6    00000006     rts2800_fpu32.lib : exit.obj (.ebss)
                  0000a6fc    00000003     SoftI2C.obj (.ebss)
                  0000a6ff    00000001     --HOLE--
                  0000a700    00000082     MonitorCalculate.obj (.ebss)
                  0000a782    0000000e     CAN.obj (.ebss)
                  0000a790    0000000c     PwmTimer.obj (.ebss)
                  0000a79c    00000002     rts2800_fpu32.lib : _lock.obj (.ebss:__lock)
                  0000a79e    00000002                       : _lock.obj (.ebss:__unlock)

RFFTdata1 
*          1    0000c000    00000080     UNINITIALIZED
                  0000c000    00000080     MonitorCalculate.obj (RFFTdata1)

RFFTdata2 
*          1    0000e000    00000080     UNINITIALIZED
                  0000e000    00000080     MonitorCalculate.obj (RFFTdata2)

RFFTdata3 
*          1    00010000    00000042     UNINITIALIZED
                  00010000    00000042     MonitorCalculate.obj (RFFTdata3)

RFFTdata4 
*          1    00012000    00000080     UNINITIALIZED
                  00012000    00000080     MonitorCalculate.obj (RFFTdata4)

.reset     0    003fffc0    00000002     DSECT
                  003fffc0    00000002     rts2800_fpu32.lib : boot.obj (.reset)

vectors    0    003fffc2    00000000     DSECT

PartIdRegsFile 
*          1    003d7e80    00000001     UNINITIALIZED
                  003d7e80    00000001     F2806x_GlobalVariableDefs.obj (PartIdRegsFile)

CsmPwlFile 
*          1    003f7ff8    00000008     UNINITIALIZED
                  003f7ff8    00000008     F2806x_GlobalVariableDefs.obj (CsmPwlFile)

MODULE SUMMARY

       Module                          code    ro data   rw data
       ------                          ----    -------   -------
    .\AlgorithmSource\
       FrequencyCalutate.obj           560     0         46     
    +--+-------------------------------+-------+---------+---------+
       Total:                          560     0         46     
                                                                
    .\ProjectSource\
       RefParameter.obj                3827    0         820    
       MonitorCalculate.obj            1596    0         584    
       DeviceNet.obj                   1200    0         289    
       Action.obj                      1361    0         40     
       SampleProcess.obj               257     0         672    
       PwmTimer.obj                    671     0         12     
       SoftI2C.obj                     601     0         15     
       CAN.obj                         506     0         27     
       DeviceIO.obj                    142     0         0      
       ECAP.obj                        107     0         25     
       ConfigADC.obj                   99      0         0      
       BasicModule.obj                 71      0         16     
       Timer.obj                       49      0         0      
    +--+-------------------------------+-------+---------+---------+
       Total:                          10487   0         2500   
                                                                
    .\source\
       F2806x_GlobalVariableDefs.obj   0       0         3550   
       F2806x_DefaultIsr.obj           923     0         0      
       F2806x_Adc.obj                  491     0         0      
       F2806x_SysCtrl.obj              429     0         0      
       F2806x_PieVect.obj              20      0         256    
       F2806x_ECan.obj                 142     0         0      
       F2806x_CpuTimers.obj            97      0         24     
       F2806x_PieCtrl.obj              40      0         0      
       F2806x_CodeStartBranch.obj      10      0         0      
       F2806x_usDelay.obj              8       0         0      
       F2806x_DisInt.obj               7       0         0      
    +--+-------------------------------+-------+---------+---------+
       Total:                          2167    0         3830   
                                                                
    .\withFFT\
       withFFTmain.obj                 162     0         0      
    +--+-------------------------------+-------+---------+---------+
       Total:                          162     0         0      
                                                                
    ../lib/C28x_FPU_Lib.lib
       RFFT_f32.obj                    285     0         0      
       RFFT_f32_sincostable.obj        112     0         0      
    +--+-------------------------------+-------+---------+---------+
       Total:                          397     0         0      
                                                                
    ../lib/rts2800_fpu32_fast_supplement.lib
       FPUmathTables.obj               0       0         1696   
       atan_f32.obj                    74      0         0      
       cos_f32.obj                     52      0         0      
       sin_f32.obj                     52      0         0      
       sqrt_f32.obj                    33      0         0      
       div_f32.obj                     25      0         0      
    +--+-------------------------------+-------+---------+---------+
       Total:                          236     0         1696   
                                                                
    F:/Program Files (x86)/TI/ccsv6/tools/compiler/c2000_15.12.3.LTS/lib/rts2800_fpu32.lib
       fd_add.obj                      156     0         0      
       fd_div.obj                      139     0         0      
       fd_mpy.obj                      131     0         0      
       boot.obj                        86      0         0      
       cpy_tbl.obj                     70      0         0      
       exit.obj                        41      0         20     
       memcpy.obj                      30      0         0      
       fd_toul.obj                     27      0         0      
       cpy_utils.obj                   26      0         0      
       args_main.obj                   25      0         0      
       prolog.obj                      25      0         0      
       _lock.obj                       9       0         14     
       u_tofd.obj                      23      0         0      
       fd_sub.obj                      14      0         0      
       epilog.obj                      12      0         0      
       pre_init.obj                    2       0         0      
       startup.obj                     1       0         0      
    +--+-------------------------------+-------+---------+---------+
       Total:                          817     0         34     
                                                                
       Stack:                          0       0         1024   
    +--+-------------------------------+-------+---------+---------+
       Grand Total:                    14826   0         9130   


GLOBAL DATA SYMBOLS: SORTED BY DATA PAGE

address     data page           name
--------    ----------------    ----
00000050       1 (00000040)     __stack

00000880      22 (00000880)     _DevEmuRegs

00000985      26 (00000980)     _SysPwrCtrlRegs

00000a80      2a (00000a80)     _FlashRegs

00000ae0      2b (00000ac0)     _CsmRegs

00000b00      2c (00000b00)     _AdcResult

00000c00      30 (00000c00)     _CpuTimer0Regs
00000c08      30 (00000c00)     _CpuTimer1Regs
00000c10      30 (00000c00)     _CpuTimer2Regs

00000ce0      33 (00000cc0)     _PieCtrlRegs

00000d00      34 (00000d00)     _EmuKey
00000d00      34 (00000d00)     _PieVectTable
00000d01      34 (00000d00)     _EmuBMode
00000d02      34 (00000d00)     _Flash_CallbackPtr
00000d04      34 (00000d00)     _Flash_CPUScaleFactor

00001000      40 (00001000)     _DmaRegs

00001400      50 (00001400)     _Cla1Regs

00004000     100 (00004000)     _Usb0Regs

00005000     140 (00005000)     _McbspaRegs

00006000     180 (00006000)     _ECanaRegs

00006040     181 (00006040)     _ECanaLAMRegs

00006080     182 (00006080)     _ECanaMOTSRegs

000060c0     183 (000060c0)     _ECanaMOTORegs

00006100     184 (00006100)     _ECanaMboxes

00006400     190 (00006400)     _Comp1Regs
00006420     190 (00006400)     _Comp2Regs

00006440     191 (00006440)     _Comp3Regs

00006800     1a0 (00006800)     _EPwm1Regs

00006840     1a1 (00006840)     _EPwm2Regs

00006880     1a2 (00006880)     _EPwm3Regs

000068c0     1a3 (000068c0)     _EPwm4Regs

00006900     1a4 (00006900)     _EPwm5Regs

00006940     1a5 (00006940)     _EPwm6Regs

00006980     1a6 (00006980)     _EPwm7Regs

000069c0     1a7 (000069c0)     _EPwm8Regs

00006a00     1a8 (00006a00)     _ECap1Regs
00006a20     1a8 (00006a00)     _ECap2Regs

00006a40     1a9 (00006a40)     _ECap3Regs

00006ac0     1ab (00006ac0)     _HRCap1Regs
00006ae0     1ab (00006ac0)     _HRCap2Regs

00006b00     1ac (00006b00)     _EQep1Regs

00006b40     1ad (00006b40)     _EQep2Regs

00006c80     1b2 (00006c80)     _HRCap3Regs
00006ca0     1b2 (00006c80)     _HRCap4Regs

00006f80     1be (00006f80)     _GpioCtrlRegs

00006fc0     1bf (00006fc0)     _GpioDataRegs
00006fe0     1bf (00006fc0)     _GpioIntRegs

00007010     1c0 (00007000)     _SysCtrlRegs

00007040     1c1 (00007040)     _SpiaRegs
00007050     1c1 (00007040)     _SciaRegs
00007060     1c1 (00007040)     _NmiIntruptRegs
00007070     1c1 (00007040)     _XIntruptRegs

00007100     1c4 (00007100)     _AdcRegs

00007740     1dd (00007740)     _SpibRegs
00007750     1dd (00007740)     _ScibRegs

00007900     1e4 (00007900)     _I2caRegs

0000a000     280 (0000a000)     _testResult
0000a001     280 (0000a000)     _result
0000a002     280 (0000a000)     _CumulativeSum
0000a004     280 (0000a000)     _resultUpdate
0000a006     280 (0000a000)     _g_CANErrorStatus
0000a008     280 (0000a000)     _testData
0000a00c     280 (0000a000)     _tempPoint
0000a010     280 (0000a000)     _g_MacList
0000a014     280 (0000a000)     _g_SystemConfig
0000a018     280 (0000a000)     _g_NetSendFrame
0000a020     280 (0000a000)     _BufferData
0000a02a     280 (0000a000)     _g_SystemCalibrationCoefficient

0000a040     281 (0000a040)     _g_SystemLimit
0000a04e     281 (0000a040)     _g_SystemVoltageParameter

0000a080     282 (0000a080)     _g_ProcessDelayTime

0000a0c0     283 (0000a0c0)     _g_PhaseActionRad

0000a100     284 (0000a100)     _g_ReadOnlyParameterCollect

0000a1c0     287 (0000a1c0)     _g_SetParameterCollect

0000a328     28c (0000a300)     _CpuTimer1
0000a330     28c (0000a300)     _CpuTimer2
0000a338     28c (0000a300)     _CpuTimer0

0000a340     28d (0000a340)     _SampleLen
0000a341     28d (0000a340)     _SampleIndex
0000a342     28d (0000a340)     _i
0000a344     28d (0000a340)     _SamplePriod

0000a380     28e (0000a380)     _SampleData

0000a400     290 (0000a400)     _SampleDataSave

0000a4c0     293 (0000a4c0)     _SampleDataSavefloat

0000a5c2     297 (0000a5c0)     _ActionSendFrame
0000a5ca     297 (0000a5c0)     _SendBufferDataAction
0000a5d4     297 (0000a5c0)     _g_SynCommandMessage
0000a5ec     297 (0000a5c0)     _Cos1step
0000a5ee     297 (0000a5c0)     _TwoDivideN
0000a5f0     297 (0000a5c0)     _Sin1step

0000a600     298 (0000a600)     _DeviceNetClass
0000a601     298 (0000a600)     _g_DeviceNetRequstData
0000a604     298 (0000a600)     _product_code
0000a605     298 (0000a600)     _major_ver
0000a606     298 (0000a600)     _providerID
0000a607     298 (0000a600)     _device_type
0000a608     298 (0000a600)     _minor_ver
0000a60a     298 (0000a600)     _serialID
0000a60c     298 (0000a600)     _flashComCn
0000a612     298 (0000a600)     _product_name
0000a616     298 (0000a600)     _DeviceNetObj
0000a61e     298 (0000a600)     _g_ReciveCanCheck
0000a622     298 (0000a600)     _DeviceNetReciveFrame
0000a62a     298 (0000a600)     _DeviceNetSendFrame
0000a632     298 (0000a600)     _ReciveBufferData

0000a640     299 (0000a640)     _SendBufferData
0000a64a     299 (0000a640)     _IdentifierObj
0000a658     299 (0000a640)     _CycleInquireConnedctionObj

0000a680     29a (0000a680)     _VisibleConnectionObj

0000a6c0     29b (0000a6c0)     _StatusChangedConnedctionObj
0000a6f6     29b (0000a6c0)     ___TI_enable_exit_profile_output
0000a6f8     29b (0000a6c0)     ___TI_cleanup_ptr
0000a6fa     29b (0000a6c0)     ___TI_dtors_ptr
0000a6fc     29b (0000a6c0)     _I2C_Ack
0000a6fd     29b (0000a6c0)     _b2
0000a6fe     29b (0000a6c0)     _b1

0000a700     29c (0000a700)     _FirstTrig
0000a702     29c (0000a700)     _pCalTimeMonitor
0000a704     29c (0000a700)     _CalTimeMonitor
0000a70c     29c (0000a700)     _SetParam
0000a716     29c (0000a700)     _rfft

0000a740     29d (0000a740)     _RFFphaseBuff

0000a782     29e (0000a780)     _count
0000a784     29e (0000a780)     _dataError
0000a786     29e (0000a780)     _ReceiveData
0000a790     29e (0000a780)     _EPwm2TimerIntCount
0000a792     29e (0000a780)     _EPwm3TimerIntCount
0000a794     29e (0000a780)     _EPwm4TimerIntCount
0000a796     29e (0000a780)     _EPwm3TimerPeriod
0000a798     29e (0000a780)     _EPwm2TimerPeriod
0000a79a     29e (0000a780)     _EPwm4TimerPeriod
0000a79c     29e (0000a780)     __lock
0000a79e     29e (0000a780)     __unlock

0000c000     300 (0000c000)     _RFFTin1Buff

0000e000     380 (0000e000)     _RFFToutBuff

00010000     400 (00010000)     _RFFTmagBuff

00012000     480 (00012000)     _RFFTF32Coef

003d7e80    f5fa (003d7e80)     _PartIdRegs

003f79aa    fde6 (003f7980)     _PieVectTableInit

003f7ff8    fdff (003f7fc0)     _CsmPwl

003fd860    ff61 (003fd840)     _FPUsinTable

003fd960    ff65 (003fd940)     _FPUcosTable

003fdc60    ff71 (003fdc40)     _FPUsinTableEnd

003fdd62    ff75 (003fdd40)     _FPUatan2HalfPITable
003fdd62    ff75 (003fdd40)     _FPUcosTableEnd
003fdd66    ff75 (003fdd40)     _FPUatan2Table

003fdeec    ff7b (003fdec0)     _FPUatan2TableEnd


GLOBAL SYMBOLS: SORTED ALPHABETICALLY BY Name 

page  address   name                                  
----  -------   ----                                  
0     003f4000  .text                                 
0     003f7809  C$$EXIT                               
0     003f71b8  FD$$ADD                               
0     003f7370  FD$$DIV                               
0     003f73fb  FD$$MPY                               
0     003f7975  FD$$SUB                               
0     003f78b4  FD$$TOUL                              
0     003f791b  FS$$DIV                               
0     003f7934  U$$TOFD                               
0     003f5fee  _ADCINT1_ISR                          
0     003f5ff8  _ADCINT2_ISR                          
0     003f6200  _ADCINT3_ISR                          
0     003f620a  _ADCINT4_ISR                          
0     003f6214  _ADCINT5_ISR                          
0     003f621e  _ADCINT6_ISR                          
0     003f6228  _ADCINT7_ISR                          
0     003f6232  _ADCINT8_ISR                          
0     003f6016  _ADCINT9_ISR                          
0     003f706c  _ADC_INT1_ISR                         
0     003f5e4d  _AckMsgService                        
0     003f552f  _ActionInit                           
1     0000a5c2  _ActionSendFrame                      
0     003f67c7  _AdcChanSelect                        
0     003f683b  _AdcConversion                        
0     003f67a3  _AdcOffsetSelfCal                     
1     00007100  _AdcRegs                              
1     00000b00  _AdcResult                            
1     0000a020  _BufferData                           
0     003f5b5d  _CANFrameFilter                       
0     003f6d89  _CANSendData                          
0     003f623c  _CLA1_INT1_ISR                        
0     003f6246  _CLA1_INT2_ISR                        
0     003f6250  _CLA1_INT3_ISR                        
0     003f625a  _CLA1_INT4_ISR                        
0     003f6264  _CLA1_INT5_ISR                        
0     003f626e  _CLA1_INT6_ISR                        
0     003f6278  _CLA1_INT7_ISR                        
0     003f6282  _CLA1_INT8_ISR                        
0     003f4f92  _CalEffectiveValue                    
0     003f6679  _CalFreq                              
1     0000a704  _CalTimeMonitor                       
0     003f6524  _CaliAB_Base                          
0     003f6fa1  _Can0Recive_ISR                       
0     003f7657  _ChangeSampleMode                     
0     003f5c04  _CheckAllocateCode                    
0     003f4ecd  _CheckFrequencyStatus                 
0     003f5bcd  _CheckMACID                           
0     003f4ea5  _CheckPhaseVoltageStatus              
0     003f5c5c  _CheckReleaseCode                     
0     003f4e47  _CheckVoltageStatus                   
1     00001400  _Cla1Regs                             
1     00006400  _Comp1Regs                            
1     00006420  _Comp2Regs                            
1     00006440  _Comp3Regs                            
0     003f7559  _ConfigADC_Monitor                    
0     003f75f7  _ConfigCpuTimer                       
1     0000a5ec  _Cos1step                             
1     0000a338  _CpuTimer0                            
1     00000c00  _CpuTimer0Regs                        
1     0000a328  _CpuTimer1                            
1     00000c08  _CpuTimer1Regs                        
1     0000a330  _CpuTimer2                            
1     00000c10  _CpuTimer2Regs                        
0     003f794b  _Cpu_timer0_isr                       
1     003f7ff8  _CsmPwl                               
1     00000ae0  _CsmRegs                              
0     003f6a39  _CsmUnlock                            
1     0000a002  _CumulativeSum                        
1     0000a658  _CycleInquireConnedctionObj           
0     003f5f44  _DATALOG_ISR                          
0     003f6174  _DINTCH1_ISR                          
0     003f617e  _DINTCH2_ISR                          
0     003f6188  _DINTCH3_ISR                          
0     003f6192  _DINTCH4_ISR                          
0     003f619c  _DINTCH5_ISR                          
0     003f61a6  _DINTCH6_ISR                          
0     003f79a0  _DSP28x_DisableInt                    
0     003f79a4  _DSP28x_RestoreInt                    
0     0000801b  _DSP28x_usDelay                       
0     003f4a5e  _DefaultInit                          
0     003f7714  _DelayMs                              
0     003f7724  _DelayUs                              
1     00000880  _DevEmuRegs                           
1     0000a600  _DeviceNetClass                       
1     0000a616  _DeviceNetObj                         
0     003f5de3  _DeviceNetReciveCenter                
1     0000a622  _DeviceNetReciveFrame                 
1     0000a62a  _DeviceNetSendFrame                   
0     003f6963  _DisableDog                           
1     00001000  _DmaRegs                              
0     003f61ec  _ECAN0INTA_ISR                        
0     003f61f6  _ECAN1INTA_ISR                        
0     003f60d4  _ECAP1_INT_ISR                        
0     003f60de  _ECAP2_INT_ISR                        
0     003f60e8  _ECAP3_INT_ISR                        
1     00006040  _ECanaLAMRegs                         
1     000060c0  _ECanaMOTORegs                        
1     00006080  _ECanaMOTSRegs                        
1     00006100  _ECanaMboxes                          
1     00006000  _ECanaRegs                            
1     00006a00  _ECap1Regs                            
1     00006a20  _ECap2Regs                            
1     00006a40  _ECap3Regs                            
0     003f64de  _EEPROMReadByte                       
0     003f64a7  _EEPROMWriteByte                      
0     003f62aa  _EMPTY_ISR                            
0     003f5f58  _EMUINT_ISR                           
0     003f6084  _EPWM1_INT_ISR                        
0     003f6034  _EPWM1_TZINT_ISR                      
0     003f608e  _EPWM2_INT_ISR                        
0     003f603e  _EPWM2_TZINT_ISR                      
0     003f6098  _EPWM3_INT_ISR                        
0     003f6048  _EPWM3_TZINT_ISR                      
0     003f60a2  _EPWM4_INT_ISR                        
0     003f6052  _EPWM4_TZINT_ISR                      
0     003f60ac  _EPWM5_INT_ISR                        
0     003f605c  _EPWM5_TZINT_ISR                      
0     003f60b6  _EPWM6_INT_ISR                        
0     003f6066  _EPWM6_TZINT_ISR                      
0     003f60c0  _EPWM7_INT_ISR                        
0     003f6070  _EPWM7_TZINT_ISR                      
0     003f60ca  _EPWM8_INT_ISR                        
0     003f607a  _EPWM8_TZINT_ISR                      
1     00006800  _EPwm1Regs                            
1     00006840  _EPwm2Regs                            
0     003f6bc4  _EPwm2TimerInit                       
1     0000a790  _EPwm2TimerIntCount                   
1     0000a798  _EPwm2TimerPeriod                     
1     00006880  _EPwm3Regs                            
0     003f6b75  _EPwm3TimerInit                       
1     0000a792  _EPwm3TimerIntCount                   
1     0000a796  _EPwm3TimerPeriod                     
1     000068c0  _EPwm4Regs                            
0     003f6b26  _EPwm4TimerInit                       
1     0000a794  _EPwm4TimerIntCount                   
1     0000a79a  _EPwm4TimerPeriod                     
1     00006900  _EPwm5Regs                            
1     00006940  _EPwm6Regs                            
1     00006980  _EPwm7Regs                            
1     000069c0  _EPwm8Regs                            
0     003f6c13  _EPwmTimerReset                       
0     003f6106  _EQEP1_INT_ISR                        
0     003f6110  _EQEP2_INT_ISR                        
1     00006b00  _EQep1Regs                            
1     00006b40  _EQep2Regs                            
1     00000d01  _EmuBMode                             
1     00000d00  _EmuKey                               
0     003f7851  _EnableInterrupts                     
0     003f72d6  _EnableatchDog                        
0     003f58fe  _ErrorAck                             
0     003f6aa0  _ExtOscSel                            
0     003f4f6d  _FFT_Cal                              
0     003f4f55  _FFT_Init                             
0     003fdd62  _FPUatan2HalfPITable                  
0     003fdd66  _FPUatan2Table                        
0     003fdeec  _FPUatan2TableEnd                     
0     003fd960  _FPUcosTable                          
0     003fdd62  _FPUcosTableEnd                       
0     003fd860  _FPUsinTable                          
0     003fdc60  _FPUsinTableEnd                       
1     0000a700  _FirstTrig                            
1     00000a80  _FlashRegs                            
1     00000d04  _Flash_CPUScaleFactor                 
1     00000d02  _Flash_CallbackPtr                    
0     003f5549  _FrameServer                          
0     003f65e1  _GetNewFreq                           
1     00006f80  _GpioCtrlRegs                         
1     00006fc0  _GpioDataRegs                         
1     00006fe0  _GpioIntRegs                          
0     003f60f2  _HRCAP1_INT_ISR                       
0     003f60fc  _HRCAP2_INT_ISR                       
0     003f611a  _HRCAP3_INT_ISR                       
0     003f6124  _HRCAP4_INT_ISR                       
1     00006ac0  _HRCap1Regs                           
1     00006ae0  _HRCap2Regs                           
1     00006c80  _HRCap3Regs                           
1     00006ca0  _HRCap4Regs                           
0     003f61b0  _I2CINT1A_ISR                         
0     003f61ba  _I2CINT2A_ISR                         
1     0000a6fc  _I2C_Ack                              
0     003f641a  _I2C_Ackn                             
0     003f6364  _I2C_CheckAck                         
0     003f6476  _I2C_IRcvB                            
0     003f644e  _I2C_ISendB                           
0     003f63e5  _I2C_RcvB                             
0     003f639a  _I2C_SendB                            
0     003f62ec  _I2C_Start                            
0     003f6320  _I2C_Stop                             
1     00007900  _I2caRegs                             
0     003f5f6c  _ILLEGAL_ISR                          
0     003f5f30  _INT13_ISR                            
0     003f5f3a  _INT14_ISR                            
1     0000a64a  _IdentifierObj                        
0     003f6754  _InitAdc                              
0     003f6781  _InitAdcAio                           
0     003f75bc  _InitCpuTimers                        
0     003f5b20  _InitCycleInquireConnectionObj        
0     003f7254  _InitDeviceIO                         
0     003f5a80  _InitDeviceNet                        
0     003f72e2  _InitECan                             
0     003f735a  _InitECanGpio                         
0     003f72e2  _InitECana                            
0     003f735a  _InitECanaGpio                        
0     003f6ab6  _InitEPwmTimer                        
0     00008000  _InitFlash                            
0     003f4ef3  _InitMonitorCalData                   
0     003f69e3  _InitPeripheralClocks                 
0     003f7832  _InitPieCtrl                          
0     003f7961  _InitPieVectTable                     
0     003f696b  _InitPll                              
0     003f69bb  _InitPll2                             
0     003f761d  _InitSampleProcessData                
0     003f6d55  _InitStandardCAN                      
0     003f5b3a  _InitStatusChangedConnectionObj       
0     003f693f  _InitSysCtrl                          
0     003f5b06  _InitVisibleConnectionObj             
0     003f6a68  _IntOsc1Sel                           
0     003f6a78  _IntOsc2Sel                           
0     003f7899  _IsOverTime                           
0     003f5e3d  _IsTimeRemain                         
0     003f62a0  _LUF_ISR                              
0     003f6296  _LVF_ISR                              
0     003f6160  _MRINTA_ISR                           
0     003f616a  _MXINTA_ISR                           
1     00005000  _McbspaRegs                           
0     003f66bc  _MidMeanFilter                        
0     003f5f62  _NMI_ISR                              
1     00007060  _NmiIntruptRegs                       
0     003f62b7  _PIE_RESERVED                         
0     003f5dbd  _PacktIOMessage                       
0     003f5dd0  _PacktIOMessageStatus                 
1     003d7e80  _PartIdRegs                           
1     00000ce0  _PieCtrlRegs                          
1     00000d00  _PieVectTable                         
0     003f79aa  _PieVectTableInit                     
1     00012000  _RFFTF32Coef                          
0     003f6e84  _RFFT_f32                             
0     003f747e  _RFFT_f32_sincostable                 
1     0000c000  _RFFTin1Buff                          
1     00010000  _RFFTmagBuff                          
1     0000e000  _RFFToutBuff                          
1     0000a740  _RFFphaseBuff                         
0     003f5f4e  _RTOSINT_ISR                          
0     003e801f  _RamfuncsLoadEnd                      
abs   0000001f  _RamfuncsLoadSize                     
0     003e8000  _RamfuncsLoadStart                    
0     00008000  _RamfuncsRunStart                     
0     003f4048  _ReadParamValue                       
1     0000a786  _ReceiveData                          
1     0000a632  _ReciveBufferData                     
0     003f4b1f  _RefParameterInit                     
0     003f5b9a  _ResponseMACID                        
0     003f61c4  _SCIRXINTA_ISR                        
0     003f61d8  _SCIRXINTB_ISR                        
0     003f61ce  _SCITXINTA_ISR                        
0     003f61e2  _SCITXINTB_ISR                        
0     003f6138  _SPIRXINTA_ISR                        
0     003f614c  _SPIRXINTB_ISR                        
0     003f6142  _SPITXINTA_ISR                        
0     003f6156  _SPITXINTB_ISR                        
1     0000a380  _SampleData                           
1     0000a400  _SampleDataSave                       
1     0000a4c0  _SampleDataSavefloat                  
1     0000a341  _SampleIndex                          
1     0000a340  _SampleLen                            
1     0000a344  _SamplePriod                          
0     003f4ee1  _SaveActionRad                        
1     00007050  _SciaRegs                             
1     00007750  _ScibRegs                             
1     0000a640  _SendBufferData                       
1     0000a5ca  _SendBufferDataAction                 
0     003f5e2c  _SendData                             
0     003f59db  _SendMultiFrame                       
0     003f6959  _ServiceDog                           
1     0000a70c  _SetParam                             
0     003f4000  _SetParamValue                        
0     003f75a0  _SetSamplePriod                       
1     0000a5f0  _Sin1step                             
0     003f62cb  _SoftI2CInit                          
1     00007040  _SpiaRegs                             
1     00007740  _SpibRegs                             
0     003f5e36  _StartOverTimer                       
0     003f7593  _StartSample                          
1     0000a6c0  _StatusChangedConnedctionObj          
0     003f759b  _StopSample                           
0     003f58e3  _SynActionAck                         
0     003f5917  _SynCloseWaitAck                      
0     003f4fd0  _SynchronizTrigger                    
1     00007010  _SysCtrlRegs                          
1     00000985  _SysPwrCtrlRegs                       
0     003f6020  _TINT0_ISR                            
1     0000a5ee  _TwoDivideN                           
0     003f612e  _USB0_INT_ISR                         
0     003f5fd0  _USER10_ISR                           
0     003f5fda  _USER11_ISR                           
0     003f5fe4  _USER12_ISR                           
0     003f5f76  _USER1_ISR                            
0     003f5f80  _USER2_ISR                            
0     003f5f8a  _USER3_ISR                            
0     003f5f94  _USER4_ISR                            
0     003f5f9e  _USER5_ISR                            
0     003f5fa8  _USER6_ISR                            
0     003f5fb2  _USER7_ISR                            
0     003f5fbc  _USER8_ISR                            
0     003f5fc6  _USER9_ISR                            
0     003f5cab  _UnconVisibleMsgService               
0     003f66f6  _UpdateFrequency                      
0     003f4b66  _UpdateSystemSetData                  
1     00004000  _Usb0Regs                             
1     0000a680  _VisibleConnectionObj                 
0     003f602a  _WAKEINT_ISR                          
0     003f6002  _XINT1_ISR                            
0     003f600c  _XINT2_ISR                            
0     003f628c  _XINT3_ISR                            
1     00007070  _XIntruptRegs                         
0     003f6a8c  _XtalOscSel                           
1     00000450  __STACK_END                           
abs   00000400  __STACK_SIZE                          
1     0000a6f8  ___TI_cleanup_ptr                     
1     0000a6fa  ___TI_dtors_ptr                       
1     0000a6f6  ___TI_enable_exit_profile_output      
abs   ffffffff  ___TI_pprof_out_hndl                  
abs   ffffffff  ___TI_prof_data_size                  
abs   ffffffff  ___TI_prof_data_start                 
abs   ffffffff  ___binit__                            
abs   ffffffff  ___c_args__                           
0     003f7ac1  ___cinit__                            
0     003f79aa  ___etext__                            
abs   ffffffff  ___pinit__                            
0     003f4000  ___text__                             
0     003f78e9  __args_main                           
1     0000a79c  __lock                                
0     003f7997  __nop                                 
0     003f7993  __register_lock                       
0     003f798f  __register_unlock                     
1     00000050  __stack                               
0     003f79a9  __system_post_cinit                   
0     003f79a7  __system_pre_init                     
1     0000a79e  __unlock                              
0     003f7809  _abort                                
0     003f76ca  _atan                                 
1     0000a6fe  _b1                                   
1     0000a6fd  _b2                                   
0     003f7674  _c_int00                              
0     003f775b  _copy_in                              
0     003f77a1  _cos                                  
1     0000a782  _count                                
1     0000a784  _dataError                            
0     003f78cf  _ddcopy                               
1     0000a607  _device_type                          
0     003f78cf  _dpcopy                               
0     003f74ee  _ecap2_isr                            
0     003f7983  _epilog_c28x_1                        
0     003f7987  _epilog_c28x_2                        
0     003f6c23  _epwm1_timer_isr                      
0     003f6c38  _epwm2_timer_isr                      
0     003f6c97  _epwm3_timer_isr                      
0     003f6cf6  _epwm4_timer_isr                      
0     003f780b  _exit                                 
1     0000a60c  _flashComCn                           
1     0000a006  _g_CANErrorStatus                     
1     0000a601  _g_DeviceNetRequstData                
1     0000a010  _g_MacList                            
1     0000a018  _g_NetSendFrame                       
1     0000a0c0  _g_PhaseActionRad                     
1     0000a080  _g_ProcessDelayTime                   
1     0000a100  _g_ReadOnlyParameterCollect           
1     0000a61e  _g_ReciveCanCheck                     
1     0000a1c0  _g_SetParameterCollect                
1     0000a5d4  _g_SynCommandMessage                  
1     0000a02a  _g_SystemCalibrationCoefficient       
1     0000a014  _g_SystemConfig                       
1     0000a040  _g_SystemLimit                        
1     0000a04e  _g_SystemVoltageParameter             
1     0000a342  _i                                    
0     003f7116  _main                                 
1     0000a605  _major_ver                            
0     003f787b  _memcpy                               
1     0000a608  _minor_ver                            
1     0000a702  _pCalTimeMonitor                      
0     003f78cf  _pdcopy                               
0     003f78cf  _ppcopy                               
1     0000a604  _product_code                         
1     0000a612  _product_name                         
0     003f7902  _prolog_c28x_1                        
0     003f7906  _prolog_c28x_2                        
0     003f790e  _prolog_c28x_3                        
1     0000a606  _providerID                           
1     0000a001  _result                               
1     0000a004  _resultUpdate                         
1     0000a716  _rfft                                 
0     003f6e8d  _rfft_f32_Stages1and2and3andBitReverse
0     003f6ef9  _rfft_f32_Stages4andUp                
0     003f62c1  _rsvd_ISR                             
1     0000a60a  _serialID                             
0     003f77d5  _sin                                  
0     003f785a  _sqrt                                 
1     0000a00c  _tempPoint                            
1     0000a008  _testData                             
1     0000a000  _testResult                           
abs   ffffffff  binit                                 
0     003f7ac1  cinit                                 
0     003f7ff6  code_start                            
0     003f79aa  etext                                 
abs   ffffffff  pinit                                 


GLOBAL SYMBOLS: SORTED BY Symbol Address 

page  address   name                                  
----  -------   ----                                  
0     00008000  _InitFlash                            
0     00008000  _RamfuncsRunStart                     
0     0000801b  _DSP28x_usDelay                       
0     003e8000  _RamfuncsLoadStart                    
0     003e801f  _RamfuncsLoadEnd                      
0     003f4000  .text                                 
0     003f4000  _SetParamValue                        
0     003f4000  ___text__                             
0     003f4048  _ReadParamValue                       
0     003f4a5e  _DefaultInit                          
0     003f4b1f  _RefParameterInit                     
0     003f4b66  _UpdateSystemSetData                  
0     003f4e47  _CheckVoltageStatus                   
0     003f4ea5  _CheckPhaseVoltageStatus              
0     003f4ecd  _CheckFrequencyStatus                 
0     003f4ee1  _SaveActionRad                        
0     003f4ef3  _InitMonitorCalData                   
0     003f4f55  _FFT_Init                             
0     003f4f6d  _FFT_Cal                              
0     003f4f92  _CalEffectiveValue                    
0     003f4fd0  _SynchronizTrigger                    
0     003f552f  _ActionInit                           
0     003f5549  _FrameServer                          
0     003f58e3  _SynActionAck                         
0     003f58fe  _ErrorAck                             
0     003f5917  _SynCloseWaitAck                      
0     003f59db  _SendMultiFrame                       
0     003f5a80  _InitDeviceNet                        
0     003f5b06  _InitVisibleConnectionObj             
0     003f5b20  _InitCycleInquireConnectionObj        
0     003f5b3a  _InitStatusChangedConnectionObj       
0     003f5b5d  _CANFrameFilter                       
0     003f5b9a  _ResponseMACID                        
0     003f5bcd  _CheckMACID                           
0     003f5c04  _CheckAllocateCode                    
0     003f5c5c  _CheckReleaseCode                     
0     003f5cab  _UnconVisibleMsgService               
0     003f5dbd  _PacktIOMessage                       
0     003f5dd0  _PacktIOMessageStatus                 
0     003f5de3  _DeviceNetReciveCenter                
0     003f5e2c  _SendData                             
0     003f5e36  _StartOverTimer                       
0     003f5e3d  _IsTimeRemain                         
0     003f5e4d  _AckMsgService                        
0     003f5f30  _INT13_ISR                            
0     003f5f3a  _INT14_ISR                            
0     003f5f44  _DATALOG_ISR                          
0     003f5f4e  _RTOSINT_ISR                          
0     003f5f58  _EMUINT_ISR                           
0     003f5f62  _NMI_ISR                              
0     003f5f6c  _ILLEGAL_ISR                          
0     003f5f76  _USER1_ISR                            
0     003f5f80  _USER2_ISR                            
0     003f5f8a  _USER3_ISR                            
0     003f5f94  _USER4_ISR                            
0     003f5f9e  _USER5_ISR                            
0     003f5fa8  _USER6_ISR                            
0     003f5fb2  _USER7_ISR                            
0     003f5fbc  _USER8_ISR                            
0     003f5fc6  _USER9_ISR                            
0     003f5fd0  _USER10_ISR                           
0     003f5fda  _USER11_ISR                           
0     003f5fe4  _USER12_ISR                           
0     003f5fee  _ADCINT1_ISR                          
0     003f5ff8  _ADCINT2_ISR                          
0     003f6002  _XINT1_ISR                            
0     003f600c  _XINT2_ISR                            
0     003f6016  _ADCINT9_ISR                          
0     003f6020  _TINT0_ISR                            
0     003f602a  _WAKEINT_ISR                          
0     003f6034  _EPWM1_TZINT_ISR                      
0     003f603e  _EPWM2_TZINT_ISR                      
0     003f6048  _EPWM3_TZINT_ISR                      
0     003f6052  _EPWM4_TZINT_ISR                      
0     003f605c  _EPWM5_TZINT_ISR                      
0     003f6066  _EPWM6_TZINT_ISR                      
0     003f6070  _EPWM7_TZINT_ISR                      
0     003f607a  _EPWM8_TZINT_ISR                      
0     003f6084  _EPWM1_INT_ISR                        
0     003f608e  _EPWM2_INT_ISR                        
0     003f6098  _EPWM3_INT_ISR                        
0     003f60a2  _EPWM4_INT_ISR                        
0     003f60ac  _EPWM5_INT_ISR                        
0     003f60b6  _EPWM6_INT_ISR                        
0     003f60c0  _EPWM7_INT_ISR                        
0     003f60ca  _EPWM8_INT_ISR                        
0     003f60d4  _ECAP1_INT_ISR                        
0     003f60de  _ECAP2_INT_ISR                        
0     003f60e8  _ECAP3_INT_ISR                        
0     003f60f2  _HRCAP1_INT_ISR                       
0     003f60fc  _HRCAP2_INT_ISR                       
0     003f6106  _EQEP1_INT_ISR                        
0     003f6110  _EQEP2_INT_ISR                        
0     003f611a  _HRCAP3_INT_ISR                       
0     003f6124  _HRCAP4_INT_ISR                       
0     003f612e  _USB0_INT_ISR                         
0     003f6138  _SPIRXINTA_ISR                        
0     003f6142  _SPITXINTA_ISR                        
0     003f614c  _SPIRXINTB_ISR                        
0     003f6156  _SPITXINTB_ISR                        
0     003f6160  _MRINTA_ISR                           
0     003f616a  _MXINTA_ISR                           
0     003f6174  _DINTCH1_ISR                          
0     003f617e  _DINTCH2_ISR                          
0     003f6188  _DINTCH3_ISR                          
0     003f6192  _DINTCH4_ISR                          
0     003f619c  _DINTCH5_ISR                          
0     003f61a6  _DINTCH6_ISR                          
0     003f61b0  _I2CINT1A_ISR                         
0     003f61ba  _I2CINT2A_ISR                         
0     003f61c4  _SCIRXINTA_ISR                        
0     003f61ce  _SCITXINTA_ISR                        
0     003f61d8  _SCIRXINTB_ISR                        
0     003f61e2  _SCITXINTB_ISR                        
0     003f61ec  _ECAN0INTA_ISR                        
0     003f61f6  _ECAN1INTA_ISR                        
0     003f6200  _ADCINT3_ISR                          
0     003f620a  _ADCINT4_ISR                          
0     003f6214  _ADCINT5_ISR                          
0     003f621e  _ADCINT6_ISR                          
0     003f6228  _ADCINT7_ISR                          
0     003f6232  _ADCINT8_ISR                          
0     003f623c  _CLA1_INT1_ISR                        
0     003f6246  _CLA1_INT2_ISR                        
0     003f6250  _CLA1_INT3_ISR                        
0     003f625a  _CLA1_INT4_ISR                        
0     003f6264  _CLA1_INT5_ISR                        
0     003f626e  _CLA1_INT6_ISR                        
0     003f6278  _CLA1_INT7_ISR                        
0     003f6282  _CLA1_INT8_ISR                        
0     003f628c  _XINT3_ISR                            
0     003f6296  _LVF_ISR                              
0     003f62a0  _LUF_ISR                              
0     003f62aa  _EMPTY_ISR                            
0     003f62b7  _PIE_RESERVED                         
0     003f62c1  _rsvd_ISR                             
0     003f62cb  _SoftI2CInit                          
0     003f62ec  _I2C_Start                            
0     003f6320  _I2C_Stop                             
0     003f6364  _I2C_CheckAck                         
0     003f639a  _I2C_SendB                            
0     003f63e5  _I2C_RcvB                             
0     003f641a  _I2C_Ackn                             
0     003f644e  _I2C_ISendB                           
0     003f6476  _I2C_IRcvB                            
0     003f64a7  _EEPROMWriteByte                      
0     003f64de  _EEPROMReadByte                       
0     003f6524  _CaliAB_Base                          
0     003f65e1  _GetNewFreq                           
0     003f6679  _CalFreq                              
0     003f66bc  _MidMeanFilter                        
0     003f66f6  _UpdateFrequency                      
0     003f6754  _InitAdc                              
0     003f6781  _InitAdcAio                           
0     003f67a3  _AdcOffsetSelfCal                     
0     003f67c7  _AdcChanSelect                        
0     003f683b  _AdcConversion                        
0     003f693f  _InitSysCtrl                          
0     003f6959  _ServiceDog                           
0     003f6963  _DisableDog                           
0     003f696b  _InitPll                              
0     003f69bb  _InitPll2                             
0     003f69e3  _InitPeripheralClocks                 
0     003f6a39  _CsmUnlock                            
0     003f6a68  _IntOsc1Sel                           
0     003f6a78  _IntOsc2Sel                           
0     003f6a8c  _XtalOscSel                           
0     003f6aa0  _ExtOscSel                            
0     003f6ab6  _InitEPwmTimer                        
0     003f6b26  _EPwm4TimerInit                       
0     003f6b75  _EPwm3TimerInit                       
0     003f6bc4  _EPwm2TimerInit                       
0     003f6c13  _EPwmTimerReset                       
0     003f6c23  _epwm1_timer_isr                      
0     003f6c38  _epwm2_timer_isr                      
0     003f6c97  _epwm3_timer_isr                      
0     003f6cf6  _epwm4_timer_isr                      
0     003f6d55  _InitStandardCAN                      
0     003f6d89  _CANSendData                          
0     003f6e84  _RFFT_f32                             
0     003f6e8d  _rfft_f32_Stages1and2and3andBitReverse
0     003f6ef9  _rfft_f32_Stages4andUp                
0     003f6fa1  _Can0Recive_ISR                       
0     003f706c  _ADC_INT1_ISR                         
0     003f7116  _main                                 
0     003f71b8  FD$$ADD                               
0     003f7254  _InitDeviceIO                         
0     003f72d6  _EnableatchDog                        
0     003f72e2  _InitECan                             
0     003f72e2  _InitECana                            
0     003f735a  _InitECanGpio                         
0     003f735a  _InitECanaGpio                        
0     003f7370  FD$$DIV                               
0     003f73fb  FD$$MPY                               
0     003f747e  _RFFT_f32_sincostable                 
0     003f74ee  _ecap2_isr                            
0     003f7559  _ConfigADC_Monitor                    
0     003f7593  _StartSample                          
0     003f759b  _StopSample                           
0     003f75a0  _SetSamplePriod                       
0     003f75bc  _InitCpuTimers                        
0     003f75f7  _ConfigCpuTimer                       
0     003f761d  _InitSampleProcessData                
0     003f7657  _ChangeSampleMode                     
0     003f7674  _c_int00                              
0     003f76ca  _atan                                 
0     003f7714  _DelayMs                              
0     003f7724  _DelayUs                              
0     003f775b  _copy_in                              
0     003f77a1  _cos                                  
0     003f77d5  _sin                                  
0     003f7809  C$$EXIT                               
0     003f7809  _abort                                
0     003f780b  _exit                                 
0     003f7832  _InitPieCtrl                          
0     003f7851  _EnableInterrupts                     
0     003f785a  _sqrt                                 
0     003f787b  _memcpy                               
0     003f7899  _IsOverTime                           
0     003f78b4  FD$$TOUL                              
0     003f78cf  _ddcopy                               
0     003f78cf  _dpcopy                               
0     003f78cf  _pdcopy                               
0     003f78cf  _ppcopy                               
0     003f78e9  __args_main                           
0     003f7902  _prolog_c28x_1                        
0     003f7906  _prolog_c28x_2                        
0     003f790e  _prolog_c28x_3                        
0     003f791b  FS$$DIV                               
0     003f7934  U$$TOFD                               
0     003f794b  _Cpu_timer0_isr                       
0     003f7961  _InitPieVectTable                     
0     003f7975  FD$$SUB                               
0     003f7983  _epilog_c28x_1                        
0     003f7987  _epilog_c28x_2                        
0     003f798f  __register_unlock                     
0     003f7993  __register_lock                       
0     003f7997  __nop                                 
0     003f79a0  _DSP28x_DisableInt                    
0     003f79a4  _DSP28x_RestoreInt                    
0     003f79a7  __system_pre_init                     
0     003f79a9  __system_post_cinit                   
0     003f79aa  _PieVectTableInit                     
0     003f79aa  ___etext__                            
0     003f79aa  etext                                 
0     003f7ac1  ___cinit__                            
0     003f7ac1  cinit                                 
0     003f7ff6  code_start                            
0     003fd860  _FPUsinTable                          
0     003fd960  _FPUcosTable                          
0     003fdc60  _FPUsinTableEnd                       
0     003fdd62  _FPUatan2HalfPITable                  
0     003fdd62  _FPUcosTableEnd                       
0     003fdd66  _FPUatan2Table                        
0     003fdeec  _FPUatan2TableEnd                     
1     00000050  __stack                               
1     00000450  __STACK_END                           
1     00000880  _DevEmuRegs                           
1     00000985  _SysPwrCtrlRegs                       
1     00000a80  _FlashRegs                            
1     00000ae0  _CsmRegs                              
1     00000b00  _AdcResult                            
1     00000c00  _CpuTimer0Regs                        
1     00000c08  _CpuTimer1Regs                        
1     00000c10  _CpuTimer2Regs                        
1     00000ce0  _PieCtrlRegs                          
1     00000d00  _EmuKey                               
1     00000d00  _PieVectTable                         
1     00000d01  _EmuBMode                             
1     00000d02  _Flash_CallbackPtr                    
1     00000d04  _Flash_CPUScaleFactor                 
1     00001000  _DmaRegs                              
1     00001400  _Cla1Regs                             
1     00004000  _Usb0Regs                             
1     00005000  _McbspaRegs                           
1     00006000  _ECanaRegs                            
1     00006040  _ECanaLAMRegs                         
1     00006080  _ECanaMOTSRegs                        
1     000060c0  _ECanaMOTORegs                        
1     00006100  _ECanaMboxes                          
1     00006400  _Comp1Regs                            
1     00006420  _Comp2Regs                            
1     00006440  _Comp3Regs                            
1     00006800  _EPwm1Regs                            
1     00006840  _EPwm2Regs                            
1     00006880  _EPwm3Regs                            
1     000068c0  _EPwm4Regs                            
1     00006900  _EPwm5Regs                            
1     00006940  _EPwm6Regs                            
1     00006980  _EPwm7Regs                            
1     000069c0  _EPwm8Regs                            
1     00006a00  _ECap1Regs                            
1     00006a20  _ECap2Regs                            
1     00006a40  _ECap3Regs                            
1     00006ac0  _HRCap1Regs                           
1     00006ae0  _HRCap2Regs                           
1     00006b00  _EQep1Regs                            
1     00006b40  _EQep2Regs                            
1     00006c80  _HRCap3Regs                           
1     00006ca0  _HRCap4Regs                           
1     00006f80  _GpioCtrlRegs                         
1     00006fc0  _GpioDataRegs                         
1     00006fe0  _GpioIntRegs                          
1     00007010  _SysCtrlRegs                          
1     00007040  _SpiaRegs                             
1     00007050  _SciaRegs                             
1     00007060  _NmiIntruptRegs                       
1     00007070  _XIntruptRegs                         
1     00007100  _AdcRegs                              
1     00007740  _SpibRegs                             
1     00007750  _ScibRegs                             
1     00007900  _I2caRegs                             
1     0000a000  _testResult                           
1     0000a001  _result                               
1     0000a002  _CumulativeSum                        
1     0000a004  _resultUpdate                         
1     0000a006  _g_CANErrorStatus                     
1     0000a008  _testData                             
1     0000a00c  _tempPoint                            
1     0000a010  _g_MacList                            
1     0000a014  _g_SystemConfig                       
1     0000a018  _g_NetSendFrame                       
1     0000a020  _BufferData                           
1     0000a02a  _g_SystemCalibrationCoefficient       
1     0000a040  _g_SystemLimit                        
1     0000a04e  _g_SystemVoltageParameter             
1     0000a080  _g_ProcessDelayTime                   
1     0000a0c0  _g_PhaseActionRad                     
1     0000a100  _g_ReadOnlyParameterCollect           
1     0000a1c0  _g_SetParameterCollect                
1     0000a328  _CpuTimer1                            
1     0000a330  _CpuTimer2                            
1     0000a338  _CpuTimer0                            
1     0000a340  _SampleLen                            
1     0000a341  _SampleIndex                          
1     0000a342  _i                                    
1     0000a344  _SamplePriod                          
1     0000a380  _SampleData                           
1     0000a400  _SampleDataSave                       
1     0000a4c0  _SampleDataSavefloat                  
1     0000a5c2  _ActionSendFrame                      
1     0000a5ca  _SendBufferDataAction                 
1     0000a5d4  _g_SynCommandMessage                  
1     0000a5ec  _Cos1step                             
1     0000a5ee  _TwoDivideN                           
1     0000a5f0  _Sin1step                             
1     0000a600  _DeviceNetClass                       
1     0000a601  _g_DeviceNetRequstData                
1     0000a604  _product_code                         
1     0000a605  _major_ver                            
1     0000a606  _providerID                           
1     0000a607  _device_type                          
1     0000a608  _minor_ver                            
1     0000a60a  _serialID                             
1     0000a60c  _flashComCn                           
1     0000a612  _product_name                         
1     0000a616  _DeviceNetObj                         
1     0000a61e  _g_ReciveCanCheck                     
1     0000a622  _DeviceNetReciveFrame                 
1     0000a62a  _DeviceNetSendFrame                   
1     0000a632  _ReciveBufferData                     
1     0000a640  _SendBufferData                       
1     0000a64a  _IdentifierObj                        
1     0000a658  _CycleInquireConnedctionObj           
1     0000a680  _VisibleConnectionObj                 
1     0000a6c0  _StatusChangedConnedctionObj          
1     0000a6f6  ___TI_enable_exit_profile_output      
1     0000a6f8  ___TI_cleanup_ptr                     
1     0000a6fa  ___TI_dtors_ptr                       
1     0000a6fc  _I2C_Ack                              
1     0000a6fd  _b2                                   
1     0000a6fe  _b1                                   
1     0000a700  _FirstTrig                            
1     0000a702  _pCalTimeMonitor                      
1     0000a704  _CalTimeMonitor                       
1     0000a70c  _SetParam                             
1     0000a716  _rfft                                 
1     0000a740  _RFFphaseBuff                         
1     0000a782  _count                                
1     0000a784  _dataError                            
1     0000a786  _ReceiveData                          
1     0000a790  _EPwm2TimerIntCount                   
1     0000a792  _EPwm3TimerIntCount                   
1     0000a794  _EPwm4TimerIntCount                   
1     0000a796  _EPwm3TimerPeriod                     
1     0000a798  _EPwm2TimerPeriod                     
1     0000a79a  _EPwm4TimerPeriod                     
1     0000a79c  __lock                                
1     0000a79e  __unlock                              
1     0000c000  _RFFTin1Buff                          
1     0000e000  _RFFToutBuff                          
1     00010000  _RFFTmagBuff                          
1     00012000  _RFFTF32Coef                          
1     003d7e80  _PartIdRegs                           
1     003f7ff8  _CsmPwl                               
abs   0000001f  _RamfuncsLoadSize                     
abs   00000400  __STACK_SIZE                          
abs   ffffffff  ___TI_pprof_out_hndl                  
abs   ffffffff  ___TI_prof_data_size                  
abs   ffffffff  ___TI_prof_data_start                 
abs   ffffffff  ___binit__                            
abs   ffffffff  ___c_args__                           
abs   ffffffff  ___pinit__                            
abs   ffffffff  binit                                 
abs   ffffffff  pinit                                 

[405 symbols]
