<?xml version="1.0"?>
<link_info>
   <banner>TMS320C2000 Linker PC v15.12.3.LTS</banner>
   <copyright>Copyright (c) 1996-2015 Texas Instruments Incorporated</copyright>
   <link_time>0x58e5cc12</link_time>
   <link_errors>0x1</link_errors>
   <output_file>ChoicePhaseWithKindsV1.1.out</output_file>
   <entry_point>
      <name>_c_int00</name>
      <address>0x3f5dd6</address>
   </entry_point>
   <input_file_list>
      <input_file id="fl-2">
         <path>.\AlgorithmSource\</path>
         <kind>object</kind>
         <file>FrequencyCalutate.obj</file>
         <name>FrequencyCalutate.obj</name>
      </input_file>
      <input_file id="fl-3">
         <path>.\ProjectSource\</path>
         <kind>object</kind>
         <file>Action.obj</file>
         <name>Action.obj</name>
      </input_file>
      <input_file id="fl-4">
         <path>.\ProjectSource\</path>
         <kind>object</kind>
         <file>BasicModule.obj</file>
         <name>BasicModule.obj</name>
      </input_file>
      <input_file id="fl-5">
         <path>.\ProjectSource\</path>
         <kind>object</kind>
         <file>CAN.obj</file>
         <name>CAN.obj</name>
      </input_file>
      <input_file id="fl-6">
         <path>.\ProjectSource\</path>
         <kind>object</kind>
         <file>ConfigADC.obj</file>
         <name>ConfigADC.obj</name>
      </input_file>
      <input_file id="fl-7">
         <path>.\ProjectSource\</path>
         <kind>object</kind>
         <file>DeviceIO.obj</file>
         <name>DeviceIO.obj</name>
      </input_file>
      <input_file id="fl-8">
         <path>.\ProjectSource\</path>
         <kind>object</kind>
         <file>DeviceNet.obj</file>
         <name>DeviceNet.obj</name>
      </input_file>
      <input_file id="fl-9">
         <path>.\ProjectSource\</path>
         <kind>object</kind>
         <file>MonitorCalculate.obj</file>
         <name>MonitorCalculate.obj</name>
      </input_file>
      <input_file id="fl-a">
         <path>.\ProjectSource\</path>
         <kind>object</kind>
         <file>PwmTimer.obj</file>
         <name>PwmTimer.obj</name>
      </input_file>
      <input_file id="fl-b">
         <path>.\ProjectSource\</path>
         <kind>object</kind>
         <file>RefParameter.obj</file>
         <name>RefParameter.obj</name>
      </input_file>
      <input_file id="fl-c">
         <path>.\ProjectSource\</path>
         <kind>object</kind>
         <file>SampleProcess.obj</file>
         <name>SampleProcess.obj</name>
      </input_file>
      <input_file id="fl-d">
         <path>.\ProjectSource\</path>
         <kind>object</kind>
         <file>Timer.obj</file>
         <name>Timer.obj</name>
      </input_file>
      <input_file id="fl-e">
         <path>.\source\</path>
         <kind>object</kind>
         <file>F2806x_Adc.obj</file>
         <name>F2806x_Adc.obj</name>
      </input_file>
      <input_file id="fl-f">
         <path>.\source\</path>
         <kind>object</kind>
         <file>F2806x_CodeStartBranch.obj</file>
         <name>F2806x_CodeStartBranch.obj</name>
      </input_file>
      <input_file id="fl-10">
         <path>.\source\</path>
         <kind>object</kind>
         <file>F2806x_CpuTimers.obj</file>
         <name>F2806x_CpuTimers.obj</name>
      </input_file>
      <input_file id="fl-11">
         <path>.\source\</path>
         <kind>object</kind>
         <file>F2806x_DefaultIsr.obj</file>
         <name>F2806x_DefaultIsr.obj</name>
      </input_file>
      <input_file id="fl-12">
         <path>.\source\</path>
         <kind>object</kind>
         <file>F2806x_DisInt.obj</file>
         <name>F2806x_DisInt.obj</name>
      </input_file>
      <input_file id="fl-13">
         <path>.\source\</path>
         <kind>object</kind>
         <file>F2806x_ECan.obj</file>
         <name>F2806x_ECan.obj</name>
      </input_file>
      <input_file id="fl-14">
         <path>.\source\</path>
         <kind>object</kind>
         <file>F2806x_GlobalVariableDefs.obj</file>
         <name>F2806x_GlobalVariableDefs.obj</name>
      </input_file>
      <input_file id="fl-15">
         <path>.\source\</path>
         <kind>object</kind>
         <file>F2806x_OscComp.obj</file>
         <name>F2806x_OscComp.obj</name>
      </input_file>
      <input_file id="fl-16">
         <path>.\source\</path>
         <kind>object</kind>
         <file>F2806x_PieCtrl.obj</file>
         <name>F2806x_PieCtrl.obj</name>
      </input_file>
      <input_file id="fl-17">
         <path>.\source\</path>
         <kind>object</kind>
         <file>F2806x_PieVect.obj</file>
         <name>F2806x_PieVect.obj</name>
      </input_file>
      <input_file id="fl-18">
         <path>.\source\</path>
         <kind>object</kind>
         <file>F2806x_Sci.obj</file>
         <name>F2806x_Sci.obj</name>
      </input_file>
      <input_file id="fl-19">
         <path>.\source\</path>
         <kind>object</kind>
         <file>F2806x_SysCtrl.obj</file>
         <name>F2806x_SysCtrl.obj</name>
      </input_file>
      <input_file id="fl-1a">
         <path>.\source\</path>
         <kind>object</kind>
         <file>F2806x_usDelay.obj</file>
         <name>F2806x_usDelay.obj</name>
      </input_file>
      <input_file id="fl-1b">
         <path>.\withFFT\</path>
         <kind>object</kind>
         <file>withFFTmain.obj</file>
         <name>withFFTmain.obj</name>
      </input_file>
      <input_file id="fl-2a">
         <path>D:\Program Files (x86)\TI\ccsv6\tools\compiler\c2000_15.12.3.LTS\lib\</path>
         <kind>archive</kind>
         <file>rts2800_fpu32.lib</file>
         <name>fd_div.obj</name>
      </input_file>
      <input_file id="fl-2b">
         <path>D:\Program Files (x86)\TI\ccsv6\tools\compiler\c2000_15.12.3.LTS\lib\</path>
         <kind>archive</kind>
         <file>rts2800_fpu32.lib</file>
         <name>fd_mpy.obj</name>
      </input_file>
      <input_file id="fl-2c">
         <path>D:\Program Files (x86)\TI\ccsv6\tools\compiler\c2000_15.12.3.LTS\lib\</path>
         <kind>archive</kind>
         <file>rts2800_fpu32.lib</file>
         <name>fd_sub.obj</name>
      </input_file>
      <input_file id="fl-2d">
         <path>D:\Program Files (x86)\TI\ccsv6\tools\compiler\c2000_15.12.3.LTS\lib\</path>
         <kind>archive</kind>
         <file>rts2800_fpu32.lib</file>
         <name>fd_add.obj</name>
      </input_file>
      <input_file id="fl-2e">
         <path>D:\Program Files (x86)\TI\ccsv6\tools\compiler\c2000_15.12.3.LTS\lib\</path>
         <kind>archive</kind>
         <file>rts2800_fpu32.lib</file>
         <name>fd_toul.obj</name>
      </input_file>
      <input_file id="fl-2f">
         <path>..\lib\</path>
         <kind>archive</kind>
         <file>rts2800_fpu32_fast_supplement.lib</file>
         <name>div_f32.obj</name>
      </input_file>
      <input_file id="fl-30">
         <path>D:\Program Files (x86)\TI\ccsv6\tools\compiler\c2000_15.12.3.LTS\lib\</path>
         <kind>archive</kind>
         <file>rts2800_fpu32.lib</file>
         <name>fs_tofd.obj</name>
      </input_file>
      <input_file id="fl-31">
         <path>D:\Program Files (x86)\TI\ccsv6\tools\compiler\c2000_15.12.3.LTS\lib\</path>
         <kind>archive</kind>
         <file>rts2800_fpu32.lib</file>
         <name>u_tofd.obj</name>
      </input_file>
      <input_file id="fl-32">
         <path>..\lib\</path>
         <kind>archive</kind>
         <file>C28x_FPU_Lib.lib</file>
         <name>RFFT_f32.obj</name>
      </input_file>
      <input_file id="fl-33">
         <path>..\lib\</path>
         <kind>archive</kind>
         <file>C28x_FPU_Lib.lib</file>
         <name>RFFT_f32_sincostable.obj</name>
      </input_file>
      <input_file id="fl-34">
         <path>..\lib\</path>
         <kind>archive</kind>
         <file>rts2800_fpu32_fast_supplement.lib</file>
         <name>atan_f32.obj</name>
      </input_file>
      <input_file id="fl-35">
         <path>..\lib\</path>
         <kind>archive</kind>
         <file>rts2800_fpu32_fast_supplement.lib</file>
         <name>FPUmathTables.obj</name>
      </input_file>
      <input_file id="fl-36">
         <path>D:\Program Files (x86)\TI\ccsv6\tools\compiler\c2000_15.12.3.LTS\lib\</path>
         <kind>archive</kind>
         <file>rts2800_fpu32.lib</file>
         <name>boot.obj</name>
      </input_file>
      <input_file id="fl-37">
         <path>D:\Program Files (x86)\TI\ccsv6\tools\compiler\c2000_15.12.3.LTS\lib\</path>
         <kind>archive</kind>
         <file>rts2800_fpu32.lib</file>
         <name>args_main.obj</name>
      </input_file>
      <input_file id="fl-38">
         <path>D:\Program Files (x86)\TI\ccsv6\tools\compiler\c2000_15.12.3.LTS\lib\</path>
         <kind>archive</kind>
         <file>rts2800_fpu32.lib</file>
         <name>startup.obj</name>
      </input_file>
      <input_file id="fl-39">
         <path>D:\Program Files (x86)\TI\ccsv6\tools\compiler\c2000_15.12.3.LTS\lib\</path>
         <kind>archive</kind>
         <file>rts2800_fpu32.lib</file>
         <name>pre_init.obj</name>
      </input_file>
      <input_file id="fl-3a">
         <path>D:\Program Files (x86)\TI\ccsv6\tools\compiler\c2000_15.12.3.LTS\lib\</path>
         <kind>archive</kind>
         <file>rts2800_fpu32.lib</file>
         <name>cpy_tbl.obj</name>
      </input_file>
      <input_file id="fl-3b">
         <path>..\lib\</path>
         <kind>archive</kind>
         <file>rts2800_fpu32_fast_supplement.lib</file>
         <name>cos_f32.obj</name>
      </input_file>
      <input_file id="fl-3c">
         <path>D:\Program Files (x86)\TI\ccsv6\tools\compiler\c2000_15.12.3.LTS\lib\</path>
         <kind>archive</kind>
         <file>rts2800_fpu32.lib</file>
         <name>cpy_utils.obj</name>
      </input_file>
      <input_file id="fl-3d">
         <path>D:\Program Files (x86)\TI\ccsv6\tools\compiler\c2000_15.12.3.LTS\lib\</path>
         <kind>archive</kind>
         <file>rts2800_fpu32.lib</file>
         <name>epilog.obj</name>
      </input_file>
      <input_file id="fl-3e">
         <path>D:\Program Files (x86)\TI\ccsv6\tools\compiler\c2000_15.12.3.LTS\lib\</path>
         <kind>archive</kind>
         <file>rts2800_fpu32.lib</file>
         <name>exit.obj</name>
      </input_file>
      <input_file id="fl-3f">
         <path>D:\Program Files (x86)\TI\ccsv6\tools\compiler\c2000_15.12.3.LTS\lib\</path>
         <kind>archive</kind>
         <file>rts2800_fpu32.lib</file>
         <name>_lock.obj</name>
      </input_file>
      <input_file id="fl-40">
         <path>D:\Program Files (x86)\TI\ccsv6\tools\compiler\c2000_15.12.3.LTS\lib\</path>
         <kind>archive</kind>
         <file>rts2800_fpu32.lib</file>
         <name>memcpy.obj</name>
      </input_file>
      <input_file id="fl-41">
         <path>D:\Program Files (x86)\TI\ccsv6\tools\compiler\c2000_15.12.3.LTS\lib\</path>
         <kind>archive</kind>
         <file>rts2800_fpu32.lib</file>
         <name>prolog.obj</name>
      </input_file>
      <input_file id="fl-42">
         <path>..\lib\</path>
         <kind>archive</kind>
         <file>rts2800_fpu32_fast_supplement.lib</file>
         <name>sin_f32.obj</name>
      </input_file>
   </input_file_list>
   <object_component_list>
      <object_component id="oc-87">
         <name>.cinit</name>
         <load_address>0x3f6247</load_address>
         <run_address>0x3f6247</run_address>
         <size>0x43</size>
         <input_file_ref idref="fl-9"/>
      </object_component>
      <object_component id="oc-7f">
         <name>.cinit</name>
         <load_address>0x3f628a</load_address>
         <run_address>0x3f628a</run_address>
         <size>0x30</size>
         <input_file_ref idref="fl-8"/>
      </object_component>
      <object_component id="oc-a0">
         <name>.cinit</name>
         <load_address>0x3f62ba</load_address>
         <run_address>0x3f62ba</run_address>
         <size>0x22</size>
         <input_file_ref idref="fl-c"/>
      </object_component>
      <object_component id="oc-60">
         <name>.cinit</name>
         <load_address>0x3f62dc</load_address>
         <run_address>0x3f62dc</run_address>
         <size>0x11</size>
         <input_file_ref idref="fl-3"/>
      </object_component>
      <object_component id="oc-59">
         <name>.cinit</name>
         <load_address>0x3f62ed</load_address>
         <run_address>0x3f62ed</run_address>
         <size>0xf</size>
         <input_file_ref idref="fl-2"/>
      </object_component>
      <object_component id="oc-183">
         <name>.cinit</name>
         <load_address>0x3f62fc</load_address>
         <run_address>0x3f62fc</run_address>
         <size>0xe</size>
         <input_file_ref idref="fl-3e"/>
      </object_component>
      <object_component id="oc-6d">
         <name>.cinit</name>
         <load_address>0x3f630a</load_address>
         <run_address>0x3f630a</run_address>
         <size>0x9</size>
         <input_file_ref idref="fl-5"/>
      </object_component>
      <object_component id="oc-1a6">
         <name>.cinit:__lock</name>
         <load_address>0x3f6313</load_address>
         <run_address>0x3f6313</run_address>
         <size>0x5</size>
         <input_file_ref idref="fl-3f"/>
      </object_component>
      <object_component id="oc-1b5">
         <name>.cinit:__unlock</name>
         <load_address>0x3f6318</load_address>
         <run_address>0x3f6318</run_address>
         <size>0x5</size>
         <input_file_ref idref="fl-3f"/>
      </object_component>
      <object_component id="oc-1a1">
         <name>.text</name>
         <load_address>0x3f4000</load_address>
         <run_address>0x3f4000</run_address>
         <size>0x63d</size>
         <input_file_ref idref="fl-8"/>
      </object_component>
      <object_component id="oc-bf">
         <name>.text:retain</name>
         <load_address>0x3f463d</load_address>
         <run_address>0x3f463d</run_address>
         <size>0x39b</size>
         <input_file_ref idref="fl-11"/>
      </object_component>
      <object_component id="oc-1aa">
         <name>.text</name>
         <load_address>0x3f49d8</load_address>
         <run_address>0x3f49d8</run_address>
         <size>0x38b</size>
         <input_file_ref idref="fl-b"/>
      </object_component>
      <object_component id="oc-19e">
         <name>.text</name>
         <load_address>0x3f4d63</load_address>
         <run_address>0x3f4d63</run_address>
         <size>0x1</size>
         <input_file_ref idref="fl-38"/>
      </object_component>
      <object_component id="oc-1a3">
         <name>.text</name>
         <load_address>0x3f4d64</load_address>
         <run_address>0x3f4d64</run_address>
         <size>0x293</size>
         <input_file_ref idref="fl-9"/>
      </object_component>
      <object_component id="oc-1b1">
         <name>.text</name>
         <load_address>0x3f4ff7</load_address>
         <run_address>0x3f4ff7</run_address>
         <size>0x1bb</size>
         <input_file_ref idref="fl-e"/>
      </object_component>
      <object_component id="oc-1b3">
         <name>.text</name>
         <load_address>0x3f51b2</load_address>
         <run_address>0x3f51b2</run_address>
         <size>0x19d</size>
         <input_file_ref idref="fl-2"/>
      </object_component>
      <object_component id="oc-1ad">
         <name>.text</name>
         <load_address>0x3f534f</load_address>
         <run_address>0x3f534f</run_address>
         <size>0x186</size>
         <input_file_ref idref="fl-19"/>
      </object_component>
      <object_component id="oc-153">
         <name>.text</name>
         <load_address>0x3f54d6</load_address>
         <run_address>0x3f54d6</run_address>
         <size>0x11d</size>
         <input_file_ref idref="fl-32"/>
      </object_component>
      <object_component id="oc-1a9">
         <name>.text</name>
         <load_address>0x3f55f4</load_address>
         <run_address>0x3f55f4</run_address>
         <size>0x10f</size>
         <input_file_ref idref="fl-3"/>
      </object_component>
      <object_component id="oc-1a7">
         <name>.text</name>
         <load_address>0x3f5703</load_address>
         <run_address>0x3f5703</run_address>
         <size>0xd8</size>
         <input_file_ref idref="fl-5"/>
      </object_component>
      <object_component id="oc-1a4">
         <name>.text</name>
         <load_address>0x3f57db</load_address>
         <run_address>0x3f57db</run_address>
         <size>0xa8</size>
         <input_file_ref idref="fl-1b"/>
      </object_component>
      <object_component id="oc-13b">
         <name>.text</name>
         <load_address>0x3f5883</load_address>
         <run_address>0x3f5883</run_address>
         <size>0x9c</size>
         <input_file_ref idref="fl-2d"/>
      </object_component>
      <object_component id="oc-a2">
         <name>.text:retain</name>
         <load_address>0x3f591f</load_address>
         <run_address>0x3f591f</run_address>
         <size>0x96</size>
         <input_file_ref idref="fl-c"/>
      </object_component>
      <object_component id="oc-1b6">
         <name>.text</name>
         <load_address>0x3f59b5</load_address>
         <run_address>0x3f59b5</run_address>
         <size>0x93</size>
         <input_file_ref idref="fl-13"/>
      </object_component>
      <object_component id="oc-12c">
         <name>.text</name>
         <load_address>0x3f5a48</load_address>
         <run_address>0x3f5a48</run_address>
         <size>0x8b</size>
         <input_file_ref idref="fl-2a"/>
      </object_component>
      <object_component id="oc-94">
         <name>.text:retain</name>
         <load_address>0x3f5ad3</load_address>
         <run_address>0x3f5ad3</run_address>
         <size>0x85</size>
         <input_file_ref idref="fl-a"/>
      </object_component>
      <object_component id="oc-131">
         <name>.text</name>
         <load_address>0x3f5b58</load_address>
         <run_address>0x3f5b58</run_address>
         <size>0x83</size>
         <input_file_ref idref="fl-2b"/>
      </object_component>
      <object_component id="oc-6f">
         <name>.text:retain</name>
         <load_address>0x3f5bdb</load_address>
         <run_address>0x3f5bdb</run_address>
         <size>0x71</size>
         <input_file_ref idref="fl-5"/>
      </object_component>
      <object_component id="oc-154">
         <name>.text</name>
         <load_address>0x3f5c4c</load_address>
         <run_address>0x3f5c4c</run_address>
         <size>0x70</size>
         <input_file_ref idref="fl-33"/>
      </object_component>
      <object_component id="oc-1a2">
         <name>.text</name>
         <load_address>0x3f5cbc</load_address>
         <run_address>0x3f5cbc</run_address>
         <size>0x69</size>
         <input_file_ref idref="fl-6"/>
      </object_component>
      <object_component id="oc-1ae">
         <name>.text</name>
         <load_address>0x3f5d25</load_address>
         <run_address>0x3f5d25</run_address>
         <size>0x59</size>
         <input_file_ref idref="fl-7"/>
      </object_component>
      <object_component id="oc-1ab">
         <name>.text</name>
         <load_address>0x3f5d7e</load_address>
         <run_address>0x3f5d7e</run_address>
         <size>0x58</size>
         <input_file_ref idref="fl-10"/>
      </object_component>
      <object_component id="oc-57">
         <name>.text</name>
         <load_address>0x3f5dd6</load_address>
         <run_address>0x3f5dd6</run_address>
         <size>0x56</size>
         <input_file_ref idref="fl-36"/>
      </object_component>
      <object_component id="oc-155">
         <name>.text</name>
         <load_address>0x3f5e2c</load_address>
         <run_address>0x3f5e2c</run_address>
         <size>0x4a</size>
         <input_file_ref idref="fl-34"/>
      </object_component>
      <object_component id="oc-19d">
         <name>.text</name>
         <load_address>0x3f5e76</load_address>
         <run_address>0x3f5e76</run_address>
         <size>0x46</size>
         <input_file_ref idref="fl-3a"/>
      </object_component>
      <object_component id="oc-a8">
         <name>.text:retain</name>
         <load_address>0x3f5ebc</load_address>
         <run_address>0x3f5ebc</run_address>
         <size>0x3c</size>
         <input_file_ref idref="fl-d"/>
      </object_component>
      <object_component id="oc-174">
         <name>.text</name>
         <load_address>0x3f5ef8</load_address>
         <run_address>0x3f5ef8</run_address>
         <size>0x34</size>
         <input_file_ref idref="fl-3b"/>
      </object_component>
      <object_component id="oc-198">
         <name>.text</name>
         <load_address>0x3f5f2c</load_address>
         <run_address>0x3f5f2c</run_address>
         <size>0x34</size>
         <input_file_ref idref="fl-42"/>
      </object_component>
      <object_component id="oc-1b2">
         <name>.text</name>
         <load_address>0x3f5f60</load_address>
         <run_address>0x3f5f60</run_address>
         <size>0x30</size>
         <input_file_ref idref="fl-c"/>
      </object_component>
      <object_component id="oc-1a0">
         <name>.text</name>
         <load_address>0x3f5f90</load_address>
         <run_address>0x3f5f90</run_address>
         <size>0x29</size>
         <input_file_ref idref="fl-3e"/>
      </object_component>
      <object_component id="oc-1af">
         <name>.text</name>
         <load_address>0x3f5fb9</load_address>
         <run_address>0x3f5fb9</run_address>
         <size>0x28</size>
         <input_file_ref idref="fl-16"/>
      </object_component>
      <object_component id="oc-1b7">
         <name>.text</name>
         <load_address>0x3f5fe1</load_address>
         <run_address>0x3f5fe1</run_address>
         <size>0x1e</size>
         <input_file_ref idref="fl-40"/>
      </object_component>
      <object_component id="oc-149">
         <name>.text</name>
         <load_address>0x3f5fff</load_address>
         <run_address>0x3f5fff</run_address>
         <size>0x1c</size>
         <input_file_ref idref="fl-30"/>
      </object_component>
      <object_component id="oc-1a8">
         <name>.text</name>
         <load_address>0x3f601b</load_address>
         <run_address>0x3f601b</run_address>
         <size>0x1b</size>
         <input_file_ref idref="fl-d"/>
      </object_component>
      <object_component id="oc-140">
         <name>.text</name>
         <load_address>0x3f6036</load_address>
         <run_address>0x3f6036</run_address>
         <size>0x1b</size>
         <input_file_ref idref="fl-2e"/>
      </object_component>
      <object_component id="oc-178">
         <name>.text</name>
         <load_address>0x3f6051</load_address>
         <run_address>0x3f6051</run_address>
         <size>0x1a</size>
         <input_file_ref idref="fl-3c"/>
      </object_component>
      <object_component id="oc-19f">
         <name>.text</name>
         <load_address>0x3f606b</load_address>
         <run_address>0x3f606b</run_address>
         <size>0x19</size>
         <input_file_ref idref="fl-37"/>
      </object_component>
      <object_component id="oc-193">
         <name>.text</name>
         <load_address>0x3f6084</load_address>
         <run_address>0x3f6084</run_address>
         <size>0x19</size>
         <input_file_ref idref="fl-41"/>
      </object_component>
      <object_component id="oc-145">
         <name>.text</name>
         <load_address>0x3f609d</load_address>
         <run_address>0x3f609d</run_address>
         <size>0x19</size>
         <input_file_ref idref="fl-2f"/>
      </object_component>
      <object_component id="oc-14e">
         <name>.text</name>
         <load_address>0x3f60b6</load_address>
         <run_address>0x3f60b6</run_address>
         <size>0x17</size>
         <input_file_ref idref="fl-31"/>
      </object_component>
      <object_component id="oc-1b0">
         <name>.text</name>
         <load_address>0x3f60cd</load_address>
         <run_address>0x3f60cd</run_address>
         <size>0x11</size>
         <input_file_ref idref="fl-17"/>
      </object_component>
      <object_component id="oc-136">
         <name>.text</name>
         <load_address>0x3f60de</load_address>
         <run_address>0x3f60de</run_address>
         <size>0xe</size>
         <input_file_ref idref="fl-2c"/>
      </object_component>
      <object_component id="oc-17d">
         <name>.text</name>
         <load_address>0x3f60ec</load_address>
         <run_address>0x3f60ec</run_address>
         <size>0xc</size>
         <input_file_ref idref="fl-3d"/>
      </object_component>
      <object_component id="oc-1b4">
         <name>.text</name>
         <load_address>0x3f60f8</load_address>
         <run_address>0x3f60f8</run_address>
         <size>0x9</size>
         <input_file_ref idref="fl-3f"/>
      </object_component>
      <object_component id="oc-b2">
         <name>.text</name>
         <load_address>0x3f6101</load_address>
         <run_address>0x3f6101</run_address>
         <size>0x8</size>
         <input_file_ref idref="fl-f"/>
      </object_component>
      <object_component id="oc-c4">
         <name>.text</name>
         <load_address>0x3f6109</load_address>
         <run_address>0x3f6109</run_address>
         <size>0x7</size>
         <input_file_ref idref="fl-12"/>
      </object_component>
      <object_component id="oc-19c">
         <name>.text</name>
         <load_address>0x3f6110</load_address>
         <run_address>0x3f6110</run_address>
         <size>0x2</size>
         <input_file_ref idref="fl-39"/>
      </object_component>
      <object_component id="oc-b3">
         <name>codestart</name>
         <load_address>0x3f7ff6</load_address>
         <run_address>0x3f7ff6</run_address>
         <size>0x2</size>
         <input_file_ref idref="fl-f"/>
      </object_component>
      <object_component id="oc-122">
         <name>ramfuncs</name>
         <load_address>0x3e8000</load_address>
         <run_address>0x8000</run_address>
         <size>0x4</size>
         <input_file_ref idref="fl-1a"/>
      </object_component>
      <object_component id="oc-15a">
         <name>.stack</name>
         <uninitialized>true</uninitialized>
         <run_address>0x50</run_address>
         <size>0x0</size>
         <input_file_ref idref="fl-36"/>
      </object_component>
      <object_component id="oc-219">
         <name>.stack</name>
         <uninitialized>true</uninitialized>
         <run_address>0x50</run_address>
         <size>0x0</size>
      </object_component>
      <object_component id="oc-5a">
         <name>.ebss</name>
         <uninitialized>true</uninitialized>
         <run_address>0x498</run_address>
         <size>0x6</size>
         <input_file_ref idref="fl-2"/>
      </object_component>
      <object_component id="oc-61">
         <name>.ebss</name>
         <uninitialized>true</uninitialized>
         <run_address>0x29a</run_address>
         <size>0xe</size>
         <input_file_ref idref="fl-3"/>
      </object_component>
      <object_component id="oc-6e">
         <name>.ebss</name>
         <uninitialized>true</uninitialized>
         <run_address>0x2a8</run_address>
         <size>0xc</size>
         <input_file_ref idref="fl-5"/>
      </object_component>
      <object_component id="oc-80">
         <name>.ebss</name>
         <uninitialized>true</uninitialized>
         <run_address>0x4c0</run_address>
         <size>0xe5</size>
         <input_file_ref idref="fl-8"/>
      </object_component>
      <object_component id="oc-88">
         <name>.ebss</name>
         <uninitialized>true</uninitialized>
         <run_address>0x5c0</run_address>
         <size>0xc2</size>
         <input_file_ref idref="fl-9"/>
      </object_component>
      <object_component id="oc-93">
         <name>.ebss</name>
         <uninitialized>true</uninitialized>
         <run_address>0x2b4</run_address>
         <size>0x8</size>
         <input_file_ref idref="fl-a"/>
      </object_component>
      <object_component id="oc-9a">
         <name>.ebss</name>
         <uninitialized>true</uninitialized>
         <run_address>0x2c0</run_address>
         <size>0x1d8</size>
         <input_file_ref idref="fl-b"/>
      </object_component>
      <object_component id="oc-a1">
         <name>.ebss</name>
         <uninitialized>true</uninitialized>
         <run_address>0x0</run_address>
         <size>0x282</size>
         <input_file_ref idref="fl-c"/>
      </object_component>
      <object_component id="oc-b9">
         <name>.ebss</name>
         <uninitialized>true</uninitialized>
         <run_address>0x282</run_address>
         <size>0x18</size>
         <input_file_ref idref="fl-10"/>
      </object_component>
      <object_component id="oc-184">
         <name>.ebss</name>
         <uninitialized>true</uninitialized>
         <run_address>0x49e</run_address>
         <size>0x6</size>
         <input_file_ref idref="fl-3e"/>
      </object_component>
      <object_component id="oc-1b9">
         <name>.ebss:__unlock</name>
         <uninitialized>true</uninitialized>
         <run_address>0x2be</run_address>
         <size>0x2</size>
         <input_file_ref idref="fl-3f"/>
      </object_component>
      <object_component id="oc-1a5">
         <name>.ebss:__lock</name>
         <uninitialized>true</uninitialized>
         <run_address>0x2bc</run_address>
         <size>0x2</size>
         <input_file_ref idref="fl-3f"/>
      </object_component>
      <object_component id="oc-1b8">
         <name>.econst:_PieVectTableInit</name>
         <load_address>0x3f6112</load_address>
         <run_address>0x3f6112</run_address>
         <size>0x100</size>
         <input_file_ref idref="fl-17"/>
      </object_component>
      <object_component id="oc-67">
         <name>.econst</name>
         <load_address>0x3f6212</load_address>
         <run_address>0x3f6212</run_address>
         <size>0x10</size>
         <input_file_ref idref="fl-4"/>
      </object_component>
      <object_component id="oc-8d">
         <name>.econst</name>
         <load_address>0x3f6222</load_address>
         <run_address>0x3f6222</run_address>
         <size>0x10</size>
         <input_file_ref idref="fl-9"/>
      </object_component>
      <object_component id="oc-1ac">
         <name>.econst:_$P$T0$1</name>
         <load_address>0x3f6232</load_address>
         <run_address>0x3f6232</run_address>
         <size>0xe</size>
         <input_file_ref idref="fl-1b"/>
      </object_component>
      <object_component id="oc-81">
         <name>.econst:.string</name>
         <load_address>0x3f6240</load_address>
         <run_address>0x3f6240</run_address>
         <size>0x7</size>
         <input_file_ref idref="fl-8"/>
      </object_component>
      <object_component id="oc-8c">
         <name>RFFTdata1</name>
         <uninitialized>true</uninitialized>
         <run_address>0xc000</run_address>
         <size>0x80</size>
         <input_file_ref idref="fl-9"/>
      </object_component>
      <object_component id="oc-8a">
         <name>RFFTdata2</name>
         <uninitialized>true</uninitialized>
         <run_address>0xe000</run_address>
         <size>0x80</size>
         <input_file_ref idref="fl-9"/>
      </object_component>
      <object_component id="oc-89">
         <name>RFFTdata3</name>
         <uninitialized>true</uninitialized>
         <run_address>0x10000</run_address>
         <size>0x42</size>
         <input_file_ref idref="fl-9"/>
      </object_component>
      <object_component id="oc-8b">
         <name>RFFTdata4</name>
         <uninitialized>true</uninitialized>
         <run_address>0x12000</run_address>
         <size>0x80</size>
         <input_file_ref idref="fl-9"/>
      </object_component>
      <object_component id="oc-159">
         <name>FPUmathTables</name>
         <load_address>0x3fd860</load_address>
         <run_address>0x3fd860</run_address>
         <size>0x6a0</size>
         <input_file_ref idref="fl-35"/>
      </object_component>
      <object_component id="oc-15b">
         <name>.reset</name>
         <load_address>0x3fffc0</load_address>
         <run_address>0x3fffc0</run_address>
         <size>0x2</size>
         <input_file_ref idref="fl-36"/>
      </object_component>
      <object_component id="oc-105">
         <name>PieVectTableFile</name>
         <uninitialized>true</uninitialized>
         <run_address>0xd00</run_address>
         <size>0x100</size>
         <input_file_ref idref="fl-14"/>
      </object_component>
      <object_component id="oc-d0">
         <name>EmuKeyVar</name>
         <uninitialized>true</uninitialized>
         <run_address>0xd00</run_address>
         <size>0x1</size>
         <input_file_ref idref="fl-14"/>
      </object_component>
      <object_component id="oc-d1">
         <name>EmuBModeVar</name>
         <uninitialized>true</uninitialized>
         <run_address>0xd01</run_address>
         <size>0x1</size>
         <input_file_ref idref="fl-14"/>
      </object_component>
      <object_component id="oc-d2">
         <name>FlashCallbackVar</name>
         <uninitialized>true</uninitialized>
         <run_address>0xd02</run_address>
         <size>0x2</size>
         <input_file_ref idref="fl-14"/>
      </object_component>
      <object_component id="oc-d3">
         <name>FlashScalingVar</name>
         <uninitialized>true</uninitialized>
         <run_address>0xd04</run_address>
         <size>0x2</size>
         <input_file_ref idref="fl-14"/>
      </object_component>
      <object_component id="oc-d5">
         <name>DevEmuRegsFile</name>
         <uninitialized>true</uninitialized>
         <run_address>0x880</run_address>
         <size>0x4</size>
         <input_file_ref idref="fl-14"/>
      </object_component>
      <object_component id="oc-d4">
         <name>SysPwrCtrlRegsFile</name>
         <uninitialized>true</uninitialized>
         <run_address>0x985</run_address>
         <size>0x3</size>
         <input_file_ref idref="fl-14"/>
      </object_component>
      <object_component id="oc-d6">
         <name>FlashRegsFile</name>
         <uninitialized>true</uninitialized>
         <run_address>0xa80</run_address>
         <size>0x8</size>
         <input_file_ref idref="fl-14"/>
      </object_component>
      <object_component id="oc-e0">
         <name>CsmRegsFile</name>
         <uninitialized>true</uninitialized>
         <run_address>0xae0</run_address>
         <size>0x10</size>
         <input_file_ref idref="fl-14"/>
      </object_component>
      <object_component id="oc-dd">
         <name>AdcResultFile</name>
         <uninitialized>true</uninitialized>
         <run_address>0xb00</run_address>
         <size>0x10</size>
         <input_file_ref idref="fl-14"/>
      </object_component>
      <object_component id="oc-d7">
         <name>CpuTimer0RegsFile</name>
         <uninitialized>true</uninitialized>
         <run_address>0xc00</run_address>
         <size>0x8</size>
         <input_file_ref idref="fl-14"/>
      </object_component>
      <object_component id="oc-da">
         <name>CpuTimer1RegsFile</name>
         <uninitialized>true</uninitialized>
         <run_address>0xc08</run_address>
         <size>0x8</size>
         <input_file_ref idref="fl-14"/>
      </object_component>
      <object_component id="oc-d8">
         <name>CpuTimer2RegsFile</name>
         <uninitialized>true</uninitialized>
         <run_address>0xc10</run_address>
         <size>0x8</size>
         <input_file_ref idref="fl-14"/>
      </object_component>
      <object_component id="oc-e6">
         <name>PieCtrlRegsFile</name>
         <uninitialized>true</uninitialized>
         <run_address>0xce0</run_address>
         <size>0x1a</size>
         <input_file_ref idref="fl-14"/>
      </object_component>
      <object_component id="oc-fb">
         <name>Cla1RegsFile</name>
         <uninitialized>true</uninitialized>
         <run_address>0x1400</run_address>
         <size>0x40</size>
         <input_file_ref idref="fl-14"/>
      </object_component>
      <object_component id="oc-104">
         <name>DmaRegsFile</name>
         <uninitialized>true</uninitialized>
         <run_address>0x1000</run_address>
         <size>0xe0</size>
         <input_file_ref idref="fl-14"/>
      </object_component>
      <object_component id="oc-f5">
         <name>ECanaRegsFile</name>
         <uninitialized>true</uninitialized>
         <run_address>0x6000</run_address>
         <size>0x34</size>
         <input_file_ref idref="fl-14"/>
      </object_component>
      <object_component id="oc-f9">
         <name>ECanaLAMRegsFile</name>
         <uninitialized>true</uninitialized>
         <run_address>0x6040</run_address>
         <size>0x40</size>
         <input_file_ref idref="fl-14"/>
      </object_component>
      <object_component id="oc-106">
         <name>ECanaMboxesFile</name>
         <uninitialized>true</uninitialized>
         <run_address>0x6100</run_address>
         <size>0x100</size>
         <input_file_ref idref="fl-14"/>
      </object_component>
      <object_component id="oc-fa">
         <name>ECanaMOTSRegsFile</name>
         <uninitialized>true</uninitialized>
         <run_address>0x6080</run_address>
         <size>0x40</size>
         <input_file_ref idref="fl-14"/>
      </object_component>
      <object_component id="oc-f6">
         <name>ECanaMOTORegsFile</name>
         <uninitialized>true</uninitialized>
         <run_address>0x60c0</run_address>
         <size>0x40</size>
         <input_file_ref idref="fl-14"/>
      </object_component>
      <object_component id="oc-ee">
         <name>ECap1RegsFile</name>
         <uninitialized>true</uninitialized>
         <run_address>0x6a00</run_address>
         <size>0x20</size>
         <input_file_ref idref="fl-14"/>
      </object_component>
      <object_component id="oc-ed">
         <name>ECap2RegsFile</name>
         <uninitialized>true</uninitialized>
         <run_address>0x6a20</run_address>
         <size>0x20</size>
         <input_file_ref idref="fl-14"/>
      </object_component>
      <object_component id="oc-ef">
         <name>ECap3RegsFile</name>
         <uninitialized>true</uninitialized>
         <run_address>0x6a40</run_address>
         <size>0x20</size>
         <input_file_ref idref="fl-14"/>
      </object_component>
      <object_component id="oc-f2">
         <name>EQep1RegsFile</name>
         <uninitialized>true</uninitialized>
         <run_address>0x6b00</run_address>
         <size>0x22</size>
         <input_file_ref idref="fl-14"/>
      </object_component>
      <object_component id="oc-f0">
         <name>EQep2RegsFile</name>
         <uninitialized>true</uninitialized>
         <run_address>0x6b40</run_address>
         <size>0x22</size>
         <input_file_ref idref="fl-14"/>
      </object_component>
      <object_component id="oc-fe">
         <name>GpioCtrlRegsFile</name>
         <uninitialized>true</uninitialized>
         <run_address>0x6f80</run_address>
         <size>0x40</size>
         <input_file_ref idref="fl-14"/>
      </object_component>
      <object_component id="oc-e8">
         <name>GpioDataRegsFile</name>
         <uninitialized>true</uninitialized>
         <run_address>0x6fc0</run_address>
         <size>0x20</size>
         <input_file_ref idref="fl-14"/>
      </object_component>
      <object_component id="oc-e7">
         <name>GpioIntRegsFile</name>
         <uninitialized>true</uninitialized>
         <run_address>0x6fe0</run_address>
         <size>0x20</size>
         <input_file_ref idref="fl-14"/>
      </object_component>
      <object_component id="oc-eb">
         <name>HRCap1RegsFile</name>
         <uninitialized>true</uninitialized>
         <run_address>0x6ac0</run_address>
         <size>0x20</size>
         <input_file_ref idref="fl-14"/>
      </object_component>
      <object_component id="oc-ec">
         <name>HRCap2RegsFile</name>
         <uninitialized>true</uninitialized>
         <run_address>0x6ae0</run_address>
         <size>0x20</size>
         <input_file_ref idref="fl-14"/>
      </object_component>
      <object_component id="oc-e9">
         <name>HRCap3RegsFile</name>
         <uninitialized>true</uninitialized>
         <run_address>0x6c80</run_address>
         <size>0x20</size>
         <input_file_ref idref="fl-14"/>
      </object_component>
      <object_component id="oc-ea">
         <name>HRCap4RegsFile</name>
         <uninitialized>true</uninitialized>
         <run_address>0x6ca0</run_address>
         <size>0x20</size>
         <input_file_ref idref="fl-14"/>
      </object_component>
      <object_component id="oc-f4">
         <name>SysCtrlRegsFile</name>
         <uninitialized>true</uninitialized>
         <run_address>0x7010</run_address>
         <size>0x30</size>
         <input_file_ref idref="fl-14"/>
      </object_component>
      <object_component id="oc-dc">
         <name>SpiaRegsFile</name>
         <uninitialized>true</uninitialized>
         <run_address>0x7040</run_address>
         <size>0x10</size>
         <input_file_ref idref="fl-14"/>
      </object_component>
      <object_component id="oc-e1">
         <name>SpibRegsFile</name>
         <uninitialized>true</uninitialized>
         <run_address>0x7740</run_address>
         <size>0x10</size>
         <input_file_ref idref="fl-14"/>
      </object_component>
      <object_component id="oc-de">
         <name>SciaRegsFile</name>
         <uninitialized>true</uninitialized>
         <run_address>0x7050</run_address>
         <size>0x10</size>
         <input_file_ref idref="fl-14"/>
      </object_component>
      <object_component id="oc-db">
         <name>ScibRegsFile</name>
         <uninitialized>true</uninitialized>
         <run_address>0x7750</run_address>
         <size>0x10</size>
         <input_file_ref idref="fl-14"/>
      </object_component>
      <object_component id="oc-df">
         <name>NmiIntruptRegsFile</name>
         <uninitialized>true</uninitialized>
         <run_address>0x7060</run_address>
         <size>0x10</size>
         <input_file_ref idref="fl-14"/>
      </object_component>
      <object_component id="oc-e2">
         <name>XIntruptRegsFile</name>
         <uninitialized>true</uninitialized>
         <run_address>0x7070</run_address>
         <size>0x10</size>
         <input_file_ref idref="fl-14"/>
      </object_component>
      <object_component id="oc-103">
         <name>AdcRegsFile</name>
         <uninitialized>true</uninitialized>
         <run_address>0x7100</run_address>
         <size>0x50</size>
         <input_file_ref idref="fl-14"/>
      </object_component>
      <object_component id="oc-f1">
         <name>I2caRegsFile</name>
         <uninitialized>true</uninitialized>
         <run_address>0x7900</run_address>
         <size>0x22</size>
         <input_file_ref idref="fl-14"/>
      </object_component>
      <object_component id="oc-e4">
         <name>Comp1RegsFile</name>
         <uninitialized>true</uninitialized>
         <run_address>0x6400</run_address>
         <size>0x14</size>
         <input_file_ref idref="fl-14"/>
      </object_component>
      <object_component id="oc-e3">
         <name>Comp2RegsFile</name>
         <uninitialized>true</uninitialized>
         <run_address>0x6420</run_address>
         <size>0x14</size>
         <input_file_ref idref="fl-14"/>
      </object_component>
      <object_component id="oc-e5">
         <name>Comp3RegsFile</name>
         <uninitialized>true</uninitialized>
         <run_address>0x6440</run_address>
         <size>0x14</size>
         <input_file_ref idref="fl-14"/>
      </object_component>
      <object_component id="oc-f8">
         <name>EPwm1RegsFile</name>
         <uninitialized>true</uninitialized>
         <run_address>0x6800</run_address>
         <size>0x40</size>
         <input_file_ref idref="fl-14"/>
      </object_component>
      <object_component id="oc-f7">
         <name>EPwm2RegsFile</name>
         <uninitialized>true</uninitialized>
         <run_address>0x6840</run_address>
         <size>0x40</size>
         <input_file_ref idref="fl-14"/>
      </object_component>
      <object_component id="oc-102">
         <name>EPwm3RegsFile</name>
         <uninitialized>true</uninitialized>
         <run_address>0x6880</run_address>
         <size>0x40</size>
         <input_file_ref idref="fl-14"/>
      </object_component>
      <object_component id="oc-100">
         <name>EPwm4RegsFile</name>
         <uninitialized>true</uninitialized>
         <run_address>0x68c0</run_address>
         <size>0x40</size>
         <input_file_ref idref="fl-14"/>
      </object_component>
      <object_component id="oc-101">
         <name>EPwm5RegsFile</name>
         <uninitialized>true</uninitialized>
         <run_address>0x6900</run_address>
         <size>0x40</size>
         <input_file_ref idref="fl-14"/>
      </object_component>
      <object_component id="oc-fd">
         <name>EPwm6RegsFile</name>
         <uninitialized>true</uninitialized>
         <run_address>0x6940</run_address>
         <size>0x40</size>
         <input_file_ref idref="fl-14"/>
      </object_component>
      <object_component id="oc-fc">
         <name>EPwm7RegsFile</name>
         <uninitialized>true</uninitialized>
         <run_address>0x6980</run_address>
         <size>0x40</size>
         <input_file_ref idref="fl-14"/>
      </object_component>
      <object_component id="oc-ff">
         <name>EPwm8RegsFile</name>
         <uninitialized>true</uninitialized>
         <run_address>0x69c0</run_address>
         <size>0x40</size>
         <input_file_ref idref="fl-14"/>
      </object_component>
      <object_component id="oc-f3">
         <name>McbspaRegsFile</name>
         <uninitialized>true</uninitialized>
         <run_address>0x5000</run_address>
         <size>0x24</size>
         <input_file_ref idref="fl-14"/>
      </object_component>
      <object_component id="oc-107">
         <name>Usb0RegsFile</name>
         <uninitialized>true</uninitialized>
         <run_address>0x4000</run_address>
         <size>0x454</size>
         <input_file_ref idref="fl-14"/>
      </object_component>
      <object_component id="oc-d9">
         <name>CsmPwlFile</name>
         <uninitialized>true</uninitialized>
         <run_address>0x3f7ff8</run_address>
         <size>0x8</size>
         <input_file_ref idref="fl-14"/>
      </object_component>
      <object_component id="oc-cf">
         <name>PartIdRegsFile</name>
         <uninitialized>true</uninitialized>
         <run_address>0x3d7e80</run_address>
         <size>0x1</size>
         <input_file_ref idref="fl-14"/>
      </object_component>
      <object_component id="oc-58">
         <name>.debug_info</name>
         <load_address>0x0</load_address>
         <run_address>0x0</run_address>
         <size>0xa46</size>
         <input_file_ref idref="fl-2"/>
      </object_component>
      <object_component id="oc-5f">
         <name>.debug_info</name>
         <load_address>0xa46</load_address>
         <run_address>0xa46</run_address>
         <size>0xd05</size>
         <input_file_ref idref="fl-3"/>
      </object_component>
      <object_component id="oc-66">
         <name>.debug_info</name>
         <load_address>0x174b</load_address>
         <run_address>0x174b</run_address>
         <size>0x3b7</size>
         <input_file_ref idref="fl-4"/>
      </object_component>
      <object_component id="oc-6c">
         <name>.debug_info</name>
         <load_address>0x1b02</load_address>
         <run_address>0x1b02</run_address>
         <size>0x541e</size>
         <input_file_ref idref="fl-5"/>
      </object_component>
      <object_component id="oc-74">
         <name>.debug_info</name>
         <load_address>0x6f20</load_address>
         <run_address>0x6f20</run_address>
         <size>0x3e9f</size>
         <input_file_ref idref="fl-6"/>
      </object_component>
      <object_component id="oc-79">
         <name>.debug_info</name>
         <load_address>0xadbf</load_address>
         <run_address>0xadbf</run_address>
         <size>0x1ac4</size>
         <input_file_ref idref="fl-7"/>
      </object_component>
      <object_component id="oc-7e">
         <name>.debug_info</name>
         <load_address>0xc883</load_address>
         <run_address>0xc883</run_address>
         <size>0x2c16</size>
         <input_file_ref idref="fl-8"/>
      </object_component>
      <object_component id="oc-86">
         <name>.debug_info</name>
         <load_address>0xf499</load_address>
         <run_address>0xf499</run_address>
         <size>0x211b</size>
         <input_file_ref idref="fl-9"/>
      </object_component>
      <object_component id="oc-92">
         <name>.debug_info</name>
         <load_address>0x115b4</load_address>
         <run_address>0x115b4</run_address>
         <size>0x4196</size>
         <input_file_ref idref="fl-a"/>
      </object_component>
      <object_component id="oc-99">
         <name>.debug_info</name>
         <load_address>0x1574a</load_address>
         <run_address>0x1574a</run_address>
         <size>0x14fb</size>
         <input_file_ref idref="fl-b"/>
      </object_component>
      <object_component id="oc-9f">
         <name>.debug_info</name>
         <load_address>0x16c45</load_address>
         <run_address>0x16c45</run_address>
         <size>0x33e7</size>
         <input_file_ref idref="fl-c"/>
      </object_component>
      <object_component id="oc-a7">
         <name>.debug_info</name>
         <load_address>0x1a02c</load_address>
         <run_address>0x1a02c</run_address>
         <size>0x19e7</size>
         <input_file_ref idref="fl-d"/>
      </object_component>
      <object_component id="oc-ad">
         <name>.debug_info</name>
         <load_address>0x1ba13</load_address>
         <run_address>0x1ba13</run_address>
         <size>0x4c21</size>
         <input_file_ref idref="fl-e"/>
      </object_component>
      <object_component id="oc-b4">
         <name>.debug_info</name>
         <load_address>0x20634</load_address>
         <run_address>0x20634</run_address>
         <size>0x13d</size>
         <input_file_ref idref="fl-f"/>
      </object_component>
      <object_component id="oc-b8">
         <name>.debug_info</name>
         <load_address>0x20771</load_address>
         <run_address>0x20771</run_address>
         <size>0x9c5</size>
         <input_file_ref idref="fl-10"/>
      </object_component>
      <object_component id="oc-be">
         <name>.debug_info</name>
         <load_address>0x21136</load_address>
         <run_address>0x21136</run_address>
         <size>0x28c7</size>
         <input_file_ref idref="fl-11"/>
      </object_component>
      <object_component id="oc-c5">
         <name>.debug_info</name>
         <load_address>0x239fd</load_address>
         <run_address>0x239fd</run_address>
         <size>0x105</size>
         <input_file_ref idref="fl-12"/>
      </object_component>
      <object_component id="oc-c9">
         <name>.debug_info</name>
         <load_address>0x23b02</load_address>
         <run_address>0x23b02</run_address>
         <size>0x5b2b</size>
         <input_file_ref idref="fl-13"/>
      </object_component>
      <object_component id="oc-ce">
         <name>.debug_info</name>
         <load_address>0x2962d</load_address>
         <run_address>0x2962d</run_address>
         <size>0x1afd3</size>
         <input_file_ref idref="fl-14"/>
      </object_component>
      <object_component id="oc-109">
         <name>.debug_info</name>
         <load_address>0x44600</load_address>
         <run_address>0x44600</run_address>
         <size>0x1876</size>
         <input_file_ref idref="fl-15"/>
      </object_component>
      <object_component id="oc-10e">
         <name>.debug_info</name>
         <load_address>0x45e76</load_address>
         <run_address>0x45e76</run_address>
         <size>0xb73</size>
         <input_file_ref idref="fl-16"/>
      </object_component>
      <object_component id="oc-113">
         <name>.debug_info</name>
         <load_address>0x469e9</load_address>
         <run_address>0x469e9</run_address>
         <size>0x248c</size>
         <input_file_ref idref="fl-17"/>
      </object_component>
      <object_component id="oc-118">
         <name>.debug_info</name>
         <load_address>0x48e75</load_address>
         <run_address>0x48e75</run_address>
         <size>0x18ae</size>
         <input_file_ref idref="fl-18"/>
      </object_component>
      <object_component id="oc-11d">
         <name>.debug_info</name>
         <load_address>0x4a723</load_address>
         <run_address>0x4a723</run_address>
         <size>0x2941</size>
         <input_file_ref idref="fl-19"/>
      </object_component>
      <object_component id="oc-123">
         <name>.debug_info</name>
         <load_address>0x4d064</load_address>
         <run_address>0x4d064</run_address>
         <size>0x101</size>
         <input_file_ref idref="fl-1a"/>
      </object_component>
      <object_component id="oc-127">
         <name>.debug_info</name>
         <load_address>0x4d165</load_address>
         <run_address>0x4d165</run_address>
         <size>0x23f7</size>
         <input_file_ref idref="fl-1b"/>
      </object_component>
      <object_component id="oc-12d">
         <name>.debug_info</name>
         <load_address>0x4f55c</load_address>
         <run_address>0x4f55c</run_address>
         <size>0x10d</size>
         <input_file_ref idref="fl-2a"/>
      </object_component>
      <object_component id="oc-132">
         <name>.debug_info</name>
         <load_address>0x4f669</load_address>
         <run_address>0x4f669</run_address>
         <size>0x10d</size>
         <input_file_ref idref="fl-2b"/>
      </object_component>
      <object_component id="oc-137">
         <name>.debug_info</name>
         <load_address>0x4f776</load_address>
         <run_address>0x4f776</run_address>
         <size>0x11b</size>
         <input_file_ref idref="fl-2c"/>
      </object_component>
      <object_component id="oc-13c">
         <name>.debug_info</name>
         <load_address>0x4f891</load_address>
         <run_address>0x4f891</run_address>
         <size>0x10d</size>
         <input_file_ref idref="fl-2d"/>
      </object_component>
      <object_component id="oc-141">
         <name>.debug_info</name>
         <load_address>0x4f99e</load_address>
         <run_address>0x4f99e</run_address>
         <size>0x110</size>
         <input_file_ref idref="fl-2e"/>
      </object_component>
      <object_component id="oc-146">
         <name>.debug_info</name>
         <load_address>0x4faae</load_address>
         <run_address>0x4faae</run_address>
         <size>0x142</size>
         <input_file_ref idref="fl-2f"/>
      </object_component>
      <object_component id="oc-14a">
         <name>.debug_info</name>
         <load_address>0x4fbf0</load_address>
         <run_address>0x4fbf0</run_address>
         <size>0x113</size>
         <input_file_ref idref="fl-30"/>
      </object_component>
      <object_component id="oc-14f">
         <name>.debug_info</name>
         <load_address>0x4fd03</load_address>
         <run_address>0x4fd03</run_address>
         <size>0x111</size>
         <input_file_ref idref="fl-31"/>
      </object_component>
      <object_component id="oc-156">
         <name>.debug_info</name>
         <load_address>0x4fe14</load_address>
         <run_address>0x4fe14</run_address>
         <size>0x145</size>
         <input_file_ref idref="fl-34"/>
      </object_component>
      <object_component id="oc-15c">
         <name>.debug_info</name>
         <load_address>0x4ff59</load_address>
         <run_address>0x4ff59</run_address>
         <size>0x16c</size>
         <input_file_ref idref="fl-36"/>
      </object_component>
      <object_component id="oc-160">
         <name>.debug_info</name>
         <load_address>0x500c5</load_address>
         <run_address>0x500c5</run_address>
         <size>0x4cf</size>
         <input_file_ref idref="fl-37"/>
      </object_component>
      <object_component id="oc-165">
         <name>.debug_info</name>
         <load_address>0x50594</load_address>
         <run_address>0x50594</run_address>
         <size>0x3e0</size>
         <input_file_ref idref="fl-38"/>
      </object_component>
      <object_component id="oc-16a">
         <name>.debug_info</name>
         <load_address>0x50974</load_address>
         <run_address>0x50974</run_address>
         <size>0x3e3</size>
         <input_file_ref idref="fl-39"/>
      </object_component>
      <object_component id="oc-16f">
         <name>.debug_info</name>
         <load_address>0x50d57</load_address>
         <run_address>0x50d57</run_address>
         <size>0x628</size>
         <input_file_ref idref="fl-3a"/>
      </object_component>
      <object_component id="oc-175">
         <name>.debug_info</name>
         <load_address>0x5137f</load_address>
         <run_address>0x5137f</run_address>
         <size>0x142</size>
         <input_file_ref idref="fl-3b"/>
      </object_component>
      <object_component id="oc-179">
         <name>.debug_info</name>
         <load_address>0x514c1</load_address>
         <run_address>0x514c1</run_address>
         <size>0x113</size>
         <input_file_ref idref="fl-3c"/>
      </object_component>
      <object_component id="oc-17e">
         <name>.debug_info</name>
         <load_address>0x515d4</load_address>
         <run_address>0x515d4</run_address>
         <size>0x15b</size>
         <input_file_ref idref="fl-3d"/>
      </object_component>
      <object_component id="oc-182">
         <name>.debug_info</name>
         <load_address>0x5172f</load_address>
         <run_address>0x5172f</run_address>
         <size>0x5ac</size>
         <input_file_ref idref="fl-3e"/>
      </object_component>
      <object_component id="oc-189">
         <name>.debug_info</name>
         <load_address>0x51cdb</load_address>
         <run_address>0x51cdb</run_address>
         <size>0x502</size>
         <input_file_ref idref="fl-3f"/>
      </object_component>
      <object_component id="oc-18e">
         <name>.debug_info</name>
         <load_address>0x521dd</load_address>
         <run_address>0x521dd</run_address>
         <size>0x470</size>
         <input_file_ref idref="fl-40"/>
      </object_component>
      <object_component id="oc-194">
         <name>.debug_info</name>
         <load_address>0x5264d</load_address>
         <run_address>0x5264d</run_address>
         <size>0x19b</size>
         <input_file_ref idref="fl-41"/>
      </object_component>
      <object_component id="oc-199">
         <name>.debug_info</name>
         <load_address>0x527e8</load_address>
         <run_address>0x527e8</run_address>
         <size>0x142</size>
         <input_file_ref idref="fl-42"/>
      </object_component>
      <object_component id="oc-21a">
         <name>.debug_info</name>
         <load_address>0x5292a</load_address>
         <run_address>0x5292a</run_address>
         <size>0xb0</size>
      </object_component>
      <object_component id="oc-5b">
         <name>.debug_frame</name>
         <load_address>0x0</load_address>
         <run_address>0x0</run_address>
         <size>0x121</size>
         <input_file_ref idref="fl-2"/>
      </object_component>
      <object_component id="oc-62">
         <name>.debug_frame</name>
         <load_address>0x121</load_address>
         <run_address>0x121</run_address>
         <size>0xbe</size>
         <input_file_ref idref="fl-3"/>
      </object_component>
      <object_component id="oc-68">
         <name>.debug_frame</name>
         <load_address>0x1df</load_address>
         <run_address>0x1df</run_address>
         <size>0x8c</size>
         <input_file_ref idref="fl-4"/>
      </object_component>
      <object_component id="oc-70">
         <name>.debug_frame</name>
         <load_address>0x26b</load_address>
         <run_address>0x26b</run_address>
         <size>0x13f</size>
         <input_file_ref idref="fl-5"/>
      </object_component>
      <object_component id="oc-75">
         <name>.debug_frame</name>
         <load_address>0x3aa</load_address>
         <run_address>0x3aa</run_address>
         <size>0xe0</size>
         <input_file_ref idref="fl-6"/>
      </object_component>
      <object_component id="oc-7a">
         <name>.debug_frame</name>
         <load_address>0x48a</load_address>
         <run_address>0x48a</run_address>
         <size>0xab</size>
         <input_file_ref idref="fl-7"/>
      </object_component>
      <object_component id="oc-82">
         <name>.debug_frame</name>
         <load_address>0x535</load_address>
         <run_address>0x535</run_address>
         <size>0x34d</size>
         <input_file_ref idref="fl-8"/>
      </object_component>
      <object_component id="oc-8e">
         <name>.debug_frame</name>
         <load_address>0x882</load_address>
         <run_address>0x882</run_address>
         <size>0x132</size>
         <input_file_ref idref="fl-9"/>
      </object_component>
      <object_component id="oc-95">
         <name>.debug_frame</name>
         <load_address>0x9b4</load_address>
         <run_address>0x9b4</run_address>
         <size>0x188</size>
         <input_file_ref idref="fl-a"/>
      </object_component>
      <object_component id="oc-9b">
         <name>.debug_frame</name>
         <load_address>0xb3c</load_address>
         <run_address>0xb3c</run_address>
         <size>0x17f</size>
         <input_file_ref idref="fl-b"/>
      </object_component>
      <object_component id="oc-a3">
         <name>.debug_frame</name>
         <load_address>0xcbb</load_address>
         <run_address>0xcbb</run_address>
         <size>0x11d</size>
         <input_file_ref idref="fl-c"/>
      </object_component>
      <object_component id="oc-a9">
         <name>.debug_frame</name>
         <load_address>0xdd8</load_address>
         <run_address>0xdd8</run_address>
         <size>0x10e</size>
         <input_file_ref idref="fl-d"/>
      </object_component>
      <object_component id="oc-ae">
         <name>.debug_frame</name>
         <load_address>0xee6</load_address>
         <run_address>0xee6</run_address>
         <size>0x100</size>
         <input_file_ref idref="fl-e"/>
      </object_component>
      <object_component id="oc-ba">
         <name>.debug_frame</name>
         <load_address>0xfe6</load_address>
         <run_address>0xfe6</run_address>
         <size>0xb6</size>
         <input_file_ref idref="fl-10"/>
      </object_component>
      <object_component id="oc-c0">
         <name>.debug_frame</name>
         <load_address>0x109c</load_address>
         <run_address>0x109c</run_address>
         <size>0xde4</size>
         <input_file_ref idref="fl-11"/>
      </object_component>
      <object_component id="oc-ca">
         <name>.debug_frame</name>
         <load_address>0x1e80</load_address>
         <run_address>0x1e80</run_address>
         <size>0xbd</size>
         <input_file_ref idref="fl-13"/>
      </object_component>
      <object_component id="oc-10a">
         <name>.debug_frame</name>
         <load_address>0x1f3d</load_address>
         <run_address>0x1f3d</run_address>
         <size>0x8c</size>
         <input_file_ref idref="fl-15"/>
      </object_component>
      <object_component id="oc-10f">
         <name>.debug_frame</name>
         <load_address>0x1fc9</load_address>
         <run_address>0x1fc9</run_address>
         <size>0xb6</size>
         <input_file_ref idref="fl-16"/>
      </object_component>
      <object_component id="oc-114">
         <name>.debug_frame</name>
         <load_address>0x207f</load_address>
         <run_address>0x207f</run_address>
         <size>0xa1</size>
         <input_file_ref idref="fl-17"/>
      </object_component>
      <object_component id="oc-119">
         <name>.debug_frame</name>
         <load_address>0x2120</load_address>
         <run_address>0x2120</run_address>
         <size>0x8c</size>
         <input_file_ref idref="fl-18"/>
      </object_component>
      <object_component id="oc-11e">
         <name>.debug_frame</name>
         <load_address>0x21ac</load_address>
         <run_address>0x21ac</run_address>
         <size>0x17b</size>
         <input_file_ref idref="fl-19"/>
      </object_component>
      <object_component id="oc-128">
         <name>.debug_frame</name>
         <load_address>0x2327</load_address>
         <run_address>0x2327</run_address>
         <size>0xaa</size>
         <input_file_ref idref="fl-1b"/>
      </object_component>
      <object_component id="oc-161">
         <name>.debug_frame</name>
         <load_address>0x23d1</load_address>
         <run_address>0x23d1</run_address>
         <size>0xa1</size>
         <input_file_ref idref="fl-37"/>
      </object_component>
      <object_component id="oc-166">
         <name>.debug_frame</name>
         <load_address>0x2472</load_address>
         <run_address>0x2472</run_address>
         <size>0xa1</size>
         <input_file_ref idref="fl-38"/>
      </object_component>
      <object_component id="oc-16b">
         <name>.debug_frame</name>
         <load_address>0x2513</load_address>
         <run_address>0x2513</run_address>
         <size>0xa1</size>
         <input_file_ref idref="fl-39"/>
      </object_component>
      <object_component id="oc-170">
         <name>.debug_frame</name>
         <load_address>0x25b4</load_address>
         <run_address>0x25b4</run_address>
         <size>0xba</size>
         <input_file_ref idref="fl-3a"/>
      </object_component>
      <object_component id="oc-185">
         <name>.debug_frame</name>
         <load_address>0x266e</load_address>
         <run_address>0x266e</run_address>
         <size>0xbf</size>
         <input_file_ref idref="fl-3e"/>
      </object_component>
      <object_component id="oc-18a">
         <name>.debug_frame</name>
         <load_address>0x272d</load_address>
         <run_address>0x272d</run_address>
         <size>0xcb</size>
         <input_file_ref idref="fl-3f"/>
      </object_component>
      <object_component id="oc-18f">
         <name>.debug_frame</name>
         <load_address>0x27f8</load_address>
         <run_address>0x27f8</run_address>
         <size>0xa1</size>
         <input_file_ref idref="fl-40"/>
      </object_component>
      <object_component id="oc-5c">
         <name>.debug_line</name>
         <load_address>0x0</load_address>
         <run_address>0x0</run_address>
         <size>0x143</size>
         <input_file_ref idref="fl-2"/>
      </object_component>
      <object_component id="oc-63">
         <name>.debug_line</name>
         <load_address>0x143</load_address>
         <run_address>0x143</run_address>
         <size>0x174</size>
         <input_file_ref idref="fl-3"/>
      </object_component>
      <object_component id="oc-69">
         <name>.debug_line</name>
         <load_address>0x2b7</load_address>
         <run_address>0x2b7</run_address>
         <size>0x3f</size>
         <input_file_ref idref="fl-4"/>
      </object_component>
      <object_component id="oc-71">
         <name>.debug_line</name>
         <load_address>0x2f6</load_address>
         <run_address>0x2f6</run_address>
         <size>0x12e</size>
         <input_file_ref idref="fl-5"/>
      </object_component>
      <object_component id="oc-76">
         <name>.debug_line</name>
         <load_address>0x424</load_address>
         <run_address>0x424</run_address>
         <size>0xb6</size>
         <input_file_ref idref="fl-6"/>
      </object_component>
      <object_component id="oc-7b">
         <name>.debug_line</name>
         <load_address>0x4da</load_address>
         <run_address>0x4da</run_address>
         <size>0x93</size>
         <input_file_ref idref="fl-7"/>
      </object_component>
      <object_component id="oc-83">
         <name>.debug_line</name>
         <load_address>0x56d</load_address>
         <run_address>0x56d</run_address>
         <size>0x97c</size>
         <input_file_ref idref="fl-8"/>
      </object_component>
      <object_component id="oc-8f">
         <name>.debug_line</name>
         <load_address>0xee9</load_address>
         <run_address>0xee9</run_address>
         <size>0x25c</size>
         <input_file_ref idref="fl-9"/>
      </object_component>
      <object_component id="oc-96">
         <name>.debug_line</name>
         <load_address>0x1145</load_address>
         <run_address>0x1145</run_address>
         <size>0xb2</size>
         <input_file_ref idref="fl-a"/>
      </object_component>
      <object_component id="oc-9c">
         <name>.debug_line</name>
         <load_address>0x11f7</load_address>
         <run_address>0x11f7</run_address>
         <size>0x61f</size>
         <input_file_ref idref="fl-b"/>
      </object_component>
      <object_component id="oc-a4">
         <name>.debug_line</name>
         <load_address>0x1816</load_address>
         <run_address>0x1816</run_address>
         <size>0xe6</size>
         <input_file_ref idref="fl-c"/>
      </object_component>
      <object_component id="oc-aa">
         <name>.debug_line</name>
         <load_address>0x18fc</load_address>
         <run_address>0x18fc</run_address>
         <size>0x79</size>
         <input_file_ref idref="fl-d"/>
      </object_component>
      <object_component id="oc-af">
         <name>.debug_line</name>
         <load_address>0x1975</load_address>
         <run_address>0x1975</run_address>
         <size>0x1f5</size>
         <input_file_ref idref="fl-e"/>
      </object_component>
      <object_component id="oc-b5">
         <name>.debug_line</name>
         <load_address>0x1b6a</load_address>
         <run_address>0x1b6a</run_address>
         <size>0x66</size>
         <input_file_ref idref="fl-f"/>
      </object_component>
      <object_component id="oc-bb">
         <name>.debug_line</name>
         <load_address>0x1bd0</load_address>
         <run_address>0x1bd0</run_address>
         <size>0x8c</size>
         <input_file_ref idref="fl-10"/>
      </object_component>
      <object_component id="oc-c1">
         <name>.debug_line</name>
         <load_address>0x1c5c</load_address>
         <run_address>0x1c5c</run_address>
         <size>0x81f</size>
         <input_file_ref idref="fl-11"/>
      </object_component>
      <object_component id="oc-c6">
         <name>.debug_line</name>
         <load_address>0x247b</load_address>
         <run_address>0x247b</run_address>
         <size>0x50</size>
         <input_file_ref idref="fl-12"/>
      </object_component>
      <object_component id="oc-cb">
         <name>.debug_line</name>
         <load_address>0x24cb</load_address>
         <run_address>0x24cb</run_address>
         <size>0xc3</size>
         <input_file_ref idref="fl-13"/>
      </object_component>
      <object_component id="oc-10b">
         <name>.debug_line</name>
         <load_address>0x258e</load_address>
         <run_address>0x258e</run_address>
         <size>0x3b</size>
         <input_file_ref idref="fl-15"/>
      </object_component>
      <object_component id="oc-110">
         <name>.debug_line</name>
         <load_address>0x25c9</load_address>
         <run_address>0x25c9</run_address>
         <size>0x80</size>
         <input_file_ref idref="fl-16"/>
      </object_component>
      <object_component id="oc-115">
         <name>.debug_line</name>
         <load_address>0x2649</load_address>
         <run_address>0x2649</run_address>
         <size>0x5b</size>
         <input_file_ref idref="fl-17"/>
      </object_component>
      <object_component id="oc-11a">
         <name>.debug_line</name>
         <load_address>0x26a4</load_address>
         <run_address>0x26a4</run_address>
         <size>0x37</size>
         <input_file_ref idref="fl-18"/>
      </object_component>
      <object_component id="oc-11f">
         <name>.debug_line</name>
         <load_address>0x26db</load_address>
         <run_address>0x26db</run_address>
         <size>0x1f2</size>
         <input_file_ref idref="fl-19"/>
      </object_component>
      <object_component id="oc-124">
         <name>.debug_line</name>
         <load_address>0x28cd</load_address>
         <run_address>0x28cd</run_address>
         <size>0x4d</size>
         <input_file_ref idref="fl-1a"/>
      </object_component>
      <object_component id="oc-129">
         <name>.debug_line</name>
         <load_address>0x291a</load_address>
         <run_address>0x291a</run_address>
         <size>0xcc</size>
         <input_file_ref idref="fl-1b"/>
      </object_component>
      <object_component id="oc-12e">
         <name>.debug_line</name>
         <load_address>0x29e6</load_address>
         <run_address>0x29e6</run_address>
         <size>0xb3</size>
         <input_file_ref idref="fl-2a"/>
      </object_component>
      <object_component id="oc-133">
         <name>.debug_line</name>
         <load_address>0x2a99</load_address>
         <run_address>0x2a99</run_address>
         <size>0xa2</size>
         <input_file_ref idref="fl-2b"/>
      </object_component>
      <object_component id="oc-138">
         <name>.debug_line</name>
         <load_address>0x2b3b</load_address>
         <run_address>0x2b3b</run_address>
         <size>0x49</size>
         <input_file_ref idref="fl-2c"/>
      </object_component>
      <object_component id="oc-13d">
         <name>.debug_line</name>
         <load_address>0x2b84</load_address>
         <run_address>0x2b84</run_address>
         <size>0xc4</size>
         <input_file_ref idref="fl-2d"/>
      </object_component>
      <object_component id="oc-142">
         <name>.debug_line</name>
         <load_address>0x2c48</load_address>
         <run_address>0x2c48</run_address>
         <size>0x57</size>
         <input_file_ref idref="fl-2e"/>
      </object_component>
      <object_component id="oc-147">
         <name>.debug_line</name>
         <load_address>0x2c9f</load_address>
         <run_address>0x2c9f</run_address>
         <size>0x7a</size>
         <input_file_ref idref="fl-2f"/>
      </object_component>
      <object_component id="oc-14b">
         <name>.debug_line</name>
         <load_address>0x2d19</load_address>
         <run_address>0x2d19</run_address>
         <size>0x58</size>
         <input_file_ref idref="fl-30"/>
      </object_component>
      <object_component id="oc-150">
         <name>.debug_line</name>
         <load_address>0x2d71</load_address>
         <run_address>0x2d71</run_address>
         <size>0x52</size>
         <input_file_ref idref="fl-31"/>
      </object_component>
      <object_component id="oc-157">
         <name>.debug_line</name>
         <load_address>0x2dc3</load_address>
         <run_address>0x2dc3</run_address>
         <size>0x96</size>
         <input_file_ref idref="fl-34"/>
      </object_component>
      <object_component id="oc-15d">
         <name>.debug_line</name>
         <load_address>0x2e59</load_address>
         <run_address>0x2e59</run_address>
         <size>0x7e</size>
         <input_file_ref idref="fl-36"/>
      </object_component>
      <object_component id="oc-162">
         <name>.debug_line</name>
         <load_address>0x2ed7</load_address>
         <run_address>0x2ed7</run_address>
         <size>0x55</size>
         <input_file_ref idref="fl-37"/>
      </object_component>
      <object_component id="oc-167">
         <name>.debug_line</name>
         <load_address>0x2f2c</load_address>
         <run_address>0x2f2c</run_address>
         <size>0x3a</size>
         <input_file_ref idref="fl-38"/>
      </object_component>
      <object_component id="oc-16c">
         <name>.debug_line</name>
         <load_address>0x2f66</load_address>
         <run_address>0x2f66</run_address>
         <size>0x3e</size>
         <input_file_ref idref="fl-39"/>
      </object_component>
      <object_component id="oc-171">
         <name>.debug_line</name>
         <load_address>0x2fa4</load_address>
         <run_address>0x2fa4</run_address>
         <size>0x6a</size>
         <input_file_ref idref="fl-3a"/>
      </object_component>
      <object_component id="oc-176">
         <name>.debug_line</name>
         <load_address>0x300e</load_address>
         <run_address>0x300e</run_address>
         <size>0x88</size>
         <input_file_ref idref="fl-3b"/>
      </object_component>
      <object_component id="oc-17a">
         <name>.debug_line</name>
         <load_address>0x3096</load_address>
         <run_address>0x3096</run_address>
         <size>0x50</size>
         <input_file_ref idref="fl-3c"/>
      </object_component>
      <object_component id="oc-17f">
         <name>.debug_line</name>
         <load_address>0x30e6</load_address>
         <run_address>0x30e6</run_address>
         <size>0x52</size>
         <input_file_ref idref="fl-3d"/>
      </object_component>
      <object_component id="oc-186">
         <name>.debug_line</name>
         <load_address>0x3138</load_address>
         <run_address>0x3138</run_address>
         <size>0x65</size>
         <input_file_ref idref="fl-3e"/>
      </object_component>
      <object_component id="oc-18b">
         <name>.debug_line</name>
         <load_address>0x319d</load_address>
         <run_address>0x319d</run_address>
         <size>0x5e</size>
         <input_file_ref idref="fl-3f"/>
      </object_component>
      <object_component id="oc-190">
         <name>.debug_line</name>
         <load_address>0x31fb</load_address>
         <run_address>0x31fb</run_address>
         <size>0x62</size>
         <input_file_ref idref="fl-40"/>
      </object_component>
      <object_component id="oc-195">
         <name>.debug_line</name>
         <load_address>0x325d</load_address>
         <run_address>0x325d</run_address>
         <size>0x6d</size>
         <input_file_ref idref="fl-41"/>
      </object_component>
      <object_component id="oc-19a">
         <name>.debug_line</name>
         <load_address>0x32ca</load_address>
         <run_address>0x32ca</run_address>
         <size>0x88</size>
         <input_file_ref idref="fl-42"/>
      </object_component>
      <object_component id="oc-5d">
         <name>.debug_abbrev</name>
         <load_address>0x0</load_address>
         <run_address>0x0</run_address>
         <size>0x15b</size>
         <input_file_ref idref="fl-2"/>
      </object_component>
      <object_component id="oc-64">
         <name>.debug_abbrev</name>
         <load_address>0x15b</load_address>
         <run_address>0x15b</run_address>
         <size>0x178</size>
         <input_file_ref idref="fl-3"/>
      </object_component>
      <object_component id="oc-6a">
         <name>.debug_abbrev</name>
         <load_address>0x2d3</load_address>
         <run_address>0x2d3</run_address>
         <size>0xaf</size>
         <input_file_ref idref="fl-4"/>
      </object_component>
      <object_component id="oc-72">
         <name>.debug_abbrev</name>
         <load_address>0x382</load_address>
         <run_address>0x382</run_address>
         <size>0x194</size>
         <input_file_ref idref="fl-5"/>
      </object_component>
      <object_component id="oc-77">
         <name>.debug_abbrev</name>
         <load_address>0x516</load_address>
         <run_address>0x516</run_address>
         <size>0xff</size>
         <input_file_ref idref="fl-6"/>
      </object_component>
      <object_component id="oc-7c">
         <name>.debug_abbrev</name>
         <load_address>0x615</load_address>
         <run_address>0x615</run_address>
         <size>0xdc</size>
         <input_file_ref idref="fl-7"/>
      </object_component>
      <object_component id="oc-84">
[...]
         <value>0x3f59d0</value>
         <object_component_ref idref="oc-1b6"/>
      </symbol>
      <symbol id="sm-3e2">
         <name>_InitECanGpio</name>
         <value>0x3f59b5</value>
         <object_component_ref idref="oc-1b6"/>
      </symbol>
      <symbol id="sm-3e3">
         <name>_InitECanaGpio</name>
         <value>0x3f59b5</value>
         <object_component_ref idref="oc-1b6"/>
      </symbol>
      <symbol id="sm-3e4">
         <name>_InitECana</name>
         <value>0x3f59d0</value>
         <object_component_ref idref="oc-1b6"/>
      </symbol>
      <symbol id="sm-45d">
         <name>_Usb0Regs</name>
         <value>0x4000</value>
         <object_component_ref idref="oc-107"/>
      </symbol>
      <symbol id="sm-45e">
         <name>_GpioCtrlRegs</name>
         <value>0x6f80</value>
         <object_component_ref idref="oc-fe"/>
      </symbol>
      <symbol id="sm-45f">
         <name>_PieVectTable</name>
         <value>0xd00</value>
         <object_component_ref idref="oc-105"/>
      </symbol>
      <symbol id="sm-460">
         <name>_SysPwrCtrlRegs</name>
         <value>0x985</value>
         <object_component_ref idref="oc-d4"/>
      </symbol>
      <symbol id="sm-461">
         <name>_EmuBMode</name>
         <value>0xd01</value>
         <object_component_ref idref="oc-d1"/>
      </symbol>
      <symbol id="sm-462">
         <name>_CsmRegs</name>
         <value>0xae0</value>
         <object_component_ref idref="oc-e0"/>
      </symbol>
      <symbol id="sm-463">
         <name>_ECanaLAMRegs</name>
         <value>0x6040</value>
         <object_component_ref idref="oc-f9"/>
      </symbol>
      <symbol id="sm-464">
         <name>_AdcResult</name>
         <value>0xb00</value>
         <object_component_ref idref="oc-dd"/>
      </symbol>
      <symbol id="sm-465">
         <name>_EPwm4Regs</name>
         <value>0x68c0</value>
         <object_component_ref idref="oc-100"/>
      </symbol>
      <symbol id="sm-466">
         <name>_CpuTimer1Regs</name>
         <value>0xc08</value>
         <object_component_ref idref="oc-da"/>
      </symbol>
      <symbol id="sm-467">
         <name>_SysCtrlRegs</name>
         <value>0x7010</value>
         <object_component_ref idref="oc-f4"/>
      </symbol>
      <symbol id="sm-468">
         <name>_HRCap4Regs</name>
         <value>0x6ca0</value>
         <object_component_ref idref="oc-ea"/>
      </symbol>
      <symbol id="sm-469">
         <name>_EPwm5Regs</name>
         <value>0x6900</value>
         <object_component_ref idref="oc-101"/>
      </symbol>
      <symbol id="sm-46a">
         <name>_SpiaRegs</name>
         <value>0x7040</value>
         <object_component_ref idref="oc-dc"/>
      </symbol>
      <symbol id="sm-46b">
         <name>_ECanaMOTSRegs</name>
         <value>0x6080</value>
         <object_component_ref idref="oc-fa"/>
      </symbol>
      <symbol id="sm-46c">
         <name>_DmaRegs</name>
         <value>0x1000</value>
         <object_component_ref idref="oc-104"/>
      </symbol>
      <symbol id="sm-46d">
         <name>_FlashRegs</name>
         <value>0xa80</value>
         <object_component_ref idref="oc-d6"/>
      </symbol>
      <symbol id="sm-46e">
         <name>_CpuTimer0Regs</name>
         <value>0xc00</value>
         <object_component_ref idref="oc-d7"/>
      </symbol>
      <symbol id="sm-46f">
         <name>_DevEmuRegs</name>
         <value>0x880</value>
         <object_component_ref idref="oc-d5"/>
      </symbol>
      <symbol id="sm-470">
         <name>_EPwm6Regs</name>
         <value>0x6940</value>
         <object_component_ref idref="oc-fd"/>
      </symbol>
      <symbol id="sm-471">
         <name>_Comp1Regs</name>
         <value>0x6400</value>
         <object_component_ref idref="oc-e4"/>
      </symbol>
      <symbol id="sm-472">
         <name>_SciaRegs</name>
         <value>0x7050</value>
         <object_component_ref idref="oc-de"/>
      </symbol>
      <symbol id="sm-473">
         <name>_GpioDataRegs</name>
         <value>0x6fc0</value>
         <object_component_ref idref="oc-e8"/>
      </symbol>
      <symbol id="sm-474">
         <name>_CsmPwl</name>
         <value>0x3f7ff8</value>
         <object_component_ref idref="oc-d9"/>
      </symbol>
      <symbol id="sm-475">
         <name>_AdcRegs</name>
         <value>0x7100</value>
         <object_component_ref idref="oc-103"/>
      </symbol>
      <symbol id="sm-476">
         <name>_EPwm7Regs</name>
         <value>0x6980</value>
         <object_component_ref idref="oc-fc"/>
      </symbol>
      <symbol id="sm-477">
         <name>_Comp2Regs</name>
         <value>0x6420</value>
         <object_component_ref idref="oc-e3"/>
      </symbol>
      <symbol id="sm-478">
         <name>_XIntruptRegs</name>
         <value>0x7070</value>
         <object_component_ref idref="oc-e2"/>
      </symbol>
      <symbol id="sm-479">
         <name>_CpuTimer2Regs</name>
         <value>0xc10</value>
         <object_component_ref idref="oc-d8"/>
      </symbol>
      <symbol id="sm-47a">
         <name>_HRCap1Regs</name>
         <value>0x6ac0</value>
         <object_component_ref idref="oc-eb"/>
      </symbol>
      <symbol id="sm-47b">
         <name>_PieCtrlRegs</name>
         <value>0xce0</value>
         <object_component_ref idref="oc-e6"/>
      </symbol>
      <symbol id="sm-47c">
         <name>_SpibRegs</name>
         <value>0x7740</value>
         <object_component_ref idref="oc-e1"/>
      </symbol>
      <symbol id="sm-47d">
         <name>_ECanaRegs</name>
         <value>0x6000</value>
         <object_component_ref idref="oc-f5"/>
      </symbol>
      <symbol id="sm-47e">
         <name>_Comp3Regs</name>
         <value>0x6440</value>
         <object_component_ref idref="oc-e5"/>
      </symbol>
      <symbol id="sm-47f">
         <name>_ECap1Regs</name>
         <value>0x6a00</value>
         <object_component_ref idref="oc-ee"/>
      </symbol>
      <symbol id="sm-480">
         <name>_EmuKey</name>
         <value>0xd00</value>
         <object_component_ref idref="oc-d0"/>
      </symbol>
      <symbol id="sm-481">
         <name>_Cla1Regs</name>
         <value>0x1400</value>
         <object_component_ref idref="oc-fb"/>
      </symbol>
      <symbol id="sm-482">
         <name>_EQep1Regs</name>
         <value>0x6b00</value>
         <object_component_ref idref="oc-f2"/>
      </symbol>
      <symbol id="sm-483">
         <name>_McbspaRegs</name>
         <value>0x5000</value>
         <object_component_ref idref="oc-f3"/>
      </symbol>
      <symbol id="sm-484">
         <name>_EPwm1Regs</name>
         <value>0x6800</value>
         <object_component_ref idref="oc-f8"/>
      </symbol>
      <symbol id="sm-485">
         <name>_ScibRegs</name>
         <value>0x7750</value>
         <object_component_ref idref="oc-db"/>
      </symbol>
      <symbol id="sm-486">
         <name>_ECap2Regs</name>
         <value>0x6a20</value>
         <object_component_ref idref="oc-ed"/>
      </symbol>
      <symbol id="sm-487">
         <name>_GpioIntRegs</name>
         <value>0x6fe0</value>
         <object_component_ref idref="oc-e7"/>
      </symbol>
      <symbol id="sm-488">
         <name>_EQep2Regs</name>
         <value>0x6b40</value>
         <object_component_ref idref="oc-f0"/>
      </symbol>
      <symbol id="sm-489">
         <name>_PartIdRegs</name>
         <value>0x3d7e80</value>
         <object_component_ref idref="oc-cf"/>
      </symbol>
      <symbol id="sm-48a">
         <name>_HRCap3Regs</name>
         <value>0x6c80</value>
         <object_component_ref idref="oc-e9"/>
      </symbol>
      <symbol id="sm-48b">
         <name>_EPwm8Regs</name>
         <value>0x69c0</value>
         <object_component_ref idref="oc-ff"/>
      </symbol>
      <symbol id="sm-48c">
         <name>_Flash_CPUScaleFactor</name>
         <value>0xd04</value>
         <object_component_ref idref="oc-d3"/>
      </symbol>
      <symbol id="sm-48d">
         <name>_EPwm2Regs</name>
         <value>0x6840</value>
         <object_component_ref idref="oc-f7"/>
      </symbol>
      <symbol id="sm-48e">
         <name>_ECanaMboxes</name>
         <value>0x6100</value>
         <object_component_ref idref="oc-106"/>
      </symbol>
      <symbol id="sm-48f">
         <name>_ECap3Regs</name>
         <value>0x6a40</value>
         <object_component_ref idref="oc-ef"/>
      </symbol>
      <symbol id="sm-490">
         <name>_HRCap2Regs</name>
         <value>0x6ae0</value>
         <object_component_ref idref="oc-ec"/>
      </symbol>
      <symbol id="sm-491">
         <name>_NmiIntruptRegs</name>
         <value>0x7060</value>
         <object_component_ref idref="oc-df"/>
      </symbol>
      <symbol id="sm-492">
         <name>_ECanaMOTORegs</name>
         <value>0x60c0</value>
         <object_component_ref idref="oc-f6"/>
      </symbol>
      <symbol id="sm-493">
         <name>_Flash_CallbackPtr</name>
         <value>0xd02</value>
         <object_component_ref idref="oc-d2"/>
      </symbol>
      <symbol id="sm-494">
         <name>_EPwm3Regs</name>
         <value>0x6880</value>
         <object_component_ref idref="oc-102"/>
      </symbol>
      <symbol id="sm-495">
         <name>_I2caRegs</name>
         <value>0x7900</value>
         <object_component_ref idref="oc-f1"/>
      </symbol>
      <symbol id="sm-4ac">
         <name>_InitPieCtrl</name>
         <value>0x3f5fb9</value>
         <object_component_ref idref="oc-1af"/>
      </symbol>
      <symbol id="sm-4ad">
         <name>_EnableInterrupts</name>
         <value>0x3f5fd8</value>
         <object_component_ref idref="oc-1af"/>
      </symbol>
      <symbol id="sm-4bd">
         <name>_PieVectTableInit</name>
         <value>0x3f6112</value>
         <object_component_ref idref="oc-1b8"/>
      </symbol>
      <symbol id="sm-4be">
         <name>_InitPieVectTable</name>
         <value>0x3f60cd</value>
         <object_component_ref idref="oc-1b0"/>
      </symbol>
      <symbol id="sm-4de">
         <name>_InitPll</name>
         <value>0x3f5399</value>
         <object_component_ref idref="oc-1ad"/>
      </symbol>
      <symbol id="sm-4df">
         <name>_IntOsc1Sel</name>
         <value>0x3f5381</value>
         <object_component_ref idref="oc-1ad"/>
      </symbol>
      <symbol id="sm-4e0">
         <name>_ExtOscSel</name>
         <value>0x3f548f</value>
         <object_component_ref idref="oc-1ad"/>
      </symbol>
      <symbol id="sm-4e1">
         <name>_DisableDog</name>
         <value>0x3f5391</value>
         <object_component_ref idref="oc-1ad"/>
      </symbol>
      <symbol id="sm-4e2">
         <name>_InitPeripheralClocks</name>
         <value>0x3f53eb</value>
         <object_component_ref idref="oc-1ad"/>
      </symbol>
      <symbol id="sm-4e3">
         <name>_IntOsc2Sel</name>
         <value>0x3f536d</value>
         <object_component_ref idref="oc-1ad"/>
      </symbol>
      <symbol id="sm-4e4">
         <name>_CsmUnlock</name>
         <value>0x3f54a7</value>
         <object_component_ref idref="oc-1ad"/>
      </symbol>
      <symbol id="sm-4e5">
         <name>_InitPll2</name>
         <value>0x3f5462</value>
         <object_component_ref idref="oc-1ad"/>
      </symbol>
      <symbol id="sm-4e6">
         <name>_ServiceDog</name>
         <value>0x3f5363</value>
         <object_component_ref idref="oc-1ad"/>
      </symbol>
      <symbol id="sm-4e7">
         <name>_XtalOscSel</name>
         <value>0x3f534f</value>
         <object_component_ref idref="oc-1ad"/>
      </symbol>
      <symbol id="sm-4e8">
         <name>_InitSysCtrl</name>
         <value>0x3f544a</value>
         <object_component_ref idref="oc-1ad"/>
      </symbol>
      <symbol id="sm-4f4">
         <name>_DSP28x_usDelay</name>
         <value>0x8000</value>
         <object_component_ref idref="oc-122"/>
      </symbol>
      <symbol id="sm-508">
         <name>_main</name>
         <value>0x3f57db</value>
         <object_component_ref idref="oc-1a4"/>
      </symbol>
      <symbol id="sm-521">
         <name>FD$$DIV</name>
         <value>0x3f5a48</value>
         <object_component_ref idref="oc-12c"/>
      </symbol>
      <symbol id="sm-533">
         <name>FD$$MPY</name>
         <value>0x3f5b58</value>
         <object_component_ref idref="oc-131"/>
      </symbol>
      <symbol id="sm-53f">
         <name>FD$$SUB</name>
         <value>0x3f60de</value>
         <object_component_ref idref="oc-136"/>
      </symbol>
      <symbol id="sm-55a">
         <name>FD$$ADD</name>
         <value>0x3f5883</value>
         <object_component_ref idref="oc-13b"/>
      </symbol>
      <symbol id="sm-569">
         <name>FD$$TOUL</name>
         <value>0x3f6036</value>
         <object_component_ref idref="oc-140"/>
      </symbol>
      <symbol id="sm-571">
         <name>FS$$DIV</name>
         <value>0x3f609d</value>
         <object_component_ref idref="oc-145"/>
      </symbol>
      <symbol id="sm-581">
         <name>FS$$TOFD</name>
         <value>0x3f5fff</value>
         <object_component_ref idref="oc-149"/>
      </symbol>
      <symbol id="sm-592">
         <name>U$$TOFD</name>
         <value>0x3f60b6</value>
         <object_component_ref idref="oc-14e"/>
      </symbol>
      <symbol id="sm-596">
         <name>_rfft_f32_Stages1and2and3andBitReverse</name>
         <value>0x3f54df</value>
         <object_component_ref idref="oc-153"/>
      </symbol>
      <symbol id="sm-597">
         <name>_rfft_f32_Stages4andUp</name>
         <value>0x3f554b</value>
         <object_component_ref idref="oc-153"/>
      </symbol>
      <symbol id="sm-598">
         <name>_RFFT_f32</name>
         <value>0x3f54d6</value>
         <object_component_ref idref="oc-153"/>
      </symbol>
      <symbol id="sm-59c">
         <name>_RFFT_f32_sincostable</name>
         <value>0x3f5c4c</value>
         <object_component_ref idref="oc-154"/>
      </symbol>
      <symbol id="sm-5a4">
         <name>_atan</name>
         <value>0x3f5e2c</value>
         <object_component_ref idref="oc-155"/>
      </symbol>
      <symbol id="sm-5ac">
         <name>_FPUcosTableEnd</name>
         <value>0x3fdd62</value>
         <object_component_ref idref="oc-159"/>
      </symbol>
      <symbol id="sm-5ad">
         <name>_FPUatan2TableEnd</name>
         <value>0x3fdeec</value>
         <object_component_ref idref="oc-159"/>
      </symbol>
      <symbol id="sm-5ae">
         <name>_FPUatan2Table</name>
         <value>0x3fdd66</value>
         <object_component_ref idref="oc-159"/>
      </symbol>
      <symbol id="sm-5af">
         <name>_FPUsinTable</name>
         <value>0x3fd860</value>
         <object_component_ref idref="oc-159"/>
      </symbol>
      <symbol id="sm-5b0">
         <name>_FPUcosTable</name>
         <value>0x3fd960</value>
         <object_component_ref idref="oc-159"/>
      </symbol>
      <symbol id="sm-5b1">
         <name>_FPUatan2HalfPITable</name>
         <value>0x3fdd62</value>
         <object_component_ref idref="oc-159"/>
      </symbol>
      <symbol id="sm-5b2">
         <name>_FPUsinTableEnd</name>
         <value>0x3fdc60</value>
         <object_component_ref idref="oc-159"/>
      </symbol>
      <symbol id="sm-5cd">
         <name>_c_int00</name>
         <value>0x3f5dd6</value>
         <object_component_ref idref="oc-57"/>
      </symbol>
      <symbol id="sm-5ce">
         <name>__stack</name>
         <value>0x50</value>
         <object_component_ref idref="oc-15a"/>
      </symbol>
      <symbol id="sm-5de">
         <name>__args_main</name>
         <value>0x3f606b</value>
         <object_component_ref idref="oc-19f"/>
      </symbol>
      <symbol id="sm-5eb">
         <name>__system_post_cinit</name>
         <value>0x3f4d63</value>
         <object_component_ref idref="oc-19e"/>
      </symbol>
      <symbol id="sm-5f8">
         <name>__system_pre_init</name>
         <value>0x3f6110</value>
         <object_component_ref idref="oc-19c"/>
      </symbol>
      <symbol id="sm-60e">
         <name>_copy_in</name>
         <value>0x3f5e76</value>
         <object_component_ref idref="oc-19d"/>
      </symbol>
      <symbol id="sm-616">
         <name>_cos</name>
         <value>0x3f5ef8</value>
         <object_component_ref idref="oc-174"/>
      </symbol>
      <symbol id="sm-625">
         <name>_ppcopy</name>
         <value>0x3f6051</value>
         <object_component_ref idref="oc-178"/>
      </symbol>
      <symbol id="sm-626">
         <name>_dpcopy</name>
         <value>0x3f6051</value>
         <object_component_ref idref="oc-178"/>
      </symbol>
      <symbol id="sm-627">
         <name>_pdcopy</name>
         <value>0x3f6051</value>
         <object_component_ref idref="oc-178"/>
      </symbol>
      <symbol id="sm-628">
         <name>_ddcopy</name>
         <value>0x3f6051</value>
         <object_component_ref idref="oc-178"/>
      </symbol>
      <symbol id="sm-634">
         <name>_epilog_c28x_1</name>
         <value>0x3f60ec</value>
         <object_component_ref idref="oc-17d"/>
      </symbol>
      <symbol id="sm-635">
         <name>_epilog_c28x_2</name>
         <value>0x3f60f0</value>
         <object_component_ref idref="oc-17d"/>
      </symbol>
      <symbol id="sm-64a">
         <name>C$$EXIT</name>
         <value>0x3f5f90</value>
         <object_component_ref idref="oc-1a0"/>
      </symbol>
      <symbol id="sm-64b">
         <name>_exit</name>
         <value>0x3f5f92</value>
         <object_component_ref idref="oc-1a0"/>
      </symbol>
      <symbol id="sm-64c">
         <name>___TI_cleanup_ptr</name>
         <value>0x4a0</value>
         <object_component_ref idref="oc-184"/>
      </symbol>
      <symbol id="sm-64d">
         <name>___TI_enable_exit_profile_output</name>
         <value>0x49e</value>
         <object_component_ref idref="oc-184"/>
      </symbol>
      <symbol id="sm-64e">
         <name>_abort</name>
         <value>0x3f5f90</value>
         <object_component_ref idref="oc-1a0"/>
      </symbol>
      <symbol id="sm-64f">
         <name>___TI_dtors_ptr</name>
         <value>0x4a2</value>
         <object_component_ref idref="oc-184"/>
      </symbol>
      <symbol id="sm-664">
         <name>__unlock</name>
         <value>0x2be</value>
         <object_component_ref idref="oc-1b9"/>
      </symbol>
      <symbol id="sm-665">
         <name>__lock</name>
         <value>0x2bc</value>
         <object_component_ref idref="oc-1a5"/>
      </symbol>
      <symbol id="sm-666">
         <name>__register_lock</name>
         <value>0x3f60fc</value>
         <object_component_ref idref="oc-1b4"/>
      </symbol>
      <symbol id="sm-667">
         <name>__nop</name>
         <value>0x3f6100</value>
         <object_component_ref idref="oc-1b4"/>
      </symbol>
      <symbol id="sm-668">
         <name>__register_unlock</name>
         <value>0x3f60f8</value>
         <object_component_ref idref="oc-1b4"/>
      </symbol>
      <symbol id="sm-67a">
         <name>_memcpy</name>
         <value>0x3f5fe1</value>
         <object_component_ref idref="oc-1b7"/>
      </symbol>
      <symbol id="sm-686">
         <name>_prolog_c28x_1</name>
         <value>0x3f6084</value>
         <object_component_ref idref="oc-193"/>
      </symbol>
      <symbol id="sm-687">
         <name>_prolog_c28x_2</name>
         <value>0x3f6088</value>
         <object_component_ref idref="oc-193"/>
      </symbol>
      <symbol id="sm-688">
         <name>_prolog_c28x_3</name>
         <value>0x3f6090</value>
         <object_component_ref idref="oc-193"/>
      </symbol>
      <symbol id="sm-690">
         <name>_sin</name>
         <value>0x3f5f2c</value>
         <object_component_ref idref="oc-198"/>
      </symbol>
   </symbol_table>
   <title>Link errors: red sections failed placement,available memory ranges in purple</title>
</link_info>
