******************************************************************************
             TMS320C2000 Linker PC v15.12.3                    
******************************************************************************
>> Linked Tue Apr 04 17:16:07 2017

OUTPUT FILE NAME:   <ChoicePhaseWithKindsV1.1.out>
ENTRY POINT SYMBOL: "_c_int00"  address: 00009b18


MEMORY CONFIGURATION

         name            origin    length      used     unused   attr    fill
----------------------  --------  ---------  --------  --------  ----  --------
PAGE 0:
  BEGIN                 00000000   00000002  00000002  00000000  RWIX
  RAMM0                 00000050   000003b0  000000dc  000002d4  RWIX
  RAML0_L3              00008000   00002000  00001e54  000001ac  RWIX
  FPUTABLES             003fd860   000006a0  000006a0  00000000  RWIX
  IQTABLES              003fdf00   00000b50  00000000  00000b50  RWIX
  IQTABLES2             003fea50   0000008c  00000000  0000008c  RWIX
  IQTABLES3             003feadc   000000aa  00000000  000000aa  RWIX
  BOOTROM               003ff3b0   00000c10  00000000  00000c10  RWIX
  RESET                 003fffc0   00000002  00000000  00000002  RWIX

PAGE 1:
  BOOT_RSVD             00000002   0000004e  00000000  0000004e  RWIX
  RAMM1                 00000400   00000400  00000400  00000000  RWIX
  DEV_EMU               00000880   00000105  00000004  00000101  RWIX
  SYS_PWR_CTL           00000985   00000003  00000003  00000000  RWIX
  FLASH_REGS            00000a80   00000060  00000008  00000058  RWIX
  CSM                   00000ae0   00000020  00000010  00000010  RWIX
  ADC_RESULT            00000b00   00000020  00000010  00000010  RWIX
  CPU_TIMER0            00000c00   00000008  00000008  00000000  RWIX
  CPU_TIMER1            00000c08   00000008  00000008  00000000  RWIX
  CPU_TIMER2            00000c10   00000008  00000008  00000000  RWIX
  PIE_CTRL              00000ce0   00000020  0000001a  00000006  RWIX
  PIE_VECT              00000d00   00000100  00000100  00000000  RWIX
  DMA                   00001000   00000200  000000e0  00000120  RWIX
  CLA1                  00001400   00000080  00000040  00000040  RWIX
  USB0                  00004000   00001000  00000454  00000bac  RWIX
  McBSPA                00005000   00000040  00000024  0000001c  RWIX
  ECANA                 00006000   00000040  00000034  0000000c  RWIX
  ECANA_LAM             00006040   00000040  00000040  00000000  RWIX
  ECANA_MOTS            00006080   00000040  00000040  00000000  RWIX
  ECANA_MOTO            000060c0   00000040  00000040  00000000  RWIX
  ECANA_MBOX            00006100   00000100  00000100  00000000  RWIX
  COMP1                 00006400   00000020  00000014  0000000c  RWIX
  COMP2                 00006420   00000020  00000014  0000000c  RWIX
  COMP3                 00006440   00000020  00000014  0000000c  RWIX
  EPWM1                 00006800   00000040  00000040  00000000  RWIX
  EPWM2                 00006840   00000040  00000040  00000000  RWIX
  EPWM3                 00006880   00000040  00000040  00000000  RWIX
  EPWM4                 000068c0   00000040  00000040  00000000  RWIX
  EPWM5                 00006900   00000040  00000040  00000000  RWIX
  EPWM6                 00006940   00000040  00000040  00000000  RWIX
  EPWM7                 00006980   00000040  00000040  00000000  RWIX
  EPWM8                 000069c0   00000040  00000040  00000000  RWIX
  ECAP1                 00006a00   00000020  00000020  00000000  RWIX
  ECAP2                 00006a20   00000020  00000020  00000000  RWIX
  ECAP3                 00006a40   00000020  00000020  00000000  RWIX
  HRCAP1                00006ac0   00000020  00000020  00000000  RWIX
  HRCAP2                00006ae0   00000020  00000020  00000000  RWIX
  EQEP1                 00006b00   00000040  00000022  0000001e  RWIX
  EQEP2                 00006b40   00000040  00000022  0000001e  RWIX
  HRCAP3                00006c80   00000020  00000020  00000000  RWIX
  HRCAP4                00006ca0   00000020  00000020  00000000  RWIX
  GPIOCTRL              00006f80   00000040  00000040  00000000  RWIX
  GPIODAT               00006fc0   00000020  00000020  00000000  RWIX
  GPIOINT               00006fe0   00000020  00000020  00000000  RWIX
  SYSTEM                00007010   00000030  00000030  00000000  RWIX
  SPIA                  00007040   00000010  00000010  00000000  RWIX
  SCIA                  00007050   00000010  00000010  00000000  RWIX
  NMIINTRUPT            00007060   00000010  00000010  00000000  RWIX
  XINTRUPT              00007070   00000010  00000010  00000000  RWIX
  ADC                   00007100   00000080  00000050  00000030  RWIX
  SPIB                  00007740   00000010  00000010  00000000  RWIX
  SCIB                  00007750   00000010  00000010  00000000  RWIX
  I2CA                  00007900   00000040  00000022  0000001e  RWIX
  RAML4                 0000a000   00003000  0000052a  00002ad6  RWIX
  RAML5                 0000d000   00001000  00000080  00000f80  RWIX
  RAML6                 0000e000   00002000  00000080  00001f80  RWIX
  RAML7                 00010000   00002000  00000177  00001e89  RWIX
  RAML8                 00012000   00002000  00000080  00001f80  RWIX
  USB_RAM               00040000   00000800  00000000  00000800  RWIX
  PARTID                003d7e80   00000001  00000001  00000000  RWIX
  CSM_PWL               003f7ff8   00000008  00000008  00000000  RWIX


SECTION ALLOCATION MAP

 output                                  attributes/
section   page    origin      length       input sections
--------  ----  ----------  ----------   ----------------
codestart 
*          0    00000000    00000002     
                  00000000    00000002     F2806x_CodeStartBranch.obj (codestart)

.cinit     0    00000050    000000d8     
                  00000050    00000043     MonitorCalculate.obj (.cinit)
                  00000093    00000030     DeviceNet.obj (.cinit)
                  000000c3    00000022     SampleProcess.obj (.cinit)
                  000000e5    00000011     Action.obj (.cinit)
                  000000f6    0000000f     FrequencyCalutate.obj (.cinit)
                  00000105    0000000e     rts2800_fpu32.lib : exit.obj (.cinit)
                  00000113    00000009     CAN.obj (.cinit)
                  0000011c    00000005     rts2800_fpu32.lib : _lock.obj (.cinit:__lock)
                  00000121    00000005                       : _lock.obj (.cinit:__unlock)
                  00000126    00000002     --HOLE-- [fill = 0]

ramfuncs   0    00000128    00000004     
                  00000128    00000004     F2806x_usDelay.obj (ramfuncs)

.text      0    00008000    00001e54     
                  00008000    0000063d     DeviceNet.obj (.text)
                  0000863d    0000039b     F2806x_DefaultIsr.obj (.text:retain)
                  000089d8    00000283     MonitorCalculate.obj (.text)
                  00008c5b    000001bb     F2806x_Adc.obj (.text)
                  00008e16    0000019d     FrequencyCalutate.obj (.text)
                  00008fb3    00000186     F2806x_SysCtrl.obj (.text)
                  00009139    00000001     rts2800_fpu32.lib : startup.obj (.text)
                  0000913a    0000011d     C28x_FPU_Lib.lib : RFFT_f32.obj (.text)
                  00009257    00000001     --HOLE-- [fill = 0]
                  00009258    0000010f     Action.obj (.text)
                  00009367    000000de     RefParameter.obj (.text)
                  00009445    000000d8     CAN.obj (.text)
                  0000951d    000000a8     withFFTmain.obj (.text)
                  000095c5    0000009c     rts2800_fpu32.lib : fd_add.obj (.text)
                  00009661    00000096     SampleProcess.obj (.text:retain)
                  000096f7    00000093     F2806x_ECan.obj (.text)
                  0000978a    0000008b     rts2800_fpu32.lib : fd_div.obj (.text)
                  00009815    00000085     PwmTimer.obj (.text:retain)
                  0000989a    00000083     rts2800_fpu32.lib : fd_mpy.obj (.text)
                  0000991d    00000071     CAN.obj (.text:retain)
                  0000998e    00000070     C28x_FPU_Lib.lib : RFFT_f32_sincostable.obj (.text)
                  000099fe    00000069     ConfigADC.obj (.text)
                  00009a67    00000059     DeviceIO.obj (.text)
                  00009ac0    00000058     F2806x_CpuTimers.obj (.text)
                  00009b18    00000056     rts2800_fpu32.lib : boot.obj (.text)
                  00009b6e    0000004a     rts2800_fpu32_fast_supplement.lib : atan_f32.obj (.text)
                  00009bb8    00000046     rts2800_fpu32.lib : cpy_tbl.obj (.text)
                  00009bfe    0000003c     Timer.obj (.text:retain)
                  00009c3a    00000034     rts2800_fpu32_fast_supplement.lib : cos_f32.obj (.text)
                  00009c6e    00000034                                       : sin_f32.obj (.text)
                  00009ca2    00000030     SampleProcess.obj (.text)
                  00009cd2    00000029     rts2800_fpu32.lib : exit.obj (.text)
                  00009cfb    00000028     F2806x_PieCtrl.obj (.text)
                  00009d23    0000001e     rts2800_fpu32.lib : memcpy.obj (.text)
                  00009d41    0000001c                       : fs_tofd.obj (.text)
                  00009d5d    0000001b     Timer.obj (.text)
                  00009d78    0000001b     rts2800_fpu32.lib : fd_toul.obj (.text)
                  00009d93    0000001a                       : cpy_utils.obj (.text)
                  00009dad    00000019                       : args_main.obj (.text)
                  00009dc6    00000019                       : prolog.obj (.text)
                  00009ddf    00000019     rts2800_fpu32_fast_supplement.lib : div_f32.obj (.text)
                  00009df8    00000017     rts2800_fpu32.lib : u_tofd.obj (.text)
                  00009e0f    00000011     F2806x_PieVect.obj (.text)
                  00009e20    0000000e     rts2800_fpu32.lib : fd_sub.obj (.text)
                  00009e2e    0000000c                       : epilog.obj (.text)
                  00009e3a    00000009                       : _lock.obj (.text)
                  00009e43    00000008     F2806x_CodeStartBranch.obj (.text)
                  00009e4b    00000007     F2806x_DisInt.obj (.text)
                  00009e52    00000002     rts2800_fpu32.lib : pre_init.obj (.text)

.pinit     0    00000050    00000000     UNINITIALIZED

.reset     0    003fffc0    00000002     DSECT
                  003fffc0    00000002     rts2800_fpu32.lib : boot.obj (.reset)

FPUmathTables 
*          0    003fd860    000006a0     NOLOAD SECTION
                  003fd860    000006a0     rts2800_fpu32_fast_supplement.lib : FPUmathTables.obj (FPUmathTables)

.stack     1    00000400    00000400     UNINITIALIZED
                  00000400    00000400     --HOLE--

DevEmuRegsFile 
*          1    00000880    00000004     UNINITIALIZED
                  00000880    00000004     F2806x_GlobalVariableDefs.obj (DevEmuRegsFile)

SysPwrCtrlRegsFile 
*          1    00000985    00000003     UNINITIALIZED
                  00000985    00000003     F2806x_GlobalVariableDefs.obj (SysPwrCtrlRegsFile)

FlashRegsFile 
*          1    00000a80    00000008     UNINITIALIZED
                  00000a80    00000008     F2806x_GlobalVariableDefs.obj (FlashRegsFile)

CsmRegsFile 
*          1    00000ae0    00000010     UNINITIALIZED
                  00000ae0    00000010     F2806x_GlobalVariableDefs.obj (CsmRegsFile)

AdcResultFile 
*          1    00000b00    00000010     UNINITIALIZED
                  00000b00    00000010     F2806x_GlobalVariableDefs.obj (AdcResultFile)

CpuTimer0RegsFile 
*          1    00000c00    00000008     UNINITIALIZED
                  00000c00    00000008     F2806x_GlobalVariableDefs.obj (CpuTimer0RegsFile)

CpuTimer1RegsFile 
*          1    00000c08    00000008     UNINITIALIZED
                  00000c08    00000008     F2806x_GlobalVariableDefs.obj (CpuTimer1RegsFile)

CpuTimer2RegsFile 
*          1    00000c10    00000008     UNINITIALIZED
                  00000c10    00000008     F2806x_GlobalVariableDefs.obj (CpuTimer2RegsFile)

PieCtrlRegsFile 
*          1    00000ce0    0000001a     UNINITIALIZED
                  00000ce0    0000001a     F2806x_GlobalVariableDefs.obj (PieCtrlRegsFile)

PieVectTableFile 
*          1    00000d00    00000100     UNINITIALIZED
                  00000d00    00000100     F2806x_GlobalVariableDefs.obj (PieVectTableFile)

EmuKeyVar 
*          1    00000d00    00000001     UNINITIALIZED
                  00000d00    00000001     F2806x_GlobalVariableDefs.obj (EmuKeyVar)

EmuBModeVar 
*          1    00000d01    00000001     UNINITIALIZED
                  00000d01    00000001     F2806x_GlobalVariableDefs.obj (EmuBModeVar)

FlashCallbackVar 
*          1    00000d02    00000002     UNINITIALIZED
                  00000d02    00000002     F2806x_GlobalVariableDefs.obj (FlashCallbackVar)

FlashScalingVar 
*          1    00000d04    00000002     UNINITIALIZED
                  00000d04    00000002     F2806x_GlobalVariableDefs.obj (FlashScalingVar)

DmaRegsFile 
*          1    00001000    000000e0     UNINITIALIZED
                  00001000    000000e0     F2806x_GlobalVariableDefs.obj (DmaRegsFile)

Cla1RegsFile 
*          1    00001400    00000040     UNINITIALIZED
                  00001400    00000040     F2806x_GlobalVariableDefs.obj (Cla1RegsFile)

Usb0RegsFile 
*          1    00004000    00000454     UNINITIALIZED
                  00004000    00000454     F2806x_GlobalVariableDefs.obj (Usb0RegsFile)

McbspaRegsFile 
*          1    00005000    00000024     UNINITIALIZED
                  00005000    00000024     F2806x_GlobalVariableDefs.obj (McbspaRegsFile)

ECanaRegsFile 
*          1    00006000    00000034     UNINITIALIZED
                  00006000    00000034     F2806x_GlobalVariableDefs.obj (ECanaRegsFile)

ECanaLAMRegsFile 
*          1    00006040    00000040     UNINITIALIZED
                  00006040    00000040     F2806x_GlobalVariableDefs.obj (ECanaLAMRegsFile)

ECanaMOTSRegsFile 
*          1    00006080    00000040     UNINITIALIZED
                  00006080    00000040     F2806x_GlobalVariableDefs.obj (ECanaMOTSRegsFile)

ECanaMOTORegsFile 
*          1    000060c0    00000040     UNINITIALIZED
                  000060c0    00000040     F2806x_GlobalVariableDefs.obj (ECanaMOTORegsFile)

ECanaMboxesFile 
*          1    00006100    00000100     UNINITIALIZED
                  00006100    00000100     F2806x_GlobalVariableDefs.obj (ECanaMboxesFile)

Comp1RegsFile 
*          1    00006400    00000014     UNINITIALIZED
                  00006400    00000014     F2806x_GlobalVariableDefs.obj (Comp1RegsFile)

Comp2RegsFile 
*          1    00006420    00000014     UNINITIALIZED
                  00006420    00000014     F2806x_GlobalVariableDefs.obj (Comp2RegsFile)

Comp3RegsFile 
*          1    00006440    00000014     UNINITIALIZED
                  00006440    00000014     F2806x_GlobalVariableDefs.obj (Comp3RegsFile)

EPwm1RegsFile 
*          1    00006800    00000040     UNINITIALIZED
                  00006800    00000040     F2806x_GlobalVariableDefs.obj (EPwm1RegsFile)

EPwm2RegsFile 
*          1    00006840    00000040     UNINITIALIZED
                  00006840    00000040     F2806x_GlobalVariableDefs.obj (EPwm2RegsFile)

EPwm3RegsFile 
*          1    00006880    00000040     UNINITIALIZED
                  00006880    00000040     F2806x_GlobalVariableDefs.obj (EPwm3RegsFile)

EPwm4RegsFile 
*          1    000068c0    00000040     UNINITIALIZED
                  000068c0    00000040     F2806x_GlobalVariableDefs.obj (EPwm4RegsFile)

EPwm5RegsFile 
*          1    00006900    00000040     UNINITIALIZED
                  00006900    00000040     F2806x_GlobalVariableDefs.obj (EPwm5RegsFile)

EPwm6RegsFile 
*          1    00006940    00000040     UNINITIALIZED
                  00006940    00000040     F2806x_GlobalVariableDefs.obj (EPwm6RegsFile)

EPwm7RegsFile 
*          1    00006980    00000040     UNINITIALIZED
                  00006980    00000040     F2806x_GlobalVariableDefs.obj (EPwm7RegsFile)

EPwm8RegsFile 
*          1    000069c0    00000040     UNINITIALIZED
                  000069c0    00000040     F2806x_GlobalVariableDefs.obj (EPwm8RegsFile)

ECap1RegsFile 
*          1    00006a00    00000020     UNINITIALIZED
                  00006a00    00000020     F2806x_GlobalVariableDefs.obj (ECap1RegsFile)

ECap2RegsFile 
*          1    00006a20    00000020     UNINITIALIZED
                  00006a20    00000020     F2806x_GlobalVariableDefs.obj (ECap2RegsFile)

ECap3RegsFile 
*          1    00006a40    00000020     UNINITIALIZED
                  00006a40    00000020     F2806x_GlobalVariableDefs.obj (ECap3RegsFile)

HRCap1RegsFile 
*          1    00006ac0    00000020     UNINITIALIZED
                  00006ac0    00000020     F2806x_GlobalVariableDefs.obj (HRCap1RegsFile)

HRCap2RegsFile 
*          1    00006ae0    00000020     UNINITIALIZED
                  00006ae0    00000020     F2806x_GlobalVariableDefs.obj (HRCap2RegsFile)

EQep1RegsFile 
*          1    00006b00    00000022     UNINITIALIZED
                  00006b00    00000022     F2806x_GlobalVariableDefs.obj (EQep1RegsFile)

EQep2RegsFile 
*          1    00006b40    00000022     UNINITIALIZED
                  00006b40    00000022     F2806x_GlobalVariableDefs.obj (EQep2RegsFile)

HRCap3RegsFile 
*          1    00006c80    00000020     UNINITIALIZED
                  00006c80    00000020     F2806x_GlobalVariableDefs.obj (HRCap3RegsFile)

HRCap4RegsFile 
*          1    00006ca0    00000020     UNINITIALIZED
                  00006ca0    00000020     F2806x_GlobalVariableDefs.obj (HRCap4RegsFile)

GpioCtrlRegsFile 
*          1    00006f80    00000040     UNINITIALIZED
                  00006f80    00000040     F2806x_GlobalVariableDefs.obj (GpioCtrlRegsFile)

GpioDataRegsFile 
*          1    00006fc0    00000020     UNINITIALIZED
                  00006fc0    00000020     F2806x_GlobalVariableDefs.obj (GpioDataRegsFile)

GpioIntRegsFile 
*          1    00006fe0    00000020     UNINITIALIZED
                  00006fe0    00000020     F2806x_GlobalVariableDefs.obj (GpioIntRegsFile)

SysCtrlRegsFile 
*          1    00007010    00000030     UNINITIALIZED
                  00007010    00000030     F2806x_GlobalVariableDefs.obj (SysCtrlRegsFile)

SpiaRegsFile 
*          1    00007040    00000010     UNINITIALIZED
                  00007040    00000010     F2806x_GlobalVariableDefs.obj (SpiaRegsFile)

SciaRegsFile 
*          1    00007050    00000010     UNINITIALIZED
                  00007050    00000010     F2806x_GlobalVariableDefs.obj (SciaRegsFile)

NmiIntruptRegsFile 
*          1    00007060    00000010     UNINITIALIZED
                  00007060    00000010     F2806x_GlobalVariableDefs.obj (NmiIntruptRegsFile)

XIntruptRegsFile 
*          1    00007070    00000010     UNINITIALIZED
                  00007070    00000010     F2806x_GlobalVariableDefs.obj (XIntruptRegsFile)

AdcRegsFile 
*          1    00007100    00000050     UNINITIALIZED
                  00007100    00000050     F2806x_GlobalVariableDefs.obj (AdcRegsFile)

SpibRegsFile 
*          1    00007740    00000010     UNINITIALIZED
                  00007740    00000010     F2806x_GlobalVariableDefs.obj (SpibRegsFile)

ScibRegsFile 
*          1    00007750    00000010     UNINITIALIZED
                  00007750    00000010     F2806x_GlobalVariableDefs.obj (ScibRegsFile)

I2caRegsFile 
*          1    00007900    00000022     UNINITIALIZED
                  00007900    00000022     F2806x_GlobalVariableDefs.obj (I2caRegsFile)

.ebss      1    0000a000    0000052a     UNINITIALIZED
                  0000a000    00000282     SampleProcess.obj (.ebss)
                  0000a282    00000018     F2806x_CpuTimers.obj (.ebss)
                  0000a29a    0000000e     Action.obj (.ebss)
                  0000a2a8    0000000c     CAN.obj (.ebss)
                  0000a2b4    00000008     PwmTimer.obj (.ebss)
                  0000a2bc    00000002     rts2800_fpu32.lib : _lock.obj (.ebss:__lock)
                  0000a2be    00000002                       : _lock.obj (.ebss:__unlock)
                  0000a2c0    000000e5     DeviceNet.obj (.ebss)
                  0000a3a5    00000001     --HOLE--
                  0000a3a6    00000006     FrequencyCalutate.obj (.ebss)
                  0000a3ac    00000006     rts2800_fpu32.lib : exit.obj (.ebss)
                  0000a3b2    0000000e     --HOLE--
                  0000a3c0    000000c2     MonitorCalculate.obj (.ebss)
                  0000a482    0000003e     --HOLE--
                  0000a4c0    0000006a     RefParameter.obj (.ebss)

RFFTdata1 
*          1    0000d000    00000080     UNINITIALIZED
                  0000d000    00000080     MonitorCalculate.obj (RFFTdata1)

RFFTdata2 
*          1    0000e000    00000080     UNINITIALIZED
                  0000e000    00000080     MonitorCalculate.obj (RFFTdata2)

.econst    1    00010000    00000135     
                  00010000    00000100     F2806x_PieVect.obj (.econst:_PieVectTableInit)
                  00010100    00000010     BasicModule.obj (.econst)
                  00010110    00000010     MonitorCalculate.obj (.econst)
                  00010120    0000000e     withFFTmain.obj (.econst:_$P$T0$1)
                  0001012e    00000007     DeviceNet.obj (.econst:.string)

RFFTdata3 
*          1    00010140    00000042     UNINITIALIZED
                  00010140    00000042     MonitorCalculate.obj (RFFTdata3)

RFFTdata4 
*          1    00012000    00000080     UNINITIALIZED
                  00012000    00000080     MonitorCalculate.obj (RFFTdata4)

PartIdRegsFile 
*          1    003d7e80    00000001     UNINITIALIZED
                  003d7e80    00000001     F2806x_GlobalVariableDefs.obj (PartIdRegsFile)

CsmPwlFile 
*          1    003f7ff8    00000008     UNINITIALIZED
                  003f7ff8    00000008     F2806x_GlobalVariableDefs.obj (CsmPwlFile)

MODULE SUMMARY

       Module                          code   ro data   rw data
       ------                          ----   -------   -------
    .\AlgorithmSource\
       FrequencyCalutate.obj           413    0         21     
    +--+-------------------------------+------+---------+---------+
       Total:                          413    0         21     
                                                               
    .\ProjectSource\
       DeviceNet.obj                   1597   0         284    
       MonitorCalculate.obj            643    0         727    
       SampleProcess.obj               198    0         676    
       CAN.obj                         329    0         21     
       RefParameter.obj                222    0         106    
       Action.obj                      271    0         31     
       PwmTimer.obj                    133    0         8      
       ConfigADC.obj                   105    0         0      
       DeviceIO.obj                    89     0         0      
       Timer.obj                       87     0         0      
       BasicModule.obj                 0      0         16     
    +--+-------------------------------+------+---------+---------+
       Total:                          3674   0         1869   
                                                               
    .\source\
       F2806x_GlobalVariableDefs.obj   0      0         3550   
       F2806x_DefaultIsr.obj           923    0         0      
       F2806x_Adc.obj                  443    0         0      
       F2806x_SysCtrl.obj              390    0         0      
       F2806x_PieVect.obj              17     0         256    
       F2806x_ECan.obj                 147    0         0      
       F2806x_CpuTimers.obj            88     0         24     
       F2806x_PieCtrl.obj              40     0         0      
       F2806x_CodeStartBranch.obj      10     0         0      
       F2806x_DisInt.obj               7      0         0      
       F2806x_usDelay.obj              4      0         0      
    +--+-------------------------------+------+---------+---------+
       Total:                          2069   0         3830   
                                                               
    .\withFFT\
       withFFTmain.obj                 168    0         14     
    +--+-------------------------------+------+---------+---------+
       Total:                          168    0         14     
                                                               
    ../lib/C28x_FPU_Lib.lib
       RFFT_f32.obj                    285    0         0      
       RFFT_f32_sincostable.obj        112    0         0      
    +--+-------------------------------+------+---------+---------+
       Total:                          397    0         0      
                                                               
    ../lib/rts2800_fpu32_fast_supplement.lib
       FPUmathTables.obj               0      0         1696   
       atan_f32.obj                    74     0         0      
       cos_f32.obj                     52     0         0      
       sin_f32.obj                     52     0         0      
       div_f32.obj                     25     0         0      
    +--+-------------------------------+------+---------+---------+
       Total:                          203    0         1696   
                                                               
    D:/Program Files (x86)/TI/ccsv6/tools/compiler/c2000_15.12.3.LTS/lib/rts2800_fpu32.lib
       fd_add.obj                      156    0         0      
       fd_div.obj                      139    0         0      
       fd_mpy.obj                      131    0         0      
       boot.obj                        86     0         0      
       cpy_tbl.obj                     70     0         0      
       exit.obj                        41     0         20     
       memcpy.obj                      30     0         0      
       fs_tofd.obj                     28     0         0      
       fd_toul.obj                     27     0         0      
       cpy_utils.obj                   26     0         0      
       args_main.obj                   25     0         0      
       prolog.obj                      25     0         0      
       _lock.obj                       9      0         14     
       u_tofd.obj                      23     0         0      
       fd_sub.obj                      14     0         0      
       epilog.obj                      12     0         0      
       pre_init.obj                    2      0         0      
       startup.obj                     1      0         0      
    +--+-------------------------------+------+---------+---------+
       Total:                          845    0         34     
                                                               
       Stack:                          0      0         1024   
    +--+-------------------------------+------+---------+---------+
       Grand Total:                    7769   0         8488   


GLOBAL DATA SYMBOLS: SORTED BY DATA PAGE

address     data page           name
--------    ----------------    ----
00000400      10 (00000400)     __stack

00000880      22 (00000880)     _DevEmuRegs

00000985      26 (00000980)     _SysPwrCtrlRegs

00000a80      2a (00000a80)     _FlashRegs

00000ae0      2b (00000ac0)     _CsmRegs

00000b00      2c (00000b00)     _AdcResult

00000c00      30 (00000c00)     _CpuTimer0Regs
00000c08      30 (00000c00)     _CpuTimer1Regs
00000c10      30 (00000c00)     _CpuTimer2Regs

00000ce0      33 (00000cc0)     _PieCtrlRegs

00000d00      34 (00000d00)     _EmuKey
00000d00      34 (00000d00)     _PieVectTable
00000d01      34 (00000d00)     _EmuBMode
00000d02      34 (00000d00)     _Flash_CallbackPtr
00000d04      34 (00000d00)     _Flash_CPUScaleFactor

00001000      40 (00001000)     _DmaRegs

00001400      50 (00001400)     _Cla1Regs

00004000     100 (00004000)     _Usb0Regs

00005000     140 (00005000)     _McbspaRegs

00006000     180 (00006000)     _ECanaRegs

00006040     181 (00006040)     _ECanaLAMRegs

00006080     182 (00006080)     _ECanaMOTSRegs

000060c0     183 (000060c0)     _ECanaMOTORegs

00006100     184 (00006100)     _ECanaMboxes

00006400     190 (00006400)     _Comp1Regs
00006420     190 (00006400)     _Comp2Regs

00006440     191 (00006440)     _Comp3Regs

00006800     1a0 (00006800)     _EPwm1Regs

00006840     1a1 (00006840)     _EPwm2Regs

00006880     1a2 (00006880)     _EPwm3Regs

000068c0     1a3 (000068c0)     _EPwm4Regs

00006900     1a4 (00006900)     _EPwm5Regs

00006940     1a5 (00006940)     _EPwm6Regs

00006980     1a6 (00006980)     _EPwm7Regs

000069c0     1a7 (000069c0)     _EPwm8Regs

00006a00     1a8 (00006a00)     _ECap1Regs
00006a20     1a8 (00006a00)     _ECap2Regs

00006a40     1a9 (00006a40)     _ECap3Regs

00006ac0     1ab (00006ac0)     _HRCap1Regs
00006ae0     1ab (00006ac0)     _HRCap2Regs

00006b00     1ac (00006b00)     _EQep1Regs

00006b40     1ad (00006b40)     _EQep2Regs

00006c80     1b2 (00006c80)     _HRCap3Regs
00006ca0     1b2 (00006c80)     _HRCap4Regs

00006f80     1be (00006f80)     _GpioCtrlRegs

00006fc0     1bf (00006fc0)     _GpioDataRegs
00006fe0     1bf (00006fc0)     _GpioIntRegs

00007010     1c0 (00007000)     _SysCtrlRegs

00007040     1c1 (00007040)     _SpiaRegs
00007050     1c1 (00007040)     _SciaRegs
00007060     1c1 (00007040)     _NmiIntruptRegs
00007070     1c1 (00007040)     _XIntruptRegs

00007100     1c4 (00007100)     _AdcRegs

00007740     1dd (00007740)     _SpibRegs
00007750     1dd (00007740)     _ScibRegs

00007900     1e4 (00007900)     _I2caRegs

0000a000     280 (0000a000)     _i
0000a001     280 (0000a000)     _SampleIndex
0000a002     280 (0000a000)     _ZVDFlag
0000a003     280 (0000a000)     _SampleLen
0000a004     280 (0000a000)     _SamplePriod

0000a040     281 (0000a040)     _SampleData

0000a0c0     283 (0000a0c0)     _SampleDataSave

0000a180     286 (0000a180)     _SampleDataSavefloat

0000a282     28a (0000a280)     _CpuTimer1
0000a28a     28a (0000a280)     _CpuTimer2
0000a292     28a (0000a280)     _CpuTimer0
0000a29a     28a (0000a280)     _LastLen
0000a29b     28a (0000a280)     _LastFlag
0000a29c     28a (0000a280)     _LastTime
0000a29e     28a (0000a280)     _CommandData
0000a2a8     28a (0000a280)     _dataError
0000a2aa     28a (0000a280)     _ReceiveData
0000a2b4     28a (0000a280)     _EPwm2TimerIntCount
0000a2b6     28a (0000a280)     _EPwm1TimerIntCount
0000a2b8     28a (0000a280)     _EPwm4TimerIntCount
0000a2ba     28a (0000a280)     _EPwm3TimerIntCount
0000a2bc     28a (0000a280)     __lock
0000a2be     28a (0000a280)     __unlock

0000a2c1     28b (0000a2c0)     _g_DeviceNetRequstData
0000a2c3     28b (0000a2c0)     _device_type
0000a2c4     28b (0000a2c0)     _minor_ver
0000a2c5     28b (0000a2c0)     _major_ver
0000a2c6     28b (0000a2c0)     _product_code
0000a2c7     28b (0000a2c0)     _DeviceNetClass
0000a2c8     28b (0000a2c0)     _providerID
0000a2ca     28b (0000a2c0)     _serialID
0000a2cc     28b (0000a2c0)     _product_name
0000a2d0     28b (0000a2c0)     _DeviceNetObj
0000a2d4     28b (0000a2c0)     _DeviceNetReciveFrame
0000a2dc     28b (0000a2c0)     _DeviceNetSendFrame
0000a2e4     28b (0000a2c0)     _ReciveBufferData
0000a2ee     28b (0000a2c0)     _SendBufferData

0000a300     28c (0000a300)     _IdentifierObj
0000a30e     28c (0000a300)     _StatusChangedConnedctionObj

0000a340     28d (0000a340)     _VisibleConnectionObj

0000a380     28e (0000a380)     _CycleInquireConnedctionObj
0000a3a6     28e (0000a380)     _Sin1step
0000a3a8     28e (0000a380)     _TwoDivideN
0000a3aa     28e (0000a380)     _Cos1step
0000a3ac     28e (0000a380)     ___TI_enable_exit_profile_output
0000a3ae     28e (0000a380)     ___TI_cleanup_ptr
0000a3b0     28e (0000a380)     ___TI_dtors_ptr

0000a3c0     28f (0000a3c0)     _xiang
0000a3c1     28f (0000a3c0)     _FirstTrig
0000a3c2     28f (0000a3c0)     _count
0000a3c4     28f (0000a3c0)     _b
0000a3c6     28f (0000a3c0)     _tp
0000a3c8     28f (0000a3c0)     _a
0000a3ca     28f (0000a3c0)     _phase
0000a3cc     28f (0000a3c0)     _pCalTimeMonitor
0000a3ce     28f (0000a3c0)     _t1
0000a3d0     28f (0000a3c0)     _sumt
0000a3d2     28f (0000a3c0)     _t0
0000a3d4     28f (0000a3c0)     _tp4
0000a3d6     28f (0000a3c0)     _tq
0000a3d8     28f (0000a3c0)     _tph
0000a3da     28f (0000a3c0)     _tnow
0000a3dc     28f (0000a3c0)     _CalTimeMonitor
0000a3e4     28f (0000a3c0)     _g_FreqMonitor
0000a3ec     28f (0000a3c0)     _SetParam

0000a400     290 (0000a400)     _rfft

0000a440     291 (0000a440)     _RFFphaseBuff

0000a4c0     293 (0000a4c0)     _g_SystemCalibrationCoefficient
0000a4ca     293 (0000a4c0)     _g_SystemVoltageParameter
0000a4da     293 (0000a4c0)     _g_PhaseActionRad

0000a500     294 (0000a500)     _g_ProcessDelayTime

0000d000     340 (0000d000)     _RFFTin1Buff

0000e000     380 (0000e000)     _RFFToutBuff

00010000     400 (00010000)     _PieVectTableInit

00010140     405 (00010140)     _RFFTmagBuff

00012000     480 (00012000)     _RFFTF32Coef

003d7e80    f5fa (003d7e80)     _PartIdRegs

003f7ff8    fdff (003f7fc0)     _CsmPwl

003fd860    ff61 (003fd840)     _FPUsinTable

003fd960    ff65 (003fd940)     _FPUcosTable

003fdc60    ff71 (003fdc40)     _FPUsinTableEnd

003fdd62    ff75 (003fdd40)     _FPUatan2HalfPITable
003fdd62    ff75 (003fdd40)     _FPUcosTableEnd
003fdd66    ff75 (003fdd40)     _FPUatan2Table

003fdeec    ff7b (003fdec0)     _FPUatan2TableEnd


GLOBAL SYMBOLS: SORTED ALPHABETICALLY BY Name 

page  address   name                                  
----  -------   ----                                  
0     00008000  .text                                 
0     00009cd2  C$$EXIT                               
0     000095c5  FD$$ADD                               
0     0000978a  FD$$DIV                               
0     0000989a  FD$$MPY                               
0     00009e20  FD$$SUB                               
0     00009d78  FD$$TOUL                              
0     00009ddf  FS$$DIV                               
0     00009d41  FS$$TOFD                              
0     00009df8  U$$TOFD                               
0     000089ce  _ADCINT1_ISR                          
0     000089c4  _ADCINT2_ISR                          
0     000089ba  _ADCINT3_ISR                          
0     000089b0  _ADCINT4_ISR                          
0     000089a6  _ADCINT5_ISR                          
0     0000899c  _ADCINT6_ISR                          
0     00008992  _ADCINT7_ISR                          
0     00008988  _ADCINT8_ISR                          
0     0000897e  _ADCINT9_ISR                          
0     00009661  _ADC_INT1_ISR                         
0     0000860a  _AckMsgService                        
0     00009360  _ActionDataInit                       
0     00008cb0  _AdcChanSelect                        
0     00008d08  _AdcConversion                        
0     00008df1  _AdcOffsetSelfCal                     
1     00007100  _AdcRegs                              
1     00000b00  _AdcResult                            
0     000085a1  _CANFrameFilter                       
0     00009475  _CANSendData                          
0     00008974  _CLA1_INT1_ISR                        
0     0000896a  _CLA1_INT2_ISR                        
0     00008960  _CLA1_INT3_ISR                        
0     00008956  _CLA1_INT4_ISR                        
0     0000894c  _CLA1_INT5_ISR                        
0     00008942  _CLA1_INT6_ISR                        
0     00008938  _CLA1_INT7_ISR                        
0     0000892e  _CLA1_INT8_ISR                        
0     00008f7b  _CalFreq                              
1     0000a3dc  _CalTimeMonitor                       
0     00008ee0  _CaliAB_Base                          
0     0000991d  _Can0Recive_ISR                       
0     00008117  _CheckAllocateCode                    
0     00008522  _CheckMACID                           
0     000080ce  _CheckReleaseCode                     
1     00001400  _Cla1Regs                             
1     0000a29e  _CommandData                          
1     00006400  _Comp1Regs                            
1     00006420  _Comp2Regs                            
1     00006440  _Comp3Regs                            
0     00009a29  _ConfigADC_Monitor                    
0     00009af5  _ConfigCpuTimer                       
0     000080a9  _ConnectionClassService               
1     0000a3aa  _Cos1step                             
1     0000a292  _CpuTimer0                            
1     00000c00  _CpuTimer0Regs                        
1     0000a282  _CpuTimer1                            
1     00000c08  _CpuTimer1Regs                        
1     0000a28a  _CpuTimer2                            
1     00000c10  _CpuTimer2Regs                        
0     00009bfe  _Cpu_timer0_isr                       
1     003f7ff8  _CsmPwl                               
1     00000ae0  _CsmRegs                              
0     0000910b  _CsmUnlock                            
0     0000800a  _CycInquireConnectObjService          
1     0000a380  _CycleInquireConnedctionObj           
0     00008924  _DATALOG_ISR                          
0     0000891a  _DINTCH1_ISR                          
0     00008910  _DINTCH2_ISR                          
0     00008906  _DINTCH3_ISR                          
0     000088fc  _DINTCH4_ISR                          
0     000088f2  _DINTCH5_ISR                          
0     000088e8  _DINTCH6_ISR                          
0     00009e4b  _DSP28x_DisableInt                    
0     00009e4f  _DSP28x_RestoreInt                    
0     00000128  _DSP28x_usDelay                       
1     00000880  _DevEmuRegs                           
0     00008609  _DeviceMonitorPluse                   
1     0000a2c7  _DeviceNetClass                       
0     0000834f  _DeviceNetClassService                
1     0000a2d0  _DeviceNetObj                         
0     0000829a  _DeviceNetObjService                  
0     000085ce  _DeviceNetReciveCenter                
1     0000a2d4  _DeviceNetReciveFrame                 
1     0000a2dc  _DeviceNetSendFrame                   
0     00008ff5  _DisableDog                           
1     00001000  _DmaRegs                              
0     000088de  _ECAN0INTA_ISR                        
0     000088d4  _ECAN1INTA_ISR                        
0     000088ca  _ECAP1_INT_ISR                        
0     000088c0  _ECAP2_INT_ISR                        
0     000088b6  _ECAP3_INT_ISR                        
1     00006040  _ECanaLAMRegs                         
1     000060c0  _ECanaMOTORegs                        
1     00006080  _ECanaMOTSRegs                        
1     00006100  _ECanaMboxes                          
1     00006000  _ECanaRegs                            
1     00006a00  _ECap1Regs                            
1     00006a20  _ECap2Regs                            
1     00006a40  _ECap3Regs                            
0     000088a9  _EMPTY_ISR                            
0     0000889f  _EMUINT_ISR                           
0     00008895  _EPWM1_INT_ISR                        
0     0000888b  _EPWM1_TZINT_ISR                      
0     00008881  _EPWM2_INT_ISR                        
0     00008877  _EPWM2_TZINT_ISR                      
0     0000886d  _EPWM3_INT_ISR                        
0     00008863  _EPWM3_TZINT_ISR                      
0     00008859  _EPWM4_INT_ISR                        
0     0000884f  _EPWM4_TZINT_ISR                      
0     00008845  _EPWM5_INT_ISR                        
0     0000883b  _EPWM5_TZINT_ISR                      
0     00008831  _EPWM6_INT_ISR                        
0     00008827  _EPWM6_TZINT_ISR                      
0     0000881d  _EPWM7_INT_ISR                        
0     00008813  _EPWM7_TZINT_ISR                      
0     00008809  _EPWM8_INT_ISR                        
0     000087ff  _EPWM8_TZINT_ISR                      
1     00006800  _EPwm1Regs                            
1     0000a2b6  _EPwm1TimerIntCount                   
1     00006840  _EPwm2Regs                            
1     0000a2b4  _EPwm2TimerIntCount                   
1     00006880  _EPwm3Regs                            
1     0000a2ba  _EPwm3TimerIntCount                   
1     000068c0  _EPwm4Regs                            
1     0000a2b8  _EPwm4TimerIntCount                   
1     00006900  _EPwm5Regs                            
1     00006940  _EPwm6Regs                            
1     00006980  _EPwm7Regs                            
1     000069c0  _EPwm8Regs                            
0     000087f5  _EQEP1_INT_ISR                        
0     000087eb  _EQEP2_INT_ISR                        
1     00006b00  _EQep1Regs                            
1     00006b40  _EQep2Regs                            
1     00000d01  _EmuBMode                             
1     00000d00  _EmuKey                               
0     00009d1a  _EnableInterrupts                     
0     000090f3  _ExtOscSel                            
0     000089d8  _FFT_Cal                              
0     00008ac3  _FFT_Init                             
0     003fdd62  _FPUatan2HalfPITable                  
0     003fdd66  _FPUatan2Table                        
0     003fdeec  _FPUatan2TableEnd                     
0     003fd960  _FPUcosTable                          
0     003fdd62  _FPUcosTableEnd                       
0     003fd860  _FPUsinTable                          
0     003fdc60  _FPUsinTableEnd                       
1     0000a3c1  _FirstTrig                            
1     00000a80  _FlashRegs                            
1     00000d04  _Flash_CPUScaleFactor                 
1     00000d02  _Flash_CallbackPtr                    
0     00009258  _FrameServer                          
0     00008e47  _GetNewFreq                           
0     00008b3a  _GetOVD                               
1     00006f80  _GpioCtrlRegs                         
1     00006fc0  _GpioDataRegs                         
1     00006fe0  _GpioIntRegs                          
0     000087e1  _HRCAP1_INT_ISR                       
0     000087d7  _HRCAP2_INT_ISR                       
0     000087cd  _HRCAP3_INT_ISR                       
0     000087c3  _HRCAP4_INT_ISR                       
1     00006ac0  _HRCap1Regs                           
1     00006ae0  _HRCap2Regs                           
1     00006c80  _HRCap3Regs                           
1     00006ca0  _HRCap4Regs                           
0     000087b9  _I2CINT1A_ISR                         
0     000087af  _I2CINT2A_ISR                         
1     00007900  _I2caRegs                             
0     000087a5  _ILLEGAL_ISR                          
0     0000879b  _INT13_ISR                            
0     00008791  _INT14_ISR                            
0     00008458  _IdentifierClassService               
1     0000a300  _IdentifierObj                        
0     000083b0  _IdentifierObjService                 
0     00008c81  _InitAdc                              
0     00008c5b  _InitAdcAio                           
0     00009ac0  _InitCpuTimers                        
0     00008194  _InitCycleInquireConnectionObj        
0     00009a67  _InitDeviceIO                         
0     00008559  _InitDeviceNet                        
0     00009712  _InitECan                             
0     000096f7  _InitECanGpio                         
0     00009712  _InitECana                            
0     000096f7  _InitECanaGpio                        
0     00008adb  _InitMonitorCalData                   
0     0000904f  _InitPeripheralClocks                 
0     00009cfb  _InitPieCtrl                          
0     00009e0f  _InitPieVectTable                     
0     00008ffd  _InitPll                              
0     000090c6  _InitPll2                             
0     00009ca2  _InitSampleProcessData                
0     00009445  _InitStandardCAN                      
0     0000817a  _InitStatusChangedConnectionObj       
0     000090ae  _InitSysCtrl                          
0     00008160  _InitVisibleConnectionObj             
0     00008fe5  _IntOsc1Sel                           
0     00008fd1  _IntOsc2Sel                           
0     00009d5d  _IsOverTime                           
0     00008512  _IsTimeRemain                         
0     00008787  _LUF_ISR                              
0     0000877d  _LVF_ISR                              
1     0000a29b  _LastFlag                             
1     0000a29a  _LastLen                              
1     0000a29c  _LastTime                             
0     00008773  _MRINTA_ISR                           
0     00008769  _MXINTA_ISR                           
1     00005000  _McbspaRegs                           
0     00008e16  _MidMeanFilter                        
0     0000875f  _NMI_ISR                              
1     00007060  _NmiIntruptRegs                       
0     00008755  _PIE_RESERVED                         
1     003d7e80  _PartIdRegs                           
1     00000ce0  _PieCtrlRegs                          
1     00000d00  _PieVectTable                         
1     00010000  _PieVectTableInit                     
1     00012000  _RFFTF32Coef                          
0     0000913a  _RFFT_f32                             
0     0000998e  _RFFT_f32_sincostable                 
1     0000d000  _RFFTin1Buff                          
1     00010140  _RFFTmagBuff                          
1     0000e000  _RFFToutBuff                          
1     0000a440  _RFFphaseBuff                         
0     0000874b  _RTOSINT_ISR                          
1     0000a2aa  _ReceiveData                          
1     0000a2e4  _ReciveBufferData                     
0     00009367  _RefParameterInit                     
0     000084e0  _ResponseMACID                        
0     0000847d  _RountineClassObjService              
0     00008741  _SCIRXINTA_ISR                        
0     00008737  _SCIRXINTB_ISR                        
0     0000872d  _SCITXINTA_ISR                        
0     00008723  _SCITXINTB_ISR                        
0     00008719  _SPIRXINTA_ISR                        
0     0000870f  _SPIRXINTB_ISR                        
0     00008705  _SPITXINTA_ISR                        
0     000086fb  _SPITXINTB_ISR                        
1     0000a040  _SampleData                           
1     0000a0c0  _SampleDataSave                       
1     0000a180  _SampleDataSavefloat                  
1     0000a001  _SampleIndex                          
1     0000a003  _SampleLen                            
1     0000a004  _SamplePriod                          
1     00007050  _SciaRegs                             
1     00007750  _ScibRegs                             
1     0000a2ee  _SendBufferData                       
0     00008000  _SendData                             
0     00008fc7  _ServiceDog                           
1     0000a3ec  _SetParam                             
0     00009a0b  _SetSamplePriod                       
1     0000a3a6  _Sin1step                             
1     00007040  _SpiaRegs                             
1     00007740  _SpibRegs                             
0     000084d9  _StartOverTimer                       
0     00009a03  _StartSample                          
1     0000a30e  _StatusChangedConnedctionObj          
0     000099fe  _StopSample                           
0     000089f0  _SynchronizTrigger                    
1     00007010  _SysCtrlRegs                          
1     00000985  _SysPwrCtrlRegs                       
0     000086f1  _TINT0_ISR                            
1     0000a3a8  _TwoDivideN                           
0     000086e7  _USB0_INT_ISR                         
0     000086dd  _USER10_ISR                           
0     000086d3  _USER11_ISR                           
0     000086c9  _USER12_ISR                           
0     000086bf  _USER1_ISR                            
0     000086b5  _USER2_ISR                            
0     000086ab  _USER3_ISR                            
0     000086a1  _USER4_ISR                            
0     00008697  _USER5_ISR                            
0     0000868d  _USER6_ISR                            
0     00008683  _USER7_ISR                            
0     00008679  _USER8_ISR                            
0     0000866f  _USER9_ISR                            
0     000081ae  _UnconVisibleMsgService               
1     00004000  _Usb0Regs                             
0     00008062  _VisibleConnectObjService             
1     0000a340  _VisibleConnectionObj                 
0     000084a2  _VisibleMsgService                    
0     00008665  _WAKEINT_ISR                          
0     0000865b  _XINT1_ISR                            
0     00008651  _XINT2_ISR                            
0     00008647  _XINT3_ISR                            
1     00007070  _XIntruptRegs                         
0     00008fb3  _XtalOscSel                           
1     0000a002  _ZVDFlag                              
1     00000800  __STACK_END                           
abs   00000400  __STACK_SIZE                          
1     0000a3ae  ___TI_cleanup_ptr                     
1     0000a3b0  ___TI_dtors_ptr                       
1     0000a3ac  ___TI_enable_exit_profile_output      
abs   ffffffff  ___TI_pprof_out_hndl                  
abs   ffffffff  ___TI_prof_data_size                  
abs   ffffffff  ___TI_prof_data_start                 
abs   ffffffff  ___binit__                            
abs   ffffffff  ___c_args__                           
0     00000050  ___cinit__                            
0     00009e54  ___etext__                            
abs   ffffffff  ___pinit__                            
0     00008000  ___text__                             
0     00009dad  __args_main                           
1     0000a2bc  __lock                                
0     00009e42  __nop                                 
0     00009e3e  __register_lock                       
0     00009e3a  __register_unlock                     
1     00000400  __stack                               
0     00009139  __system_post_cinit                   
0     00009e52  __system_pre_init                     
1     0000a2be  __unlock                              
1     0000a3c8  _a                                    
0     00009cd2  _abort                                
0     00009b6e  _atan                                 
1     0000a3c4  _b                                    
0     00009b18  _c_int00                              
0     00009bb8  _copy_in                              
0     00009c3a  _cos                                  
1     0000a3c2  _count                                
1     0000a2a8  _dataError                            
0     00009d93  _ddcopy                               
1     0000a2c3  _device_type                          
0     00009d93  _dpcopy                               
0     00009e2e  _epilog_c28x_1                        
0     00009e32  _epilog_c28x_2                        
0     00009880  _epwm1_timer_isr                      
0     00009866  _epwm2_timer_isr                      
0     0000984c  _epwm3_timer_isr                      
0     00009815  _epwm4_timer_isr                      
0     00009cd4  _exit                                 
1     0000a2c1  _g_DeviceNetRequstData                
1     0000a3e4  _g_FreqMonitor                        
1     0000a4da  _g_PhaseActionRad                     
1     0000a500  _g_ProcessDelayTime                   
1     0000a4c0  _g_SystemCalibrationCoefficient       
1     0000a4ca  _g_SystemVoltageParameter             
1     0000a000  _i                                    
0     0000951d  _main                                 
1     0000a2c5  _major_ver                            
0     00009d23  _memcpy                               
1     0000a2c4  _minor_ver                            
1     0000a3cc  _pCalTimeMonitor                      
0     00009d93  _pdcopy                               
1     0000a3ca  _phase                                
0     00009d93  _ppcopy                               
1     0000a2c6  _product_code                         
1     0000a2cc  _product_name                         
0     00009dc6  _prolog_c28x_1                        
0     00009dca  _prolog_c28x_2                        
0     00009dd2  _prolog_c28x_3                        
1     0000a2c8  _providerID                           
1     0000a400  _rfft                                 
0     00009143  _rfft_f32_Stages1and2and3andBitReverse
0     000091af  _rfft_f32_Stages4andUp                
0     0000863d  _rsvd_ISR                             
1     0000a2ca  _serialID                             
0     00009c6e  _sin                                  
1     0000a3d0  _sumt                                 
1     0000a3d2  _t0                                   
1     0000a3ce  _t1                                   
1     0000a3da  _tnow                                 
1     0000a3c6  _tp                                   
1     0000a3d4  _tp4                                  
1     0000a3d8  _tph                                  
1     0000a3d6  _tq                                   
1     0000a3c0  _xiang                                
abs   ffffffff  binit                                 
0     00000050  cinit                                 
0     00000000  code_start                            
0     00009e54  etext                                 
abs   ffffffff  pinit                                 


GLOBAL SYMBOLS: SORTED BY Symbol Address 

page  address   name                                  
----  -------   ----                                  
0     00000000  code_start                            
0     00000050  ___cinit__                            
0     00000050  cinit                                 
0     00000128  _DSP28x_usDelay                       
0     00008000  .text                                 
0     00008000  _SendData                             
0     00008000  ___text__                             
0     0000800a  _CycInquireConnectObjService          
0     00008062  _VisibleConnectObjService             
0     000080a9  _ConnectionClassService               
0     000080ce  _CheckReleaseCode                     
0     00008117  _CheckAllocateCode                    
0     00008160  _InitVisibleConnectionObj             
0     0000817a  _InitStatusChangedConnectionObj       
0     00008194  _InitCycleInquireConnectionObj        
0     000081ae  _UnconVisibleMsgService               
0     0000829a  _DeviceNetObjService                  
0     0000834f  _DeviceNetClassService                
0     000083b0  _IdentifierObjService                 
0     00008458  _IdentifierClassService               
0     0000847d  _RountineClassObjService              
0     000084a2  _VisibleMsgService                    
0     000084d9  _StartOverTimer                       
0     000084e0  _ResponseMACID                        
0     00008512  _IsTimeRemain                         
0     00008522  _CheckMACID                           
0     00008559  _InitDeviceNet                        
0     000085a1  _CANFrameFilter                       
0     000085ce  _DeviceNetReciveCenter                
0     00008609  _DeviceMonitorPluse                   
0     0000860a  _AckMsgService                        
0     0000863d  _rsvd_ISR                             
0     00008647  _XINT3_ISR                            
0     00008651  _XINT2_ISR                            
0     0000865b  _XINT1_ISR                            
0     00008665  _WAKEINT_ISR                          
0     0000866f  _USER9_ISR                            
0     00008679  _USER8_ISR                            
0     00008683  _USER7_ISR                            
0     0000868d  _USER6_ISR                            
0     00008697  _USER5_ISR                            
0     000086a1  _USER4_ISR                            
0     000086ab  _USER3_ISR                            
0     000086b5  _USER2_ISR                            
0     000086bf  _USER1_ISR                            
0     000086c9  _USER12_ISR                           
0     000086d3  _USER11_ISR                           
0     000086dd  _USER10_ISR                           
0     000086e7  _USB0_INT_ISR                         
0     000086f1  _TINT0_ISR                            
0     000086fb  _SPITXINTB_ISR                        
0     00008705  _SPITXINTA_ISR                        
0     0000870f  _SPIRXINTB_ISR                        
0     00008719  _SPIRXINTA_ISR                        
0     00008723  _SCITXINTB_ISR                        
0     0000872d  _SCITXINTA_ISR                        
0     00008737  _SCIRXINTB_ISR                        
0     00008741  _SCIRXINTA_ISR                        
0     0000874b  _RTOSINT_ISR                          
0     00008755  _PIE_RESERVED                         
0     0000875f  _NMI_ISR                              
0     00008769  _MXINTA_ISR                           
0     00008773  _MRINTA_ISR                           
0     0000877d  _LVF_ISR                              
0     00008787  _LUF_ISR                              
0     00008791  _INT14_ISR                            
0     0000879b  _INT13_ISR                            
0     000087a5  _ILLEGAL_ISR                          
0     000087af  _I2CINT2A_ISR                         
0     000087b9  _I2CINT1A_ISR                         
0     000087c3  _HRCAP4_INT_ISR                       
0     000087cd  _HRCAP3_INT_ISR                       
0     000087d7  _HRCAP2_INT_ISR                       
0     000087e1  _HRCAP1_INT_ISR                       
0     000087eb  _EQEP2_INT_ISR                        
0     000087f5  _EQEP1_INT_ISR                        
0     000087ff  _EPWM8_TZINT_ISR                      
0     00008809  _EPWM8_INT_ISR                        
0     00008813  _EPWM7_TZINT_ISR                      
0     0000881d  _EPWM7_INT_ISR                        
0     00008827  _EPWM6_TZINT_ISR                      
0     00008831  _EPWM6_INT_ISR                        
0     0000883b  _EPWM5_TZINT_ISR                      
0     00008845  _EPWM5_INT_ISR                        
0     0000884f  _EPWM4_TZINT_ISR                      
0     00008859  _EPWM4_INT_ISR                        
0     00008863  _EPWM3_TZINT_ISR                      
0     0000886d  _EPWM3_INT_ISR                        
0     00008877  _EPWM2_TZINT_ISR                      
0     00008881  _EPWM2_INT_ISR                        
0     0000888b  _EPWM1_TZINT_ISR                      
0     00008895  _EPWM1_INT_ISR                        
0     0000889f  _EMUINT_ISR                           
0     000088a9  _EMPTY_ISR                            
0     000088b6  _ECAP3_INT_ISR                        
0     000088c0  _ECAP2_INT_ISR                        
0     000088ca  _ECAP1_INT_ISR                        
0     000088d4  _ECAN1INTA_ISR                        
0     000088de  _ECAN0INTA_ISR                        
0     000088e8  _DINTCH6_ISR                          
0     000088f2  _DINTCH5_ISR                          
0     000088fc  _DINTCH4_ISR                          
0     00008906  _DINTCH3_ISR                          
0     00008910  _DINTCH2_ISR                          
0     0000891a  _DINTCH1_ISR                          
0     00008924  _DATALOG_ISR                          
0     0000892e  _CLA1_INT8_ISR                        
0     00008938  _CLA1_INT7_ISR                        
0     00008942  _CLA1_INT6_ISR                        
0     0000894c  _CLA1_INT5_ISR                        
0     00008956  _CLA1_INT4_ISR                        
0     00008960  _CLA1_INT3_ISR                        
0     0000896a  _CLA1_INT2_ISR                        
0     00008974  _CLA1_INT1_ISR                        
0     0000897e  _ADCINT9_ISR                          
0     00008988  _ADCINT8_ISR                          
0     00008992  _ADCINT7_ISR                          
0     0000899c  _ADCINT6_ISR                          
0     000089a6  _ADCINT5_ISR                          
0     000089b0  _ADCINT4_ISR                          
0     000089ba  _ADCINT3_ISR                          
0     000089c4  _ADCINT2_ISR                          
0     000089ce  _ADCINT1_ISR                          
0     000089d8  _FFT_Cal                              
0     000089f0  _SynchronizTrigger                    
0     00008ac3  _FFT_Init                             
0     00008adb  _InitMonitorCalData                   
0     00008b3a  _GetOVD                               
0     00008c5b  _InitAdcAio                           
0     00008c81  _InitAdc                              
0     00008cb0  _AdcChanSelect                        
0     00008d08  _AdcConversion                        
0     00008df1  _AdcOffsetSelfCal                     
0     00008e16  _MidMeanFilter                        
0     00008e47  _GetNewFreq                           
0     00008ee0  _CaliAB_Base                          
0     00008f7b  _CalFreq                              
0     00008fb3  _XtalOscSel                           
0     00008fc7  _ServiceDog                           
0     00008fd1  _IntOsc2Sel                           
0     00008fe5  _IntOsc1Sel                           
0     00008ff5  _DisableDog                           
0     00008ffd  _InitPll                              
0     0000904f  _InitPeripheralClocks                 
0     000090ae  _InitSysCtrl                          
0     000090c6  _InitPll2                             
0     000090f3  _ExtOscSel                            
0     0000910b  _CsmUnlock                            
0     00009139  __system_post_cinit                   
0     0000913a  _RFFT_f32                             
0     00009143  _rfft_f32_Stages1and2and3andBitReverse
0     000091af  _rfft_f32_Stages4andUp                
0     00009258  _FrameServer                          
0     00009360  _ActionDataInit                       
0     00009367  _RefParameterInit                     
0     00009445  _InitStandardCAN                      
0     00009475  _CANSendData                          
0     0000951d  _main                                 
0     000095c5  FD$$ADD                               
0     00009661  _ADC_INT1_ISR                         
0     000096f7  _InitECanGpio                         
0     000096f7  _InitECanaGpio                        
0     00009712  _InitECan                             
0     00009712  _InitECana                            
0     0000978a  FD$$DIV                               
0     00009815  _epwm4_timer_isr                      
0     0000984c  _epwm3_timer_isr                      
0     00009866  _epwm2_timer_isr                      
0     00009880  _epwm1_timer_isr                      
0     0000989a  FD$$MPY                               
0     0000991d  _Can0Recive_ISR                       
0     0000998e  _RFFT_f32_sincostable                 
0     000099fe  _StopSample                           
0     00009a03  _StartSample                          
0     00009a0b  _SetSamplePriod                       
0     00009a29  _ConfigADC_Monitor                    
0     00009a67  _InitDeviceIO                         
0     00009ac0  _InitCpuTimers                        
0     00009af5  _ConfigCpuTimer                       
0     00009b18  _c_int00                              
0     00009b6e  _atan                                 
0     00009bb8  _copy_in                              
0     00009bfe  _Cpu_timer0_isr                       
0     00009c3a  _cos                                  
0     00009c6e  _sin                                  
0     00009ca2  _InitSampleProcessData                
0     00009cd2  C$$EXIT                               
0     00009cd2  _abort                                
0     00009cd4  _exit                                 
0     00009cfb  _InitPieCtrl                          
0     00009d1a  _EnableInterrupts                     
0     00009d23  _memcpy                               
0     00009d41  FS$$TOFD                              
0     00009d5d  _IsOverTime                           
0     00009d78  FD$$TOUL                              
0     00009d93  _ddcopy                               
0     00009d93  _dpcopy                               
0     00009d93  _pdcopy                               
0     00009d93  _ppcopy                               
0     00009dad  __args_main                           
0     00009dc6  _prolog_c28x_1                        
0     00009dca  _prolog_c28x_2                        
0     00009dd2  _prolog_c28x_3                        
0     00009ddf  FS$$DIV                               
0     00009df8  U$$TOFD                               
0     00009e0f  _InitPieVectTable                     
0     00009e20  FD$$SUB                               
0     00009e2e  _epilog_c28x_1                        
0     00009e32  _epilog_c28x_2                        
0     00009e3a  __register_unlock                     
0     00009e3e  __register_lock                       
0     00009e42  __nop                                 
0     00009e4b  _DSP28x_DisableInt                    
0     00009e4f  _DSP28x_RestoreInt                    
0     00009e52  __system_pre_init                     
0     00009e54  ___etext__                            
0     00009e54  etext                                 
0     003fd860  _FPUsinTable                          
0     003fd960  _FPUcosTable                          
0     003fdc60  _FPUsinTableEnd                       
0     003fdd62  _FPUatan2HalfPITable                  
0     003fdd62  _FPUcosTableEnd                       
0     003fdd66  _FPUatan2Table                        
0     003fdeec  _FPUatan2TableEnd                     
1     00000400  __stack                               
1     00000800  __STACK_END                           
1     00000880  _DevEmuRegs                           
1     00000985  _SysPwrCtrlRegs                       
1     00000a80  _FlashRegs                            
1     00000ae0  _CsmRegs                              
1     00000b00  _AdcResult                            
1     00000c00  _CpuTimer0Regs                        
1     00000c08  _CpuTimer1Regs                        
1     00000c10  _CpuTimer2Regs                        
1     00000ce0  _PieCtrlRegs                          
1     00000d00  _EmuKey                               
1     00000d00  _PieVectTable                         
1     00000d01  _EmuBMode                             
1     00000d02  _Flash_CallbackPtr                    
1     00000d04  _Flash_CPUScaleFactor                 
1     00001000  _DmaRegs                              
1     00001400  _Cla1Regs                             
1     00004000  _Usb0Regs                             
1     00005000  _McbspaRegs                           
1     00006000  _ECanaRegs                            
1     00006040  _ECanaLAMRegs                         
1     00006080  _ECanaMOTSRegs                        
1     000060c0  _ECanaMOTORegs                        
1     00006100  _ECanaMboxes                          
1     00006400  _Comp1Regs                            
1     00006420  _Comp2Regs                            
1     00006440  _Comp3Regs                            
1     00006800  _EPwm1Regs                            
1     00006840  _EPwm2Regs                            
1     00006880  _EPwm3Regs                            
1     000068c0  _EPwm4Regs                            
1     00006900  _EPwm5Regs                            
1     00006940  _EPwm6Regs                            
1     00006980  _EPwm7Regs                            
1     000069c0  _EPwm8Regs                            
1     00006a00  _ECap1Regs                            
1     00006a20  _ECap2Regs                            
1     00006a40  _ECap3Regs                            
1     00006ac0  _HRCap1Regs                           
1     00006ae0  _HRCap2Regs                           
1     00006b00  _EQep1Regs                            
1     00006b40  _EQep2Regs                            
1     00006c80  _HRCap3Regs                           
1     00006ca0  _HRCap4Regs                           
1     00006f80  _GpioCtrlRegs                         
1     00006fc0  _GpioDataRegs                         
1     00006fe0  _GpioIntRegs                          
1     00007010  _SysCtrlRegs                          
1     00007040  _SpiaRegs                             
1     00007050  _SciaRegs                             
1     00007060  _NmiIntruptRegs                       
1     00007070  _XIntruptRegs                         
1     00007100  _AdcRegs                              
1     00007740  _SpibRegs                             
1     00007750  _ScibRegs                             
1     00007900  _I2caRegs                             
1     0000a000  _i                                    
1     0000a001  _SampleIndex                          
1     0000a002  _ZVDFlag                              
1     0000a003  _SampleLen                            
1     0000a004  _SamplePriod                          
1     0000a040  _SampleData                           
1     0000a0c0  _SampleDataSave                       
1     0000a180  _SampleDataSavefloat                  
1     0000a282  _CpuTimer1                            
1     0000a28a  _CpuTimer2                            
1     0000a292  _CpuTimer0                            
1     0000a29a  _LastLen                              
1     0000a29b  _LastFlag                             
1     0000a29c  _LastTime                             
1     0000a29e  _CommandData                          
1     0000a2a8  _dataError                            
1     0000a2aa  _ReceiveData                          
1     0000a2b4  _EPwm2TimerIntCount                   
1     0000a2b6  _EPwm1TimerIntCount                   
1     0000a2b8  _EPwm4TimerIntCount                   
1     0000a2ba  _EPwm3TimerIntCount                   
1     0000a2bc  __lock                                
1     0000a2be  __unlock                              
1     0000a2c1  _g_DeviceNetRequstData                
1     0000a2c3  _device_type                          
1     0000a2c4  _minor_ver                            
1     0000a2c5  _major_ver                            
1     0000a2c6  _product_code                         
1     0000a2c7  _DeviceNetClass                       
1     0000a2c8  _providerID                           
1     0000a2ca  _serialID                             
1     0000a2cc  _product_name                         
1     0000a2d0  _DeviceNetObj                         
1     0000a2d4  _DeviceNetReciveFrame                 
1     0000a2dc  _DeviceNetSendFrame                   
1     0000a2e4  _ReciveBufferData                     
1     0000a2ee  _SendBufferData                       
1     0000a300  _IdentifierObj                        
1     0000a30e  _StatusChangedConnedctionObj          
1     0000a340  _VisibleConnectionObj                 
1     0000a380  _CycleInquireConnedctionObj           
1     0000a3a6  _Sin1step                             
1     0000a3a8  _TwoDivideN                           
1     0000a3aa  _Cos1step                             
1     0000a3ac  ___TI_enable_exit_profile_output      
1     0000a3ae  ___TI_cleanup_ptr                     
1     0000a3b0  ___TI_dtors_ptr                       
1     0000a3c0  _xiang                                
1     0000a3c1  _FirstTrig                            
1     0000a3c2  _count                                
1     0000a3c4  _b                                    
1     0000a3c6  _tp                                   
1     0000a3c8  _a                                    
1     0000a3ca  _phase                                
1     0000a3cc  _pCalTimeMonitor                      
1     0000a3ce  _t1                                   
1     0000a3d0  _sumt                                 
1     0000a3d2  _t0                                   
1     0000a3d4  _tp4                                  
1     0000a3d6  _tq                                   
1     0000a3d8  _tph                                  
1     0000a3da  _tnow                                 
1     0000a3dc  _CalTimeMonitor                       
1     0000a3e4  _g_FreqMonitor                        
1     0000a3ec  _SetParam                             
1     0000a400  _rfft                                 
1     0000a440  _RFFphaseBuff                         
1     0000a4c0  _g_SystemCalibrationCoefficient       
1     0000a4ca  _g_SystemVoltageParameter             
1     0000a4da  _g_PhaseActionRad                     
1     0000a500  _g_ProcessDelayTime                   
1     0000d000  _RFFTin1Buff                          
1     0000e000  _RFFToutBuff                          
1     00010000  _PieVectTableInit                     
1     00010140  _RFFTmagBuff                          
1     00012000  _RFFTF32Coef                          
1     003d7e80  _PartIdRegs                           
1     003f7ff8  _CsmPwl                               
abs   00000400  __STACK_SIZE                          
abs   ffffffff  ___TI_pprof_out_hndl                  
abs   ffffffff  ___TI_prof_data_size                  
abs   ffffffff  ___TI_prof_data_start                 
abs   ffffffff  ___binit__                            
abs   ffffffff  ___c_args__                           
abs   ffffffff  ___pinit__                            
abs   ffffffff  binit                                 
abs   ffffffff  pinit                                 

[368 symbols]
