<?xml version="1.0"?>
<link_info>
   <banner>TMS320C2000 Linker PC v15.12.3.LTS</banner>
   <copyright>Copyright (c) 1996-2015 Texas Instruments Incorporated</copyright>
   <link_time>0x593690ce</link_time>
   <link_errors>0x0</link_errors>
   <output_file>ChoicePhaseWithKindsV1.3.out</output_file>
   <entry_point>
      <name>_c_int00</name>
      <address>0x3f6fea</address>
   </entry_point>
   <input_file_list>
      <input_file id="fl-2">
         <path>.\AlgorithmSource\</path>
         <kind>object</kind>
         <file>FrequencyCalutate.obj</file>
         <name>FrequencyCalutate.obj</name>
      </input_file>
      <input_file id="fl-3">
         <path>.\ProjectSource\</path>
         <kind>object</kind>
         <file>Action.obj</file>
         <name>Action.obj</name>
      </input_file>
      <input_file id="fl-4">
         <path>.\ProjectSource\</path>
         <kind>object</kind>
         <file>BasicModule.obj</file>
         <name>BasicModule.obj</name>
      </input_file>
      <input_file id="fl-5">
         <path>.\ProjectSource\</path>
         <kind>object</kind>
         <file>CAN.obj</file>
         <name>CAN.obj</name>
      </input_file>
      <input_file id="fl-6">
         <path>.\ProjectSource\</path>
         <kind>object</kind>
         <file>ConfigADC.obj</file>
         <name>ConfigADC.obj</name>
      </input_file>
      <input_file id="fl-7">
         <path>.\ProjectSource\</path>
         <kind>object</kind>
         <file>DeviceIO.obj</file>
         <name>DeviceIO.obj</name>
      </input_file>
      <input_file id="fl-8">
         <path>.\ProjectSource\</path>
         <kind>object</kind>
         <file>DeviceNet.obj</file>
         <name>DeviceNet.obj</name>
      </input_file>
      <input_file id="fl-9">
         <path>.\ProjectSource\</path>
         <kind>object</kind>
         <file>ECAP.obj</file>
         <name>ECAP.obj</name>
      </input_file>
      <input_file id="fl-a">
         <path>.\ProjectSource\</path>
         <kind>object</kind>
         <file>MonitorCalculate.obj</file>
         <name>MonitorCalculate.obj</name>
      </input_file>
      <input_file id="fl-b">
         <path>.\ProjectSource\</path>
         <kind>object</kind>
         <file>PwmTimer.obj</file>
         <name>PwmTimer.obj</name>
      </input_file>
      <input_file id="fl-c">
         <path>.\ProjectSource\</path>
         <kind>object</kind>
         <file>RefParameter.obj</file>
         <name>RefParameter.obj</name>
      </input_file>
      <input_file id="fl-d">
         <path>.\ProjectSource\</path>
         <kind>object</kind>
         <file>SampleProcess.obj</file>
         <name>SampleProcess.obj</name>
      </input_file>
      <input_file id="fl-e">
         <path>.\ProjectSource\</path>
         <kind>object</kind>
         <file>SoftI2C.obj</file>
         <name>SoftI2C.obj</name>
      </input_file>
      <input_file id="fl-f">
         <path>.\ProjectSource\</path>
         <kind>object</kind>
         <file>Timer.obj</file>
         <name>Timer.obj</name>
      </input_file>
      <input_file id="fl-10">
         <path>.\source\</path>
         <kind>object</kind>
         <file>F2806x_Adc.obj</file>
         <name>F2806x_Adc.obj</name>
      </input_file>
      <input_file id="fl-11">
         <path>.\source\</path>
         <kind>object</kind>
         <file>F2806x_CodeStartBranch.obj</file>
         <name>F2806x_CodeStartBranch.obj</name>
      </input_file>
      <input_file id="fl-12">
         <path>.\source\</path>
         <kind>object</kind>
         <file>F2806x_CpuTimers.obj</file>
         <name>F2806x_CpuTimers.obj</name>
      </input_file>
      <input_file id="fl-13">
         <path>.\source\</path>
         <kind>object</kind>
         <file>F2806x_DefaultIsr.obj</file>
         <name>F2806x_DefaultIsr.obj</name>
      </input_file>
      <input_file id="fl-14">
         <path>.\source\</path>
         <kind>object</kind>
         <file>F2806x_DisInt.obj</file>
         <name>F2806x_DisInt.obj</name>
      </input_file>
      <input_file id="fl-15">
         <path>.\source\</path>
         <kind>object</kind>
         <file>F2806x_ECan.obj</file>
         <name>F2806x_ECan.obj</name>
      </input_file>
      <input_file id="fl-16">
         <path>.\source\</path>
         <kind>object</kind>
         <file>F2806x_ECap.obj</file>
         <name>F2806x_ECap.obj</name>
      </input_file>
      <input_file id="fl-17">
         <path>.\source\</path>
         <kind>object</kind>
         <file>F2806x_GlobalVariableDefs.obj</file>
         <name>F2806x_GlobalVariableDefs.obj</name>
      </input_file>
      <input_file id="fl-18">
         <path>.\source\</path>
         <kind>object</kind>
         <file>F2806x_OscComp.obj</file>
         <name>F2806x_OscComp.obj</name>
      </input_file>
      <input_file id="fl-19">
         <path>.\source\</path>
         <kind>object</kind>
         <file>F2806x_PieCtrl.obj</file>
         <name>F2806x_PieCtrl.obj</name>
      </input_file>
      <input_file id="fl-1a">
         <path>.\source\</path>
         <kind>object</kind>
         <file>F2806x_PieVect.obj</file>
         <name>F2806x_PieVect.obj</name>
      </input_file>
      <input_file id="fl-1b">
         <path>.\source\</path>
         <kind>object</kind>
         <file>F2806x_Sci.obj</file>
         <name>F2806x_Sci.obj</name>
      </input_file>
      <input_file id="fl-1c">
         <path>.\source\</path>
         <kind>object</kind>
         <file>F2806x_SysCtrl.obj</file>
         <name>F2806x_SysCtrl.obj</name>
      </input_file>
      <input_file id="fl-1d">
         <path>.\source\</path>
         <kind>object</kind>
         <file>F2806x_usDelay.obj</file>
         <name>F2806x_usDelay.obj</name>
      </input_file>
      <input_file id="fl-1e">
         <path>.\withFFT\</path>
         <kind>object</kind>
         <file>withFFTmain.obj</file>
         <name>withFFTmain.obj</name>
      </input_file>
      <input_file id="fl-2d">
         <path>D:\Program Files (x86)\TI\ccsv6\tools\compiler\c2000_15.12.3.LTS\lib\</path>
         <kind>archive</kind>
         <file>rts2800_fpu32.lib</file>
         <name>fd_div.obj</name>
      </input_file>
      <input_file id="fl-2e">
         <path>D:\Program Files (x86)\TI\ccsv6\tools\compiler\c2000_15.12.3.LTS\lib\</path>
         <kind>archive</kind>
         <file>rts2800_fpu32.lib</file>
         <name>fd_mpy.obj</name>
      </input_file>
      <input_file id="fl-2f">
         <path>D:\Program Files (x86)\TI\ccsv6\tools\compiler\c2000_15.12.3.LTS\lib\</path>
         <kind>archive</kind>
         <file>rts2800_fpu32.lib</file>
         <name>fd_sub.obj</name>
      </input_file>
      <input_file id="fl-30">
         <path>D:\Program Files (x86)\TI\ccsv6\tools\compiler\c2000_15.12.3.LTS\lib\</path>
         <kind>archive</kind>
         <file>rts2800_fpu32.lib</file>
         <name>fd_add.obj</name>
      </input_file>
      <input_file id="fl-31">
         <path>D:\Program Files (x86)\TI\ccsv6\tools\compiler\c2000_15.12.3.LTS\lib\</path>
         <kind>archive</kind>
         <file>rts2800_fpu32.lib</file>
         <name>fd_toul.obj</name>
      </input_file>
      <input_file id="fl-32">
         <path>..\lib\</path>
         <kind>archive</kind>
         <file>rts2800_fpu32_fast_supplement.lib</file>
         <name>div_f32.obj</name>
      </input_file>
      <input_file id="fl-33">
         <path>D:\Program Files (x86)\TI\ccsv6\tools\compiler\c2000_15.12.3.LTS\lib\</path>
         <kind>archive</kind>
         <file>rts2800_fpu32.lib</file>
         <name>u_tofd.obj</name>
      </input_file>
      <input_file id="fl-34">
         <path>..\lib\</path>
         <kind>archive</kind>
         <file>C28x_FPU_Lib.lib</file>
         <name>RFFT_f32.obj</name>
      </input_file>
      <input_file id="fl-35">
         <path>..\lib\</path>
         <kind>archive</kind>
         <file>C28x_FPU_Lib.lib</file>
         <name>RFFT_f32_sincostable.obj</name>
      </input_file>
      <input_file id="fl-36">
         <path>..\lib\</path>
         <kind>archive</kind>
         <file>rts2800_fpu32_fast_supplement.lib</file>
         <name>atan_f32.obj</name>
      </input_file>
      <input_file id="fl-37">
         <path>..\lib\</path>
         <kind>archive</kind>
         <file>rts2800_fpu32_fast_supplement.lib</file>
         <name>FPUmathTables.obj</name>
      </input_file>
      <input_file id="fl-38">
         <path>D:\Program Files (x86)\TI\ccsv6\tools\compiler\c2000_15.12.3.LTS\lib\</path>
         <kind>archive</kind>
         <file>rts2800_fpu32.lib</file>
         <name>boot.obj</name>
      </input_file>
      <input_file id="fl-39">
         <path>D:\Program Files (x86)\TI\ccsv6\tools\compiler\c2000_15.12.3.LTS\lib\</path>
         <kind>archive</kind>
         <file>rts2800_fpu32.lib</file>
         <name>args_main.obj</name>
      </input_file>
      <input_file id="fl-3a">
         <path>D:\Program Files (x86)\TI\ccsv6\tools\compiler\c2000_15.12.3.LTS\lib\</path>
         <kind>archive</kind>
         <file>rts2800_fpu32.lib</file>
         <name>startup.obj</name>
      </input_file>
      <input_file id="fl-3b">
         <path>D:\Program Files (x86)\TI\ccsv6\tools\compiler\c2000_15.12.3.LTS\lib\</path>
         <kind>archive</kind>
         <file>rts2800_fpu32.lib</file>
         <name>pre_init.obj</name>
      </input_file>
      <input_file id="fl-3c">
         <path>D:\Program Files (x86)\TI\ccsv6\tools\compiler\c2000_15.12.3.LTS\lib\</path>
         <kind>archive</kind>
         <file>rts2800_fpu32.lib</file>
         <name>cpy_tbl.obj</name>
      </input_file>
      <input_file id="fl-3d">
         <path>..\lib\</path>
         <kind>archive</kind>
         <file>rts2800_fpu32_fast_supplement.lib</file>
         <name>cos_f32.obj</name>
      </input_file>
      <input_file id="fl-3e">
         <path>D:\Program Files (x86)\TI\ccsv6\tools\compiler\c2000_15.12.3.LTS\lib\</path>
         <kind>archive</kind>
         <file>rts2800_fpu32.lib</file>
         <name>cpy_utils.obj</name>
      </input_file>
      <input_file id="fl-3f">
         <path>D:\Program Files (x86)\TI\ccsv6\tools\compiler\c2000_15.12.3.LTS\lib\</path>
         <kind>archive</kind>
         <file>rts2800_fpu32.lib</file>
         <name>epilog.obj</name>
      </input_file>
      <input_file id="fl-40">
         <path>D:\Program Files (x86)\TI\ccsv6\tools\compiler\c2000_15.12.3.LTS\lib\</path>
         <kind>archive</kind>
         <file>rts2800_fpu32.lib</file>
         <name>exit.obj</name>
      </input_file>
      <input_file id="fl-41">
         <path>D:\Program Files (x86)\TI\ccsv6\tools\compiler\c2000_15.12.3.LTS\lib\</path>
         <kind>archive</kind>
         <file>rts2800_fpu32.lib</file>
         <name>_lock.obj</name>
      </input_file>
      <input_file id="fl-42">
         <path>D:\Program Files (x86)\TI\ccsv6\tools\compiler\c2000_15.12.3.LTS\lib\</path>
         <kind>archive</kind>
         <file>rts2800_fpu32.lib</file>
         <name>memcpy.obj</name>
      </input_file>
      <input_file id="fl-43">
         <path>D:\Program Files (x86)\TI\ccsv6\tools\compiler\c2000_15.12.3.LTS\lib\</path>
         <kind>archive</kind>
         <file>rts2800_fpu32.lib</file>
         <name>prolog.obj</name>
      </input_file>
      <input_file id="fl-44">
         <path>..\lib\</path>
         <kind>archive</kind>
         <file>rts2800_fpu32_fast_supplement.lib</file>
         <name>sin_f32.obj</name>
      </input_file>
      <input_file id="fl-45">
         <path>..\lib\</path>
         <kind>archive</kind>
         <file>rts2800_fpu32_fast_supplement.lib</file>
         <name>sqrt_f32.obj</name>
      </input_file>
   </input_file_list>
   <object_component_list>
      <object_component id="oc-7f">
         <name>.cinit</name>
         <load_address>0x3f74d1</load_address>
         <run_address>0x3f74d1</run_address>
         <size>0x35</size>
         <input_file_ref idref="fl-8"/>
      </object_component>
      <object_component id="oc-a8">
         <name>.cinit</name>
         <load_address>0x3f7506</load_address>
         <run_address>0x3f7506</run_address>
         <size>0x22</size>
         <input_file_ref idref="fl-d"/>
      </object_component>
      <object_component id="oc-59">
         <name>.cinit</name>
         <load_address>0x3f7528</load_address>
         <run_address>0x3f7528</run_address>
         <size>0x18</size>
         <input_file_ref idref="fl-2"/>
      </object_component>
      <object_component id="oc-60">
         <name>.cinit</name>
         <load_address>0x3f7540</load_address>
         <run_address>0x3f7540</run_address>
         <size>0x15</size>
         <input_file_ref idref="fl-3"/>
      </object_component>
      <object_component id="oc-192">
         <name>.cinit</name>
         <load_address>0x3f7555</load_address>
         <run_address>0x3f7555</run_address>
         <size>0xe</size>
         <input_file_ref idref="fl-40"/>
      </object_component>
      <object_component id="oc-b0">
         <name>.cinit</name>
         <load_address>0x3f7563</load_address>
         <run_address>0x3f7563</run_address>
         <size>0xc</size>
         <input_file_ref idref="fl-e"/>
      </object_component>
      <object_component id="oc-6d">
         <name>.cinit</name>
         <load_address>0x3f756f</load_address>
         <run_address>0x3f756f</run_address>
         <size>0x9</size>
         <input_file_ref idref="fl-5"/>
      </object_component>
      <object_component id="oc-87">
         <name>.cinit</name>
         <load_address>0x3f7578</load_address>
         <run_address>0x3f7578</run_address>
         <size>0x9</size>
         <input_file_ref idref="fl-9"/>
      </object_component>
      <object_component id="oc-a1">
         <name>.cinit</name>
         <load_address>0x3f7581</load_address>
         <run_address>0x3f7581</run_address>
         <size>0x8</size>
         <input_file_ref idref="fl-c"/>
      </object_component>
      <object_component id="oc-1bd">
         <name>.cinit:__lock</name>
         <load_address>0x3f7589</load_address>
         <run_address>0x3f7589</run_address>
         <size>0x5</size>
         <input_file_ref idref="fl-41"/>
      </object_component>
      <object_component id="oc-1cc">
         <name>.cinit:__unlock</name>
         <load_address>0x3f758e</load_address>
         <run_address>0x3f758e</run_address>
         <size>0x5</size>
         <input_file_ref idref="fl-41"/>
      </object_component>
      <object_component id="oc-8f">
         <name>.cinit</name>
         <load_address>0x3f7593</load_address>
         <run_address>0x3f7593</run_address>
         <size>0x4</size>
         <input_file_ref idref="fl-a"/>
      </object_component>
      <object_component id="oc-1c1">
         <name>.text</name>
         <load_address>0x3f4000</load_address>
         <run_address>0x3f4000</run_address>
         <size>0xccd</size>
         <input_file_ref idref="fl-c"/>
      </object_component>
      <object_component id="oc-1ba">
         <name>.text</name>
         <load_address>0x3f4ccd</load_address>
         <run_address>0x3f4ccd</run_address>
         <size>0x51b</size>
         <input_file_ref idref="fl-a"/>
      </object_component>
      <object_component id="oc-1b5">
         <name>.text</name>
         <load_address>0x3f51e8</load_address>
         <run_address>0x3f51e8</run_address>
         <size>0x416</size>
         <input_file_ref idref="fl-8"/>
      </object_component>
      <object_component id="oc-ce">
         <name>.text:retain</name>
         <load_address>0x3f55fe</load_address>
         <run_address>0x3f55fe</run_address>
         <size>0x39b</size>
         <input_file_ref idref="fl-13"/>
      </object_component>
      <object_component id="oc-1be">
         <name>.text</name>
         <load_address>0x3f5999</load_address>
         <run_address>0x3f5999</run_address>
         <size>0x34d</size>
         <input_file_ref idref="fl-3"/>
      </object_component>
      <object_component id="oc-1ce">
         <name>.text</name>
         <load_address>0x3f5ce6</load_address>
         <run_address>0x3f5ce6</run_address>
         <size>0x259</size>
         <input_file_ref idref="fl-e"/>
      </object_component>
      <object_component id="oc-1b6">
         <name>.text</name>
         <load_address>0x3f5f3f</load_address>
         <run_address>0x3f5f3f</run_address>
         <size>0x226</size>
         <input_file_ref idref="fl-2"/>
      </object_component>
      <object_component id="oc-1c8">
         <name>.text</name>
         <load_address>0x3f6165</load_address>
         <run_address>0x3f6165</run_address>
         <size>0x1eb</size>
         <input_file_ref idref="fl-10"/>
      </object_component>
      <object_component id="oc-1c2">
         <name>.text</name>
         <load_address>0x3f6350</load_address>
         <run_address>0x3f6350</run_address>
         <size>0x177</size>
         <input_file_ref idref="fl-1c"/>
      </object_component>
      <object_component id="oc-1b7">
         <name>.text</name>
         <load_address>0x3f64c7</load_address>
         <run_address>0x3f64c7</run_address>
         <size>0x15d</size>
         <input_file_ref idref="fl-b"/>
      </object_component>
      <object_component id="oc-9b">
         <name>.text:retain</name>
         <load_address>0x3f6624</load_address>
         <run_address>0x3f6624</run_address>
         <size>0x135</size>
         <input_file_ref idref="fl-b"/>
      </object_component>
      <object_component id="oc-1bf">
         <name>.text</name>
         <load_address>0x3f6759</load_address>
         <run_address>0x3f6759</run_address>
         <size>0x128</size>
         <input_file_ref idref="fl-5"/>
      </object_component>
      <object_component id="oc-1b1">
         <name>.text</name>
         <load_address>0x3f6881</load_address>
         <run_address>0x3f6881</run_address>
         <size>0x1</size>
         <input_file_ref idref="fl-3a"/>
      </object_component>
      <object_component id="oc-162">
         <name>.text</name>
         <load_address>0x3f6882</load_address>
         <run_address>0x3f6882</run_address>
         <size>0x11d</size>
         <input_file_ref idref="fl-34"/>
      </object_component>
      <object_component id="oc-6f">
         <name>.text:retain</name>
         <load_address>0x3f699f</load_address>
         <run_address>0x3f699f</run_address>
         <size>0xd1</size>
         <input_file_ref idref="fl-5"/>
      </object_component>
      <object_component id="oc-aa">
         <name>.text:retain</name>
         <load_address>0x3f6a70</load_address>
         <run_address>0x3f6a70</run_address>
         <size>0xb5</size>
         <input_file_ref idref="fl-d"/>
      </object_component>
      <object_component id="oc-14f">
         <name>.text</name>
         <load_address>0x3f6b25</load_address>
         <run_address>0x3f6b25</run_address>
         <size>0x9c</size>
         <input_file_ref idref="fl-30"/>
      </object_component>
      <object_component id="oc-1cd">
         <name>.text</name>
         <load_address>0x3f6bc1</load_address>
         <run_address>0x3f6bc1</run_address>
         <size>0x8e</size>
         <input_file_ref idref="fl-15"/>
      </object_component>
      <object_component id="oc-1bb">
         <name>.text</name>
         <load_address>0x3f6c4f</load_address>
         <run_address>0x3f6c4f</run_address>
         <size>0x8c</size>
         <input_file_ref idref="fl-1e"/>
      </object_component>
      <object_component id="oc-140">
         <name>.text</name>
         <load_address>0x3f6cdb</load_address>
         <run_address>0x3f6cdb</run_address>
         <size>0x8b</size>
         <input_file_ref idref="fl-2d"/>
      </object_component>
      <object_component id="oc-145">
         <name>.text</name>
         <load_address>0x3f6d66</load_address>
         <run_address>0x3f6d66</run_address>
         <size>0x83</size>
         <input_file_ref idref="fl-2e"/>
      </object_component>
      <object_component id="oc-163">
         <name>.text</name>
         <load_address>0x3f6de9</load_address>
         <run_address>0x3f6de9</run_address>
         <size>0x70</size>
         <input_file_ref idref="fl-35"/>
      </object_component>
      <object_component id="oc-89">
         <name>.text:retain</name>
         <load_address>0x3f6e59</load_address>
         <run_address>0x3f6e59</run_address>
         <size>0x6b</size>
         <input_file_ref idref="fl-9"/>
      </object_component>
      <object_component id="oc-1c3">
         <name>.text</name>
         <load_address>0x3f6ec4</load_address>
         <run_address>0x3f6ec4</run_address>
         <size>0x68</size>
         <input_file_ref idref="fl-7"/>
      </object_component>
      <object_component id="oc-1b9">
         <name>.text</name>
         <load_address>0x3f6f2c</load_address>
         <run_address>0x3f6f2c</run_address>
         <size>0x61</size>
         <input_file_ref idref="fl-12"/>
      </object_component>
      <object_component id="oc-1b8">
         <name>.text</name>
         <load_address>0x3f6f8d</load_address>
         <run_address>0x3f6f8d</run_address>
         <size>0x5d</size>
         <input_file_ref idref="fl-6"/>
      </object_component>
      <object_component id="oc-57">
         <name>.text</name>
         <load_address>0x3f6fea</load_address>
         <run_address>0x3f6fea</run_address>
         <size>0x56</size>
         <input_file_ref idref="fl-38"/>
      </object_component>
      <object_component id="oc-164">
         <name>.text</name>
         <load_address>0x3f7040</load_address>
         <run_address>0x3f7040</run_address>
         <size>0x4a</size>
         <input_file_ref idref="fl-36"/>
      </object_component>
      <object_component id="oc-1b0">
         <name>.text</name>
         <load_address>0x3f708a</load_address>
         <run_address>0x3f708a</run_address>
         <size>0x46</size>
         <input_file_ref idref="fl-3c"/>
      </object_component>
      <object_component id="oc-1b4">
         <name>.text</name>
         <load_address>0x3f70d0</load_address>
         <run_address>0x3f70d0</run_address>
         <size>0x45</size>
         <input_file_ref idref="fl-4"/>
      </object_component>
      <object_component id="oc-1c9">
         <name>.text</name>
         <load_address>0x3f7115</load_address>
         <run_address>0x3f7115</run_address>
         <size>0x3a</size>
         <input_file_ref idref="fl-d"/>
      </object_component>
      <object_component id="oc-1ca">
         <name>.text</name>
         <load_address>0x3f714f</load_address>
         <run_address>0x3f714f</run_address>
         <size>0x34</size>
         <input_file_ref idref="fl-9"/>
      </object_component>
      <object_component id="oc-183">
         <name>.text</name>
         <load_address>0x3f7183</load_address>
         <run_address>0x3f7183</run_address>
         <size>0x34</size>
         <input_file_ref idref="fl-3d"/>
      </object_component>
      <object_component id="oc-1a7">
         <name>.text</name>
         <load_address>0x3f71b7</load_address>
         <run_address>0x3f71b7</run_address>
         <size>0x34</size>
         <input_file_ref idref="fl-44"/>
      </object_component>
      <object_component id="oc-1d0">
         <name>.text</name>
         <load_address>0x3f71eb</load_address>
         <run_address>0x3f71eb</run_address>
         <size>0x2e</size>
         <input_file_ref idref="fl-16"/>
      </object_component>
      <object_component id="oc-1b3">
         <name>.text</name>
         <load_address>0x3f7219</load_address>
         <run_address>0x3f7219</run_address>
         <size>0x29</size>
         <input_file_ref idref="fl-40"/>
      </object_component>
      <object_component id="oc-1c4">
         <name>.text</name>
         <load_address>0x3f7242</load_address>
         <run_address>0x3f7242</run_address>
         <size>0x28</size>
         <input_file_ref idref="fl-19"/>
      </object_component>
      <object_component id="oc-1ab">
         <name>.text</name>
         <load_address>0x3f726a</load_address>
         <run_address>0x3f726a</run_address>
         <size>0x21</size>
         <input_file_ref idref="fl-45"/>
      </object_component>
      <object_component id="oc-1c6">
         <name>.text</name>
         <load_address>0x3f728b</load_address>
         <run_address>0x3f728b</run_address>
         <size>0x1e</size>
         <input_file_ref idref="fl-42"/>
      </object_component>
      <object_component id="oc-1c0">
         <name>.text</name>
         <load_address>0x3f72a9</load_address>
         <run_address>0x3f72a9</run_address>
         <size>0x1b</size>
         <input_file_ref idref="fl-f"/>
      </object_component>
      <object_component id="oc-154">
         <name>.text</name>
         <load_address>0x3f72c4</load_address>
         <run_address>0x3f72c4</run_address>
         <size>0x1b</size>
         <input_file_ref idref="fl-31"/>
      </object_component>
      <object_component id="oc-187">
         <name>.text</name>
         <load_address>0x3f72df</load_address>
         <run_address>0x3f72df</run_address>
         <size>0x1a</size>
         <input_file_ref idref="fl-3e"/>
      </object_component>
      <object_component id="oc-1b2">
         <name>.text</name>
         <load_address>0x3f72f9</load_address>
         <run_address>0x3f72f9</run_address>
         <size>0x19</size>
         <input_file_ref idref="fl-39"/>
      </object_component>
      <object_component id="oc-1a2">
         <name>.text</name>
         <load_address>0x3f7312</load_address>
         <run_address>0x3f7312</run_address>
         <size>0x19</size>
         <input_file_ref idref="fl-43"/>
      </object_component>
      <object_component id="oc-159">
         <name>.text</name>
         <load_address>0x3f732b</load_address>
         <run_address>0x3f732b</run_address>
         <size>0x19</size>
         <input_file_ref idref="fl-32"/>
      </object_component>
      <object_component id="oc-15d">
         <name>.text</name>
         <load_address>0x3f7344</load_address>
         <run_address>0x3f7344</run_address>
         <size>0x17</size>
         <input_file_ref idref="fl-33"/>
      </object_component>
      <object_component id="oc-b7">
         <name>.text:retain</name>
         <load_address>0x3f735b</load_address>
         <run_address>0x3f735b</run_address>
         <size>0x16</size>
         <input_file_ref idref="fl-f"/>
      </object_component>
      <object_component id="oc-1c5">
         <name>.text</name>
         <load_address>0x3f7371</load_address>
         <run_address>0x3f7371</run_address>
         <size>0x14</size>
         <input_file_ref idref="fl-1a"/>
      </object_component>
      <object_component id="oc-14a">
         <name>.text</name>
         <load_address>0x3f7385</load_address>
         <run_address>0x3f7385</run_address>
         <size>0xe</size>
         <input_file_ref idref="fl-2f"/>
      </object_component>
      <object_component id="oc-18c">
         <name>.text</name>
         <load_address>0x3f7393</load_address>
         <run_address>0x3f7393</run_address>
         <size>0xc</size>
         <input_file_ref idref="fl-3f"/>
      </object_component>
      <object_component id="oc-1cb">
         <name>.text</name>
         <load_address>0x3f739f</load_address>
         <run_address>0x3f739f</run_address>
         <size>0x9</size>
         <input_file_ref idref="fl-41"/>
      </object_component>
      <object_component id="oc-c1">
         <name>.text</name>
         <load_address>0x3f73a8</load_address>
         <run_address>0x3f73a8</run_address>
         <size>0x8</size>
         <input_file_ref idref="fl-11"/>
      </object_component>
      <object_component id="oc-d3">
         <name>.text</name>
         <load_address>0x3f73b0</load_address>
         <run_address>0x3f73b0</run_address>
         <size>0x7</size>
         <input_file_ref idref="fl-14"/>
      </object_component>
      <object_component id="oc-1af">
         <name>.text</name>
         <load_address>0x3f73b7</load_address>
         <run_address>0x3f73b7</run_address>
         <size>0x2</size>
         <input_file_ref idref="fl-3b"/>
      </object_component>
      <object_component id="oc-c2">
         <name>codestart</name>
         <load_address>0x3f7ff6</load_address>
         <run_address>0x3f7ff6</run_address>
         <size>0x2</size>
         <input_file_ref idref="fl-11"/>
      </object_component>
      <object_component id="oc-1c7">
         <name>ramfuncs</name>
         <load_address>0x3e8000</load_address>
         <run_address>0x8000</run_address>
         <size>0x1b</size>
         <input_file_ref idref="fl-1c"/>
      </object_component>
      <object_component id="oc-136">
         <name>ramfuncs</name>
         <load_address>0x3e801b</load_address>
         <run_address>0x801b</run_address>
         <size>0x4</size>
         <input_file_ref idref="fl-1d"/>
      </object_component>
      <object_component id="oc-169">
         <name>.stack</name>
         <uninitialized>true</uninitialized>
         <run_address>0x50</run_address>
         <size>0x0</size>
         <input_file_ref idref="fl-38"/>
      </object_component>
      <object_component id="oc-231">
         <name>.stack</name>
         <uninitialized>true</uninitialized>
         <run_address>0x50</run_address>
         <size>0x0</size>
      </object_component>
      <object_component id="oc-5a">
         <name>.ebss</name>
         <uninitialized>true</uninitialized>
         <run_address>0xa59a</run_address>
         <size>0x16</size>
         <input_file_ref idref="fl-2"/>
      </object_component>
      <object_component id="oc-61">
         <name>.ebss</name>
         <uninitialized>true</uninitialized>
         <run_address>0xa2ec</run_address>
         <size>0x10</size>
         <input_file_ref idref="fl-3"/>
      </object_component>
      <object_component id="oc-6e">
         <name>.ebss</name>
         <uninitialized>true</uninitialized>
         <run_address>0xa6a6</run_address>
         <size>0xc</size>
         <input_file_ref idref="fl-5"/>
      </object_component>
      <object_component id="oc-80">
         <name>.ebss</name>
         <uninitialized>true</uninitialized>
         <run_address>0xa5c0</run_address>
         <size>0xe5</size>
         <input_file_ref idref="fl-8"/>
      </object_component>
      <object_component id="oc-88">
         <name>.ebss</name>
         <uninitialized>true</uninitialized>
         <run_address>0xa5b0</run_address>
         <size>0x10</size>
         <input_file_ref idref="fl-9"/>
      </object_component>
      <object_component id="oc-90">
         <name>.ebss</name>
         <uninitialized>true</uninitialized>
         <run_address>0xa6c0</run_address>
         <size>0x82</size>
         <input_file_ref idref="fl-a"/>
      </object_component>
      <object_component id="oc-9a">
         <name>.ebss</name>
         <uninitialized>true</uninitialized>
         <run_address>0xa6b2</run_address>
         <size>0xc</size>
         <input_file_ref idref="fl-b"/>
      </object_component>
      <object_component id="oc-a2">
         <name>.ebss</name>
         <uninitialized>true</uninitialized>
         <run_address>0xa000</run_address>
         <size>0x2ec</size>
         <input_file_ref idref="fl-c"/>
      </object_component>
      <object_component id="oc-a9">
         <name>.ebss</name>
         <uninitialized>true</uninitialized>
         <run_address>0xa300</run_address>
         <size>0x282</size>
         <input_file_ref idref="fl-d"/>
      </object_component>
      <object_component id="oc-b1">
         <name>.ebss</name>
         <uninitialized>true</uninitialized>
         <run_address>0xa2fc</run_address>
         <size>0x3</size>
         <input_file_ref idref="fl-e"/>
      </object_component>
      <object_component id="oc-c8">
         <name>.ebss</name>
         <uninitialized>true</uninitialized>
         <run_address>0xa582</run_address>
         <size>0x18</size>
         <input_file_ref idref="fl-12"/>
      </object_component>
      <object_component id="oc-193">
         <name>.ebss</name>
         <uninitialized>true</uninitialized>
         <run_address>0xa742</run_address>
         <size>0x6</size>
         <input_file_ref idref="fl-40"/>
      </object_component>
      <object_component id="oc-1d1">
         <name>.ebss:__unlock</name>
         <uninitialized>true</uninitialized>
         <run_address>0xa748</run_address>
         <size>0x2</size>
         <input_file_ref idref="fl-41"/>
      </object_component>
      <object_component id="oc-1bc">
         <name>.ebss:__lock</name>
         <uninitialized>true</uninitialized>
         <run_address>0xa6be</run_address>
         <size>0x2</size>
         <input_file_ref idref="fl-41"/>
      </object_component>
      <object_component id="oc-1cf">
         <name>.econst:_PieVectTableInit</name>
         <load_address>0x3f73ba</load_address>
         <run_address>0x3f73ba</run_address>
         <size>0x100</size>
         <input_file_ref idref="fl-1a"/>
      </object_component>
      <object_component id="oc-67">
         <name>.econst</name>
         <load_address>0x3f74ba</load_address>
         <run_address>0x3f74ba</run_address>
         <size>0x10</size>
         <input_file_ref idref="fl-4"/>
      </object_component>
      <object_component id="oc-81">
         <name>.econst:.string</name>
         <load_address>0x3f74ca</load_address>
         <run_address>0x3f74ca</run_address>
         <size>0x7</size>
         <input_file_ref idref="fl-8"/>
      </object_component>
      <object_component id="oc-94">
         <name>RFFTdata1</name>
         <uninitialized>true</uninitialized>
         <run_address>0xc000</run_address>
         <size>0x80</size>
         <input_file_ref idref="fl-a"/>
      </object_component>
      <object_component id="oc-92">
         <name>RFFTdata2</name>
         <uninitialized>true</uninitialized>
         <run_address>0xe000</run_address>
         <size>0x80</size>
         <input_file_ref idref="fl-a"/>
      </object_component>
      <object_component id="oc-91">
         <name>RFFTdata3</name>
         <uninitialized>true</uninitialized>
         <run_address>0x10000</run_address>
         <size>0x42</size>
         <input_file_ref idref="fl-a"/>
      </object_component>
      <object_component id="oc-93">
         <name>RFFTdata4</name>
         <uninitialized>true</uninitialized>
         <run_address>0x12000</run_address>
         <size>0x80</size>
         <input_file_ref idref="fl-a"/>
      </object_component>
      <object_component id="oc-168">
         <name>FPUmathTables</name>
         <load_address>0x3fd860</load_address>
         <run_address>0x3fd860</run_address>
         <size>0x6a0</size>
         <input_file_ref idref="fl-37"/>
      </object_component>
      <object_component id="oc-16a">
         <name>.reset</name>
         <load_address>0x3fffc0</load_address>
         <run_address>0x3fffc0</run_address>
         <size>0x2</size>
         <input_file_ref idref="fl-38"/>
      </object_component>
      <object_component id="oc-119">
         <name>PieVectTableFile</name>
         <uninitialized>true</uninitialized>
         <run_address>0xd00</run_address>
         <size>0x100</size>
         <input_file_ref idref="fl-17"/>
      </object_component>
      <object_component id="oc-e4">
         <name>EmuKeyVar</name>
         <uninitialized>true</uninitialized>
         <run_address>0xd00</run_address>
         <size>0x1</size>
         <input_file_ref idref="fl-17"/>
      </object_component>
      <object_component id="oc-e5">
         <name>EmuBModeVar</name>
         <uninitialized>true</uninitialized>
         <run_address>0xd01</run_address>
         <size>0x1</size>
         <input_file_ref idref="fl-17"/>
      </object_component>
      <object_component id="oc-e6">
         <name>FlashCallbackVar</name>
         <uninitialized>true</uninitialized>
         <run_address>0xd02</run_address>
         <size>0x2</size>
         <input_file_ref idref="fl-17"/>
      </object_component>
      <object_component id="oc-e7">
         <name>FlashScalingVar</name>
         <uninitialized>true</uninitialized>
         <run_address>0xd04</run_address>
         <size>0x2</size>
         <input_file_ref idref="fl-17"/>
      </object_component>
      <object_component id="oc-e9">
         <name>DevEmuRegsFile</name>
         <uninitialized>true</uninitialized>
         <run_address>0x880</run_address>
         <size>0x4</size>
         <input_file_ref idref="fl-17"/>
      </object_component>
      <object_component id="oc-e8">
         <name>SysPwrCtrlRegsFile</name>
         <uninitialized>true</uninitialized>
         <run_address>0x985</run_address>
         <size>0x3</size>
         <input_file_ref idref="fl-17"/>
      </object_component>
      <object_component id="oc-ea">
         <name>FlashRegsFile</name>
         <uninitialized>true</uninitialized>
         <run_address>0xa80</run_address>
         <size>0x8</size>
         <input_file_ref idref="fl-17"/>
      </object_component>
      <object_component id="oc-f4">
         <name>CsmRegsFile</name>
         <uninitialized>true</uninitialized>
         <run_address>0xae0</run_address>
         <size>0x10</size>
         <input_file_ref idref="fl-17"/>
      </object_component>
      <object_component id="oc-f1">
         <name>AdcResultFile</name>
         <uninitialized>true</uninitialized>
         <run_address>0xb00</run_address>
         <size>0x10</size>
         <input_file_ref idref="fl-17"/>
      </object_component>
      <object_component id="oc-eb">
         <name>CpuTimer0RegsFile</name>
         <uninitialized>true</uninitialized>
         <run_address>0xc00</run_address>
         <size>0x8</size>
         <input_file_ref idref="fl-17"/>
      </object_component>
      <object_component id="oc-ee">
         <name>CpuTimer1RegsFile</name>
         <uninitialized>true</uninitialized>
         <run_address>0xc08</run_address>
         <size>0x8</size>
         <input_file_ref idref="fl-17"/>
      </object_component>
      <object_component id="oc-ec">
         <name>CpuTimer2RegsFile</name>
         <uninitialized>true</uninitialized>
         <run_address>0xc10</run_address>
         <size>0x8</size>
         <input_file_ref idref="fl-17"/>
      </object_component>
      <object_component id="oc-fa">
         <name>PieCtrlRegsFile</name>
         <uninitialized>true</uninitialized>
         <run_address>0xce0</run_address>
         <size>0x1a</size>
         <input_file_ref idref="fl-17"/>
      </object_component>
      <object_component id="oc-10f">
         <name>Cla1RegsFile</name>
         <uninitialized>true</uninitialized>
         <run_address>0x1400</run_address>
         <size>0x40</size>
         <input_file_ref idref="fl-17"/>
      </object_component>
      <object_component id="oc-118">
         <name>DmaRegsFile</name>
         <uninitialized>true</uninitialized>
         <run_address>0x1000</run_address>
         <size>0xe0</size>
         <input_file_ref idref="fl-17"/>
      </object_component>
      <object_component id="oc-109">
         <name>ECanaRegsFile</name>
         <uninitialized>true</uninitialized>
         <run_address>0x6000</run_address>
         <size>0x34</size>
         <input_file_ref idref="fl-17"/>
      </object_component>
      <object_component id="oc-10d">
         <name>ECanaLAMRegsFile</name>
         <uninitialized>true</uninitialized>
         <run_address>0x6040</run_address>
         <size>0x40</size>
         <input_file_ref idref="fl-17"/>
      </object_component>
      <object_component id="oc-11a">
         <name>ECanaMboxesFile</name>
         <uninitialized>true</uninitialized>
         <run_address>0x6100</run_address>
         <size>0x100</size>
         <input_file_ref idref="fl-17"/>
      </object_component>
      <object_component id="oc-10e">
         <name>ECanaMOTSRegsFile</name>
         <uninitialized>true</uninitialized>
         <run_address>0x6080</run_address>
         <size>0x40</size>
         <input_file_ref idref="fl-17"/>
      </object_component>
      <object_component id="oc-10a">
         <name>ECanaMOTORegsFile</name>
         <uninitialized>true</uninitialized>
         <run_address>0x60c0</run_address>
         <size>0x40</size>
         <input_file_ref idref="fl-17"/>
      </object_component>
      <object_component id="oc-102">
         <name>ECap1RegsFile</name>
         <uninitialized>true</uninitialized>
         <run_address>0x6a00</run_address>
         <size>0x20</size>
         <input_file_ref idref="fl-17"/>
      </object_component>
      <object_component id="oc-101">
         <name>ECap2RegsFile</name>
         <uninitialized>true</uninitialized>
         <run_address>0x6a20</run_address>
         <size>0x20</size>
         <input_file_ref idref="fl-17"/>
      </object_component>
      <object_component id="oc-103">
         <name>ECap3RegsFile</name>
         <uninitialized>true</uninitialized>
         <run_address>0x6a40</run_address>
         <size>0x20</size>
         <input_file_ref idref="fl-17"/>
      </object_component>
      <object_component id="oc-106">
         <name>EQep1RegsFile</name>
         <uninitialized>true</uninitialized>
         <run_address>0x6b00</run_address>
         <size>0x22</size>
         <input_file_ref idref="fl-17"/>
      </object_component>
      <object_component id="oc-104">
         <name>EQep2RegsFile</name>
         <uninitialized>true</uninitialized>
         <run_address>0x6b40</run_address>
         <size>0x22</size>
         <input_file_ref idref="fl-17"/>
      </object_component>
      <object_component id="oc-112">
         <name>GpioCtrlRegsFile</name>
         <uninitialized>true</uninitialized>
         <run_address>0x6f80</run_address>
         <size>0x40</size>
         <input_file_ref idref="fl-17"/>
      </object_component>
      <object_component id="oc-fc">
         <name>GpioDataRegsFile</name>
         <uninitialized>true</uninitialized>
         <run_address>0x6fc0</run_address>
         <size>0x20</size>
         <input_file_ref idref="fl-17"/>
      </object_component>
      <object_component id="oc-fb">
         <name>GpioIntRegsFile</name>
         <uninitialized>true</uninitialized>
         <run_address>0x6fe0</run_address>
         <size>0x20</size>
         <input_file_ref idref="fl-17"/>
      </object_component>
      <object_component id="oc-ff">
         <name>HRCap1RegsFile</name>
         <uninitialized>true</uninitialized>
         <run_address>0x6ac0</run_address>
         <size>0x20</size>
         <input_file_ref idref="fl-17"/>
      </object_component>
      <object_component id="oc-100">
         <name>HRCap2RegsFile</name>
         <uninitialized>true</uninitialized>
         <run_address>0x6ae0</run_address>
         <size>0x20</size>
         <input_file_ref idref="fl-17"/>
      </object_component>
      <object_component id="oc-fd">
         <name>HRCap3RegsFile</name>
         <uninitialized>true</uninitialized>
         <run_address>0x6c80</run_address>
         <size>0x20</size>
         <input_file_ref idref="fl-17"/>
      </object_component>
      <object_component id="oc-fe">
         <name>HRCap4RegsFile</name>
         <uninitialized>true</uninitialized>
         <run_address>0x6ca0</run_address>
         <size>0x20</size>
         <input_file_ref idref="fl-17"/>
      </object_component>
      <object_component id="oc-108">
         <name>SysCtrlRegsFile</name>
         <uninitialized>true</uninitialized>
         <run_address>0x7010</run_address>
         <size>0x30</size>
         <input_file_ref idref="fl-17"/>
      </object_component>
      <object_component id="oc-f0">
         <name>SpiaRegsFile</name>
         <uninitialized>true</uninitialized>
         <run_address>0x7040</run_address>
         <size>0x10</size>
         <input_file_ref idref="fl-17"/>
      </object_component>
      <object_component id="oc-f5">
         <name>SpibRegsFile</name>
         <uninitialized>true</uninitialized>
         <run_address>0x7740</run_address>
         <size>0x10</size>
         <input_file_ref idref="fl-17"/>
      </object_component>
      <object_component id="oc-f2">
         <name>SciaRegsFile</name>
         <uninitialized>true</uninitialized>
         <run_address>0x7050</run_address>
         <size>0x10</size>
         <input_file_ref idref="fl-17"/>
      </object_component>
      <object_component id="oc-ef">
         <name>ScibRegsFile</name>
         <uninitialized>true</uninitialized>
         <run_address>0x7750</run_address>
         <size>0x10</size>
         <input_file_ref idref="fl-17"/>
      </object_component>
      <object_component id="oc-f3">
         <name>NmiIntruptRegsFile</name>
         <uninitialized>true</uninitialized>
         <run_address>0x7060</run_address>
         <size>0x10</size>
         <input_file_ref idref="fl-17"/>
      </object_component>
      <object_component id="oc-f6">
         <name>XIntruptRegsFile</name>
         <uninitialized>true</uninitialized>
         <run_address>0x7070</run_address>
         <size>0x10</size>
         <input_file_ref idref="fl-17"/>
      </object_component>
      <object_component id="oc-117">
         <name>AdcRegsFile</name>
         <uninitialized>true</uninitialized>
         <run_address>0x7100</run_address>
         <size>0x50</size>
         <input_file_ref idref="fl-17"/>
      </object_component>
      <object_component id="oc-105">
         <name>I2caRegsFile</name>
         <uninitialized>true</uninitialized>
         <run_address>0x7900</run_address>
         <size>0x22</size>
         <input_file_ref idref="fl-17"/>
      </object_component>
      <object_component id="oc-f8">
         <name>Comp1RegsFile</name>
         <uninitialized>true</uninitialized>
         <run_address>0x6400</run_address>
         <size>0x14</size>
         <input_file_ref idref="fl-17"/>
      </object_component>
      <object_component id="oc-f7">
         <name>Comp2RegsFile</name>
         <uninitialized>true</uninitialized>
         <run_address>0x6420</run_address>
         <size>0x14</size>
         <input_file_ref idref="fl-17"/>
      </object_component>
      <object_component id="oc-f9">
         <name>Comp3RegsFile</name>
         <uninitialized>true</uninitialized>
         <run_address>0x6440</run_address>
         <size>0x14</size>
         <input_file_ref idref="fl-17"/>
      </object_component>
      <object_component id="oc-10c">
         <name>EPwm1RegsFile</name>
         <uninitialized>true</uninitialized>
         <run_address>0x6800</run_address>
         <size>0x40</size>
         <input_file_ref idref="fl-17"/>
      </object_component>
      <object_component id="oc-10b">
         <name>EPwm2RegsFile</name>
         <uninitialized>true</uninitialized>
         <run_address>0x6840</run_address>
         <size>0x40</size>
         <input_file_ref idref="fl-17"/>
      </object_component>
      <object_component id="oc-116">
         <name>EPwm3RegsFile</name>
         <uninitialized>true</uninitialized>
         <run_address>0x6880</run_address>
         <size>0x40</size>
         <input_file_ref idref="fl-17"/>
      </object_component>
      <object_component id="oc-114">
         <name>EPwm4RegsFile</name>
         <uninitialized>true</uninitialized>
         <run_address>0x68c0</run_address>
         <size>0x40</size>
         <input_file_ref idref="fl-17"/>
      </object_component>
      <object_component id="oc-115">
         <name>EPwm5RegsFile</name>
         <uninitialized>true</uninitialized>
         <run_address>0x6900</run_address>
         <size>0x40</size>
         <input_file_ref idref="fl-17"/>
      </object_component>
      <object_component id="oc-111">
         <name>EPwm6RegsFile</name>
         <uninitialized>true</uninitialized>
         <run_address>0x6940</run_address>
         <size>0x40</size>
         <input_file_ref idref="fl-17"/>
      </object_component>
      <object_component id="oc-110">
         <name>EPwm7RegsFile</name>
         <uninitialized>true</uninitialized>
         <run_address>0x6980</run_address>
         <size>0x40</size>
         <input_file_ref idref="fl-17"/>
      </object_component>
      <object_component id="oc-113">
         <name>EPwm8RegsFile</name>
         <uninitialized>true</uninitialized>
         <run_address>0x69c0</run_address>
         <size>0x40</size>
         <input_file_ref idref="fl-17"/>
      </object_component>
      <object_component id="oc-107">
         <name>McbspaRegsFile</name>
         <uninitialized>true</uninitialized>
         <run_address>0x5000</run_address>
         <size>0x24</size>
         <input_file_ref idref="fl-17"/>
      </object_component>
      <object_component id="oc-11b">
         <name>Usb0RegsFile</name>
         <uninitialized>true</uninitialized>
         <run_address>0x4000</run_address>
         <size>0x454</size>
         <input_file_ref idref="fl-17"/>
      </object_component>
      <object_component id="oc-ed">
         <name>CsmPwlFile</name>
         <uninitialized>true</uninitialized>
         <run_address>0x3f7ff8</run_address>
         <size>0x8</size>
         <input_file_ref idref="fl-17"/>
      </object_component>
      <object_component id="oc-e3">
         <name>PartIdRegsFile</name>
         <uninitialized>true</uninitialized>
         <run_address>0x3d7e80</run_address>
         <size>0x1</size>
         <input_file_ref idref="fl-17"/>
      </object_component>
      <object_component id="oc-58">
         <name>.debug_info</name>
         <load_address>0x0</load_address>
         <run_address>0x0</run_address>
         <size>0x1185</size>
         <input_file_ref idref="fl-2"/>
      </object_component>
      <object_component id="oc-5f">
         <name>.debug_info</name>
         <load_address>0x1185</load_address>
         <run_address>0x1185</run_address>
         <size>0x14b7</size>
         <input_file_ref idref="fl-3"/>
      </object_component>
      <object_component id="oc-66">
         <name>.debug_info</name>
         <load_address>0x263c</load_address>
         <run_address>0x263c</run_address>
         <size>0x534</size>
         <input_file_ref idref="fl-4"/>
      </object_component>
      <object_component id="oc-6c">
         <name>.debug_info</name>
         <load_address>0x2b70</load_address>
         <run_address>0x2b70</run_address>
         <size>0x5ea4</size>
         <input_file_ref idref="fl-5"/>
      </object_component>
      <object_component id="oc-74">
         <name>.debug_info</name>
         <load_address>0x8a14</load_address>
         <run_address>0x8a14</run_address>
         <size>0x3e95</size>
         <input_file_ref idref="fl-6"/>
      </object_component>
      <object_component id="oc-79">
         <name>.debug_info</name>
         <load_address>0xc8a9</load_address>
         <run_address>0xc8a9</run_address>
         <size>0x1ac4</size>
         <input_file_ref idref="fl-7"/>
      </object_component>
      <object_component id="oc-7e">
         <name>.debug_info</name>
         <load_address>0xe36d</load_address>
         <run_address>0xe36d</run_address>
         <size>0x3001</size>
         <input_file_ref idref="fl-8"/>
      </object_component>
      <object_component id="oc-86">
         <name>.debug_info</name>
         <load_address>0x1136e</load_address>
         <run_address>0x1136e</run_address>
         <size>0x162c</size>
         <input_file_ref idref="fl-9"/>
      </object_component>
      <object_component id="oc-8e">
         <name>.debug_info</name>
         <load_address>0x1299a</load_address>
         <run_address>0x1299a</run_address>
         <size>0x1cba</size>
         <input_file_ref idref="fl-a"/>
      </object_component>
      <object_component id="oc-99">
         <name>.debug_info</name>
         <load_address>0x14654</load_address>
         <run_address>0x14654</run_address>
         <size>0x4f0e</size>
         <input_file_ref idref="fl-b"/>
      </object_component>
      <object_component id="oc-a0">
         <name>.debug_info</name>
         <load_address>0x19562</load_address>
         <run_address>0x19562</run_address>
         <size>0x2f8e</size>
         <input_file_ref idref="fl-c"/>
      </object_component>
      <object_component id="oc-a7">
         <name>.debug_info</name>
         <load_address>0x1c4f0</load_address>
         <run_address>0x1c4f0</run_address>
         <size>0x3a8d</size>
         <input_file_ref idref="fl-d"/>
      </object_component>
      <object_component id="oc-af">
         <name>.debug_info</name>
         <load_address>0x1ff7d</load_address>
         <run_address>0x1ff7d</run_address>
         <size>0x27e0</size>
         <input_file_ref idref="fl-e"/>
      </object_component>
      <object_component id="oc-b6">
         <name>.debug_info</name>
         <load_address>0x2275d</load_address>
         <run_address>0x2275d</run_address>
         <size>0x1012</size>
         <input_file_ref idref="fl-f"/>
      </object_component>
      <object_component id="oc-bc">
         <name>.debug_info</name>
         <load_address>0x2376f</load_address>
         <run_address>0x2376f</run_address>
         <size>0x4c99</size>
         <input_file_ref idref="fl-10"/>
      </object_component>
      <object_component id="oc-c3">
         <name>.debug_info</name>
         <load_address>0x28408</load_address>
         <run_address>0x28408</run_address>
         <size>0x13d</size>
         <input_file_ref idref="fl-11"/>
      </object_component>
      <object_component id="oc-c7">
         <name>.debug_info</name>
         <load_address>0x28545</load_address>
         <run_address>0x28545</run_address>
         <size>0x9b1</size>
         <input_file_ref idref="fl-12"/>
      </object_component>
      <object_component id="oc-cd">
         <name>.debug_info</name>
         <load_address>0x28ef6</load_address>
         <run_address>0x28ef6</run_address>
         <size>0x28c7</size>
         <input_file_ref idref="fl-13"/>
      </object_component>
      <object_component id="oc-d4">
         <name>.debug_info</name>
         <load_address>0x2b7bd</load_address>
         <run_address>0x2b7bd</run_address>
         <size>0x105</size>
         <input_file_ref idref="fl-14"/>
      </object_component>
      <object_component id="oc-d8">
         <name>.debug_info</name>
         <load_address>0x2b8c2</load_address>
         <run_address>0x2b8c2</run_address>
         <size>0x5b4c</size>
         <input_file_ref idref="fl-15"/>
      </object_component>
      <object_component id="oc-dd">
         <name>.debug_info</name>
         <load_address>0x3140e</load_address>
         <run_address>0x3140e</run_address>
         <size>0x1ae5</size>
         <input_file_ref idref="fl-16"/>
      </object_component>
      <object_component id="oc-e2">
         <name>.debug_info</name>
         <load_address>0x32ef3</load_address>
         <run_address>0x32ef3</run_address>
         <size>0x1afd3</size>
         <input_file_ref idref="fl-17"/>
      </object_component>
      <object_component id="oc-11d">
         <name>.debug_info</name>
         <load_address>0x4dec6</load_address>
         <run_address>0x4dec6</run_address>
         <size>0x1862</size>
         <input_file_ref idref="fl-18"/>
      </object_component>
      <object_component id="oc-122">
         <name>.debug_info</name>
         <load_address>0x4f728</load_address>
         <run_address>0x4f728</run_address>
         <size>0xb73</size>
         <input_file_ref idref="fl-19"/>
      </object_component>
      <object_component id="oc-127">
         <name>.debug_info</name>
         <load_address>0x5029b</load_address>
         <run_address>0x5029b</run_address>
         <size>0x2498</size>
         <input_file_ref idref="fl-1a"/>
      </object_component>
      <object_component id="oc-12c">
         <name>.debug_info</name>
         <load_address>0x52733</load_address>
         <run_address>0x52733</run_address>
         <size>0x18ae</size>
         <input_file_ref idref="fl-1b"/>
      </object_component>
      <object_component id="oc-131">
         <name>.debug_info</name>
         <load_address>0x53fe1</load_address>
         <run_address>0x53fe1</run_address>
         <size>0x299c</size>
         <input_file_ref idref="fl-1c"/>
      </object_component>
      <object_component id="oc-137">
         <name>.debug_info</name>
         <load_address>0x5697d</load_address>
         <run_address>0x5697d</run_address>
         <size>0x101</size>
         <input_file_ref idref="fl-1d"/>
      </object_component>
      <object_component id="oc-13b">
         <name>.debug_info</name>
         <load_address>0x56a7e</load_address>
         <run_address>0x56a7e</run_address>
         <size>0x2d7f</size>
         <input_file_ref idref="fl-1e"/>
      </object_component>
      <object_component id="oc-141">
         <name>.debug_info</name>
         <load_address>0x597fd</load_address>
         <run_address>0x597fd</run_address>
         <size>0x10d</size>
         <input_file_ref idref="fl-2d"/>
      </object_component>
      <object_component id="oc-146">
         <name>.debug_info</name>
         <load_address>0x5990a</load_address>
         <run_address>0x5990a</run_address>
         <size>0x10d</size>
         <input_file_ref idref="fl-2e"/>
      </object_component>
      <object_component id="oc-14b">
         <name>.debug_info</name>
         <load_address>0x59a17</load_address>
         <run_address>0x59a17</run_address>
         <size>0x11b</size>
         <input_file_ref idref="fl-2f"/>
      </object_component>
      <object_component id="oc-150">
         <name>.debug_info</name>
         <load_address>0x59b32</load_address>
         <run_address>0x59b32</run_address>
         <size>0x10d</size>
         <input_file_ref idref="fl-30"/>
      </object_component>
      <object_component id="oc-155">
         <name>.debug_info</name>
         <load_address>0x59c3f</load_address>
         <run_address>0x59c3f</run_address>
         <size>0x110</size>
         <input_file_ref idref="fl-31"/>
      </object_component>
      <object_component id="oc-15a">
         <name>.debug_info</name>
         <load_address>0x59d4f</load_address>
         <run_address>0x59d4f</run_address>
         <size>0x142</size>
         <input_file_ref idref="fl-32"/>
      </object_component>
      <object_component id="oc-15e">
         <name>.debug_info</name>
         <load_address>0x59e91</load_address>
         <run_address>0x59e91</run_address>
         <size>0x111</size>
         <input_file_ref idref="fl-33"/>
      </object_component>
      <object_component id="oc-165">
         <name>.debug_info</name>
         <load_address>0x59fa2</load_address>
         <run_address>0x59fa2</run_address>
         <size>0x145</size>
         <input_file_ref idref="fl-36"/>
      </object_component>
      <object_component id="oc-16b">
         <name>.debug_info</name>
         <load_address>0x5a0e7</load_address>
         <run_address>0x5a0e7</run_address>
         <size>0x16c</size>
         <input_file_ref idref="fl-38"/>
      </object_component>
      <object_component id="oc-16f">
         <name>.debug_info</name>
         <load_address>0x5a253</load_address>
         <run_address>0x5a253</run_address>
         <size>0x4cf</size>
         <input_file_ref idref="fl-39"/>
      </object_component>
      <object_component id="oc-174">
         <name>.debug_info</name>
         <load_address>0x5a722</load_address>
         <run_address>0x5a722</run_address>
         <size>0x3e0</size>
         <input_file_ref idref="fl-3a"/>
      </object_component>
      <object_component id="oc-179">
         <name>.debug_info</name>
         <load_address>0x5ab02</load_address>
         <run_address>0x5ab02</run_address>
         <size>0x3e3</size>
         <input_file_ref idref="fl-3b"/>
      </object_component>
      <object_component id="oc-17e">
         <name>.debug_info</name>
         <load_address>0x5aee5</load_address>
         <run_address>0x5aee5</run_address>
         <size>0x628</size>
         <input_file_ref idref="fl-3c"/>
      </object_component>
      <object_component id="oc-184">
         <name>.debug_info</name>
         <load_address>0x5b50d</load_address>
         <run_address>0x5b50d</run_address>
         <size>0x142</size>
         <input_file_ref idref="fl-3d"/>
      </object_component>
      <object_component id="oc-188">
         <name>.debug_info</name>
         <load_address>0x5b64f</load_address>
         <run_address>0x5b64f</run_address>
         <size>0x113</size>
         <input_file_ref idref="fl-3e"/>
      </object_component>
      <object_component id="oc-18d">
         <name>.debug_info</name>
         <load_address>0x5b762</load_address>
         <run_address>0x5b762</run_address>
         <size>0x15b</size>
         <input_file_ref idref="fl-3f"/>
      </object_component>
      <object_component id="oc-191">
         <name>.debug_info</name>
         <load_address>0x5b8bd</load_address>
         <run_address>0x5b8bd</run_address>
         <size>0x5ac</size>
         <input_file_ref idref="fl-40"/>
      </object_component>
      <object_component id="oc-198">
         <name>.debug_info</name>
         <load_address>0x5be69</load_address>
         <run_address>0x5be69</run_address>
         <size>0x502</size>
         <input_file_ref idref="fl-41"/>
      </object_component>
      <object_component id="oc-19d">
         <name>.debug_info</name>
         <load_address>0x5c36b</load_address>
         <run_address>0x5c36b</run_address>
         <size>0x470</size>
         <input_file_ref idref="fl-42"/>
      </object_component>
      <object_component id="oc-1a3">
         <name>.debug_info</name>
         <load_address>0x5c7db</load_address>
         <run_address>0x5c7db</run_address>
         <size>0x19b</size>
         <input_file_ref idref="fl-43"/>
      </object_component>
      <object_component id="oc-1a8">
         <name>.debug_info</name>
         <load_address>0x5c976</load_address>
         <run_address>0x5c976</run_address>
         <size>0x142</size>
         <input_file_ref idref="fl-44"/>
      </object_component>
      <object_component id="oc-1ac">
         <name>.debug_info</name>
         <load_address>0x5cab8</load_address>
         <run_address>0x5cab8</run_address>
         <size>0x144</size>
         <input_file_ref idref="fl-45"/>
      </object_component>
      <object_component id="oc-232">
         <name>.debug_info</name>
         <load_address>0x5cbfc</load_address>
         <run_address>0x5cbfc</run_address>
         <size>0xb0</size>
      </object_component>
      <object_component id="oc-5b">
         <name>.debug_frame</name>
         <load_address>0x0</load_address>
         <run_address>0x0</run_address>
         <size>0x134</size>
         <input_file_ref idref="fl-2"/>
      </object_component>
      <object_component id="oc-62">
         <name>.debug_frame</name>
         <load_address>0x134</load_address>
         <run_address>0x134</run_address>
         <size>0xf7</size>
         <input_file_ref idref="fl-3"/>
      </object_component>
      <object_component id="oc-68">
         <name>.debug_frame</name>
         <load_address>0x22b</load_address>
         <run_address>0x22b</run_address>
         <size>0xc5</size>
         <input_file_ref idref="fl-4"/>
      </object_component>
      <object_component id="oc-70">
         <name>.debug_frame</name>
         <load_address>0x2f0</load_address>
         <run_address>0x2f0</run_address>
         <size>0x13f</size>
         <input_file_ref idref="fl-5"/>
      </object_component>
      <object_component id="oc-75">
         <name>.debug_frame</name>
         <load_address>0x42f</load_address>
         <run_address>0x42f</run_address>
         <size>0xe0</size>
         <input_file_ref idref="fl-6"/>
      </object_component>
      <object_component id="oc-7a">
         <name>.debug_frame</name>
         <load_address>0x50f</load_address>
         <run_address>0x50f</run_address>
         <size>0xa1</size>
         <input_file_ref idref="fl-7"/>
      </object_component>
      <object_component id="oc-82">
         <name>.debug_frame</name>
         <load_address>0x5b0</load_address>
         <run_address>0x5b0</run_address>
         <size>0x257</size>
         <input_file_ref idref="fl-8"/>
      </object_component>
      <object_component id="oc-8a">
         <name>.debug_frame</name>
         <load_address>0x807</load_address>
         <run_address>0x807</run_address>
         <size>0x12c</size>
         <input_file_ref idref="fl-9"/>
      </object_component>
      <object_component id="oc-95">
         <name>.debug_frame</name>
         <load_address>0x933</load_address>
         <run_address>0x933</run_address>
         <size>0x193</size>
         <input_file_ref idref="fl-a"/>
      </object_component>
      <object_component id="oc-9c">
         <name>.debug_frame</name>
         <load_address>0xac6</load_address>
         <run_address>0xac6</run_address>
         <size>0x277</size>
         <input_file_ref idref="fl-b"/>
      </object_component>
      <object_component id="oc-a3">
         <name>.debug_frame</name>
         <load_address>0xd3d</load_address>
         <run_address>0xd3d</run_address>
         <size>0x29b</size>
         <input_file_ref idref="fl-c"/>
      </object_component>
      <object_component id="oc-ab">
         <name>.debug_frame</name>
         <load_address>0xfd8</load_address>
         <run_address>0xfd8</run_address>
         <size>0x11d</size>
         <input_file_ref idref="fl-d"/>
      </object_component>
      <object_component id="oc-b2">
         <name>.debug_frame</name>
         <load_address>0x10f5</load_address>
         <run_address>0x10f5</run_address>
         <size>0x1c4</size>
         <input_file_ref idref="fl-e"/>
      </object_component>
      <object_component id="oc-b8">
         <name>.debug_frame</name>
         <load_address>0x12b9</load_address>
         <run_address>0x12b9</run_address>
         <size>0xd2</size>
         <input_file_ref idref="fl-f"/>
      </object_component>
      <object_component id="oc-bd">
         <name>.debug_frame</name>
         <load_address>0x138b</load_address>
         <run_address>0x138b</run_address>
         <size>0x101</size>
         <input_file_ref idref="fl-10"/>
      </object_component>
      <object_component id="oc-c9">
         <name>.debug_frame</name>
         <load_address>0x148c</load_address>
         <run_address>0x148c</run_address>
         <size>0xb6</size>
         <input_file_ref idref="fl-12"/>
      </object_component>
      <object_component id="oc-cf">
         <name>.debug_frame</name>
         <load_address>0x1542</load_address>
         <run_address>0x1542</run_address>
         <size>0xde4</size>
         <input_file_ref idref="fl-13"/>
      </object_component>
      <object_component id="oc-d9">
         <name>.debug_frame</name>
         <load_address>0x2326</load_address>
         <run_address>0x2326</run_address>
         <size>0xbd</size>
         <input_file_ref idref="fl-15"/>
      </object_component>
      <object_component id="oc-de">
         <name>.debug_frame</name>
         <load_address>0x23e3</load_address>
         <run_address>0x23e3</run_address>
         <size>0xf5</size>
         <input_file_ref idref="fl-16"/>
      </object_component>
      <object_component id="oc-11e">
         <name>.debug_frame</name>
         <load_address>0x24d8</load_address>
         <run_address>0x24d8</run_address>
         <size>0x8c</size>
         <input_file_ref idref="fl-18"/>
      </object_component>
      <object_component id="oc-123">
         <name>.debug_frame</name>
         <load_address>0x2564</load_address>
         <run_address>0x2564</run_address>
         <size>0xb6</size>
         <input_file_ref idref="fl-19"/>
      </object_component>
      <object_component id="oc-128">
         <name>.debug_frame</name>
         <load_address>0x261a</load_address>
         <run_address>0x261a</run_address>
         <size>0xa1</size>
         <input_file_ref idref="fl-1a"/>
      </object_component>
      <object_component id="oc-12d">
         <name>.debug_frame</name>
         <load_address>0x26bb</load_address>
         <run_address>0x26bb</run_address>
         <size>0x8c</size>
         <input_file_ref idref="fl-1b"/>
      </object_component>
      <object_component id="oc-132">
         <name>.debug_frame</name>
         <load_address>0x2747</load_address>
         <run_address>0x2747</run_address>
         <size>0x190</size>
         <input_file_ref idref="fl-1c"/>
      </object_component>
      <object_component id="oc-13c">
         <name>.debug_frame</name>
         <load_address>0x28d7</load_address>
         <run_address>0x28d7</run_address>
         <size>0xa7</size>
         <input_file_ref idref="fl-1e"/>
      </object_component>
      <object_component id="oc-170">
         <name>.debug_frame</name>
         <load_address>0x297e</load_address>
         <run_address>0x297e</run_address>
         <size>0xa1</size>
         <input_file_ref idref="fl-39"/>
      </object_component>
      <object_component id="oc-175">
         <name>.debug_frame</name>
         <load_address>0x2a1f</load_address>
         <run_address>0x2a1f</run_address>
         <size>0xa1</size>
         <input_file_ref idref="fl-3a"/>
      </object_component>
      <object_component id="oc-17a">
         <name>.debug_frame</name>
         <load_address>0x2ac0</load_address>
         <run_address>0x2ac0</run_address>
         <size>0xa1</size>
         <input_file_ref idref="fl-3b"/>
      </object_component>
      <object_component id="oc-17f">
         <name>.debug_frame</name>
         <load_address>0x2b61</load_address>
         <run_address>0x2b61</run_address>
         <size>0xba</size>
         <input_file_ref idref="fl-3c"/>
      </object_component>
      <object_component id="oc-194">
         <name>.debug_frame</name>
         <load_address>0x2c1b</load_address>
         <run_address>0x2c1b</run_address>
         <size>0xbf</size>
         <input_file_ref idref="fl-40"/>
      </object_component>
      <object_component id="oc-199">
         <name>.debug_frame</name>
         <load_address>0x2cda</load_address>
         <run_address>0x2cda</run_address>
         <size>0xcb</size>
         <input_file_ref idref="fl-41"/>
      </object_component>
      <object_component id="oc-19e">
         <name>.debug_frame</name>
         <load_address>0x2da5</load_address>
         <run_address>0x2da5</run_address>
         <size>0xa1</size>
         <input_file_ref idref="fl-42"/>
      </object_component>
      <object_component id="oc-5c">
         <name>.debug_line</name>
         <load_address>0x0</load_address>
         <run_address>0x0</run_address>
         <size>0x142</size>
         <input_file_ref idref="fl-2"/>
      </object_component>
      <object_component id="oc-63">
         <name>.debug_line</name>
         <load_address>0x142</load_address>
         <run_address>0x142</run_address>
         <size>0x392</size>
         <input_file_ref idref="fl-3"/>
      </object_component>
      <object_component id="oc-69">
         <name>.debug_line</name>
         <load_address>0x4d4</load_address>
         <run_address>0x4d4</run_address>
         <size>0x79</size>
         <input_file_ref idref="fl-4"/>
      </object_component>
      <object_component id="oc-71">
         <name>.debug_line</name>
         <load_address>0x54d</load_address>
         <run_address>0x54d</run_address>
         <size>0x1db</size>
         <input_file_ref idref="fl-5"/>
      </object_component>
      <object_component id="oc-76">
         <name>.debug_line</name>
         <load_address>0x728</load_address>
         <run_address>0x728</run_address>
         <size>0xb4</size>
         <input_file_ref idref="fl-6"/>
      </object_component>
      <object_component id="oc-7b">
         <name>.debug_line</name>
         <load_address>0x7dc</load_address>
         <run_address>0x7dc</run_address>
         <size>0x82</size>
         <input_file_ref idref="fl-7"/>
      </object_component>
      <object_component id="oc-83">
         <name>.debug_line</name>
         <load_address>0x85e</load_address>
         <run_address>0x85e</run_address>
         <size>0x553</size>
         <input_file_ref idref="fl-8"/>
      </object_component>
      <object_component id="oc-8b">
         <name>.debug_line</name>
         <load_address>0xdb1</load_address>
         <run_address>0xdb1</run_address>
         <size>0xa8</size>
         <input_file_ref idref="fl-9"/>
      </object_component>
      <object_component id="oc-96">
         <name>.debug_line</name>
         <load_address>0xe59</load_address>
         <run_address>0xe59</run_address>
         <size>0x352</size>
         <input_file_ref idref="fl-a"/>
      </object_component>
      <object_component id="oc-9d">
         <name>.debug_line</name>
         <load_address>0x11ab</load_address>
         <run_address>0x11ab</run_address>
         <size>0x1fc</size>
         <input_file_ref idref="fl-b"/>
      </object_component>
      <object_component id="oc-a4">
         <name>.debug_line</name>
         <load_address>0x13a7</load_address>
         <run_address>0x13a7</run_address>
         <size>0x768</size>
         <input_file_ref idref="fl-c"/>
      </object_component>
      <object_component id="oc-ac">
         <name>.debug_line</name>
         <load_address>0x1b0f</load_address>
         <run_address>0x1b0f</run_address>
         <size>0xba</size>
         <input_file_ref idref="fl-d"/>
      </object_component>
      <object_component id="oc-b3">
         <name>.debug_line</name>
         <load_address>0x1bc9</load_address>
         <run_address>0x1bc9</run_address>
         <size>0x262</size>
         <input_file_ref idref="fl-e"/>
      </object_component>
      <object_component id="oc-b9">
         <name>.debug_line</name>
         <load_address>0x1e2b</load_address>
         <run_address>0x1e2b</run_address>
         <size>0x7b</size>
         <input_file_ref idref="fl-f"/>
      </object_component>
      <object_component id="oc-be">
         <name>.debug_line</name>
         <load_address>0x1ea6</load_address>
         <run_address>0x1ea6</run_address>
         <size>0x160</size>
         <input_file_ref idref="fl-10"/>
      </object_component>
      <object_component id="oc-c4">
         <name>.debug_line</name>
         <load_address>0x2006</load_address>
         <run_address>0x2006</run_address>
         <size>0x66</size>
         <input_file_ref idref="fl-11"/>
      </object_component>
      <object_component id="oc-ca">
         <name>.debug_line</name>
         <load_address>0x206c</load_address>
         <run_address>0x206c</run_address>
         <size>0x8a</size>
         <input_file_ref idref="fl-12"/>
      </object_component>
      <object_component id="oc-d0">
         <name>.debug_line</name>
         <load_address>0x20f6</load_address>
         <run_address>0x20f6</run_address>
         <size>0x931</size>
         <input_file_ref idref="fl-13"/>
      </object_component>
      <object_component id="oc-d5">
         <name>.debug_line</name>
         <load_address>0x2a27</load_address>
         <run_address>0x2a27</run_address>
         <size>0x50</size>
         <input_file_ref idref="fl-14"/>
      </object_component>
      <object_component id="oc-da">
         <name>.debug_line</name>
         <load_address>0x2a77</load_address>
         <run_address>0x2a77</run_address>
         <size>0xba</size>
         <input_file_ref idref="fl-15"/>
      </object_component>
      <object_component id="oc-df">
         <name>.debug_line</name>
         <load_address>0x2b31</load_address>
         <run_address>0x2b31</run_address>
         <size>0xbd</size>
         <input_file_ref idref="fl-16"/>
      </object_component>
      <object_component id="oc-11f">
         <name>.debug_line</name>
         <load_address>0x2bee</load_address>
         <run_address>0x2bee</run_address>
         <size>0x3b</size>
         <input_file_ref idref="fl-18"/>
      </object_component>
      <object_component id="oc-124">
         <name>.debug_line</name>
         <load_address>0x2c29</load_address>
         <run_address>0x2c29</run_address>
         <size>0x8a</size>
         <input_file_ref idref="fl-19"/>
      </object_component>
      <object_component id="oc-129">
         <name>.debug_line</name>
         <load_address>0x2cb3</load_address>
         <run_address>0x2cb3</run_address>
         <size>0x63</size>
         <input_file_ref idref="fl-1a"/>
      </object_component>
      <object_component id="oc-12e">
         <name>.debug_line</name>
         <load_address>0x2d16</load_address>
         <run_address>0x2d16</run_address>
         <size>0x37</size>
         <input_file_ref idref="fl-1b"/>
      </object_component>
      <object_component id="oc-133">
         <name>.debug_line</name>
         <load_address>0x2d4d</load_address>
         <run_address>0x2d4d</run_address>
         <size>0x21f</size>
         <input_file_ref idref="fl-1c"/>
      </object_component>
      <object_component id="oc-138">
         <name>.debug_line</name>
         <load_address>0x2f6c</load_address>
         <run_address>0x2f6c</run_address>
         <size>0x4d</size>
         <input_file_ref idref="fl-1d"/>
      </object_component>
      <object_component id="oc-13d">
         <name>.debug_line</name>
         <load_address>0x2fb9</load_address>
         <run_address>0x2fb9</run_address>
         <size>0x84</size>
         <input_file_ref idref="fl-1e"/>
      </object_component>
      <object_component id="oc-142">
         <name>.debug_line</name>
         <load_address>0x303d</load_address>
         <run_address>0x303d</run_address>
         <size>0xb3</size>
         <input_file_ref idref="fl-2d"/>
      </object_component>
      <object_component id="oc-147">
         <name>.debug_line</name>
         <load_address>0x30f0</load_address>
         <run_address>0x30f0</run_address>
         <size>0xa2</size>
         <input_file_ref idref="fl-2e"/>
      </object_component>
      <object_component id="oc-14c">
         <name>.debug_line</name>
         <load_address>0x3192</load_address>
         <run_address>0x3192</run_address>
         <size>0x49</size>
         <input_file_ref idref="fl-2f"/>
      </object_component>
      <object_component id="oc-151">
         <name>.debug_line</name>
         <load_address>0x31db</load_address>
         <run_address>0x31db</run_address>
         <size>0xc4</size>
         <input_file_ref idref="fl-30"/>
      </object_component>
      <object_component id="oc-156">
         <name>.debug_line</name>
         <load_address>0x329f</load_address>
         <run_address>0x329f</run_address>
         <size>0x57</size>
         <input_file_ref idref="fl-31"/>
      </object_component>
      <object_component id="oc-15b">
         <name>.debug_line</name>
         <load_address>0x32f6</load_address>
         <run_address>0x32f6</run_address>
         <size>0x7a</size>
         <input_file_ref idref="fl-32"/>
      </object_component>
      <object_component id="oc-15f">
         <name>.debug_line</name>
         <load_address>0x3370</load_address>
         <run_address>0x3370</run_address>
         <size>0x52</size>
         <input_file_ref idref="fl-33"/>
      </object_component>
[...]
         <name>_InitECap2Gpio</name>
         <value>0x3f71ff</value>
         <object_component_ref idref="oc-1d0"/>
      </symbol>
      <symbol id="sm-4f9">
         <name>_InitECap1Gpio</name>
         <value>0x3f71f3</value>
         <object_component_ref idref="oc-1d0"/>
      </symbol>
      <symbol id="sm-4fa">
         <name>_InitECapGpio</name>
         <value>0x3f71ec</value>
         <object_component_ref idref="oc-1d0"/>
      </symbol>
      <symbol id="sm-573">
         <name>_Usb0Regs</name>
         <value>0x4000</value>
         <object_component_ref idref="oc-11b"/>
      </symbol>
      <symbol id="sm-574">
         <name>_GpioCtrlRegs</name>
         <value>0x6f80</value>
         <object_component_ref idref="oc-112"/>
      </symbol>
      <symbol id="sm-575">
         <name>_PieVectTable</name>
         <value>0xd00</value>
         <object_component_ref idref="oc-119"/>
      </symbol>
      <symbol id="sm-576">
         <name>_SysPwrCtrlRegs</name>
         <value>0x985</value>
         <object_component_ref idref="oc-e8"/>
      </symbol>
      <symbol id="sm-577">
         <name>_EmuBMode</name>
         <value>0xd01</value>
         <object_component_ref idref="oc-e5"/>
      </symbol>
      <symbol id="sm-578">
         <name>_CsmRegs</name>
         <value>0xae0</value>
         <object_component_ref idref="oc-f4"/>
      </symbol>
      <symbol id="sm-579">
         <name>_ECanaLAMRegs</name>
         <value>0x6040</value>
         <object_component_ref idref="oc-10d"/>
      </symbol>
      <symbol id="sm-57a">
         <name>_AdcResult</name>
         <value>0xb00</value>
         <object_component_ref idref="oc-f1"/>
      </symbol>
      <symbol id="sm-57b">
         <name>_EPwm4Regs</name>
         <value>0x68c0</value>
         <object_component_ref idref="oc-114"/>
      </symbol>
      <symbol id="sm-57c">
         <name>_CpuTimer1Regs</name>
         <value>0xc08</value>
         <object_component_ref idref="oc-ee"/>
      </symbol>
      <symbol id="sm-57d">
         <name>_SysCtrlRegs</name>
         <value>0x7010</value>
         <object_component_ref idref="oc-108"/>
      </symbol>
      <symbol id="sm-57e">
         <name>_HRCap4Regs</name>
         <value>0x6ca0</value>
         <object_component_ref idref="oc-fe"/>
      </symbol>
      <symbol id="sm-57f">
         <name>_EPwm5Regs</name>
         <value>0x6900</value>
         <object_component_ref idref="oc-115"/>
      </symbol>
      <symbol id="sm-580">
         <name>_SpiaRegs</name>
         <value>0x7040</value>
         <object_component_ref idref="oc-f0"/>
      </symbol>
      <symbol id="sm-581">
         <name>_ECanaMOTSRegs</name>
         <value>0x6080</value>
         <object_component_ref idref="oc-10e"/>
      </symbol>
      <symbol id="sm-582">
         <name>_DmaRegs</name>
         <value>0x1000</value>
         <object_component_ref idref="oc-118"/>
      </symbol>
      <symbol id="sm-583">
         <name>_FlashRegs</name>
         <value>0xa80</value>
         <object_component_ref idref="oc-ea"/>
      </symbol>
      <symbol id="sm-584">
         <name>_CpuTimer0Regs</name>
         <value>0xc00</value>
         <object_component_ref idref="oc-eb"/>
      </symbol>
      <symbol id="sm-585">
         <name>_DevEmuRegs</name>
         <value>0x880</value>
         <object_component_ref idref="oc-e9"/>
      </symbol>
      <symbol id="sm-586">
         <name>_EPwm6Regs</name>
         <value>0x6940</value>
         <object_component_ref idref="oc-111"/>
      </symbol>
      <symbol id="sm-587">
         <name>_Comp1Regs</name>
         <value>0x6400</value>
         <object_component_ref idref="oc-f8"/>
      </symbol>
      <symbol id="sm-588">
         <name>_SciaRegs</name>
         <value>0x7050</value>
         <object_component_ref idref="oc-f2"/>
      </symbol>
      <symbol id="sm-589">
         <name>_GpioDataRegs</name>
         <value>0x6fc0</value>
         <object_component_ref idref="oc-fc"/>
      </symbol>
      <symbol id="sm-58a">
         <name>_CsmPwl</name>
         <value>0x3f7ff8</value>
         <object_component_ref idref="oc-ed"/>
      </symbol>
      <symbol id="sm-58b">
         <name>_AdcRegs</name>
         <value>0x7100</value>
         <object_component_ref idref="oc-117"/>
      </symbol>
      <symbol id="sm-58c">
         <name>_EPwm7Regs</name>
         <value>0x6980</value>
         <object_component_ref idref="oc-110"/>
      </symbol>
      <symbol id="sm-58d">
         <name>_Comp2Regs</name>
         <value>0x6420</value>
         <object_component_ref idref="oc-f7"/>
      </symbol>
      <symbol id="sm-58e">
         <name>_XIntruptRegs</name>
         <value>0x7070</value>
         <object_component_ref idref="oc-f6"/>
      </symbol>
      <symbol id="sm-58f">
         <name>_CpuTimer2Regs</name>
         <value>0xc10</value>
         <object_component_ref idref="oc-ec"/>
      </symbol>
      <symbol id="sm-590">
         <name>_HRCap1Regs</name>
         <value>0x6ac0</value>
         <object_component_ref idref="oc-ff"/>
      </symbol>
      <symbol id="sm-591">
         <name>_PieCtrlRegs</name>
         <value>0xce0</value>
         <object_component_ref idref="oc-fa"/>
      </symbol>
      <symbol id="sm-592">
         <name>_SpibRegs</name>
         <value>0x7740</value>
         <object_component_ref idref="oc-f5"/>
      </symbol>
      <symbol id="sm-593">
         <name>_ECanaRegs</name>
         <value>0x6000</value>
         <object_component_ref idref="oc-109"/>
      </symbol>
      <symbol id="sm-594">
         <name>_Comp3Regs</name>
         <value>0x6440</value>
         <object_component_ref idref="oc-f9"/>
      </symbol>
      <symbol id="sm-595">
         <name>_ECap1Regs</name>
         <value>0x6a00</value>
         <object_component_ref idref="oc-102"/>
      </symbol>
      <symbol id="sm-596">
         <name>_EmuKey</name>
         <value>0xd00</value>
         <object_component_ref idref="oc-e4"/>
      </symbol>
      <symbol id="sm-597">
         <name>_Cla1Regs</name>
         <value>0x1400</value>
         <object_component_ref idref="oc-10f"/>
      </symbol>
      <symbol id="sm-598">
         <name>_EQep1Regs</name>
         <value>0x6b00</value>
         <object_component_ref idref="oc-106"/>
      </symbol>
      <symbol id="sm-599">
         <name>_McbspaRegs</name>
         <value>0x5000</value>
         <object_component_ref idref="oc-107"/>
      </symbol>
      <symbol id="sm-59a">
         <name>_EPwm1Regs</name>
         <value>0x6800</value>
         <object_component_ref idref="oc-10c"/>
      </symbol>
      <symbol id="sm-59b">
         <name>_ScibRegs</name>
         <value>0x7750</value>
         <object_component_ref idref="oc-ef"/>
      </symbol>
      <symbol id="sm-59c">
         <name>_ECap2Regs</name>
         <value>0x6a20</value>
         <object_component_ref idref="oc-101"/>
      </symbol>
      <symbol id="sm-59d">
         <name>_GpioIntRegs</name>
         <value>0x6fe0</value>
         <object_component_ref idref="oc-fb"/>
      </symbol>
      <symbol id="sm-59e">
         <name>_EQep2Regs</name>
         <value>0x6b40</value>
         <object_component_ref idref="oc-104"/>
      </symbol>
      <symbol id="sm-59f">
         <name>_PartIdRegs</name>
         <value>0x3d7e80</value>
         <object_component_ref idref="oc-e3"/>
      </symbol>
      <symbol id="sm-5a0">
         <name>_HRCap3Regs</name>
         <value>0x6c80</value>
         <object_component_ref idref="oc-fd"/>
      </symbol>
      <symbol id="sm-5a1">
         <name>_EPwm8Regs</name>
         <value>0x69c0</value>
         <object_component_ref idref="oc-113"/>
      </symbol>
      <symbol id="sm-5a2">
         <name>_Flash_CPUScaleFactor</name>
         <value>0xd04</value>
         <object_component_ref idref="oc-e7"/>
      </symbol>
      <symbol id="sm-5a3">
         <name>_EPwm2Regs</name>
         <value>0x6840</value>
         <object_component_ref idref="oc-10b"/>
      </symbol>
      <symbol id="sm-5a4">
         <name>_ECanaMboxes</name>
         <value>0x6100</value>
         <object_component_ref idref="oc-11a"/>
      </symbol>
      <symbol id="sm-5a5">
         <name>_ECap3Regs</name>
         <value>0x6a40</value>
         <object_component_ref idref="oc-103"/>
      </symbol>
      <symbol id="sm-5a6">
         <name>_HRCap2Regs</name>
         <value>0x6ae0</value>
         <object_component_ref idref="oc-100"/>
      </symbol>
      <symbol id="sm-5a7">
         <name>_NmiIntruptRegs</name>
         <value>0x7060</value>
         <object_component_ref idref="oc-f3"/>
      </symbol>
      <symbol id="sm-5a8">
         <name>_ECanaMOTORegs</name>
         <value>0x60c0</value>
         <object_component_ref idref="oc-10a"/>
      </symbol>
      <symbol id="sm-5a9">
         <name>_Flash_CallbackPtr</name>
         <value>0xd02</value>
         <object_component_ref idref="oc-e6"/>
      </symbol>
      <symbol id="sm-5aa">
         <name>_EPwm3Regs</name>
         <value>0x6880</value>
         <object_component_ref idref="oc-116"/>
      </symbol>
      <symbol id="sm-5ab">
         <name>_I2caRegs</name>
         <value>0x7900</value>
         <object_component_ref idref="oc-105"/>
      </symbol>
      <symbol id="sm-5c2">
         <name>_InitPieCtrl</name>
         <value>0x3f7242</value>
         <object_component_ref idref="oc-1c4"/>
      </symbol>
      <symbol id="sm-5c3">
         <name>_EnableInterrupts</name>
         <value>0x3f7261</value>
         <object_component_ref idref="oc-1c4"/>
      </symbol>
      <symbol id="sm-5d4">
         <name>_PieVectTableInit</name>
         <value>0x3f73ba</value>
         <object_component_ref idref="oc-1cf"/>
      </symbol>
      <symbol id="sm-5d5">
         <name>_InitPieVectTable</name>
         <value>0x3f7371</value>
         <object_component_ref idref="oc-1c5"/>
      </symbol>
      <symbol id="sm-5f7">
         <name>_InitPll</name>
         <value>0x3f637c</value>
         <object_component_ref idref="oc-1c2"/>
      </symbol>
      <symbol id="sm-5f8">
         <name>_IntOsc1Sel</name>
         <value>0x3f6479</value>
         <object_component_ref idref="oc-1c2"/>
      </symbol>
      <symbol id="sm-5f9">
         <name>_ExtOscSel</name>
         <value>0x3f64b1</value>
         <object_component_ref idref="oc-1c2"/>
      </symbol>
      <symbol id="sm-5fa">
         <name>_DisableDog</name>
         <value>0x3f6374</value>
         <object_component_ref idref="oc-1c2"/>
      </symbol>
      <symbol id="sm-5fb">
         <name>_InitPeripheralClocks</name>
         <value>0x3f63f4</value>
         <object_component_ref idref="oc-1c2"/>
      </symbol>
      <symbol id="sm-5fc">
         <name>_IntOsc2Sel</name>
         <value>0x3f6489</value>
         <object_component_ref idref="oc-1c2"/>
      </symbol>
      <symbol id="sm-5fd">
         <name>_InitFlash</name>
         <value>0x8000</value>
         <object_component_ref idref="oc-1c7"/>
      </symbol>
      <symbol id="sm-5fe">
         <name>_CsmUnlock</name>
         <value>0x3f644a</value>
         <object_component_ref idref="oc-1c2"/>
      </symbol>
      <symbol id="sm-5ff">
         <name>_InitPll2</name>
         <value>0x3f63cc</value>
         <object_component_ref idref="oc-1c2"/>
      </symbol>
      <symbol id="sm-600">
         <name>_ServiceDog</name>
         <value>0x3f636a</value>
         <object_component_ref idref="oc-1c2"/>
      </symbol>
      <symbol id="sm-601">
         <name>_XtalOscSel</name>
         <value>0x3f649d</value>
         <object_component_ref idref="oc-1c2"/>
      </symbol>
      <symbol id="sm-602">
         <name>_InitSysCtrl</name>
         <value>0x3f6350</value>
         <object_component_ref idref="oc-1c2"/>
      </symbol>
      <symbol id="sm-60e">
         <name>_DSP28x_usDelay</name>
         <value>0x801b</value>
         <object_component_ref idref="oc-136"/>
      </symbol>
      <symbol id="sm-61c">
         <name>_main</name>
         <value>0x3f6c4f</value>
         <object_component_ref idref="oc-1bb"/>
      </symbol>
      <symbol id="sm-635">
         <name>FD$$DIV</name>
         <value>0x3f6cdb</value>
         <object_component_ref idref="oc-140"/>
      </symbol>
      <symbol id="sm-647">
         <name>FD$$MPY</name>
         <value>0x3f6d66</value>
         <object_component_ref idref="oc-145"/>
      </symbol>
      <symbol id="sm-653">
         <name>FD$$SUB</name>
         <value>0x3f7385</value>
         <object_component_ref idref="oc-14a"/>
      </symbol>
      <symbol id="sm-66e">
         <name>FD$$ADD</name>
         <value>0x3f6b25</value>
         <object_component_ref idref="oc-14f"/>
      </symbol>
      <symbol id="sm-67d">
         <name>FD$$TOUL</name>
         <value>0x3f72c4</value>
         <object_component_ref idref="oc-154"/>
      </symbol>
      <symbol id="sm-685">
         <name>FS$$DIV</name>
         <value>0x3f732b</value>
         <object_component_ref idref="oc-159"/>
      </symbol>
      <symbol id="sm-696">
         <name>U$$TOFD</name>
         <value>0x3f7344</value>
         <object_component_ref idref="oc-15d"/>
      </symbol>
      <symbol id="sm-69a">
         <name>_rfft_f32_Stages1and2and3andBitReverse</name>
         <value>0x3f688b</value>
         <object_component_ref idref="oc-162"/>
      </symbol>
      <symbol id="sm-69b">
         <name>_rfft_f32_Stages4andUp</name>
         <value>0x3f68f7</value>
         <object_component_ref idref="oc-162"/>
      </symbol>
      <symbol id="sm-69c">
         <name>_RFFT_f32</name>
         <value>0x3f6882</value>
         <object_component_ref idref="oc-162"/>
      </symbol>
      <symbol id="sm-6a0">
         <name>_RFFT_f32_sincostable</name>
         <value>0x3f6de9</value>
         <object_component_ref idref="oc-163"/>
      </symbol>
      <symbol id="sm-6a8">
         <name>_atan</name>
         <value>0x3f7040</value>
         <object_component_ref idref="oc-164"/>
      </symbol>
      <symbol id="sm-6b0">
         <name>_FPUcosTableEnd</name>
         <value>0x3fdd62</value>
         <object_component_ref idref="oc-168"/>
      </symbol>
      <symbol id="sm-6b1">
         <name>_FPUatan2TableEnd</name>
         <value>0x3fdeec</value>
         <object_component_ref idref="oc-168"/>
      </symbol>
      <symbol id="sm-6b2">
         <name>_FPUatan2Table</name>
         <value>0x3fdd66</value>
         <object_component_ref idref="oc-168"/>
      </symbol>
      <symbol id="sm-6b3">
         <name>_FPUsinTable</name>
         <value>0x3fd860</value>
         <object_component_ref idref="oc-168"/>
      </symbol>
      <symbol id="sm-6b4">
         <name>_FPUcosTable</name>
         <value>0x3fd960</value>
         <object_component_ref idref="oc-168"/>
      </symbol>
      <symbol id="sm-6b5">
         <name>_FPUatan2HalfPITable</name>
         <value>0x3fdd62</value>
         <object_component_ref idref="oc-168"/>
      </symbol>
      <symbol id="sm-6b6">
         <name>_FPUsinTableEnd</name>
         <value>0x3fdc60</value>
         <object_component_ref idref="oc-168"/>
      </symbol>
      <symbol id="sm-6d1">
         <name>_c_int00</name>
         <value>0x3f6fea</value>
         <object_component_ref idref="oc-57"/>
      </symbol>
      <symbol id="sm-6d2">
         <name>__stack</name>
         <value>0x50</value>
         <object_component_ref idref="oc-169"/>
      </symbol>
      <symbol id="sm-6e2">
         <name>__args_main</name>
         <value>0x3f72f9</value>
         <object_component_ref idref="oc-1b2"/>
      </symbol>
      <symbol id="sm-6ef">
         <name>__system_post_cinit</name>
         <value>0x3f6881</value>
         <object_component_ref idref="oc-1b1"/>
      </symbol>
      <symbol id="sm-6fc">
         <name>__system_pre_init</name>
         <value>0x3f73b7</value>
         <object_component_ref idref="oc-1af"/>
      </symbol>
      <symbol id="sm-712">
         <name>_copy_in</name>
         <value>0x3f708a</value>
         <object_component_ref idref="oc-1b0"/>
      </symbol>
      <symbol id="sm-71a">
         <name>_cos</name>
         <value>0x3f7183</value>
         <object_component_ref idref="oc-183"/>
      </symbol>
      <symbol id="sm-729">
         <name>_ppcopy</name>
         <value>0x3f72df</value>
         <object_component_ref idref="oc-187"/>
      </symbol>
      <symbol id="sm-72a">
         <name>_dpcopy</name>
         <value>0x3f72df</value>
         <object_component_ref idref="oc-187"/>
      </symbol>
      <symbol id="sm-72b">
         <name>_pdcopy</name>
         <value>0x3f72df</value>
         <object_component_ref idref="oc-187"/>
      </symbol>
      <symbol id="sm-72c">
         <name>_ddcopy</name>
         <value>0x3f72df</value>
         <object_component_ref idref="oc-187"/>
      </symbol>
      <symbol id="sm-738">
         <name>_epilog_c28x_1</name>
         <value>0x3f7393</value>
         <object_component_ref idref="oc-18c"/>
      </symbol>
      <symbol id="sm-739">
         <name>_epilog_c28x_2</name>
         <value>0x3f7397</value>
         <object_component_ref idref="oc-18c"/>
      </symbol>
      <symbol id="sm-74e">
         <name>C$$EXIT</name>
         <value>0x3f7219</value>
         <object_component_ref idref="oc-1b3"/>
      </symbol>
      <symbol id="sm-74f">
         <name>_exit</name>
         <value>0x3f721b</value>
         <object_component_ref idref="oc-1b3"/>
      </symbol>
      <symbol id="sm-750">
         <name>___TI_cleanup_ptr</name>
         <value>0xa744</value>
         <object_component_ref idref="oc-193"/>
      </symbol>
      <symbol id="sm-751">
         <name>___TI_enable_exit_profile_output</name>
         <value>0xa742</value>
         <object_component_ref idref="oc-193"/>
      </symbol>
      <symbol id="sm-752">
         <name>_abort</name>
         <value>0x3f7219</value>
         <object_component_ref idref="oc-1b3"/>
      </symbol>
      <symbol id="sm-753">
         <name>___TI_dtors_ptr</name>
         <value>0xa746</value>
         <object_component_ref idref="oc-193"/>
      </symbol>
      <symbol id="sm-768">
         <name>__unlock</name>
         <value>0xa748</value>
         <object_component_ref idref="oc-1d1"/>
      </symbol>
      <symbol id="sm-769">
         <name>__lock</name>
         <value>0xa6be</value>
         <object_component_ref idref="oc-1bc"/>
      </symbol>
      <symbol id="sm-76a">
         <name>__register_lock</name>
         <value>0x3f73a3</value>
         <object_component_ref idref="oc-1cb"/>
      </symbol>
      <symbol id="sm-76b">
         <name>__nop</name>
         <value>0x3f73a7</value>
         <object_component_ref idref="oc-1cb"/>
      </symbol>
      <symbol id="sm-76c">
         <name>__register_unlock</name>
         <value>0x3f739f</value>
         <object_component_ref idref="oc-1cb"/>
      </symbol>
      <symbol id="sm-77e">
         <name>_memcpy</name>
         <value>0x3f728b</value>
         <object_component_ref idref="oc-1c6"/>
      </symbol>
      <symbol id="sm-78a">
         <name>_prolog_c28x_1</name>
         <value>0x3f7312</value>
         <object_component_ref idref="oc-1a2"/>
      </symbol>
      <symbol id="sm-78b">
         <name>_prolog_c28x_2</name>
         <value>0x3f7316</value>
         <object_component_ref idref="oc-1a2"/>
      </symbol>
      <symbol id="sm-78c">
         <name>_prolog_c28x_3</name>
         <value>0x3f731e</value>
         <object_component_ref idref="oc-1a2"/>
      </symbol>
      <symbol id="sm-794">
         <name>_sin</name>
         <value>0x3f71b7</value>
         <object_component_ref idref="oc-1a7"/>
      </symbol>
      <symbol id="sm-79c">
         <name>_sqrt</name>
         <value>0x3f726a</value>
         <object_component_ref idref="oc-1ab"/>
      </symbol>
   </symbol_table>
   <title>Link successful</title>
</link_info>
