******************************************************************************
             TMS320C2000 Linker PC v15.12.3                    
******************************************************************************
>> Linked Thu Apr 06 13:03:14 2017

OUTPUT FILE NAME:   <ChoicePhaseWithKindsV1.1.out>
ENTRY POINT SYMBOL: "_c_int00"  address: 003f5dd6


MEMORY CONFIGURATION

         name            origin    length      used     unused   attr    fill
----------------------  --------  ---------  --------  --------  ----  --------
PAGE 0:
  RAML0                 00008000   00000800  00000004  000007fc  RWIX
  RAML1                 00008a00   00000400  00000000  00000400  RWIX
  OTP                   003d7800   00000400  00000000  00000400  RWIX
  FLASHH                003d8000   00004000  00000000  00004000  RWIX
  FLASHG                003dc000   00004000  00000000  00004000  RWIX
  FLASHF                003e0000   00004000  00000000  00004000  RWIX
  FLASHE                003e4000   00004000  00000000  00004000  RWIX
  FLASHD                003e8000   00004000  00000004  00003ffc  RWIX
  FLASHC                003ec000   00004000  00000000  00004000  RWIX
  FLASHA                003f4000   00003f80  0000231f  00001c61  RWIX
  CSM_RSVD              003f7f80   00000076  00000000  00000076  RWIX
  BEGIN                 003f7ff6   00000002  00000002  00000000  RWIX
  CSM_PWL_P0            003f7ff8   00000008  00000000  00000008  RWIX
  FPUTABLES             003fd860   000006a0  000006a0  00000000  RWIX
  IQTABLES              003fdf00   00000b50  00000000  00000b50  RWIX
  IQTABLES2             003fea50   0000008c  00000000  0000008c  RWIX
  IQTABLES3             003feadc   000000aa  00000000  000000aa  RWIX
  ROM                   003ff3b0   00000c10  00000000  00000c10  RWIX
  RESET                 003fffc0   00000002  00000000  00000002  RWIX
  VECTORS               003fffc2   0000003e  00000000  0000003e  RWIX

PAGE 1:
  BOOT_RSVD             00000000   00000050  00000000  00000050  RWIX
  RAMM0                 00000050   000004b0  00000400  000000b0  RWIX
  RAMM1                 00000500   00000300  00000000  00000300  RWIX
  DEV_EMU               00000880   00000105  00000004  00000101  RWIX
  SYS_PWR_CTL           00000985   00000003  00000003  00000000  RWIX
  FLASH_REGS            00000a80   00000060  00000008  00000058  RWIX
  CSM                   00000ae0   00000020  00000010  00000010  RWIX
  ADC_RESULT            00000b00   00000020  00000010  00000010  RWIX
  CPU_TIMER0            00000c00   00000008  00000008  00000000  RWIX
  CPU_TIMER1            00000c08   00000008  00000008  00000000  RWIX
  CPU_TIMER2            00000c10   00000008  00000008  00000000  RWIX
  PIE_CTRL              00000ce0   00000020  0000001a  00000006  RWIX
  PIE_VECT              00000d00   00000100  00000100  00000000  RWIX
  DMA                   00001000   00000200  000000e0  00000120  RWIX
  CLA1                  00001400   00000080  00000040  00000040  RWIX
  USB0                  00004000   00001000  00000454  00000bac  RWIX
  McBSPA                00005000   00000040  00000024  0000001c  RWIX
  ECANA                 00006000   00000040  00000034  0000000c  RWIX
  ECANA_LAM             00006040   00000040  00000040  00000000  RWIX
  ECANA_MOTS            00006080   00000040  00000040  00000000  RWIX
  ECANA_MOTO            000060c0   00000040  00000040  00000000  RWIX
  ECANA_MBOX            00006100   00000100  00000100  00000000  RWIX
  COMP1                 00006400   00000020  00000014  0000000c  RWIX
  COMP2                 00006420   00000020  00000014  0000000c  RWIX
  COMP3                 00006440   00000020  00000014  0000000c  RWIX
  EPWM1                 00006800   00000040  00000040  00000000  RWIX
  EPWM2                 00006840   00000040  00000040  00000000  RWIX
  EPWM3                 00006880   00000040  00000040  00000000  RWIX
  EPWM4                 000068c0   00000040  00000040  00000000  RWIX
  EPWM5                 00006900   00000040  00000040  00000000  RWIX
  EPWM6                 00006940   00000040  00000040  00000000  RWIX
  EPWM7                 00006980   00000040  00000040  00000000  RWIX
  EPWM8                 000069c0   00000040  00000040  00000000  RWIX
  ECAP1                 00006a00   00000020  00000020  00000000  RWIX
  ECAP2                 00006a20   00000020  00000020  00000000  RWIX
  ECAP3                 00006a40   00000020  00000020  00000000  RWIX
  HRCAP1                00006ac0   00000020  00000020  00000000  RWIX
  HRCAP2                00006ae0   00000020  00000020  00000000  RWIX
  EQEP1                 00006b00   00000040  00000022  0000001e  RWIX
  EQEP2                 00006b40   00000040  00000022  0000001e  RWIX
  HRCAP3                00006c80   00000020  00000020  00000000  RWIX
  HRCAP4                00006ca0   00000020  00000020  00000000  RWIX
  GPIOCTRL              00006f80   00000040  00000040  00000000  RWIX
  GPIODAT               00006fc0   00000020  00000020  00000000  RWIX
  GPIOINT               00006fe0   00000020  00000020  00000000  RWIX
  SYSTEM                00007010   00000030  00000030  00000000  RWIX
  SPIA                  00007040   00000010  00000010  00000000  RWIX
  SCIA                  00007050   00000010  00000010  00000000  RWIX
  NMIINTRUPT            00007060   00000010  00000010  00000000  RWIX
  XINTRUPT              00007070   00000010  00000010  00000000  RWIX
  ADC                   00007100   00000080  00000050  00000030  RWIX
  SPIB                  00007740   00000010  00000010  00000000  RWIX
  SCIB                  00007750   00000010  00000010  00000000  RWIX
  I2CA                  00007900   00000040  00000022  0000001e  RWIX
  RAML2                 00008c00   00000600  00000000  00000600  RWIX
  RAML3                 00009200   00000d00  00000000  00000d00  RWIX
  RAML4                 0000a000   00002000  00000000  00002000  RWIX
  RAML5                 0000c000   00002000  00000080  00001f80  RWIX
  RAML6                 0000e000   00002000  00000080  00001f80  RWIX
  RAML7                 00010000   00002000  00000042  00001fbe  RWIX
  RAML8                 00012000   00002000  00000080  00001f80  RWIX
  USB_RAM               00040000   00000800  00000000  00000800  RWIX
  PARTID                003d7e80   00000001  00000001  00000000  RWIX
  FLASHB                003f0000   00004000  00000000  00004000  RWIX
  CSM_PWL               003f7ff8   00000008  00000008  00000000  RWIX


SECTION ALLOCATION MAP

 output                                  attributes/
section   page    origin      length       input sections
--------  ----  ----------  ----------   ----------------
.ebss      1    00000000    00000682     FAILED TO ALLOCATE
ramfuncs   0    003e8000    00000004     RUN ADDR = 00008000
                  003e8000    00000004     F2806x_usDelay.obj (ramfuncs)

.text      0    003f4000    00002112     
                  003f4000    0000063d     DeviceNet.obj (.text)
                  003f463d    0000039b     F2806x_DefaultIsr.obj (.text:retain)
                  003f49d8    0000038b     RefParameter.obj (.text)
                  003f4d63    00000001     rts2800_fpu32.lib : startup.obj (.text)
                  003f4d64    00000293     MonitorCalculate.obj (.text)
                  003f4ff7    000001bb     F2806x_Adc.obj (.text)
                  003f51b2    0000019d     FrequencyCalutate.obj (.text)
                  003f534f    00000186     F2806x_SysCtrl.obj (.text)
                  003f54d5    00000001     --HOLE-- [fill = 0]
                  003f54d6    0000011d     C28x_FPU_Lib.lib : RFFT_f32.obj (.text)
                  003f55f3    00000001     --HOLE-- [fill = 0]
                  003f55f4    0000010f     Action.obj (.text)
                  003f5703    000000d8     CAN.obj (.text)
                  003f57db    000000a8     withFFTmain.obj (.text)
                  003f5883    0000009c     rts2800_fpu32.lib : fd_add.obj (.text)
                  003f591f    00000096     SampleProcess.obj (.text:retain)
                  003f59b5    00000093     F2806x_ECan.obj (.text)
                  003f5a48    0000008b     rts2800_fpu32.lib : fd_div.obj (.text)
                  003f5ad3    00000085     PwmTimer.obj (.text:retain)
                  003f5b58    00000083     rts2800_fpu32.lib : fd_mpy.obj (.text)
                  003f5bdb    00000071     CAN.obj (.text:retain)
                  003f5c4c    00000070     C28x_FPU_Lib.lib : RFFT_f32_sincostable.obj (.text)
                  003f5cbc    00000069     ConfigADC.obj (.text)
                  003f5d25    00000059     DeviceIO.obj (.text)
                  003f5d7e    00000058     F2806x_CpuTimers.obj (.text)
                  003f5dd6    00000056     rts2800_fpu32.lib : boot.obj (.text)
                  003f5e2c    0000004a     rts2800_fpu32_fast_supplement.lib : atan_f32.obj (.text)
                  003f5e76    00000046     rts2800_fpu32.lib : cpy_tbl.obj (.text)
                  003f5ebc    0000003c     Timer.obj (.text:retain)
                  003f5ef8    00000034     rts2800_fpu32_fast_supplement.lib : cos_f32.obj (.text)
                  003f5f2c    00000034                                       : sin_f32.obj (.text)
                  003f5f60    00000030     SampleProcess.obj (.text)
                  003f5f90    00000029     rts2800_fpu32.lib : exit.obj (.text)
                  003f5fb9    00000028     F2806x_PieCtrl.obj (.text)
                  003f5fe1    0000001e     rts2800_fpu32.lib : memcpy.obj (.text)
                  003f5fff    0000001c                       : fs_tofd.obj (.text)
                  003f601b    0000001b     Timer.obj (.text)
                  003f6036    0000001b     rts2800_fpu32.lib : fd_toul.obj (.text)
                  003f6051    0000001a                       : cpy_utils.obj (.text)
                  003f606b    00000019                       : args_main.obj (.text)
                  003f6084    00000019                       : prolog.obj (.text)
                  003f609d    00000019     rts2800_fpu32_fast_supplement.lib : div_f32.obj (.text)
                  003f60b6    00000017     rts2800_fpu32.lib : u_tofd.obj (.text)
                  003f60cd    00000011     F2806x_PieVect.obj (.text)
                  003f60de    0000000e     rts2800_fpu32.lib : fd_sub.obj (.text)
                  003f60ec    0000000c                       : epilog.obj (.text)
                  003f60f8    00000009                       : _lock.obj (.text)
                  003f6101    00000008     F2806x_CodeStartBranch.obj (.text)
                  003f6109    00000007     F2806x_DisInt.obj (.text)
                  003f6110    00000002     rts2800_fpu32.lib : pre_init.obj (.text)

.econst    0    003f6112    00000135     
                  003f6112    00000100     F2806x_PieVect.obj (.econst:_PieVectTableInit)
                  003f6212    00000010     BasicModule.obj (.econst)
                  003f6222    00000010     MonitorCalculate.obj (.econst)
                  003f6232    0000000e     withFFTmain.obj (.econst:_$P$T0$1)
                  003f6240    00000007     DeviceNet.obj (.econst:.string)

.cinit     0    003f6247    000000d8     
                  003f6247    00000043     MonitorCalculate.obj (.cinit)
                  003f628a    00000030     DeviceNet.obj (.cinit)
                  003f62ba    00000022     SampleProcess.obj (.cinit)
                  003f62dc    00000011     Action.obj (.cinit)
                  003f62ed    0000000f     FrequencyCalutate.obj (.cinit)
                  003f62fc    0000000e     rts2800_fpu32.lib : exit.obj (.cinit)
                  003f630a    00000009     CAN.obj (.cinit)
                  003f6313    00000005     rts2800_fpu32.lib : _lock.obj (.cinit:__lock)
                  003f6318    00000005                       : _lock.obj (.cinit:__unlock)
                  003f631d    00000002     --HOLE-- [fill = 0]

.pinit     0    003f4000    00000000     UNINITIALIZED

codestart 
*          0    003f7ff6    00000002     
                  003f7ff6    00000002     F2806x_CodeStartBranch.obj (codestart)

.stack     1    00000050    00000400     UNINITIALIZED
                  00000050    00000400     --HOLE--

FPUmathTables 
*          0    003fd860    000006a0     NOLOAD SECTION
                  003fd860    000006a0     rts2800_fpu32_fast_supplement.lib : FPUmathTables.obj (FPUmathTables)

DevEmuRegsFile 
*          1    00000880    00000004     UNINITIALIZED
                  00000880    00000004     F2806x_GlobalVariableDefs.obj (DevEmuRegsFile)

SysPwrCtrlRegsFile 
*          1    00000985    00000003     UNINITIALIZED
                  00000985    00000003     F2806x_GlobalVariableDefs.obj (SysPwrCtrlRegsFile)

FlashRegsFile 
*          1    00000a80    00000008     UNINITIALIZED
                  00000a80    00000008     F2806x_GlobalVariableDefs.obj (FlashRegsFile)

CsmRegsFile 
*          1    00000ae0    00000010     UNINITIALIZED
                  00000ae0    00000010     F2806x_GlobalVariableDefs.obj (CsmRegsFile)

AdcResultFile 
*          1    00000b00    00000010     UNINITIALIZED
                  00000b00    00000010     F2806x_GlobalVariableDefs.obj (AdcResultFile)

CpuTimer0RegsFile 
*          1    00000c00    00000008     UNINITIALIZED
                  00000c00    00000008     F2806x_GlobalVariableDefs.obj (CpuTimer0RegsFile)

CpuTimer1RegsFile 
*          1    00000c08    00000008     UNINITIALIZED
                  00000c08    00000008     F2806x_GlobalVariableDefs.obj (CpuTimer1RegsFile)

CpuTimer2RegsFile 
*          1    00000c10    00000008     UNINITIALIZED
                  00000c10    00000008     F2806x_GlobalVariableDefs.obj (CpuTimer2RegsFile)

PieCtrlRegsFile 
*          1    00000ce0    0000001a     UNINITIALIZED
                  00000ce0    0000001a     F2806x_GlobalVariableDefs.obj (PieCtrlRegsFile)

PieVectTableFile 
*          1    00000d00    00000100     UNINITIALIZED
                  00000d00    00000100     F2806x_GlobalVariableDefs.obj (PieVectTableFile)

EmuKeyVar 
*          1    00000d00    00000001     UNINITIALIZED
                  00000d00    00000001     F2806x_GlobalVariableDefs.obj (EmuKeyVar)

EmuBModeVar 
*          1    00000d01    00000001     UNINITIALIZED
                  00000d01    00000001     F2806x_GlobalVariableDefs.obj (EmuBModeVar)

FlashCallbackVar 
*          1    00000d02    00000002     UNINITIALIZED
                  00000d02    00000002     F2806x_GlobalVariableDefs.obj (FlashCallbackVar)

FlashScalingVar 
*          1    00000d04    00000002     UNINITIALIZED
                  00000d04    00000002     F2806x_GlobalVariableDefs.obj (FlashScalingVar)

DmaRegsFile 
*          1    00001000    000000e0     UNINITIALIZED
                  00001000    000000e0     F2806x_GlobalVariableDefs.obj (DmaRegsFile)

Cla1RegsFile 
*          1    00001400    00000040     UNINITIALIZED
                  00001400    00000040     F2806x_GlobalVariableDefs.obj (Cla1RegsFile)

Usb0RegsFile 
*          1    00004000    00000454     UNINITIALIZED
                  00004000    00000454     F2806x_GlobalVariableDefs.obj (Usb0RegsFile)

McbspaRegsFile 
*          1    00005000    00000024     UNINITIALIZED
                  00005000    00000024     F2806x_GlobalVariableDefs.obj (McbspaRegsFile)

ECanaRegsFile 
*          1    00006000    00000034     UNINITIALIZED
                  00006000    00000034     F2806x_GlobalVariableDefs.obj (ECanaRegsFile)

ECanaLAMRegsFile 
*          1    00006040    00000040     UNINITIALIZED
                  00006040    00000040     F2806x_GlobalVariableDefs.obj (ECanaLAMRegsFile)

ECanaMOTSRegsFile 
*          1    00006080    00000040     UNINITIALIZED
                  00006080    00000040     F2806x_GlobalVariableDefs.obj (ECanaMOTSRegsFile)

ECanaMOTORegsFile 
*          1    000060c0    00000040     UNINITIALIZED
                  000060c0    00000040     F2806x_GlobalVariableDefs.obj (ECanaMOTORegsFile)

ECanaMboxesFile 
*          1    00006100    00000100     UNINITIALIZED
                  00006100    00000100     F2806x_GlobalVariableDefs.obj (ECanaMboxesFile)

Comp1RegsFile 
*          1    00006400    00000014     UNINITIALIZED
                  00006400    00000014     F2806x_GlobalVariableDefs.obj (Comp1RegsFile)

Comp2RegsFile 
*          1    00006420    00000014     UNINITIALIZED
                  00006420    00000014     F2806x_GlobalVariableDefs.obj (Comp2RegsFile)

Comp3RegsFile 
*          1    00006440    00000014     UNINITIALIZED
                  00006440    00000014     F2806x_GlobalVariableDefs.obj (Comp3RegsFile)

EPwm1RegsFile 
*          1    00006800    00000040     UNINITIALIZED
                  00006800    00000040     F2806x_GlobalVariableDefs.obj (EPwm1RegsFile)

EPwm2RegsFile 
*          1    00006840    00000040     UNINITIALIZED
                  00006840    00000040     F2806x_GlobalVariableDefs.obj (EPwm2RegsFile)

EPwm3RegsFile 
*          1    00006880    00000040     UNINITIALIZED
                  00006880    00000040     F2806x_GlobalVariableDefs.obj (EPwm3RegsFile)

EPwm4RegsFile 
*          1    000068c0    00000040     UNINITIALIZED
                  000068c0    00000040     F2806x_GlobalVariableDefs.obj (EPwm4RegsFile)

EPwm5RegsFile 
*          1    00006900    00000040     UNINITIALIZED
                  00006900    00000040     F2806x_GlobalVariableDefs.obj (EPwm5RegsFile)

EPwm6RegsFile 
*          1    00006940    00000040     UNINITIALIZED
                  00006940    00000040     F2806x_GlobalVariableDefs.obj (EPwm6RegsFile)

EPwm7RegsFile 
*          1    00006980    00000040     UNINITIALIZED
                  00006980    00000040     F2806x_GlobalVariableDefs.obj (EPwm7RegsFile)

EPwm8RegsFile 
*          1    000069c0    00000040     UNINITIALIZED
                  000069c0    00000040     F2806x_GlobalVariableDefs.obj (EPwm8RegsFile)

ECap1RegsFile 
*          1    00006a00    00000020     UNINITIALIZED
                  00006a00    00000020     F2806x_GlobalVariableDefs.obj (ECap1RegsFile)

ECap2RegsFile 
*          1    00006a20    00000020     UNINITIALIZED
                  00006a20    00000020     F2806x_GlobalVariableDefs.obj (ECap2RegsFile)

ECap3RegsFile 
*          1    00006a40    00000020     UNINITIALIZED
                  00006a40    00000020     F2806x_GlobalVariableDefs.obj (ECap3RegsFile)

HRCap1RegsFile 
*          1    00006ac0    00000020     UNINITIALIZED
                  00006ac0    00000020     F2806x_GlobalVariableDefs.obj (HRCap1RegsFile)

HRCap2RegsFile 
*          1    00006ae0    00000020     UNINITIALIZED
                  00006ae0    00000020     F2806x_GlobalVariableDefs.obj (HRCap2RegsFile)

EQep1RegsFile 
*          1    00006b00    00000022     UNINITIALIZED
                  00006b00    00000022     F2806x_GlobalVariableDefs.obj (EQep1RegsFile)

EQep2RegsFile 
*          1    00006b40    00000022     UNINITIALIZED
                  00006b40    00000022     F2806x_GlobalVariableDefs.obj (EQep2RegsFile)

HRCap3RegsFile 
*          1    00006c80    00000020     UNINITIALIZED
                  00006c80    00000020     F2806x_GlobalVariableDefs.obj (HRCap3RegsFile)

HRCap4RegsFile 
*          1    00006ca0    00000020     UNINITIALIZED
                  00006ca0    00000020     F2806x_GlobalVariableDefs.obj (HRCap4RegsFile)

GpioCtrlRegsFile 
*          1    00006f80    00000040     UNINITIALIZED
                  00006f80    00000040     F2806x_GlobalVariableDefs.obj (GpioCtrlRegsFile)

GpioDataRegsFile 
*          1    00006fc0    00000020     UNINITIALIZED
                  00006fc0    00000020     F2806x_GlobalVariableDefs.obj (GpioDataRegsFile)

GpioIntRegsFile 
*          1    00006fe0    00000020     UNINITIALIZED
                  00006fe0    00000020     F2806x_GlobalVariableDefs.obj (GpioIntRegsFile)

SysCtrlRegsFile 
*          1    00007010    00000030     UNINITIALIZED
                  00007010    00000030     F2806x_GlobalVariableDefs.obj (SysCtrlRegsFile)

SpiaRegsFile 
*          1    00007040    00000010     UNINITIALIZED
                  00007040    00000010     F2806x_GlobalVariableDefs.obj (SpiaRegsFile)

SciaRegsFile 
*          1    00007050    00000010     UNINITIALIZED
                  00007050    00000010     F2806x_GlobalVariableDefs.obj (SciaRegsFile)

NmiIntruptRegsFile 
*          1    00007060    00000010     UNINITIALIZED
                  00007060    00000010     F2806x_GlobalVariableDefs.obj (NmiIntruptRegsFile)

XIntruptRegsFile 
*          1    00007070    00000010     UNINITIALIZED
                  00007070    00000010     F2806x_GlobalVariableDefs.obj (XIntruptRegsFile)

AdcRegsFile 
*          1    00007100    00000050     UNINITIALIZED
                  00007100    00000050     F2806x_GlobalVariableDefs.obj (AdcRegsFile)

SpibRegsFile 
*          1    00007740    00000010     UNINITIALIZED
                  00007740    00000010     F2806x_GlobalVariableDefs.obj (SpibRegsFile)

ScibRegsFile 
*          1    00007750    00000010     UNINITIALIZED
                  00007750    00000010     F2806x_GlobalVariableDefs.obj (ScibRegsFile)

I2caRegsFile 
*          1    00007900    00000022     UNINITIALIZED
                  00007900    00000022     F2806x_GlobalVariableDefs.obj (I2caRegsFile)

RFFTdata1 
*          1    0000c000    00000080     UNINITIALIZED
                  0000c000    00000080     MonitorCalculate.obj (RFFTdata1)

RFFTdata2 
*          1    0000e000    00000080     UNINITIALIZED
                  0000e000    00000080     MonitorCalculate.obj (RFFTdata2)

RFFTdata3 
*          1    00010000    00000042     UNINITIALIZED
                  00010000    00000042     MonitorCalculate.obj (RFFTdata3)

RFFTdata4 
*          1    00012000    00000080     UNINITIALIZED
                  00012000    00000080     MonitorCalculate.obj (RFFTdata4)

.reset     0    003fffc0    00000002     DSECT
                  003fffc0    00000002     rts2800_fpu32.lib : boot.obj (.reset)

vectors    0    003fffc2    00000000     DSECT

PartIdRegsFile 
*          1    003d7e80    00000001     UNINITIALIZED
                  003d7e80    00000001     F2806x_GlobalVariableDefs.obj (PartIdRegsFile)

CsmPwlFile 
*          1    003f7ff8    00000008     UNINITIALIZED
                  003f7ff8    00000008     F2806x_GlobalVariableDefs.obj (CsmPwlFile)

MODULE SUMMARY

       Module                          code   ro data   rw data
       ------                          ----   -------   -------
    .\AlgorithmSource\
       FrequencyCalutate.obj           413    0         15     
    +--+-------------------------------+------+---------+---------+
       Total:                          413    0         15     
                                                               
    .\ProjectSource\
       DeviceNet.obj                   1597   0         55     
       MonitorCalculate.obj            659    0         533    
       RefParameter.obj                907    0         0      
       CAN.obj                         329    0         9      
       Action.obj                      271    0         17     
       SampleProcess.obj               198    0         34     
       PwmTimer.obj                    133    0         0      
       ConfigADC.obj                   105    0         0      
       DeviceIO.obj                    89     0         0      
       Timer.obj                       87     0         0      
       BasicModule.obj                 0      0         16     
    +--+-------------------------------+------+---------+---------+
       Total:                          4375   0         664    
                                                               
    .\source\
       F2806x_GlobalVariableDefs.obj   0      0         3550   
       F2806x_DefaultIsr.obj           923    0         0      
       F2806x_Adc.obj                  443    0         0      
       F2806x_SysCtrl.obj              390    0         0      
       F2806x_PieVect.obj              17     0         256    
       F2806x_ECan.obj                 147    0         0      
       F2806x_CpuTimers.obj            88     0         0      
       F2806x_PieCtrl.obj              40     0         0      
       F2806x_CodeStartBranch.obj      10     0         0      
       F2806x_usDelay.obj              8      0         0      
       F2806x_DisInt.obj               7      0         0      
    +--+-------------------------------+------+---------+---------+
       Total:                          2073   0         3806   
                                                               
    .\withFFT\
       withFFTmain.obj                 168    0         14     
    +--+-------------------------------+------+---------+---------+
       Total:                          168    0         14     
                                                               
    ../lib/C28x_FPU_Lib.lib
       RFFT_f32.obj                    285    0         0      
       RFFT_f32_sincostable.obj        112    0         0      
    +--+-------------------------------+------+---------+---------+
       Total:                          397    0         0      
                                                               
    ../lib/rts2800_fpu32_fast_supplement.lib
       FPUmathTables.obj               0      0         1696   
       atan_f32.obj                    74     0         0      
       cos_f32.obj                     52     0         0      
       sin_f32.obj                     52     0         0      
       div_f32.obj                     25     0         0      
    +--+-------------------------------+------+---------+---------+
       Total:                          203    0         1696   
                                                               
    D:/Program Files (x86)/TI/ccsv6/tools/compiler/c2000_15.12.3.LTS/lib/rts2800_fpu32.lib
       fd_add.obj                      156    0         0      
       fd_div.obj                      139    0         0      
       fd_mpy.obj                      131    0         0      
       boot.obj                        86     0         0      
       cpy_tbl.obj                     70     0         0      
       exit.obj                        41     0         14     
       memcpy.obj                      30     0         0      
       fs_tofd.obj                     28     0         0      
       fd_toul.obj                     27     0         0      
       cpy_utils.obj                   26     0         0      
       args_main.obj                   25     0         0      
       prolog.obj                      25     0         0      
       u_tofd.obj                      23     0         0      
       _lock.obj                       9      0         10     
       fd_sub.obj                      14     0         0      
       epilog.obj                      12     0         0      
       pre_init.obj                    2      0         0      
       startup.obj                     1      0         0      
    +--+-------------------------------+------+---------+---------+
       Total:                          845    0         24     
                                                               
       Stack:                          0      0         1024   
    +--+-------------------------------+------+---------+---------+
       Grand Total:                    8474   0         7243   


GLOBAL DATA SYMBOLS: SORTED BY DATA PAGE

address     data page           name
--------    ----------------    ----
00000000       0 (00000000)     _i
00000001       0 (00000000)     _SampleIndex
00000002       0 (00000000)     _ZVDFlag
00000003       0 (00000000)     _SampleLen
00000004       0 (00000000)     _SamplePriod

00000040       1 (00000040)     _SampleData
00000050       1 (00000040)     __stack

000000c0       3 (000000c0)     _SampleDataSave

00000180       6 (00000180)     _SampleDataSavefloat

00000282       a (00000280)     _CpuTimer1
0000028a       a (00000280)     _CpuTimer2
00000292       a (00000280)     _CpuTimer0
0000029a       a (00000280)     _LastLen
0000029b       a (00000280)     _LastFlag
0000029c       a (00000280)     _LastTime
0000029e       a (00000280)     _CommandData
000002a8       a (00000280)     _dataError
000002aa       a (00000280)     _ReceiveData
000002b4       a (00000280)     _EPwm2TimerIntCount
000002b6       a (00000280)     _EPwm1TimerIntCount
000002b8       a (00000280)     _EPwm4TimerIntCount
000002ba       a (00000280)     _EPwm3TimerIntCount
000002bc       a (00000280)     __lock
000002be       a (00000280)     __unlock

000002c0       b (000002c0)     _g_SyncReadyWaitTime
000002c2       b (000002c0)     _g_SystemCalibrationCoefficient
000002cc       b (000002c0)     _g_SyncCommand
000002d8       b (000002c0)     _g_SystemLimit
000002e4       b (000002c0)     _g_SystemVoltageParameter

00000300       c (00000300)     _g_ProcessDelayTime

00000340       d (00000340)     _g_PhaseActionRad

00000380       e (00000380)     _g_SetParameterCollect

00000498      12 (00000480)     _Sin1step
0000049a      12 (00000480)     _TwoDivideN
0000049c      12 (00000480)     _Cos1step
0000049e      12 (00000480)     ___TI_enable_exit_profile_output
000004a0      12 (00000480)     ___TI_cleanup_ptr
000004a2      12 (00000480)     ___TI_dtors_ptr

000004c1      13 (000004c0)     _g_DeviceNetRequstData
000004c3      13 (000004c0)     _device_type
000004c4      13 (000004c0)     _minor_ver
000004c5      13 (000004c0)     _major_ver
000004c6      13 (000004c0)     _product_code
000004c7      13 (000004c0)     _DeviceNetClass
000004c8      13 (000004c0)     _providerID
000004ca      13 (000004c0)     _serialID
000004cc      13 (000004c0)     _product_name
000004d0      13 (000004c0)     _DeviceNetObj
000004d4      13 (000004c0)     _DeviceNetReciveFrame
000004dc      13 (000004c0)     _DeviceNetSendFrame
000004e4      13 (000004c0)     _ReciveBufferData
000004ee      13 (000004c0)     _SendBufferData

00000500      14 (00000500)     _IdentifierObj
0000050e      14 (00000500)     _StatusChangedConnedctionObj

00000540      15 (00000540)     _VisibleConnectionObj

00000580      16 (00000580)     _CycleInquireConnedctionObj

000005c0      17 (000005c0)     _xiang
000005c1      17 (000005c0)     _FirstTrig
000005c2      17 (000005c0)     _count
000005c4      17 (000005c0)     _b
000005c6      17 (000005c0)     _tp
000005c8      17 (000005c0)     _a
000005ca      17 (000005c0)     _phase
000005cc      17 (000005c0)     _pCalTimeMonitor
000005ce      17 (000005c0)     _t1
000005d0      17 (000005c0)     _sumt
000005d2      17 (000005c0)     _t0
000005d4      17 (000005c0)     _tp4
000005d6      17 (000005c0)     _tq
000005d8      17 (000005c0)     _tph
000005da      17 (000005c0)     _tnow
000005dc      17 (000005c0)     _CalTimeMonitor
000005e4      17 (000005c0)     _g_FreqMonitor
000005ec      17 (000005c0)     _SetParam

00000600      18 (00000600)     _rfft

00000640      19 (00000640)     _RFFphaseBuff

00000880      22 (00000880)     _DevEmuRegs

00000985      26 (00000980)     _SysPwrCtrlRegs

00000a80      2a (00000a80)     _FlashRegs

00000ae0      2b (00000ac0)     _CsmRegs

00000b00      2c (00000b00)     _AdcResult

00000c00      30 (00000c00)     _CpuTimer0Regs
00000c08      30 (00000c00)     _CpuTimer1Regs
00000c10      30 (00000c00)     _CpuTimer2Regs

00000ce0      33 (00000cc0)     _PieCtrlRegs

00000d00      34 (00000d00)     _EmuKey
00000d00      34 (00000d00)     _PieVectTable
00000d01      34 (00000d00)     _EmuBMode
00000d02      34 (00000d00)     _Flash_CallbackPtr
00000d04      34 (00000d00)     _Flash_CPUScaleFactor

00001000      40 (00001000)     _DmaRegs

00001400      50 (00001400)     _Cla1Regs

00004000     100 (00004000)     _Usb0Regs

00005000     140 (00005000)     _McbspaRegs

00006000     180 (00006000)     _ECanaRegs

00006040     181 (00006040)     _ECanaLAMRegs

00006080     182 (00006080)     _ECanaMOTSRegs

000060c0     183 (000060c0)     _ECanaMOTORegs

00006100     184 (00006100)     _ECanaMboxes

00006400     190 (00006400)     _Comp1Regs
00006420     190 (00006400)     _Comp2Regs

00006440     191 (00006440)     _Comp3Regs

00006800     1a0 (00006800)     _EPwm1Regs

00006840     1a1 (00006840)     _EPwm2Regs

00006880     1a2 (00006880)     _EPwm3Regs

000068c0     1a3 (000068c0)     _EPwm4Regs

00006900     1a4 (00006900)     _EPwm5Regs

00006940     1a5 (00006940)     _EPwm6Regs

00006980     1a6 (00006980)     _EPwm7Regs

000069c0     1a7 (000069c0)     _EPwm8Regs

00006a00     1a8 (00006a00)     _ECap1Regs
00006a20     1a8 (00006a00)     _ECap2Regs

00006a40     1a9 (00006a40)     _ECap3Regs

00006ac0     1ab (00006ac0)     _HRCap1Regs
00006ae0     1ab (00006ac0)     _HRCap2Regs

00006b00     1ac (00006b00)     _EQep1Regs

00006b40     1ad (00006b40)     _EQep2Regs

00006c80     1b2 (00006c80)     _HRCap3Regs
00006ca0     1b2 (00006c80)     _HRCap4Regs

00006f80     1be (00006f80)     _GpioCtrlRegs

00006fc0     1bf (00006fc0)     _GpioDataRegs
00006fe0     1bf (00006fc0)     _GpioIntRegs

00007010     1c0 (00007000)     _SysCtrlRegs

00007040     1c1 (00007040)     _SpiaRegs
00007050     1c1 (00007040)     _SciaRegs
00007060     1c1 (00007040)     _NmiIntruptRegs
00007070     1c1 (00007040)     _XIntruptRegs

00007100     1c4 (00007100)     _AdcRegs

00007740     1dd (00007740)     _SpibRegs
00007750     1dd (00007740)     _ScibRegs

00007900     1e4 (00007900)     _I2caRegs

0000c000     300 (0000c000)     _RFFTin1Buff

0000e000     380 (0000e000)     _RFFToutBuff

00010000     400 (00010000)     _RFFTmagBuff

00012000     480 (00012000)     _RFFTF32Coef

003d7e80    f5fa (003d7e80)     _PartIdRegs

003f6112    fd84 (003f6100)     _PieVectTableInit

003f7ff8    fdff (003f7fc0)     _CsmPwl

003fd860    ff61 (003fd840)     _FPUsinTable

003fd960    ff65 (003fd940)     _FPUcosTable

003fdc60    ff71 (003fdc40)     _FPUsinTableEnd

003fdd62    ff75 (003fdd40)     _FPUatan2HalfPITable
003fdd62    ff75 (003fdd40)     _FPUcosTableEnd
003fdd66    ff75 (003fdd40)     _FPUatan2Table

003fdeec    ff7b (003fdec0)     _FPUatan2TableEnd


GLOBAL SYMBOLS: SORTED ALPHABETICALLY BY Name 

page  address   name                                  
----  -------   ----                                  
0     003f4000  .text                                 
0     003f5f90  C$$EXIT                               
0     003f5883  FD$$ADD                               
0     003f5a48  FD$$DIV                               
0     003f5b58  FD$$MPY                               
0     003f60de  FD$$SUB                               
0     003f6036  FD$$TOUL                              
0     003f609d  FS$$DIV                               
0     003f5fff  FS$$TOFD                              
0     003f60b6  U$$TOFD                               
0     003f49ce  _ADCINT1_ISR                          
0     003f49c4  _ADCINT2_ISR                          
0     003f49ba  _ADCINT3_ISR                          
0     003f49b0  _ADCINT4_ISR                          
0     003f49a6  _ADCINT5_ISR                          
0     003f499c  _ADCINT6_ISR                          
0     003f4992  _ADCINT7_ISR                          
0     003f4988  _ADCINT8_ISR                          
0     003f497e  _ADCINT9_ISR                          
0     003f591f  _ADC_INT1_ISR                         
0     003f460a  _AckMsgService                        
0     003f56fc  _ActionDataInit                       
0     003f504c  _AdcChanSelect                        
0     003f50a4  _AdcConversion                        
0     003f518d  _AdcOffsetSelfCal                     
1     00007100  _AdcRegs                              
1     00000b00  _AdcResult                            
0     003f45a1  _CANFrameFilter                       
0     003f5733  _CANSendData                          
0     003f4974  _CLA1_INT1_ISR                        
0     003f496a  _CLA1_INT2_ISR                        
0     003f4960  _CLA1_INT3_ISR                        
0     003f4956  _CLA1_INT4_ISR                        
0     003f494c  _CLA1_INT5_ISR                        
0     003f4942  _CLA1_INT6_ISR                        
0     003f4938  _CLA1_INT7_ISR                        
0     003f492e  _CLA1_INT8_ISR                        
0     003f5317  _CalFreq                              
0     000005dc  _CalTimeMonitor                       
0     003f527c  _CaliAB_Base                          
0     003f5bdb  _Can0Recive_ISR                       
0     003f4117  _CheckAllocateCode                    
0     003f4522  _CheckMACID                           
0     003f40ce  _CheckReleaseCode                     
1     00001400  _Cla1Regs                             
0     0000029e  _CommandData                          
1     00006400  _Comp1Regs                            
1     00006420  _Comp2Regs                            
1     00006440  _Comp3Regs                            
0     003f5ce7  _ConfigADC_Monitor                    
0     003f5db3  _ConfigCpuTimer                       
0     003f40a9  _ConnectionClassService               
0     0000049c  _Cos1step                             
0     00000292  _CpuTimer0                            
1     00000c00  _CpuTimer0Regs                        
0     00000282  _CpuTimer1                            
1     00000c08  _CpuTimer1Regs                        
0     0000028a  _CpuTimer2                            
1     00000c10  _CpuTimer2Regs                        
0     003f5ebc  _Cpu_timer0_isr                       
1     003f7ff8  _CsmPwl                               
1     00000ae0  _CsmRegs                              
0     003f54a7  _CsmUnlock                            
0     003f400a  _CycInquireConnectObjService          
0     00000580  _CycleInquireConnedctionObj           
0     003f4924  _DATALOG_ISR                          
0     003f491a  _DINTCH1_ISR                          
0     003f4910  _DINTCH2_ISR                          
0     003f4906  _DINTCH3_ISR                          
0     003f48fc  _DINTCH4_ISR                          
0     003f48f2  _DINTCH5_ISR                          
0     003f48e8  _DINTCH6_ISR                          
0     003f6109  _DSP28x_DisableInt                    
0     003f610d  _DSP28x_RestoreInt                    
0     00008000  _DSP28x_usDelay                       
1     00000880  _DevEmuRegs                           
0     003f4609  _DeviceMonitorPluse                   
0     000004c7  _DeviceNetClass                       
0     003f434f  _DeviceNetClassService                
0     000004d0  _DeviceNetObj                         
0     003f429a  _DeviceNetObjService                  
0     003f45ce  _DeviceNetReciveCenter                
0     000004d4  _DeviceNetReciveFrame                 
0     000004dc  _DeviceNetSendFrame                   
0     003f5391  _DisableDog                           
1     00001000  _DmaRegs                              
0     003f48de  _ECAN0INTA_ISR                        
0     003f48d4  _ECAN1INTA_ISR                        
0     003f48ca  _ECAP1_INT_ISR                        
0     003f48c0  _ECAP2_INT_ISR                        
0     003f48b6  _ECAP3_INT_ISR                        
1     00006040  _ECanaLAMRegs                         
1     000060c0  _ECanaMOTORegs                        
1     00006080  _ECanaMOTSRegs                        
1     00006100  _ECanaMboxes                          
1     00006000  _ECanaRegs                            
1     00006a00  _ECap1Regs                            
1     00006a20  _ECap2Regs                            
1     00006a40  _ECap3Regs                            
0     003f48a9  _EMPTY_ISR                            
0     003f489f  _EMUINT_ISR                           
0     003f4895  _EPWM1_INT_ISR                        
0     003f488b  _EPWM1_TZINT_ISR                      
0     003f4881  _EPWM2_INT_ISR                        
0     003f4877  _EPWM2_TZINT_ISR                      
0     003f486d  _EPWM3_INT_ISR                        
0     003f4863  _EPWM3_TZINT_ISR                      
0     003f4859  _EPWM4_INT_ISR                        
0     003f484f  _EPWM4_TZINT_ISR                      
0     003f4845  _EPWM5_INT_ISR                        
0     003f483b  _EPWM5_TZINT_ISR                      
0     003f4831  _EPWM6_INT_ISR                        
0     003f4827  _EPWM6_TZINT_ISR                      
0     003f481d  _EPWM7_INT_ISR                        
0     003f4813  _EPWM7_TZINT_ISR                      
0     003f4809  _EPWM8_INT_ISR                        
0     003f47ff  _EPWM8_TZINT_ISR                      
1     00006800  _EPwm1Regs                            
0     000002b6  _EPwm1TimerIntCount                   
1     00006840  _EPwm2Regs                            
0     000002b4  _EPwm2TimerIntCount                   
1     00006880  _EPwm3Regs                            
0     000002ba  _EPwm3TimerIntCount                   
1     000068c0  _EPwm4Regs                            
0     000002b8  _EPwm4TimerIntCount                   
1     00006900  _EPwm5Regs                            
1     00006940  _EPwm6Regs                            
1     00006980  _EPwm7Regs                            
1     000069c0  _EPwm8Regs                            
0     003f47f5  _EQEP1_INT_ISR                        
0     003f47eb  _EQEP2_INT_ISR                        
1     00006b00  _EQep1Regs                            
1     00006b40  _EQep2Regs                            
1     00000d01  _EmuBMode                             
1     00000d00  _EmuKey                               
0     003f5fd8  _EnableInterrupts                     
0     003f548f  _ExtOscSel                            
0     003f4d64  _FFT_Cal                              
0     003f4e5f  _FFT_Init                             
0     003fdd62  _FPUatan2HalfPITable                  
0     003fdd66  _FPUatan2Table                        
0     003fdeec  _FPUatan2TableEnd                     
0     003fd960  _FPUcosTable                          
0     003fdd62  _FPUcosTableEnd                       
0     003fd860  _FPUsinTable                          
0     003fdc60  _FPUsinTableEnd                       
0     000005c1  _FirstTrig                            
1     00000a80  _FlashRegs                            
1     00000d04  _Flash_CPUScaleFactor                 
1     00000d02  _Flash_CallbackPtr                    
0     003f55f4  _FrameServer                          
0     003f51e3  _GetNewFreq                           
0     003f4ed6  _GetOVD                               
1     00006f80  _GpioCtrlRegs                         
1     00006fc0  _GpioDataRegs                         
1     00006fe0  _GpioIntRegs                          
0     003f47e1  _HRCAP1_INT_ISR                       
0     003f47d7  _HRCAP2_INT_ISR                       
0     003f47cd  _HRCAP3_INT_ISR                       
0     003f47c3  _HRCAP4_INT_ISR                       
1     00006ac0  _HRCap1Regs                           
1     00006ae0  _HRCap2Regs                           
1     00006c80  _HRCap3Regs                           
1     00006ca0  _HRCap4Regs                           
0     003f47b9  _I2CINT1A_ISR                         
0     003f47af  _I2CINT2A_ISR                         
1     00007900  _I2caRegs                             
0     003f47a5  _ILLEGAL_ISR                          
0     003f479b  _INT13_ISR                            
0     003f4791  _INT14_ISR                            
0     003f4458  _IdentifierClassService               
0     00000500  _IdentifierObj                        
0     003f43b0  _IdentifierObjService                 
0     003f501d  _InitAdc                              
0     003f4ff7  _InitAdcAio                           
0     003f5d7e  _InitCpuTimers                        
0     003f4194  _InitCycleInquireConnectionObj        
0     003f5d25  _InitDeviceIO                         
0     003f4559  _InitDeviceNet                        
0     003f59d0  _InitECan                             
0     003f59b5  _InitECanGpio                         
0     003f59d0  _InitECana                            
0     003f59b5  _InitECanaGpio                        
0     003f4e77  _InitMonitorCalData                   
0     003f53eb  _InitPeripheralClocks                 
0     003f5fb9  _InitPieCtrl                          
0     003f60cd  _InitPieVectTable                     
0     003f5399  _InitPll                              
0     003f5462  _InitPll2                             
0     003f5f60  _InitSampleProcessData                
0     003f5703  _InitStandardCAN                      
0     003f417a  _InitStatusChangedConnectionObj       
0     003f544a  _InitSysCtrl                          
0     003f4160  _InitVisibleConnectionObj             
0     003f5381  _IntOsc1Sel                           
0     003f536d  _IntOsc2Sel                           
0     003f601b  _IsOverTime                           
0     003f4512  _IsTimeRemain                         
0     003f4787  _LUF_ISR                              
0     003f477d  _LVF_ISR                              
0     0000029b  _LastFlag                             
0     0000029a  _LastLen                              
0     0000029c  _LastTime                             
0     003f4773  _MRINTA_ISR                           
0     003f4769  _MXINTA_ISR                           
1     00005000  _McbspaRegs                           
0     003f51b2  _MidMeanFilter                        
0     003f475f  _NMI_ISR                              
1     00007060  _NmiIntruptRegs                       
0     003f4755  _PIE_RESERVED                         
1     003d7e80  _PartIdRegs                           
1     00000ce0  _PieCtrlRegs                          
1     00000d00  _PieVectTable                         
0     003f6112  _PieVectTableInit                     
1     00012000  _RFFTF32Coef                          
0     003f54d6  _RFFT_f32                             
0     003f5c4c  _RFFT_f32_sincostable                 
1     0000c000  _RFFTin1Buff                          
1     00010000  _RFFTmagBuff                          
1     0000e000  _RFFToutBuff                          
0     00000640  _RFFphaseBuff                         
0     003f474b  _RTOSINT_ISR                          
0     003e8004  _RamfuncsLoadEnd                      
abs   00000004  _RamfuncsLoadSize                     
0     003e8000  _RamfuncsLoadStart                    
0     00008000  _RamfuncsRunStart                     
0     000002aa  _ReceiveData                          
0     000004e4  _ReciveBufferData                     
0     003f4c33  _RefParameterInit                     
0     003f44e0  _ResponseMACID                        
0     003f447d  _RountineClassObjService              
0     003f4741  _SCIRXINTA_ISR                        
0     003f4737  _SCIRXINTB_ISR                        
0     003f472d  _SCITXINTA_ISR                        
0     003f4723  _SCITXINTB_ISR                        
0     003f4719  _SPIRXINTA_ISR                        
0     003f470f  _SPIRXINTB_ISR                        
0     003f4705  _SPITXINTA_ISR                        
0     003f46fb  _SPITXINTB_ISR                        
0     00000040  _SampleData                           
0     000000c0  _SampleDataSave                       
0     00000180  _SampleDataSavefloat                  
0     00000001  _SampleIndex                          
0     00000003  _SampleLen                            
0     00000004  _SamplePriod                          
1     00007050  _SciaRegs                             
1     00007750  _ScibRegs                             
0     000004ee  _SendBufferData                       
0     003f4000  _SendData                             
0     003f5363  _ServiceDog                           
0     000005ec  _SetParam                             
0     003f5cc9  _SetSamplePriod                       
0     00000498  _Sin1step                             
1     00007040  _SpiaRegs                             
1     00007740  _SpibRegs                             
0     003f44d9  _StartOverTimer                       
0     003f5cc1  _StartSample                          
0     0000050e  _StatusChangedConnedctionObj          
0     003f5cbc  _StopSample                           
0     003f4d7c  _SynchronizTrigger                    
1     00007010  _SysCtrlRegs                          
1     00000985  _SysPwrCtrlRegs                       
0     003f46f1  _TINT0_ISR                            
0     0000049a  _TwoDivideN                           
0     003f46e7  _USB0_INT_ISR                         
0     003f46dd  _USER10_ISR                           
0     003f46d3  _USER11_ISR                           
0     003f46c9  _USER12_ISR                           
0     003f46bf  _USER1_ISR                            
0     003f46b5  _USER2_ISR                            
0     003f46ab  _USER3_ISR                            
0     003f46a1  _USER4_ISR                            
0     003f4697  _USER5_ISR                            
0     003f468d  _USER6_ISR                            
0     003f4683  _USER7_ISR                            
0     003f4679  _USER8_ISR                            
0     003f466f  _USER9_ISR                            
0     003f41ae  _UnconVisibleMsgService               
1     00004000  _Usb0Regs                             
0     003f4062  _VisibleConnectObjService             
0     00000540  _VisibleConnectionObj                 
0     003f44a2  _VisibleMsgService                    
0     003f4665  _WAKEINT_ISR                          
0     003f465b  _XINT1_ISR                            
0     003f4651  _XINT2_ISR                            
0     003f4647  _XINT3_ISR                            
1     00007070  _XIntruptRegs                         
0     003f534f  _XtalOscSel                           
0     00000002  _ZVDFlag                              
1     00000450  __STACK_END                           
abs   00000400  __STACK_SIZE                          
0     000004a0  ___TI_cleanup_ptr                     
0     000004a2  ___TI_dtors_ptr                       
0     0000049e  ___TI_enable_exit_profile_output      
abs   ffffffff  ___TI_pprof_out_hndl                  
abs   ffffffff  ___TI_prof_data_size                  
abs   ffffffff  ___TI_prof_data_start                 
abs   ffffffff  ___binit__                            
abs   ffffffff  ___c_args__                           
0     003f6247  ___cinit__                            
0     003f6112  ___etext__                            
abs   ffffffff  ___pinit__                            
0     003f4000  ___text__                             
0     003f606b  __args_main                           
0     000002bc  __lock                                
0     003f6100  __nop                                 
0     003f60fc  __register_lock                       
0     003f60f8  __register_unlock                     
1     00000050  __stack                               
0     003f4d63  __system_post_cinit                   
0     003f6110  __system_pre_init                     
0     000002be  __unlock                              
0     000005c8  _a                                    
0     003f5f90  _abort                                
0     003f5e2c  _atan                                 
0     000005c4  _b                                    
0     003f5dd6  _c_int00                              
0     003f5e76  _copy_in                              
0     003f5ef8  _cos                                  
0     000005c2  _count                                
0     000002a8  _dataError                            
0     003f6051  _ddcopy                               
0     000004c3  _device_type                          
0     003f6051  _dpcopy                               
0     003f60ec  _epilog_c28x_1                        
0     003f60f0  _epilog_c28x_2                        
0     003f5b3e  _epwm1_timer_isr                      
0     003f5b24  _epwm2_timer_isr                      
0     003f5b0a  _epwm3_timer_isr                      
0     003f5ad3  _epwm4_timer_isr                      
0     003f5f92  _exit                                 
0     000004c1  _g_DeviceNetRequstData                
0     000005e4  _g_FreqMonitor                        
0     00000340  _g_PhaseActionRad                     
0     00000300  _g_ProcessDelayTime                   
0     00000380  _g_SetParameterCollect                
0     000002cc  _g_SyncCommand                        
0     000002c0  _g_SyncReadyWaitTime                  
0     000002c2  _g_SystemCalibrationCoefficient       
0     000002d8  _g_SystemLimit                        
0     000002e4  _g_SystemVoltageParameter             
0     00000000  _i                                    
0     003f57db  _main                                 
0     000004c5  _major_ver                            
0     003f5fe1  _memcpy                               
0     000004c4  _minor_ver                            
0     000005cc  _pCalTimeMonitor                      
0     003f6051  _pdcopy                               
0     000005ca  _phase                                
0     003f6051  _ppcopy                               
0     000004c6  _product_code                         
0     000004cc  _product_name                         
0     003f6084  _prolog_c28x_1                        
0     003f6088  _prolog_c28x_2                        
0     003f6090  _prolog_c28x_3                        
0     000004c8  _providerID                           
0     00000600  _rfft                                 
0     003f54df  _rfft_f32_Stages1and2and3andBitReverse
0     003f554b  _rfft_f32_Stages4andUp                
0     003f463d  _rsvd_ISR                             
0     000004ca  _serialID                             
0     003f5f2c  _sin                                  
0     000005d0  _sumt                                 
0     000005d2  _t0                                   
0     000005ce  _t1                                   
0     000005da  _tnow                                 
0     000005c6  _tp                                   
0     000005d4  _tp4                                  
0     000005d8  _tph                                  
0     000005d6  _tq                                   
0     000005c0  _xiang                                
abs   ffffffff  binit                                 
0     003f6247  cinit                                 
0     003f7ff6  code_start                            
0     003f6112  etext                                 
abs   ffffffff  pinit                                 


GLOBAL SYMBOLS: SORTED BY Symbol Address 

page  address   name                                  
----  -------   ----                                  
0     00000000  _i                                    
0     00000001  _SampleIndex                          
0     00000002  _ZVDFlag                              
0     00000003  _SampleLen                            
0     00000004  _SamplePriod                          
0     00000040  _SampleData                           
0     000000c0  _SampleDataSave                       
0     00000180  _SampleDataSavefloat                  
0     00000282  _CpuTimer1                            
0     0000028a  _CpuTimer2                            
0     00000292  _CpuTimer0                            
0     0000029a  _LastLen                              
0     0000029b  _LastFlag                             
0     0000029c  _LastTime                             
0     0000029e  _CommandData                          
0     000002a8  _dataError                            
0     000002aa  _ReceiveData                          
0     000002b4  _EPwm2TimerIntCount                   
0     000002b6  _EPwm1TimerIntCount                   
0     000002b8  _EPwm4TimerIntCount                   
0     000002ba  _EPwm3TimerIntCount                   
0     000002bc  __lock                                
0     000002be  __unlock                              
0     000002c0  _g_SyncReadyWaitTime                  
0     000002c2  _g_SystemCalibrationCoefficient       
0     000002cc  _g_SyncCommand                        
0     000002d8  _g_SystemLimit                        
0     000002e4  _g_SystemVoltageParameter             
0     00000300  _g_ProcessDelayTime                   
0     00000340  _g_PhaseActionRad                     
0     00000380  _g_SetParameterCollect                
0     00000498  _Sin1step                             
0     0000049a  _TwoDivideN                           
0     0000049c  _Cos1step                             
0     0000049e  ___TI_enable_exit_profile_output      
0     000004a0  ___TI_cleanup_ptr                     
0     000004a2  ___TI_dtors_ptr                       
0     000004c1  _g_DeviceNetRequstData                
0     000004c3  _device_type                          
0     000004c4  _minor_ver                            
0     000004c5  _major_ver                            
0     000004c6  _product_code                         
0     000004c7  _DeviceNetClass                       
0     000004c8  _providerID                           
0     000004ca  _serialID                             
0     000004cc  _product_name                         
0     000004d0  _DeviceNetObj                         
0     000004d4  _DeviceNetReciveFrame                 
0     000004dc  _DeviceNetSendFrame                   
0     000004e4  _ReciveBufferData                     
0     000004ee  _SendBufferData                       
0     00000500  _IdentifierObj                        
0     0000050e  _StatusChangedConnedctionObj          
0     00000540  _VisibleConnectionObj                 
0     00000580  _CycleInquireConnedctionObj           
0     000005c0  _xiang                                
0     000005c1  _FirstTrig                            
0     000005c2  _count                                
0     000005c4  _b                                    
0     000005c6  _tp                                   
0     000005c8  _a                                    
0     000005ca  _phase                                
0     000005cc  _pCalTimeMonitor                      
0     000005ce  _t1                                   
0     000005d0  _sumt                                 
0     000005d2  _t0                                   
0     000005d4  _tp4                                  
0     000005d6  _tq                                   
0     000005d8  _tph                                  
0     000005da  _tnow                                 
0     000005dc  _CalTimeMonitor                       
0     000005e4  _g_FreqMonitor                        
0     000005ec  _SetParam                             
0     00000600  _rfft                                 
0     00000640  _RFFphaseBuff                         
0     00008000  _DSP28x_usDelay                       
0     00008000  _RamfuncsRunStart                     
0     003e8000  _RamfuncsLoadStart                    
0     003e8004  _RamfuncsLoadEnd                      
0     003f4000  .text                                 
0     003f4000  _SendData                             
0     003f4000  ___text__                             
0     003f400a  _CycInquireConnectObjService          
0     003f4062  _VisibleConnectObjService             
0     003f40a9  _ConnectionClassService               
0     003f40ce  _CheckReleaseCode                     
0     003f4117  _CheckAllocateCode                    
0     003f4160  _InitVisibleConnectionObj             
0     003f417a  _InitStatusChangedConnectionObj       
0     003f4194  _InitCycleInquireConnectionObj        
0     003f41ae  _UnconVisibleMsgService               
0     003f429a  _DeviceNetObjService                  
0     003f434f  _DeviceNetClassService                
0     003f43b0  _IdentifierObjService                 
0     003f4458  _IdentifierClassService               
0     003f447d  _RountineClassObjService              
0     003f44a2  _VisibleMsgService                    
0     003f44d9  _StartOverTimer                       
0     003f44e0  _ResponseMACID                        
0     003f4512  _IsTimeRemain                         
0     003f4522  _CheckMACID                           
0     003f4559  _InitDeviceNet                        
0     003f45a1  _CANFrameFilter                       
0     003f45ce  _DeviceNetReciveCenter                
0     003f4609  _DeviceMonitorPluse                   
0     003f460a  _AckMsgService                        
0     003f463d  _rsvd_ISR                             
0     003f4647  _XINT3_ISR                            
0     003f4651  _XINT2_ISR                            
0     003f465b  _XINT1_ISR                            
0     003f4665  _WAKEINT_ISR                          
0     003f466f  _USER9_ISR                            
0     003f4679  _USER8_ISR                            
0     003f4683  _USER7_ISR                            
0     003f468d  _USER6_ISR                            
0     003f4697  _USER5_ISR                            
0     003f46a1  _USER4_ISR                            
0     003f46ab  _USER3_ISR                            
0     003f46b5  _USER2_ISR                            
0     003f46bf  _USER1_ISR                            
0     003f46c9  _USER12_ISR                           
0     003f46d3  _USER11_ISR                           
0     003f46dd  _USER10_ISR                           
0     003f46e7  _USB0_INT_ISR                         
0     003f46f1  _TINT0_ISR                            
0     003f46fb  _SPITXINTB_ISR                        
0     003f4705  _SPITXINTA_ISR                        
0     003f470f  _SPIRXINTB_ISR                        
0     003f4719  _SPIRXINTA_ISR                        
0     003f4723  _SCITXINTB_ISR                        
0     003f472d  _SCITXINTA_ISR                        
0     003f4737  _SCIRXINTB_ISR                        
0     003f4741  _SCIRXINTA_ISR                        
0     003f474b  _RTOSINT_ISR                          
0     003f4755  _PIE_RESERVED                         
0     003f475f  _NMI_ISR                              
0     003f4769  _MXINTA_ISR                           
0     003f4773  _MRINTA_ISR                           
0     003f477d  _LVF_ISR                              
0     003f4787  _LUF_ISR                              
0     003f4791  _INT14_ISR                            
0     003f479b  _INT13_ISR                            
0     003f47a5  _ILLEGAL_ISR                          
0     003f47af  _I2CINT2A_ISR                         
0     003f47b9  _I2CINT1A_ISR                         
0     003f47c3  _HRCAP4_INT_ISR                       
0     003f47cd  _HRCAP3_INT_ISR                       
0     003f47d7  _HRCAP2_INT_ISR                       
0     003f47e1  _HRCAP1_INT_ISR                       
0     003f47eb  _EQEP2_INT_ISR                        
0     003f47f5  _EQEP1_INT_ISR                        
0     003f47ff  _EPWM8_TZINT_ISR                      
0     003f4809  _EPWM8_INT_ISR                        
0     003f4813  _EPWM7_TZINT_ISR                      
0     003f481d  _EPWM7_INT_ISR                        
0     003f4827  _EPWM6_TZINT_ISR                      
0     003f4831  _EPWM6_INT_ISR                        
0     003f483b  _EPWM5_TZINT_ISR                      
0     003f4845  _EPWM5_INT_ISR                        
0     003f484f  _EPWM4_TZINT_ISR                      
0     003f4859  _EPWM4_INT_ISR                        
0     003f4863  _EPWM3_TZINT_ISR                      
0     003f486d  _EPWM3_INT_ISR                        
0     003f4877  _EPWM2_TZINT_ISR                      
0     003f4881  _EPWM2_INT_ISR                        
0     003f488b  _EPWM1_TZINT_ISR                      
0     003f4895  _EPWM1_INT_ISR                        
0     003f489f  _EMUINT_ISR                           
0     003f48a9  _EMPTY_ISR                            
0     003f48b6  _ECAP3_INT_ISR                        
0     003f48c0  _ECAP2_INT_ISR                        
0     003f48ca  _ECAP1_INT_ISR                        
0     003f48d4  _ECAN1INTA_ISR                        
0     003f48de  _ECAN0INTA_ISR                        
0     003f48e8  _DINTCH6_ISR                          
0     003f48f2  _DINTCH5_ISR                          
0     003f48fc  _DINTCH4_ISR                          
0     003f4906  _DINTCH3_ISR                          
0     003f4910  _DINTCH2_ISR                          
0     003f491a  _DINTCH1_ISR                          
0     003f4924  _DATALOG_ISR                          
0     003f492e  _CLA1_INT8_ISR                        
0     003f4938  _CLA1_INT7_ISR                        
0     003f4942  _CLA1_INT6_ISR                        
0     003f494c  _CLA1_INT5_ISR                        
0     003f4956  _CLA1_INT4_ISR                        
0     003f4960  _CLA1_INT3_ISR                        
0     003f496a  _CLA1_INT2_ISR                        
0     003f4974  _CLA1_INT1_ISR                        
0     003f497e  _ADCINT9_ISR                          
0     003f4988  _ADCINT8_ISR                          
0     003f4992  _ADCINT7_ISR                          
0     003f499c  _ADCINT6_ISR                          
0     003f49a6  _ADCINT5_ISR                          
0     003f49b0  _ADCINT4_ISR                          
0     003f49ba  _ADCINT3_ISR                          
0     003f49c4  _ADCINT2_ISR                          
0     003f49ce  _ADCINT1_ISR                          
0     003f4c33  _RefParameterInit                     
0     003f4d63  __system_post_cinit                   
0     003f4d64  _FFT_Cal                              
0     003f4d7c  _SynchronizTrigger                    
0     003f4e5f  _FFT_Init                             
0     003f4e77  _InitMonitorCalData                   
0     003f4ed6  _GetOVD                               
0     003f4ff7  _InitAdcAio                           
0     003f501d  _InitAdc                              
0     003f504c  _AdcChanSelect                        
0     003f50a4  _AdcConversion                        
0     003f518d  _AdcOffsetSelfCal                     
0     003f51b2  _MidMeanFilter                        
0     003f51e3  _GetNewFreq                           
0     003f527c  _CaliAB_Base                          
0     003f5317  _CalFreq                              
0     003f534f  _XtalOscSel                           
0     003f5363  _ServiceDog                           
0     003f536d  _IntOsc2Sel                           
0     003f5381  _IntOsc1Sel                           
0     003f5391  _DisableDog                           
0     003f5399  _InitPll                              
0     003f53eb  _InitPeripheralClocks                 
0     003f544a  _InitSysCtrl                          
0     003f5462  _InitPll2                             
0     003f548f  _ExtOscSel                            
0     003f54a7  _CsmUnlock                            
0     003f54d6  _RFFT_f32                             
0     003f54df  _rfft_f32_Stages1and2and3andBitReverse
0     003f554b  _rfft_f32_Stages4andUp                
0     003f55f4  _FrameServer                          
0     003f56fc  _ActionDataInit                       
0     003f5703  _InitStandardCAN                      
0     003f5733  _CANSendData                          
0     003f57db  _main                                 
0     003f5883  FD$$ADD                               
0     003f591f  _ADC_INT1_ISR                         
0     003f59b5  _InitECanGpio                         
0     003f59b5  _InitECanaGpio                        
0     003f59d0  _InitECan                             
0     003f59d0  _InitECana                            
0     003f5a48  FD$$DIV                               
0     003f5ad3  _epwm4_timer_isr                      
0     003f5b0a  _epwm3_timer_isr                      
0     003f5b24  _epwm2_timer_isr                      
0     003f5b3e  _epwm1_timer_isr                      
0     003f5b58  FD$$MPY                               
0     003f5bdb  _Can0Recive_ISR                       
0     003f5c4c  _RFFT_f32_sincostable                 
0     003f5cbc  _StopSample                           
0     003f5cc1  _StartSample                          
0     003f5cc9  _SetSamplePriod                       
0     003f5ce7  _ConfigADC_Monitor                    
0     003f5d25  _InitDeviceIO                         
0     003f5d7e  _InitCpuTimers                        
0     003f5db3  _ConfigCpuTimer                       
0     003f5dd6  _c_int00                              
0     003f5e2c  _atan                                 
0     003f5e76  _copy_in                              
0     003f5ebc  _Cpu_timer0_isr                       
0     003f5ef8  _cos                                  
0     003f5f2c  _sin                                  
0     003f5f60  _InitSampleProcessData                
0     003f5f90  C$$EXIT                               
0     003f5f90  _abort                                
0     003f5f92  _exit                                 
0     003f5fb9  _InitPieCtrl                          
0     003f5fd8  _EnableInterrupts                     
0     003f5fe1  _memcpy                               
0     003f5fff  FS$$TOFD                              
0     003f601b  _IsOverTime                           
0     003f6036  FD$$TOUL                              
0     003f6051  _ddcopy                               
0     003f6051  _dpcopy                               
0     003f6051  _pdcopy                               
0     003f6051  _ppcopy                               
0     003f606b  __args_main                           
0     003f6084  _prolog_c28x_1                        
0     003f6088  _prolog_c28x_2                        
0     003f6090  _prolog_c28x_3                        
0     003f609d  FS$$DIV                               
0     003f60b6  U$$TOFD                               
0     003f60cd  _InitPieVectTable                     
0     003f60de  FD$$SUB                               
0     003f60ec  _epilog_c28x_1                        
0     003f60f0  _epilog_c28x_2                        
0     003f60f8  __register_unlock                     
0     003f60fc  __register_lock                       
0     003f6100  __nop                                 
0     003f6109  _DSP28x_DisableInt                    
0     003f610d  _DSP28x_RestoreInt                    
0     003f6110  __system_pre_init                     
0     003f6112  _PieVectTableInit                     
0     003f6112  ___etext__                            
0     003f6112  etext                                 
0     003f6247  ___cinit__                            
0     003f6247  cinit                                 
0     003f7ff6  code_start                            
0     003fd860  _FPUsinTable                          
0     003fd960  _FPUcosTable                          
0     003fdc60  _FPUsinTableEnd                       
0     003fdd62  _FPUatan2HalfPITable                  
0     003fdd62  _FPUcosTableEnd                       
0     003fdd66  _FPUatan2Table                        
0     003fdeec  _FPUatan2TableEnd                     
1     00000050  __stack                               
1     00000450  __STACK_END                           
1     00000880  _DevEmuRegs                           
1     00000985  _SysPwrCtrlRegs                       
1     00000a80  _FlashRegs                            
1     00000ae0  _CsmRegs                              
1     00000b00  _AdcResult                            
1     00000c00  _CpuTimer0Regs                        
1     00000c08  _CpuTimer1Regs                        
1     00000c10  _CpuTimer2Regs                        
1     00000ce0  _PieCtrlRegs                          
1     00000d00  _EmuKey                               
1     00000d00  _PieVectTable                         
1     00000d01  _EmuBMode                             
1     00000d02  _Flash_CallbackPtr                    
1     00000d04  _Flash_CPUScaleFactor                 
1     00001000  _DmaRegs                              
1     00001400  _Cla1Regs                             
1     00004000  _Usb0Regs                             
1     00005000  _McbspaRegs                           
1     00006000  _ECanaRegs                            
1     00006040  _ECanaLAMRegs                         
1     00006080  _ECanaMOTSRegs                        
1     000060c0  _ECanaMOTORegs                        
1     00006100  _ECanaMboxes                          
1     00006400  _Comp1Regs                            
1     00006420  _Comp2Regs                            
1     00006440  _Comp3Regs                            
1     00006800  _EPwm1Regs                            
1     00006840  _EPwm2Regs                            
1     00006880  _EPwm3Regs                            
1     000068c0  _EPwm4Regs                            
1     00006900  _EPwm5Regs                            
1     00006940  _EPwm6Regs                            
1     00006980  _EPwm7Regs                            
1     000069c0  _EPwm8Regs                            
1     00006a00  _ECap1Regs                            
1     00006a20  _ECap2Regs                            
1     00006a40  _ECap3Regs                            
1     00006ac0  _HRCap1Regs                           
1     00006ae0  _HRCap2Regs                           
1     00006b00  _EQep1Regs                            
1     00006b40  _EQep2Regs                            
1     00006c80  _HRCap3Regs                           
1     00006ca0  _HRCap4Regs                           
1     00006f80  _GpioCtrlRegs                         
1     00006fc0  _GpioDataRegs                         
1     00006fe0  _GpioIntRegs                          
1     00007010  _SysCtrlRegs                          
1     00007040  _SpiaRegs                             
1     00007050  _SciaRegs                             
1     00007060  _NmiIntruptRegs                       
1     00007070  _XIntruptRegs                         
1     00007100  _AdcRegs                              
1     00007740  _SpibRegs                             
1     00007750  _ScibRegs                             
1     00007900  _I2caRegs                             
1     0000c000  _RFFTin1Buff                          
1     0000e000  _RFFToutBuff                          
1     00010000  _RFFTmagBuff                          
1     00012000  _RFFTF32Coef                          
1     003d7e80  _PartIdRegs                           
1     003f7ff8  _CsmPwl                               
abs   00000004  _RamfuncsLoadSize                     
abs   00000400  __STACK_SIZE                          
abs   ffffffff  ___TI_pprof_out_hndl                  
abs   ffffffff  ___TI_prof_data_size                  
abs   ffffffff  ___TI_prof_data_start                 
abs   ffffffff  ___binit__                            
abs   ffffffff  ___c_args__                           
abs   ffffffff  ___pinit__                            
abs   ffffffff  binit                                 
abs   ffffffff  pinit                                 

[376 symbols]
