******************************************************************************
             TMS320C2000 Linker PC v15.12.3                    
******************************************************************************
>> Linked Sun Apr 09 15:06:38 2017

OUTPUT FILE NAME:   <ChoicePhaseWithKindsV1.1.out>
ENTRY POINT SYMBOL: "_c_int00"  address: 003f6048


MEMORY CONFIGURATION

         name            origin    length      used     unused   attr    fill
----------------------  --------  ---------  --------  --------  ----  --------
PAGE 0:
  RAML0                 00008000   00000800  00000021  000007df  RWIX
  RAML1                 00008a00   00000400  00000000  00000400  RWIX
  OTP                   003d7800   00000400  00000000  00000400  RWIX
  FLASHH                003d8000   00004000  00000000  00004000  RWIX
  FLASHG                003dc000   00004000  00000000  00004000  RWIX
  FLASHF                003e0000   00004000  00000000  00004000  RWIX
  FLASHE                003e4000   00004000  00000000  00004000  RWIX
  FLASHD                003e8000   00004000  00000021  00003fdf  RWIX
  FLASHC                003ec000   00004000  00000000  00004000  RWIX
  FLASHA                003f4000   00003f80  00002591  000019ef  RWIX
  CSM_RSVD              003f7f80   00000076  00000000  00000076  RWIX
  BEGIN                 003f7ff6   00000002  00000002  00000000  RWIX
  CSM_PWL_P0            003f7ff8   00000008  00000000  00000008  RWIX
  FPUTABLES             003fd860   000006a0  000006a0  00000000  RWIX
  IQTABLES              003fdf00   00000b50  00000000  00000b50  RWIX
  IQTABLES2             003fea50   0000008c  00000000  0000008c  RWIX
  IQTABLES3             003feadc   000000aa  00000000  000000aa  RWIX
  ROM                   003ff3b0   00000c10  00000000  00000c10  RWIX
  RESET                 003fffc0   00000002  00000000  00000002  RWIX
  VECTORS               003fffc2   0000003e  00000000  0000003e  RWIX

PAGE 1:
  BOOT_RSVD             00000000   00000050  00000000  00000050  RWIX
  RAMM0                 00000050   000004b0  00000400  000000b0  RWIX
  RAMM1                 00000500   00000300  00000000  00000300  RWIX
  DEV_EMU               00000880   00000105  00000004  00000101  RWIX
  SYS_PWR_CTL           00000985   00000003  00000003  00000000  RWIX
  FLASH_REGS            00000a80   00000060  00000008  00000058  RWIX
  CSM                   00000ae0   00000020  00000010  00000010  RWIX
  ADC_RESULT            00000b00   00000020  00000010  00000010  RWIX
  CPU_TIMER0            00000c00   00000008  00000008  00000000  RWIX
  CPU_TIMER1            00000c08   00000008  00000008  00000000  RWIX
  CPU_TIMER2            00000c10   00000008  00000008  00000000  RWIX
  PIE_CTRL              00000ce0   00000020  0000001a  00000006  RWIX
  PIE_VECT              00000d00   00000100  00000100  00000000  RWIX
  DMA                   00001000   00000200  000000e0  00000120  RWIX
  CLA1                  00001400   00000080  00000040  00000040  RWIX
  USB0                  00004000   00001000  00000454  00000bac  RWIX
  McBSPA                00005000   00000040  00000024  0000001c  RWIX
  ECANA                 00006000   00000040  00000034  0000000c  RWIX
  ECANA_LAM             00006040   00000040  00000040  00000000  RWIX
  ECANA_MOTS            00006080   00000040  00000040  00000000  RWIX
  ECANA_MOTO            000060c0   00000040  00000040  00000000  RWIX
  ECANA_MBOX            00006100   00000100  00000100  00000000  RWIX
  COMP1                 00006400   00000020  00000014  0000000c  RWIX
  COMP2                 00006420   00000020  00000014  0000000c  RWIX
  COMP3                 00006440   00000020  00000014  0000000c  RWIX
  EPWM1                 00006800   00000040  00000040  00000000  RWIX
  EPWM2                 00006840   00000040  00000040  00000000  RWIX
  EPWM3                 00006880   00000040  00000040  00000000  RWIX
  EPWM4                 000068c0   00000040  00000040  00000000  RWIX
  EPWM5                 00006900   00000040  00000040  00000000  RWIX
  EPWM6                 00006940   00000040  00000040  00000000  RWIX
  EPWM7                 00006980   00000040  00000040  00000000  RWIX
  EPWM8                 000069c0   00000040  00000040  00000000  RWIX
  ECAP1                 00006a00   00000020  00000020  00000000  RWIX
  ECAP2                 00006a20   00000020  00000020  00000000  RWIX
  ECAP3                 00006a40   00000020  00000020  00000000  RWIX
  HRCAP1                00006ac0   00000020  00000020  00000000  RWIX
  HRCAP2                00006ae0   00000020  00000020  00000000  RWIX
  EQEP1                 00006b00   00000040  00000022  0000001e  RWIX
  EQEP2                 00006b40   00000040  00000022  0000001e  RWIX
  HRCAP3                00006c80   00000020  00000020  00000000  RWIX
  HRCAP4                00006ca0   00000020  00000020  00000000  RWIX
  GPIOCTRL              00006f80   00000040  00000040  00000000  RWIX
  GPIODAT               00006fc0   00000020  00000020  00000000  RWIX
  GPIOINT               00006fe0   00000020  00000020  00000000  RWIX
  SYSTEM                00007010   00000030  00000030  00000000  RWIX
  SPIA                  00007040   00000010  00000010  00000000  RWIX
  SCIA                  00007050   00000010  00000010  00000000  RWIX
  NMIINTRUPT            00007060   00000010  00000010  00000000  RWIX
  XINTRUPT              00007070   00000010  00000010  00000000  RWIX
  ADC                   00007100   00000080  00000050  00000030  RWIX
  SPIB                  00007740   00000010  00000010  00000000  RWIX
  SCIB                  00007750   00000010  00000010  00000000  RWIX
  I2CA                  00007900   00000040  00000022  0000001e  RWIX
  RAML2                 00008c00   00000600  00000000  00000600  RWIX
  RAML3                 00009200   00000d00  00000000  00000d00  RWIX
  RAML4                 0000a000   00002000  00000702  000018fe  RWIX
  RAML5                 0000c000   00002000  00000080  00001f80  RWIX
  RAML6                 0000e000   00002000  00000080  00001f80  RWIX
  RAML7                 00010000   00002000  00000042  00001fbe  RWIX
  RAML8                 00012000   00002000  00000080  00001f80  RWIX
  USB_RAM               00040000   00000800  00000000  00000800  RWIX
  PARTID                003d7e80   00000001  00000001  00000000  RWIX
  FLASHB                003f0000   00004000  00000000  00004000  RWIX
  CSM_PWL               003f7ff8   00000008  00000008  00000000  RWIX


SECTION ALLOCATION MAP

 output                                  attributes/
section   page    origin      length       input sections
--------  ----  ----------  ----------   ----------------
ramfuncs   0    003e8000    00000021     RUN ADDR = 00008000
                  003e8000    0000001d     F2806x_SysCtrl.obj (ramfuncs)
                  003e801d    00000004     F2806x_usDelay.obj (ramfuncs)

.text      0    003f4000    00002384     
                  003f4000    00000694     DeviceNet.obj (.text)
                  003f4694    000004ff     RefParameter.obj (.text)
                  003f4b93    0000039b     F2806x_DefaultIsr.obj (.text:retain)
                  003f4f2e    00000293     MonitorCalculate.obj (.text)
                  003f51c1    000001bb     F2806x_Adc.obj (.text)
                  003f537c    000001ac     Action.obj (.text)
                  003f5528    0000019d     FrequencyCalutate.obj (.text)
                  003f56c5    00000186     F2806x_SysCtrl.obj (.text)
                  003f584b    00000001     rts2800_fpu32.lib : startup.obj (.text)
                  003f584c    0000011d     C28x_FPU_Lib.lib : RFFT_f32.obj (.text)
                  003f5969    000000d8     CAN.obj (.text)
                  003f5a41    000000b4     withFFTmain.obj (.text)
                  003f5af5    0000009c     rts2800_fpu32.lib : fd_add.obj (.text)
                  003f5b91    00000096     SampleProcess.obj (.text:retain)
                  003f5c27    00000093     F2806x_ECan.obj (.text)
                  003f5cba    0000008b     rts2800_fpu32.lib : fd_div.obj (.text)
                  003f5d45    00000085     PwmTimer.obj (.text:retain)
                  003f5dca    00000083     rts2800_fpu32.lib : fd_mpy.obj (.text)
                  003f5e4d    00000071     CAN.obj (.text:retain)
                  003f5ebe    00000070     C28x_FPU_Lib.lib : RFFT_f32_sincostable.obj (.text)
                  003f5f2e    00000069     ConfigADC.obj (.text)
                  003f5f97    00000059     DeviceIO.obj (.text)
                  003f5ff0    00000058     F2806x_CpuTimers.obj (.text)
                  003f6048    00000056     rts2800_fpu32.lib : boot.obj (.text)
                  003f609e    0000004a     rts2800_fpu32_fast_supplement.lib : atan_f32.obj (.text)
                  003f60e8    00000046     rts2800_fpu32.lib : cpy_tbl.obj (.text)
                  003f612e    0000003c     Timer.obj (.text:retain)
                  003f616a    00000034     rts2800_fpu32_fast_supplement.lib : cos_f32.obj (.text)
                  003f619e    00000034                                       : sin_f32.obj (.text)
                  003f61d2    00000030     SampleProcess.obj (.text)
                  003f6202    00000029     rts2800_fpu32.lib : exit.obj (.text)
                  003f622b    00000028     F2806x_PieCtrl.obj (.text)
                  003f6253    0000001e     rts2800_fpu32.lib : memcpy.obj (.text)
                  003f6271    0000001c                       : fs_tofd.obj (.text)
                  003f628d    0000001b     Timer.obj (.text)
                  003f62a8    0000001b     rts2800_fpu32.lib : fd_toul.obj (.text)
                  003f62c3    0000001a                       : cpy_utils.obj (.text)
                  003f62dd    00000019                       : args_main.obj (.text)
                  003f62f6    00000019                       : prolog.obj (.text)
                  003f630f    00000019     rts2800_fpu32_fast_supplement.lib : div_f32.obj (.text)
                  003f6328    00000017     rts2800_fpu32.lib : u_tofd.obj (.text)
                  003f633f    00000011     F2806x_PieVect.obj (.text)
                  003f6350    0000000e     rts2800_fpu32.lib : fd_sub.obj (.text)
                  003f635e    0000000c                       : epilog.obj (.text)
                  003f636a    00000009                       : _lock.obj (.text)
                  003f6373    00000008     F2806x_CodeStartBranch.obj (.text)
                  003f637b    00000007     F2806x_DisInt.obj (.text)
                  003f6382    00000002     rts2800_fpu32.lib : pre_init.obj (.text)

.econst    0    003f6384    00000135     
                  003f6384    00000100     F2806x_PieVect.obj (.econst:_PieVectTableInit)
                  003f6484    00000010     BasicModule.obj (.econst)
                  003f6494    00000010     MonitorCalculate.obj (.econst)
                  003f64a4    0000000e     withFFTmain.obj (.econst:_$P$T0$1)
                  003f64b2    00000007     DeviceNet.obj (.econst:.string)

.cinit     0    003f64b9    000000d8     
                  003f64b9    00000043     MonitorCalculate.obj (.cinit)
                  003f64fc    00000030     DeviceNet.obj (.cinit)
                  003f652c    00000022     SampleProcess.obj (.cinit)
                  003f654e    00000011     Action.obj (.cinit)
                  003f655f    0000000f     FrequencyCalutate.obj (.cinit)
                  003f656e    0000000e     rts2800_fpu32.lib : exit.obj (.cinit)
                  003f657c    00000009     CAN.obj (.cinit)
                  003f6585    00000005     rts2800_fpu32.lib : _lock.obj (.cinit:__lock)
                  003f658a    00000005                       : _lock.obj (.cinit:__unlock)
                  003f658f    00000002     --HOLE-- [fill = 0]

.pinit     0    003f4000    00000000     UNINITIALIZED

codestart 
*          0    003f7ff6    00000002     
                  003f7ff6    00000002     F2806x_CodeStartBranch.obj (codestart)

FPUmathTables 
*          0    003fd860    000006a0     NOLOAD SECTION
                  003fd860    000006a0     rts2800_fpu32_fast_supplement.lib : FPUmathTables.obj (FPUmathTables)

.stack     1    00000050    00000400     UNINITIALIZED
                  00000050    00000400     --HOLE--

DevEmuRegsFile 
*          1    00000880    00000004     UNINITIALIZED
                  00000880    00000004     F2806x_GlobalVariableDefs.obj (DevEmuRegsFile)

SysPwrCtrlRegsFile 
*          1    00000985    00000003     UNINITIALIZED
                  00000985    00000003     F2806x_GlobalVariableDefs.obj (SysPwrCtrlRegsFile)

FlashRegsFile 
*          1    00000a80    00000008     UNINITIALIZED
                  00000a80    00000008     F2806x_GlobalVariableDefs.obj (FlashRegsFile)

CsmRegsFile 
*          1    00000ae0    00000010     UNINITIALIZED
                  00000ae0    00000010     F2806x_GlobalVariableDefs.obj (CsmRegsFile)

AdcResultFile 
*          1    00000b00    00000010     UNINITIALIZED
                  00000b00    00000010     F2806x_GlobalVariableDefs.obj (AdcResultFile)

CpuTimer0RegsFile 
*          1    00000c00    00000008     UNINITIALIZED
                  00000c00    00000008     F2806x_GlobalVariableDefs.obj (CpuTimer0RegsFile)

CpuTimer1RegsFile 
*          1    00000c08    00000008     UNINITIALIZED
                  00000c08    00000008     F2806x_GlobalVariableDefs.obj (CpuTimer1RegsFile)

CpuTimer2RegsFile 
*          1    00000c10    00000008     UNINITIALIZED
                  00000c10    00000008     F2806x_GlobalVariableDefs.obj (CpuTimer2RegsFile)

PieCtrlRegsFile 
*          1    00000ce0    0000001a     UNINITIALIZED
                  00000ce0    0000001a     F2806x_GlobalVariableDefs.obj (PieCtrlRegsFile)

PieVectTableFile 
*          1    00000d00    00000100     UNINITIALIZED
                  00000d00    00000100     F2806x_GlobalVariableDefs.obj (PieVectTableFile)

EmuKeyVar 
*          1    00000d00    00000001     UNINITIALIZED
                  00000d00    00000001     F2806x_GlobalVariableDefs.obj (EmuKeyVar)

EmuBModeVar 
*          1    00000d01    00000001     UNINITIALIZED
                  00000d01    00000001     F2806x_GlobalVariableDefs.obj (EmuBModeVar)

FlashCallbackVar 
*          1    00000d02    00000002     UNINITIALIZED
                  00000d02    00000002     F2806x_GlobalVariableDefs.obj (FlashCallbackVar)

FlashScalingVar 
*          1    00000d04    00000002     UNINITIALIZED
                  00000d04    00000002     F2806x_GlobalVariableDefs.obj (FlashScalingVar)

DmaRegsFile 
*          1    00001000    000000e0     UNINITIALIZED
                  00001000    000000e0     F2806x_GlobalVariableDefs.obj (DmaRegsFile)

Cla1RegsFile 
*          1    00001400    00000040     UNINITIALIZED
                  00001400    00000040     F2806x_GlobalVariableDefs.obj (Cla1RegsFile)

Usb0RegsFile 
*          1    00004000    00000454     UNINITIALIZED
                  00004000    00000454     F2806x_GlobalVariableDefs.obj (Usb0RegsFile)

McbspaRegsFile 
*          1    00005000    00000024     UNINITIALIZED
                  00005000    00000024     F2806x_GlobalVariableDefs.obj (McbspaRegsFile)

ECanaRegsFile 
*          1    00006000    00000034     UNINITIALIZED
                  00006000    00000034     F2806x_GlobalVariableDefs.obj (ECanaRegsFile)

ECanaLAMRegsFile 
*          1    00006040    00000040     UNINITIALIZED
                  00006040    00000040     F2806x_GlobalVariableDefs.obj (ECanaLAMRegsFile)

ECanaMOTSRegsFile 
*          1    00006080    00000040     UNINITIALIZED
                  00006080    00000040     F2806x_GlobalVariableDefs.obj (ECanaMOTSRegsFile)

ECanaMOTORegsFile 
*          1    000060c0    00000040     UNINITIALIZED
                  000060c0    00000040     F2806x_GlobalVariableDefs.obj (ECanaMOTORegsFile)

ECanaMboxesFile 
*          1    00006100    00000100     UNINITIALIZED
                  00006100    00000100     F2806x_GlobalVariableDefs.obj (ECanaMboxesFile)

Comp1RegsFile 
*          1    00006400    00000014     UNINITIALIZED
                  00006400    00000014     F2806x_GlobalVariableDefs.obj (Comp1RegsFile)

Comp2RegsFile 
*          1    00006420    00000014     UNINITIALIZED
                  00006420    00000014     F2806x_GlobalVariableDefs.obj (Comp2RegsFile)

Comp3RegsFile 
*          1    00006440    00000014     UNINITIALIZED
                  00006440    00000014     F2806x_GlobalVariableDefs.obj (Comp3RegsFile)

EPwm1RegsFile 
*          1    00006800    00000040     UNINITIALIZED
                  00006800    00000040     F2806x_GlobalVariableDefs.obj (EPwm1RegsFile)

EPwm2RegsFile 
*          1    00006840    00000040     UNINITIALIZED
                  00006840    00000040     F2806x_GlobalVariableDefs.obj (EPwm2RegsFile)

EPwm3RegsFile 
*          1    00006880    00000040     UNINITIALIZED
                  00006880    00000040     F2806x_GlobalVariableDefs.obj (EPwm3RegsFile)

EPwm4RegsFile 
*          1    000068c0    00000040     UNINITIALIZED
                  000068c0    00000040     F2806x_GlobalVariableDefs.obj (EPwm4RegsFile)

EPwm5RegsFile 
*          1    00006900    00000040     UNINITIALIZED
                  00006900    00000040     F2806x_GlobalVariableDefs.obj (EPwm5RegsFile)

EPwm6RegsFile 
*          1    00006940    00000040     UNINITIALIZED
                  00006940    00000040     F2806x_GlobalVariableDefs.obj (EPwm6RegsFile)

EPwm7RegsFile 
*          1    00006980    00000040     UNINITIALIZED
                  00006980    00000040     F2806x_GlobalVariableDefs.obj (EPwm7RegsFile)

EPwm8RegsFile 
*          1    000069c0    00000040     UNINITIALIZED
                  000069c0    00000040     F2806x_GlobalVariableDefs.obj (EPwm8RegsFile)

ECap1RegsFile 
*          1    00006a00    00000020     UNINITIALIZED
                  00006a00    00000020     F2806x_GlobalVariableDefs.obj (ECap1RegsFile)

ECap2RegsFile 
*          1    00006a20    00000020     UNINITIALIZED
                  00006a20    00000020     F2806x_GlobalVariableDefs.obj (ECap2RegsFile)

ECap3RegsFile 
*          1    00006a40    00000020     UNINITIALIZED
                  00006a40    00000020     F2806x_GlobalVariableDefs.obj (ECap3RegsFile)

HRCap1RegsFile 
*          1    00006ac0    00000020     UNINITIALIZED
                  00006ac0    00000020     F2806x_GlobalVariableDefs.obj (HRCap1RegsFile)

HRCap2RegsFile 
*          1    00006ae0    00000020     UNINITIALIZED
                  00006ae0    00000020     F2806x_GlobalVariableDefs.obj (HRCap2RegsFile)

EQep1RegsFile 
*          1    00006b00    00000022     UNINITIALIZED
                  00006b00    00000022     F2806x_GlobalVariableDefs.obj (EQep1RegsFile)

EQep2RegsFile 
*          1    00006b40    00000022     UNINITIALIZED
                  00006b40    00000022     F2806x_GlobalVariableDefs.obj (EQep2RegsFile)

HRCap3RegsFile 
*          1    00006c80    00000020     UNINITIALIZED
                  00006c80    00000020     F2806x_GlobalVariableDefs.obj (HRCap3RegsFile)

HRCap4RegsFile 
*          1    00006ca0    00000020     UNINITIALIZED
                  00006ca0    00000020     F2806x_GlobalVariableDefs.obj (HRCap4RegsFile)

GpioCtrlRegsFile 
*          1    00006f80    00000040     UNINITIALIZED
                  00006f80    00000040     F2806x_GlobalVariableDefs.obj (GpioCtrlRegsFile)

GpioDataRegsFile 
*          1    00006fc0    00000020     UNINITIALIZED
                  00006fc0    00000020     F2806x_GlobalVariableDefs.obj (GpioDataRegsFile)

GpioIntRegsFile 
*          1    00006fe0    00000020     UNINITIALIZED
                  00006fe0    00000020     F2806x_GlobalVariableDefs.obj (GpioIntRegsFile)

SysCtrlRegsFile 
*          1    00007010    00000030     UNINITIALIZED
                  00007010    00000030     F2806x_GlobalVariableDefs.obj (SysCtrlRegsFile)

SpiaRegsFile 
*          1    00007040    00000010     UNINITIALIZED
                  00007040    00000010     F2806x_GlobalVariableDefs.obj (SpiaRegsFile)

SciaRegsFile 
*          1    00007050    00000010     UNINITIALIZED
                  00007050    00000010     F2806x_GlobalVariableDefs.obj (SciaRegsFile)

NmiIntruptRegsFile 
*          1    00007060    00000010     UNINITIALIZED
                  00007060    00000010     F2806x_GlobalVariableDefs.obj (NmiIntruptRegsFile)

XIntruptRegsFile 
*          1    00007070    00000010     UNINITIALIZED
                  00007070    00000010     F2806x_GlobalVariableDefs.obj (XIntruptRegsFile)

AdcRegsFile 
*          1    00007100    00000050     UNINITIALIZED
                  00007100    00000050     F2806x_GlobalVariableDefs.obj (AdcRegsFile)

SpibRegsFile 
*          1    00007740    00000010     UNINITIALIZED
                  00007740    00000010     F2806x_GlobalVariableDefs.obj (SpibRegsFile)

ScibRegsFile 
*          1    00007750    00000010     UNINITIALIZED
                  00007750    00000010     F2806x_GlobalVariableDefs.obj (ScibRegsFile)

I2caRegsFile 
*          1    00007900    00000022     UNINITIALIZED
                  00007900    00000022     F2806x_GlobalVariableDefs.obj (I2caRegsFile)

.ebss      1    0000a000    00000702     UNINITIALIZED
                  0000a000    00000282     SampleProcess.obj (.ebss)
                  0000a282    00000018     F2806x_CpuTimers.obj (.ebss)
                  0000a29a    0000000e     Action.obj (.ebss)
                  0000a2a8    0000000c     CAN.obj (.ebss)
                  0000a2b4    00000008     PwmTimer.obj (.ebss)
                  0000a2bc    00000002     rts2800_fpu32.lib : _lock.obj (.ebss:__lock)
                  0000a2be    00000002                       : _lock.obj (.ebss:__unlock)
                  0000a2c0    00000262     RefParameter.obj (.ebss)
                  0000a522    00000006     FrequencyCalutate.obj (.ebss)
                  0000a528    00000006     rts2800_fpu32.lib : exit.obj (.ebss)
                  0000a52e    00000012     --HOLE--
                  0000a540    000000e5     DeviceNet.obj (.ebss)
                  0000a625    0000001b     --HOLE--
                  0000a640    000000c2     MonitorCalculate.obj (.ebss)

RFFTdata1 
*          1    0000c000    00000080     UNINITIALIZED
                  0000c000    00000080     MonitorCalculate.obj (RFFTdata1)

RFFTdata2 
*          1    0000e000    00000080     UNINITIALIZED
                  0000e000    00000080     MonitorCalculate.obj (RFFTdata2)

RFFTdata3 
*          1    00010000    00000042     UNINITIALIZED
                  00010000    00000042     MonitorCalculate.obj (RFFTdata3)

RFFTdata4 
*          1    00012000    00000080     UNINITIALIZED
                  00012000    00000080     MonitorCalculate.obj (RFFTdata4)

.reset     0    003fffc0    00000002     DSECT
                  003fffc0    00000002     rts2800_fpu32.lib : boot.obj (.reset)

vectors    0    003fffc2    00000000     DSECT

PartIdRegsFile 
*          1    003d7e80    00000001     UNINITIALIZED
                  003d7e80    00000001     F2806x_GlobalVariableDefs.obj (PartIdRegsFile)

CsmPwlFile 
*          1    003f7ff8    00000008     UNINITIALIZED
                  003f7ff8    00000008     F2806x_GlobalVariableDefs.obj (CsmPwlFile)

MODULE SUMMARY

       Module                          code   ro data   rw data
       ------                          ----   -------   -------
    .\AlgorithmSource\
       FrequencyCalutate.obj           413    0         21     
    +--+-------------------------------+------+---------+---------+
       Total:                          413    0         21     
                                                               
    .\ProjectSource\
       DeviceNet.obj                   1684   0         284    
       RefParameter.obj                1279   0         610    
       MonitorCalculate.obj            659    0         727    
       SampleProcess.obj               198    0         676    
       Action.obj                      428    0         31     
       CAN.obj                         329    0         21     
       PwmTimer.obj                    133    0         8      
       ConfigADC.obj                   105    0         0      
       DeviceIO.obj                    89     0         0      
       Timer.obj                       87     0         0      
       BasicModule.obj                 0      0         16     
    +--+-------------------------------+------+---------+---------+
       Total:                          4991   0         2373   
                                                               
    .\source\
       F2806x_GlobalVariableDefs.obj   0      0         3550   
       F2806x_DefaultIsr.obj           923    0         0      
       F2806x_SysCtrl.obj              448    0         0      
       F2806x_Adc.obj                  443    0         0      
       F2806x_PieVect.obj              17     0         256    
       F2806x_ECan.obj                 147    0         0      
       F2806x_CpuTimers.obj            88     0         24     
       F2806x_PieCtrl.obj              40     0         0      
       F2806x_CodeStartBranch.obj      10     0         0      
       F2806x_usDelay.obj              8      0         0      
       F2806x_DisInt.obj               7      0         0      
    +--+-------------------------------+------+---------+---------+
       Total:                          2131   0         3830   
                                                               
    .\withFFT\
       withFFTmain.obj                 180    0         14     
    +--+-------------------------------+------+---------+---------+
       Total:                          180    0         14     
                                                               
    ../lib/C28x_FPU_Lib.lib
       RFFT_f32.obj                    285    0         0      
       RFFT_f32_sincostable.obj        112    0         0      
    +--+-------------------------------+------+---------+---------+
       Total:                          397    0         0      
                                                               
    ../lib/rts2800_fpu32_fast_supplement.lib
       FPUmathTables.obj               0      0         1696   
       atan_f32.obj                    74     0         0      
       cos_f32.obj                     52     0         0      
       sin_f32.obj                     52     0         0      
       div_f32.obj                     25     0         0      
    +--+-------------------------------+------+---------+---------+
       Total:                          203    0         1696   
                                                               
    D:/Program Files (x86)/TI/ccsv6/tools/compiler/c2000_15.12.3.LTS/lib/rts2800_fpu32.lib
       fd_add.obj                      156    0         0      
       fd_div.obj                      139    0         0      
       fd_mpy.obj                      131    0         0      
       boot.obj                        86     0         0      
       cpy_tbl.obj                     70     0         0      
       exit.obj                        41     0         20     
       memcpy.obj                      30     0         0      
       fs_tofd.obj                     28     0         0      
       fd_toul.obj                     27     0         0      
       cpy_utils.obj                   26     0         0      
       args_main.obj                   25     0         0      
       prolog.obj                      25     0         0      
       _lock.obj                       9      0         14     
       u_tofd.obj                      23     0         0      
       fd_sub.obj                      14     0         0      
       epilog.obj                      12     0         0      
       pre_init.obj                    2      0         0      
       startup.obj                     1      0         0      
    +--+-------------------------------+------+---------+---------+
       Total:                          845    0         34     
                                                               
       Stack:                          0      0         1024   
    +--+-------------------------------+------+---------+---------+
       Grand Total:                    9160   0         8992   


GLOBAL DATA SYMBOLS: SORTED BY DATA PAGE

address     data page           name
--------    ----------------    ----
00000050       1 (00000040)     __stack

00000880      22 (00000880)     _DevEmuRegs

00000985      26 (00000980)     _SysPwrCtrlRegs

00000a80      2a (00000a80)     _FlashRegs

00000ae0      2b (00000ac0)     _CsmRegs

00000b00      2c (00000b00)     _AdcResult

00000c00      30 (00000c00)     _CpuTimer0Regs
00000c08      30 (00000c00)     _CpuTimer1Regs
00000c10      30 (00000c00)     _CpuTimer2Regs

00000ce0      33 (00000cc0)     _PieCtrlRegs

00000d00      34 (00000d00)     _EmuKey
00000d00      34 (00000d00)     _PieVectTable
00000d01      34 (00000d00)     _EmuBMode
00000d02      34 (00000d00)     _Flash_CallbackPtr
00000d04      34 (00000d00)     _Flash_CPUScaleFactor

00001000      40 (00001000)     _DmaRegs

00001400      50 (00001400)     _Cla1Regs

00004000     100 (00004000)     _Usb0Regs

00005000     140 (00005000)     _McbspaRegs

00006000     180 (00006000)     _ECanaRegs

00006040     181 (00006040)     _ECanaLAMRegs

00006080     182 (00006080)     _ECanaMOTSRegs

000060c0     183 (000060c0)     _ECanaMOTORegs

00006100     184 (00006100)     _ECanaMboxes

00006400     190 (00006400)     _Comp1Regs
00006420     190 (00006400)     _Comp2Regs

00006440     191 (00006440)     _Comp3Regs

00006800     1a0 (00006800)     _EPwm1Regs

00006840     1a1 (00006840)     _EPwm2Regs

00006880     1a2 (00006880)     _EPwm3Regs

000068c0     1a3 (000068c0)     _EPwm4Regs

00006900     1a4 (00006900)     _EPwm5Regs

00006940     1a5 (00006940)     _EPwm6Regs

00006980     1a6 (00006980)     _EPwm7Regs

000069c0     1a7 (000069c0)     _EPwm8Regs

00006a00     1a8 (00006a00)     _ECap1Regs
00006a20     1a8 (00006a00)     _ECap2Regs

00006a40     1a9 (00006a40)     _ECap3Regs

00006ac0     1ab (00006ac0)     _HRCap1Regs
00006ae0     1ab (00006ac0)     _HRCap2Regs

00006b00     1ac (00006b00)     _EQep1Regs

00006b40     1ad (00006b40)     _EQep2Regs

00006c80     1b2 (00006c80)     _HRCap3Regs
00006ca0     1b2 (00006c80)     _HRCap4Regs

00006f80     1be (00006f80)     _GpioCtrlRegs

00006fc0     1bf (00006fc0)     _GpioDataRegs
00006fe0     1bf (00006fc0)     _GpioIntRegs

00007010     1c0 (00007000)     _SysCtrlRegs

00007040     1c1 (00007040)     _SpiaRegs
00007050     1c1 (00007040)     _SciaRegs
00007060     1c1 (00007040)     _NmiIntruptRegs
00007070     1c1 (00007040)     _XIntruptRegs

00007100     1c4 (00007100)     _AdcRegs

00007740     1dd (00007740)     _SpibRegs
00007750     1dd (00007740)     _ScibRegs

00007900     1e4 (00007900)     _I2caRegs

0000a000     280 (0000a000)     _i
0000a001     280 (0000a000)     _SampleIndex
0000a002     280 (0000a000)     _ZVDFlag
0000a003     280 (0000a000)     _SampleLen
0000a004     280 (0000a000)     _SamplePriod

0000a040     281 (0000a040)     _SampleData

0000a0c0     283 (0000a0c0)     _SampleDataSave

0000a180     286 (0000a180)     _SampleDataSavefloat

0000a282     28a (0000a280)     _CpuTimer1
0000a28a     28a (0000a280)     _CpuTimer2
0000a292     28a (0000a280)     _CpuTimer0
0000a29a     28a (0000a280)     _LastLen
0000a29b     28a (0000a280)     _LastFlag
0000a29c     28a (0000a280)     _LastTime
0000a29e     28a (0000a280)     _CommandData
0000a2a8     28a (0000a280)     _dataError
0000a2aa     28a (0000a280)     _ReceiveData
0000a2b4     28a (0000a280)     _EPwm2TimerIntCount
0000a2b6     28a (0000a280)     _EPwm1TimerIntCount
0000a2b8     28a (0000a280)     _EPwm4TimerIntCount
0000a2ba     28a (0000a280)     _EPwm3TimerIntCount
0000a2bc     28a (0000a280)     __lock
0000a2be     28a (0000a280)     __unlock

0000a2c0     28b (0000a2c0)     _g_LocalMac
0000a2c1     28b (0000a2c0)     _g_SyncReadyWaitTime
0000a2c2     28b (0000a2c0)     _g_SystemCalibrationCoefficient
0000a2cc     28b (0000a2c0)     _g_SystemLimit
0000a2d8     28b (0000a2c0)     _g_SyncCommand
0000a2e4     28b (0000a2c0)     _g_SystemVoltageParameter

0000a300     28c (0000a300)     _g_ProcessDelayTime

0000a340     28d (0000a340)     _g_PhaseActionRad

0000a380     28e (0000a380)     _g_ReadOnlyParameterCollect

0000a400     290 (0000a400)     _g_SetParameterCollect

0000a522     294 (0000a500)     _Sin1step
0000a524     294 (0000a500)     _TwoDivideN
0000a526     294 (0000a500)     _Cos1step
0000a528     294 (0000a500)     ___TI_enable_exit_profile_output
0000a52a     294 (0000a500)     ___TI_cleanup_ptr
0000a52c     294 (0000a500)     ___TI_dtors_ptr

0000a541     295 (0000a540)     _g_DeviceNetRequstData
0000a543     295 (0000a540)     _device_type
0000a544     295 (0000a540)     _minor_ver
0000a545     295 (0000a540)     _DeviceNetClass
0000a546     295 (0000a540)     _product_code
0000a547     295 (0000a540)     _major_ver
0000a548     295 (0000a540)     _providerID
0000a54a     295 (0000a540)     _serialID
0000a54c     295 (0000a540)     _DeviceNetObj
0000a550     295 (0000a540)     _product_name
0000a558     295 (0000a540)     _DeviceNetReciveFrame
0000a560     295 (0000a540)     _DeviceNetSendFrame
0000a568     295 (0000a540)     _SendBufferData
0000a572     295 (0000a540)     _ReciveBufferData

0000a580     296 (0000a580)     _IdentifierObj
0000a58e     296 (0000a580)     _VisibleConnectionObj

0000a5c0     297 (0000a5c0)     _CycleInquireConnedctionObj

0000a600     298 (0000a600)     _StatusChangedConnedctionObj

0000a640     299 (0000a640)     _xiang
0000a641     299 (0000a640)     _FirstTrig
0000a642     299 (0000a640)     _count
0000a644     299 (0000a640)     _b
0000a646     299 (0000a640)     _tp
0000a648     299 (0000a640)     _a
0000a64a     299 (0000a640)     _phase
0000a64c     299 (0000a640)     _pCalTimeMonitor
0000a64e     299 (0000a640)     _t1
0000a650     299 (0000a640)     _sumt
0000a652     299 (0000a640)     _t0
0000a654     299 (0000a640)     _tp4
0000a656     299 (0000a640)     _tq
0000a658     299 (0000a640)     _tph
0000a65a     299 (0000a640)     _tnow
0000a65c     299 (0000a640)     _CalTimeMonitor
0000a664     299 (0000a640)     _g_FreqMonitor
0000a66c     299 (0000a640)     _SetParam

0000a680     29a (0000a680)     _rfft

0000a6c0     29b (0000a6c0)     _RFFphaseBuff

0000c000     300 (0000c000)     _RFFTin1Buff

0000e000     380 (0000e000)     _RFFToutBuff

00010000     400 (00010000)     _RFFTmagBuff

00012000     480 (00012000)     _RFFTF32Coef

003d7e80    f5fa (003d7e80)     _PartIdRegs

003f6384    fd8e (003f6380)     _PieVectTableInit

003f7ff8    fdff (003f7fc0)     _CsmPwl

003fd860    ff61 (003fd840)     _FPUsinTable

003fd960    ff65 (003fd940)     _FPUcosTable

003fdc60    ff71 (003fdc40)     _FPUsinTableEnd

003fdd62    ff75 (003fdd40)     _FPUatan2HalfPITable
003fdd62    ff75 (003fdd40)     _FPUcosTableEnd
003fdd66    ff75 (003fdd40)     _FPUatan2Table

003fdeec    ff7b (003fdec0)     _FPUatan2TableEnd


GLOBAL SYMBOLS: SORTED ALPHABETICALLY BY Name 

page  address   name                                  
----  -------   ----                                  
0     003f4000  .text                                 
0     003f6202  C$$EXIT                               
0     003f5af5  FD$$ADD                               
0     003f5cba  FD$$DIV                               
0     003f5dca  FD$$MPY                               
0     003f6350  FD$$SUB                               
0     003f62a8  FD$$TOUL                              
0     003f630f  FS$$DIV                               
0     003f6271  FS$$TOFD                              
0     003f6328  U$$TOFD                               
0     003f4f24  _ADCINT1_ISR                          
0     003f4f1a  _ADCINT2_ISR                          
0     003f4f10  _ADCINT3_ISR                          
0     003f4f06  _ADCINT4_ISR                          
0     003f4efc  _ADCINT5_ISR                          
0     003f4ef2  _ADCINT6_ISR                          
0     003f4ee8  _ADCINT7_ISR                          
0     003f4ede  _ADCINT8_ISR                          
0     003f4ed4  _ADCINT9_ISR                          
0     003f5b91  _ADC_INT1_ISR                         
0     003f4639  _AckMsgService                        
0     003f5521  _ActionDataInit                       
0     003f5216  _AdcChanSelect                        
0     003f526e  _AdcConversion                        
0     003f5357  _AdcOffsetSelfCal                     
1     00007100  _AdcRegs                              
1     00000b00  _AdcResult                            
0     003f45d0  _CANFrameFilter                       
0     003f5999  _CANSendData                          
0     003f4eca  _CLA1_INT1_ISR                        
0     003f4ec0  _CLA1_INT2_ISR                        
0     003f4eb6  _CLA1_INT3_ISR                        
0     003f4eac  _CLA1_INT4_ISR                        
0     003f4ea2  _CLA1_INT5_ISR                        
0     003f4e98  _CLA1_INT6_ISR                        
0     003f4e8e  _CLA1_INT7_ISR                        
0     003f4e84  _CLA1_INT8_ISR                        
0     003f568d  _CalFreq                              
1     0000a65c  _CalTimeMonitor                       
0     003f55f2  _CaliAB_Base                          
0     003f5e4d  _Can0Recive_ISR                       
0     003f4117  _CheckAllocateCode                    
0     003f454f  _CheckMACID                           
0     003f40ce  _CheckReleaseCode                     
1     00001400  _Cla1Regs                             
1     0000a29e  _CommandData                          
1     00006400  _Comp1Regs                            
1     00006420  _Comp2Regs                            
1     00006440  _Comp3Regs                            
0     003f5f59  _ConfigADC_Monitor                    
0     003f6025  _ConfigCpuTimer                       
0     003f40a9  _ConnectionClassService               
1     0000a526  _Cos1step                             
1     0000a292  _CpuTimer0                            
1     00000c00  _CpuTimer0Regs                        
1     0000a282  _CpuTimer1                            
1     00000c08  _CpuTimer1Regs                        
1     0000a28a  _CpuTimer2                            
1     00000c10  _CpuTimer2Regs                        
0     003f612e  _Cpu_timer0_isr                       
1     003f7ff8  _CsmPwl                               
1     00000ae0  _CsmRegs                              
0     003f581d  _CsmUnlock                            
0     003f400a  _CycInquireConnectObjService          
1     0000a5c0  _CycleInquireConnedctionObj           
0     003f4e7a  _DATALOG_ISR                          
0     003f4e70  _DINTCH1_ISR                          
0     003f4e66  _DINTCH2_ISR                          
0     003f4e5c  _DINTCH3_ISR                          
0     003f4e52  _DINTCH4_ISR                          
0     003f4e48  _DINTCH5_ISR                          
0     003f4e3e  _DINTCH6_ISR                          
0     003f637b  _DSP28x_DisableInt                    
0     003f637f  _DSP28x_RestoreInt                    
0     0000801d  _DSP28x_usDelay                       
1     00000880  _DevEmuRegs                           
0     003f4638  _DeviceMonitorPluse                   
1     0000a545  _DeviceNetClass                       
0     003f4356  _DeviceNetClassService                
1     0000a54c  _DeviceNetObj                         
0     003f42a1  _DeviceNetObjService                  
0     003f45fd  _DeviceNetReciveCenter                
1     0000a558  _DeviceNetReciveFrame                 
1     0000a560  _DeviceNetSendFrame                   
0     003f5707  _DisableDog                           
1     00001000  _DmaRegs                              
0     003f4e34  _ECAN0INTA_ISR                        
0     003f4e2a  _ECAN1INTA_ISR                        
0     003f4e20  _ECAP1_INT_ISR                        
0     003f4e16  _ECAP2_INT_ISR                        
0     003f4e0c  _ECAP3_INT_ISR                        
1     00006040  _ECanaLAMRegs                         
1     000060c0  _ECanaMOTORegs                        
1     00006080  _ECanaMOTSRegs                        
1     00006100  _ECanaMboxes                          
1     00006000  _ECanaRegs                            
1     00006a00  _ECap1Regs                            
1     00006a20  _ECap2Regs                            
1     00006a40  _ECap3Regs                            
0     003f4dff  _EMPTY_ISR                            
0     003f4df5  _EMUINT_ISR                           
0     003f4deb  _EPWM1_INT_ISR                        
0     003f4de1  _EPWM1_TZINT_ISR                      
0     003f4dd7  _EPWM2_INT_ISR                        
0     003f4dcd  _EPWM2_TZINT_ISR                      
0     003f4dc3  _EPWM3_INT_ISR                        
0     003f4db9  _EPWM3_TZINT_ISR                      
0     003f4daf  _EPWM4_INT_ISR                        
0     003f4da5  _EPWM4_TZINT_ISR                      
0     003f4d9b  _EPWM5_INT_ISR                        
0     003f4d91  _EPWM5_TZINT_ISR                      
0     003f4d87  _EPWM6_INT_ISR                        
0     003f4d7d  _EPWM6_TZINT_ISR                      
0     003f4d73  _EPWM7_INT_ISR                        
0     003f4d69  _EPWM7_TZINT_ISR                      
0     003f4d5f  _EPWM8_INT_ISR                        
0     003f4d55  _EPWM8_TZINT_ISR                      
1     00006800  _EPwm1Regs                            
1     0000a2b6  _EPwm1TimerIntCount                   
1     00006840  _EPwm2Regs                            
1     0000a2b4  _EPwm2TimerIntCount                   
1     00006880  _EPwm3Regs                            
1     0000a2ba  _EPwm3TimerIntCount                   
1     000068c0  _EPwm4Regs                            
1     0000a2b8  _EPwm4TimerIntCount                   
1     00006900  _EPwm5Regs                            
1     00006940  _EPwm6Regs                            
1     00006980  _EPwm7Regs                            
1     000069c0  _EPwm8Regs                            
0     003f4d4b  _EQEP1_INT_ISR                        
0     003f4d41  _EQEP2_INT_ISR                        
1     00006b00  _EQep1Regs                            
1     00006b40  _EQep2Regs                            
1     00000d01  _EmuBMode                             
1     00000d00  _EmuKey                               
0     003f624a  _EnableInterrupts                     
0     003f5805  _ExtOscSel                            
0     003f4f2e  _FFT_Cal                              
0     003f5029  _FFT_Init                             
0     003fdd62  _FPUatan2HalfPITable                  
0     003fdd66  _FPUatan2Table                        
0     003fdeec  _FPUatan2TableEnd                     
0     003fd960  _FPUcosTable                          
0     003fdd62  _FPUcosTableEnd                       
0     003fd860  _FPUsinTable                          
0     003fdc60  _FPUsinTableEnd                       
1     0000a641  _FirstTrig                            
1     00000a80  _FlashRegs                            
1     00000d04  _Flash_CPUScaleFactor                 
1     00000d02  _Flash_CallbackPtr                    
0     003f537c  _FrameServer                          
0     003f5559  _GetNewFreq                           
0     003f50a0  _GetOVD                               
1     00006f80  _GpioCtrlRegs                         
1     00006fc0  _GpioDataRegs                         
1     00006fe0  _GpioIntRegs                          
0     003f4d37  _HRCAP1_INT_ISR                       
0     003f4d2d  _HRCAP2_INT_ISR                       
0     003f4d23  _HRCAP3_INT_ISR                       
0     003f4d19  _HRCAP4_INT_ISR                       
1     00006ac0  _HRCap1Regs                           
1     00006ae0  _HRCap2Regs                           
1     00006c80  _HRCap3Regs                           
1     00006ca0  _HRCap4Regs                           
0     003f4d0f  _I2CINT1A_ISR                         
0     003f4d05  _I2CINT2A_ISR                         
1     00007900  _I2caRegs                             
0     003f4cfb  _ILLEGAL_ISR                          
0     003f4cf1  _INT13_ISR                            
0     003f4ce7  _INT14_ISR                            
0     003f445f  _IdentifierClassService               
1     0000a580  _IdentifierObj                        
0     003f43b7  _IdentifierObjService                 
0     003f51e7  _InitAdc                              
0     003f51c1  _InitAdcAio                           
0     003f5ff0  _InitCpuTimers                        
0     003f419d  _InitCycleInquireConnectionObj        
0     003f5f97  _InitDeviceIO                         
0     003f4586  _InitDeviceNet                        
0     003f5c42  _InitECan                             
0     003f5c27  _InitECanGpio                         
0     003f5c42  _InitECana                            
0     003f5c27  _InitECanaGpio                        
0     00008000  _InitFlash                            
0     003f5041  _InitMonitorCalData                   
0     003f5761  _InitPeripheralClocks                 
0     003f622b  _InitPieCtrl                          
0     003f633f  _InitPieVectTable                     
0     003f570f  _InitPll                              
0     003f57d8  _InitPll2                             
0     003f61d2  _InitSampleProcessData                
0     003f5969  _InitStandardCAN                      
0     003f417a  _InitStatusChangedConnectionObj       
0     003f57c0  _InitSysCtrl                          
0     003f4160  _InitVisibleConnectionObj             
0     003f56f7  _IntOsc1Sel                           
0     003f56e3  _IntOsc2Sel                           
0     003f628d  _IsOverTime                           
0     003f453f  _IsTimeRemain                         
0     003f4cdd  _LUF_ISR                              
0     003f4cd3  _LVF_ISR                              
1     0000a29b  _LastFlag                             
1     0000a29a  _LastLen                              
1     0000a29c  _LastTime                             
0     003f4cc9  _MRINTA_ISR                           
0     003f4cbf  _MXINTA_ISR                           
1     00005000  _McbspaRegs                           
0     003f5528  _MidMeanFilter                        
0     003f4cb5  _NMI_ISR                              
1     00007060  _NmiIntruptRegs                       
0     003f4cab  _PIE_RESERVED                         
0     003f452c  _PacktIOMessage                       
0     003f4519  _PacktIOMessageStatus                 
1     003d7e80  _PartIdRegs                           
1     00000ce0  _PieCtrlRegs                          
1     00000d00  _PieVectTable                         
0     003f6384  _PieVectTableInit                     
1     00012000  _RFFTF32Coef                          
0     003f584c  _RFFT_f32                             
0     003f5ebe  _RFFT_f32_sincostable                 
1     0000c000  _RFFTin1Buff                          
1     00010000  _RFFTmagBuff                          
1     0000e000  _RFFToutBuff                          
1     0000a6c0  _RFFphaseBuff                         
0     003f4ca1  _RTOSINT_ISR                          
0     003e8021  _RamfuncsLoadEnd                      
abs   00000021  _RamfuncsLoadSize                     
0     003e8000  _RamfuncsLoadStart                    
0     00008000  _RamfuncsRunStart                     
0     003f4b63  _ReadParamValue                       
1     0000a2aa  _ReceiveData                          
1     0000a572  _ReciveBufferData                     
0     003f4a86  _RefParameterInit                     
0     003f44e7  _ResponseMACID                        
0     003f4484  _RountineClassObjService              
0     003f4c97  _SCIRXINTA_ISR                        
0     003f4c8d  _SCIRXINTB_ISR                        
0     003f4c83  _SCITXINTA_ISR                        
0     003f4c79  _SCITXINTB_ISR                        
0     003f4c6f  _SPIRXINTA_ISR                        
0     003f4c65  _SPIRXINTB_ISR                        
0     003f4c5b  _SPITXINTA_ISR                        
0     003f4c51  _SPITXINTB_ISR                        
1     0000a040  _SampleData                           
1     0000a0c0  _SampleDataSave                       
1     0000a180  _SampleDataSavefloat                  
1     0000a001  _SampleIndex                          
1     0000a003  _SampleLen                            
1     0000a004  _SamplePriod                          
1     00007050  _SciaRegs                             
1     00007750  _ScibRegs                             
1     0000a568  _SendBufferData                       
0     003f4000  _SendData                             
0     003f56d9  _ServiceDog                           
1     0000a66c  _SetParam                             
0     003f4741  _SetParamValue                        
0     003f5f3b  _SetSamplePriod                       
1     0000a522  _Sin1step                             
1     00007040  _SpiaRegs                             
1     00007740  _SpibRegs                             
0     003f44e0  _StartOverTimer                       
0     003f5f33  _StartSample                          
1     0000a600  _StatusChangedConnedctionObj          
0     003f5f2e  _StopSample                           
0     003f4f46  _SynchronizTrigger                    
1     00007010  _SysCtrlRegs                          
1     00000985  _SysPwrCtrlRegs                       
0     003f4c47  _TINT0_ISR                            
1     0000a524  _TwoDivideN                           
0     003f4c3d  _USB0_INT_ISR                         
0     003f4c33  _USER10_ISR                           
0     003f4c29  _USER11_ISR                           
0     003f4c1f  _USER12_ISR                           
0     003f4c15  _USER1_ISR                            
0     003f4c0b  _USER2_ISR                            
0     003f4c01  _USER3_ISR                            
0     003f4bf7  _USER4_ISR                            
0     003f4bed  _USER5_ISR                            
0     003f4be3  _USER6_ISR                            
0     003f4bd9  _USER7_ISR                            
0     003f4bcf  _USER8_ISR                            
0     003f4bc5  _USER9_ISR                            
0     003f41b7  _UnconVisibleMsgService               
1     00004000  _Usb0Regs                             
0     003f4062  _VisibleConnectObjService             
1     0000a58e  _VisibleConnectionObj                 
0     003f44a9  _VisibleMsgService                    
0     003f4bbb  _WAKEINT_ISR                          
0     003f4bb1  _XINT1_ISR                            
0     003f4ba7  _XINT2_ISR                            
0     003f4b9d  _XINT3_ISR                            
1     00007070  _XIntruptRegs                         
0     003f56c5  _XtalOscSel                           
1     0000a002  _ZVDFlag                              
1     00000450  __STACK_END                           
abs   00000400  __STACK_SIZE                          
1     0000a52a  ___TI_cleanup_ptr                     
1     0000a52c  ___TI_dtors_ptr                       
1     0000a528  ___TI_enable_exit_profile_output      
abs   ffffffff  ___TI_pprof_out_hndl                  
abs   ffffffff  ___TI_prof_data_size                  
abs   ffffffff  ___TI_prof_data_start                 
abs   ffffffff  ___binit__                            
abs   ffffffff  ___c_args__                           
0     003f64b9  ___cinit__                            
0     003f6384  ___etext__                            
abs   ffffffff  ___pinit__                            
0     003f4000  ___text__                             
0     003f62dd  __args_main                           
1     0000a2bc  __lock                                
0     003f6372  __nop                                 
0     003f636e  __register_lock                       
0     003f636a  __register_unlock                     
1     00000050  __stack                               
0     003f584b  __system_post_cinit                   
0     003f6382  __system_pre_init                     
1     0000a2be  __unlock                              
1     0000a648  _a                                    
0     003f6202  _abort                                
0     003f609e  _atan                                 
1     0000a644  _b                                    
0     003f6048  _c_int00                              
0     003f60e8  _copy_in                              
0     003f616a  _cos                                  
1     0000a642  _count                                
1     0000a2a8  _dataError                            
0     003f62c3  _ddcopy                               
1     0000a543  _device_type                          
0     003f62c3  _dpcopy                               
0     003f635e  _epilog_c28x_1                        
0     003f6362  _epilog_c28x_2                        
0     003f5db0  _epwm1_timer_isr                      
0     003f5d96  _epwm2_timer_isr                      
0     003f5d7c  _epwm3_timer_isr                      
0     003f5d45  _epwm4_timer_isr                      
0     003f6204  _exit                                 
1     0000a541  _g_DeviceNetRequstData                
1     0000a664  _g_FreqMonitor                        
1     0000a2c0  _g_LocalMac                           
1     0000a340  _g_PhaseActionRad                     
1     0000a300  _g_ProcessDelayTime                   
1     0000a380  _g_ReadOnlyParameterCollect           
1     0000a400  _g_SetParameterCollect                
1     0000a2d8  _g_SyncCommand                        
1     0000a2c1  _g_SyncReadyWaitTime                  
1     0000a2c2  _g_SystemCalibrationCoefficient       
1     0000a2cc  _g_SystemLimit                        
1     0000a2e4  _g_SystemVoltageParameter             
1     0000a000  _i                                    
0     003f5a41  _main                                 
1     0000a547  _major_ver                            
0     003f6253  _memcpy                               
1     0000a544  _minor_ver                            
1     0000a64c  _pCalTimeMonitor                      
0     003f62c3  _pdcopy                               
1     0000a64a  _phase                                
0     003f62c3  _ppcopy                               
1     0000a546  _product_code                         
1     0000a550  _product_name                         
0     003f62f6  _prolog_c28x_1                        
0     003f62fa  _prolog_c28x_2                        
0     003f6302  _prolog_c28x_3                        
1     0000a548  _providerID                           
1     0000a680  _rfft                                 
0     003f5855  _rfft_f32_Stages1and2and3andBitReverse
0     003f58c1  _rfft_f32_Stages4andUp                
0     003f4b93  _rsvd_ISR                             
1     0000a54a  _serialID                             
0     003f619e  _sin                                  
1     0000a650  _sumt                                 
1     0000a652  _t0                                   
1     0000a64e  _t1                                   
1     0000a65a  _tnow                                 
1     0000a646  _tp                                   
1     0000a654  _tp4                                  
1     0000a658  _tph                                  
1     0000a656  _tq                                   
1     0000a640  _xiang                                
abs   ffffffff  binit                                 
0     003f64b9  cinit                                 
0     003f7ff6  code_start                            
0     003f6384  etext                                 
abs   ffffffff  pinit                                 


GLOBAL SYMBOLS: SORTED BY Symbol Address 

page  address   name                                  
----  -------   ----                                  
0     00008000  _InitFlash                            
0     00008000  _RamfuncsRunStart                     
0     0000801d  _DSP28x_usDelay                       
0     003e8000  _RamfuncsLoadStart                    
0     003e8021  _RamfuncsLoadEnd                      
0     003f4000  .text                                 
0     003f4000  _SendData                             
0     003f4000  ___text__                             
0     003f400a  _CycInquireConnectObjService          
0     003f4062  _VisibleConnectObjService             
0     003f40a9  _ConnectionClassService               
0     003f40ce  _CheckReleaseCode                     
0     003f4117  _CheckAllocateCode                    
0     003f4160  _InitVisibleConnectionObj             
0     003f417a  _InitStatusChangedConnectionObj       
0     003f419d  _InitCycleInquireConnectionObj        
0     003f41b7  _UnconVisibleMsgService               
0     003f42a1  _DeviceNetObjService                  
0     003f4356  _DeviceNetClassService                
0     003f43b7  _IdentifierObjService                 
0     003f445f  _IdentifierClassService               
0     003f4484  _RountineClassObjService              
0     003f44a9  _VisibleMsgService                    
0     003f44e0  _StartOverTimer                       
0     003f44e7  _ResponseMACID                        
0     003f4519  _PacktIOMessageStatus                 
0     003f452c  _PacktIOMessage                       
0     003f453f  _IsTimeRemain                         
0     003f454f  _CheckMACID                           
0     003f4586  _InitDeviceNet                        
0     003f45d0  _CANFrameFilter                       
0     003f45fd  _DeviceNetReciveCenter                
0     003f4638  _DeviceMonitorPluse                   
0     003f4639  _AckMsgService                        
0     003f4741  _SetParamValue                        
0     003f4a86  _RefParameterInit                     
0     003f4b63  _ReadParamValue                       
0     003f4b93  _rsvd_ISR                             
0     003f4b9d  _XINT3_ISR                            
0     003f4ba7  _XINT2_ISR                            
0     003f4bb1  _XINT1_ISR                            
0     003f4bbb  _WAKEINT_ISR                          
0     003f4bc5  _USER9_ISR                            
0     003f4bcf  _USER8_ISR                            
0     003f4bd9  _USER7_ISR                            
0     003f4be3  _USER6_ISR                            
0     003f4bed  _USER5_ISR                            
0     003f4bf7  _USER4_ISR                            
0     003f4c01  _USER3_ISR                            
0     003f4c0b  _USER2_ISR                            
0     003f4c15  _USER1_ISR                            
0     003f4c1f  _USER12_ISR                           
0     003f4c29  _USER11_ISR                           
0     003f4c33  _USER10_ISR                           
0     003f4c3d  _USB0_INT_ISR                         
0     003f4c47  _TINT0_ISR                            
0     003f4c51  _SPITXINTB_ISR                        
0     003f4c5b  _SPITXINTA_ISR                        
0     003f4c65  _SPIRXINTB_ISR                        
0     003f4c6f  _SPIRXINTA_ISR                        
0     003f4c79  _SCITXINTB_ISR                        
0     003f4c83  _SCITXINTA_ISR                        
0     003f4c8d  _SCIRXINTB_ISR                        
0     003f4c97  _SCIRXINTA_ISR                        
0     003f4ca1  _RTOSINT_ISR                          
0     003f4cab  _PIE_RESERVED                         
0     003f4cb5  _NMI_ISR                              
0     003f4cbf  _MXINTA_ISR                           
0     003f4cc9  _MRINTA_ISR                           
0     003f4cd3  _LVF_ISR                              
0     003f4cdd  _LUF_ISR                              
0     003f4ce7  _INT14_ISR                            
0     003f4cf1  _INT13_ISR                            
0     003f4cfb  _ILLEGAL_ISR                          
0     003f4d05  _I2CINT2A_ISR                         
0     003f4d0f  _I2CINT1A_ISR                         
0     003f4d19  _HRCAP4_INT_ISR                       
0     003f4d23  _HRCAP3_INT_ISR                       
0     003f4d2d  _HRCAP2_INT_ISR                       
0     003f4d37  _HRCAP1_INT_ISR                       
0     003f4d41  _EQEP2_INT_ISR                        
0     003f4d4b  _EQEP1_INT_ISR                        
0     003f4d55  _EPWM8_TZINT_ISR                      
0     003f4d5f  _EPWM8_INT_ISR                        
0     003f4d69  _EPWM7_TZINT_ISR                      
0     003f4d73  _EPWM7_INT_ISR                        
0     003f4d7d  _EPWM6_TZINT_ISR                      
0     003f4d87  _EPWM6_INT_ISR                        
0     003f4d91  _EPWM5_TZINT_ISR                      
0     003f4d9b  _EPWM5_INT_ISR                        
0     003f4da5  _EPWM4_TZINT_ISR                      
0     003f4daf  _EPWM4_INT_ISR                        
0     003f4db9  _EPWM3_TZINT_ISR                      
0     003f4dc3  _EPWM3_INT_ISR                        
0     003f4dcd  _EPWM2_TZINT_ISR                      
0     003f4dd7  _EPWM2_INT_ISR                        
0     003f4de1  _EPWM1_TZINT_ISR                      
0     003f4deb  _EPWM1_INT_ISR                        
0     003f4df5  _EMUINT_ISR                           
0     003f4dff  _EMPTY_ISR                            
0     003f4e0c  _ECAP3_INT_ISR                        
0     003f4e16  _ECAP2_INT_ISR                        
0     003f4e20  _ECAP1_INT_ISR                        
0     003f4e2a  _ECAN1INTA_ISR                        
0     003f4e34  _ECAN0INTA_ISR                        
0     003f4e3e  _DINTCH6_ISR                          
0     003f4e48  _DINTCH5_ISR                          
0     003f4e52  _DINTCH4_ISR                          
0     003f4e5c  _DINTCH3_ISR                          
0     003f4e66  _DINTCH2_ISR                          
0     003f4e70  _DINTCH1_ISR                          
0     003f4e7a  _DATALOG_ISR                          
0     003f4e84  _CLA1_INT8_ISR                        
0     003f4e8e  _CLA1_INT7_ISR                        
0     003f4e98  _CLA1_INT6_ISR                        
0     003f4ea2  _CLA1_INT5_ISR                        
0     003f4eac  _CLA1_INT4_ISR                        
0     003f4eb6  _CLA1_INT3_ISR                        
0     003f4ec0  _CLA1_INT2_ISR                        
0     003f4eca  _CLA1_INT1_ISR                        
0     003f4ed4  _ADCINT9_ISR                          
0     003f4ede  _ADCINT8_ISR                          
0     003f4ee8  _ADCINT7_ISR                          
0     003f4ef2  _ADCINT6_ISR                          
0     003f4efc  _ADCINT5_ISR                          
0     003f4f06  _ADCINT4_ISR                          
0     003f4f10  _ADCINT3_ISR                          
0     003f4f1a  _ADCINT2_ISR                          
0     003f4f24  _ADCINT1_ISR                          
0     003f4f2e  _FFT_Cal                              
0     003f4f46  _SynchronizTrigger                    
0     003f5029  _FFT_Init                             
0     003f5041  _InitMonitorCalData                   
0     003f50a0  _GetOVD                               
0     003f51c1  _InitAdcAio                           
0     003f51e7  _InitAdc                              
0     003f5216  _AdcChanSelect                        
0     003f526e  _AdcConversion                        
0     003f5357  _AdcOffsetSelfCal                     
0     003f537c  _FrameServer                          
0     003f5521  _ActionDataInit                       
0     003f5528  _MidMeanFilter                        
0     003f5559  _GetNewFreq                           
0     003f55f2  _CaliAB_Base                          
0     003f568d  _CalFreq                              
0     003f56c5  _XtalOscSel                           
0     003f56d9  _ServiceDog                           
0     003f56e3  _IntOsc2Sel                           
0     003f56f7  _IntOsc1Sel                           
0     003f5707  _DisableDog                           
0     003f570f  _InitPll                              
0     003f5761  _InitPeripheralClocks                 
0     003f57c0  _InitSysCtrl                          
0     003f57d8  _InitPll2                             
0     003f5805  _ExtOscSel                            
0     003f581d  _CsmUnlock                            
0     003f584b  __system_post_cinit                   
0     003f584c  _RFFT_f32                             
0     003f5855  _rfft_f32_Stages1and2and3andBitReverse
0     003f58c1  _rfft_f32_Stages4andUp                
0     003f5969  _InitStandardCAN                      
0     003f5999  _CANSendData                          
0     003f5a41  _main                                 
0     003f5af5  FD$$ADD                               
0     003f5b91  _ADC_INT1_ISR                         
0     003f5c27  _InitECanGpio                         
0     003f5c27  _InitECanaGpio                        
0     003f5c42  _InitECan                             
0     003f5c42  _InitECana                            
0     003f5cba  FD$$DIV                               
0     003f5d45  _epwm4_timer_isr                      
0     003f5d7c  _epwm3_timer_isr                      
0     003f5d96  _epwm2_timer_isr                      
0     003f5db0  _epwm1_timer_isr                      
0     003f5dca  FD$$MPY                               
0     003f5e4d  _Can0Recive_ISR                       
0     003f5ebe  _RFFT_f32_sincostable                 
0     003f5f2e  _StopSample                           
0     003f5f33  _StartSample                          
0     003f5f3b  _SetSamplePriod                       
0     003f5f59  _ConfigADC_Monitor                    
0     003f5f97  _InitDeviceIO                         
0     003f5ff0  _InitCpuTimers                        
0     003f6025  _ConfigCpuTimer                       
0     003f6048  _c_int00                              
0     003f609e  _atan                                 
0     003f60e8  _copy_in                              
0     003f612e  _Cpu_timer0_isr                       
0     003f616a  _cos                                  
0     003f619e  _sin                                  
0     003f61d2  _InitSampleProcessData                
0     003f6202  C$$EXIT                               
0     003f6202  _abort                                
0     003f6204  _exit                                 
0     003f622b  _InitPieCtrl                          
0     003f624a  _EnableInterrupts                     
0     003f6253  _memcpy                               
0     003f6271  FS$$TOFD                              
0     003f628d  _IsOverTime                           
0     003f62a8  FD$$TOUL                              
0     003f62c3  _ddcopy                               
0     003f62c3  _dpcopy                               
0     003f62c3  _pdcopy                               
0     003f62c3  _ppcopy                               
0     003f62dd  __args_main                           
0     003f62f6  _prolog_c28x_1                        
0     003f62fa  _prolog_c28x_2                        
0     003f6302  _prolog_c28x_3                        
0     003f630f  FS$$DIV                               
0     003f6328  U$$TOFD                               
0     003f633f  _InitPieVectTable                     
0     003f6350  FD$$SUB                               
0     003f635e  _epilog_c28x_1                        
0     003f6362  _epilog_c28x_2                        
0     003f636a  __register_unlock                     
0     003f636e  __register_lock                       
0     003f6372  __nop                                 
0     003f637b  _DSP28x_DisableInt                    
0     003f637f  _DSP28x_RestoreInt                    
0     003f6382  __system_pre_init                     
0     003f6384  _PieVectTableInit                     
0     003f6384  ___etext__                            
0     003f6384  etext                                 
0     003f64b9  ___cinit__                            
0     003f64b9  cinit                                 
0     003f7ff6  code_start                            
0     003fd860  _FPUsinTable                          
0     003fd960  _FPUcosTable                          
0     003fdc60  _FPUsinTableEnd                       
0     003fdd62  _FPUatan2HalfPITable                  
0     003fdd62  _FPUcosTableEnd                       
0     003fdd66  _FPUatan2Table                        
0     003fdeec  _FPUatan2TableEnd                     
1     00000050  __stack                               
1     00000450  __STACK_END                           
1     00000880  _DevEmuRegs                           
1     00000985  _SysPwrCtrlRegs                       
1     00000a80  _FlashRegs                            
1     00000ae0  _CsmRegs                              
1     00000b00  _AdcResult                            
1     00000c00  _CpuTimer0Regs                        
1     00000c08  _CpuTimer1Regs                        
1     00000c10  _CpuTimer2Regs                        
1     00000ce0  _PieCtrlRegs                          
1     00000d00  _EmuKey                               
1     00000d00  _PieVectTable                         
1     00000d01  _EmuBMode                             
1     00000d02  _Flash_CallbackPtr                    
1     00000d04  _Flash_CPUScaleFactor                 
1     00001000  _DmaRegs                              
1     00001400  _Cla1Regs                             
1     00004000  _Usb0Regs                             
1     00005000  _McbspaRegs                           
1     00006000  _ECanaRegs                            
1     00006040  _ECanaLAMRegs                         
1     00006080  _ECanaMOTSRegs                        
1     000060c0  _ECanaMOTORegs                        
1     00006100  _ECanaMboxes                          
1     00006400  _Comp1Regs                            
1     00006420  _Comp2Regs                            
1     00006440  _Comp3Regs                            
1     00006800  _EPwm1Regs                            
1     00006840  _EPwm2Regs                            
1     00006880  _EPwm3Regs                            
1     000068c0  _EPwm4Regs                            
1     00006900  _EPwm5Regs                            
1     00006940  _EPwm6Regs                            
1     00006980  _EPwm7Regs                            
1     000069c0  _EPwm8Regs                            
1     00006a00  _ECap1Regs                            
1     00006a20  _ECap2Regs                            
1     00006a40  _ECap3Regs                            
1     00006ac0  _HRCap1Regs                           
1     00006ae0  _HRCap2Regs                           
1     00006b00  _EQep1Regs                            
1     00006b40  _EQep2Regs                            
1     00006c80  _HRCap3Regs                           
1     00006ca0  _HRCap4Regs                           
1     00006f80  _GpioCtrlRegs                         
1     00006fc0  _GpioDataRegs                         
1     00006fe0  _GpioIntRegs                          
1     00007010  _SysCtrlRegs                          
1     00007040  _SpiaRegs                             
1     00007050  _SciaRegs                             
1     00007060  _NmiIntruptRegs                       
1     00007070  _XIntruptRegs                         
1     00007100  _AdcRegs                              
1     00007740  _SpibRegs                             
1     00007750  _ScibRegs                             
1     00007900  _I2caRegs                             
1     0000a000  _i                                    
1     0000a001  _SampleIndex                          
1     0000a002  _ZVDFlag                              
1     0000a003  _SampleLen                            
1     0000a004  _SamplePriod                          
1     0000a040  _SampleData                           
1     0000a0c0  _SampleDataSave                       
1     0000a180  _SampleDataSavefloat                  
1     0000a282  _CpuTimer1                            
1     0000a28a  _CpuTimer2                            
1     0000a292  _CpuTimer0                            
1     0000a29a  _LastLen                              
1     0000a29b  _LastFlag                             
1     0000a29c  _LastTime                             
1     0000a29e  _CommandData                          
1     0000a2a8  _dataError                            
1     0000a2aa  _ReceiveData                          
1     0000a2b4  _EPwm2TimerIntCount                   
1     0000a2b6  _EPwm1TimerIntCount                   
1     0000a2b8  _EPwm4TimerIntCount                   
1     0000a2ba  _EPwm3TimerIntCount                   
1     0000a2bc  __lock                                
1     0000a2be  __unlock                              
1     0000a2c0  _g_LocalMac                           
1     0000a2c1  _g_SyncReadyWaitTime                  
1     0000a2c2  _g_SystemCalibrationCoefficient       
1     0000a2cc  _g_SystemLimit                        
1     0000a2d8  _g_SyncCommand                        
1     0000a2e4  _g_SystemVoltageParameter             
1     0000a300  _g_ProcessDelayTime                   
1     0000a340  _g_PhaseActionRad                     
1     0000a380  _g_ReadOnlyParameterCollect           
1     0000a400  _g_SetParameterCollect                
1     0000a522  _Sin1step                             
1     0000a524  _TwoDivideN                           
1     0000a526  _Cos1step                             
1     0000a528  ___TI_enable_exit_profile_output      
1     0000a52a  ___TI_cleanup_ptr                     
1     0000a52c  ___TI_dtors_ptr                       
1     0000a541  _g_DeviceNetRequstData                
1     0000a543  _device_type                          
1     0000a544  _minor_ver                            
1     0000a545  _DeviceNetClass                       
1     0000a546  _product_code                         
1     0000a547  _major_ver                            
1     0000a548  _providerID                           
1     0000a54a  _serialID                             
1     0000a54c  _DeviceNetObj                         
1     0000a550  _product_name                         
1     0000a558  _DeviceNetReciveFrame                 
1     0000a560  _DeviceNetSendFrame                   
1     0000a568  _SendBufferData                       
1     0000a572  _ReciveBufferData                     
1     0000a580  _IdentifierObj                        
1     0000a58e  _VisibleConnectionObj                 
1     0000a5c0  _CycleInquireConnedctionObj           
1     0000a600  _StatusChangedConnedctionObj          
1     0000a640  _xiang                                
1     0000a641  _FirstTrig                            
1     0000a642  _count                                
1     0000a644  _b                                    
1     0000a646  _tp                                   
1     0000a648  _a                                    
1     0000a64a  _phase                                
1     0000a64c  _pCalTimeMonitor                      
1     0000a64e  _t1                                   
1     0000a650  _sumt                                 
1     0000a652  _t0                                   
1     0000a654  _tp4                                  
1     0000a656  _tq                                   
1     0000a658  _tph                                  
1     0000a65a  _tnow                                 
1     0000a65c  _CalTimeMonitor                       
1     0000a664  _g_FreqMonitor                        
1     0000a66c  _SetParam                             
1     0000a680  _rfft                                 
1     0000a6c0  _RFFphaseBuff                         
1     0000c000  _RFFTin1Buff                          
1     0000e000  _RFFToutBuff                          
1     00010000  _RFFTmagBuff                          
1     00012000  _RFFTF32Coef                          
1     003d7e80  _PartIdRegs                           
1     003f7ff8  _CsmPwl                               
abs   00000021  _RamfuncsLoadSize                     
abs   00000400  __STACK_SIZE                          
abs   ffffffff  ___TI_pprof_out_hndl                  
abs   ffffffff  ___TI_prof_data_size                  
abs   ffffffff  ___TI_prof_data_start                 
abs   ffffffff  ___binit__                            
abs   ffffffff  ___c_args__                           
abs   ffffffff  ___pinit__                            
abs   ffffffff  binit                                 
abs   ffffffff  pinit                                 

[383 symbols]
