******************************************************************************
             TMS320C2000 Linker PC v6.2.7                      
******************************************************************************
>> Linked Wed Mar 25 13:51:19 2015

OUTPUT FILE NAME:   <ChoicePhaseWithFFT.out>
ENTRY POINT SYMBOL: "_c_int00"  address: 00009654


MEMORY CONFIGURATION

         name            origin    length      used     unused   attr    fill
----------------------  --------  ---------  --------  --------  ----  --------
PAGE 0:
  BEGIN                 00000000   00000002  00000002  00000000  RWIX
  RAMM0                 00000050   000003b0  000000f0  000002c0  RWIX
  RAML0_L3              00008000   00002000  00001876  0000078a  RWIX
  FPUTABLES             003fd860   000006a0  00000000  000006a0  RWIX
  IQTABLES              003fdf00   00000b50  00000000  00000b50  RWIX
  IQTABLES2             003fea50   0000008c  00000000  0000008c  RWIX
  IQTABLES3             003feadc   000000aa  00000000  000000aa  RWIX
  BOOTROM               003ff3b0   00000c10  00000000  00000c10  RWIX
  RESET                 003fffc0   00000002  00000000  00000002  RWIX

PAGE 1:
  BOOT_RSVD             00000002   0000004e  00000000  0000004e  RWIX
  RAMM1                 00000400   00000400  00000300  00000100  RWIX
  DEV_EMU               00000880   00000105  00000004  00000101  RWIX
  SYS_PWR_CTL           00000985   00000003  00000003  00000000  RWIX
  FLASH_REGS            00000a80   00000060  00000008  00000058  RWIX
  CSM                   00000ae0   00000020  00000010  00000010  RWIX
  ADC_RESULT            00000b00   00000020  00000010  00000010  RWIX
  CPU_TIMER0            00000c00   00000008  00000008  00000000  RWIX
  CPU_TIMER1            00000c08   00000008  00000008  00000000  RWIX
  CPU_TIMER2            00000c10   00000008  00000008  00000000  RWIX
  PIE_CTRL              00000ce0   00000020  0000001a  00000006  RWIX
  PIE_VECT              00000d00   00000100  00000100  00000000  RWIX
  DMA                   00001000   00000200  000000e0  00000120  RWIX
  CLA1                  00001400   00000080  00000040  00000040  RWIX
  USB0                  00004000   00001000  00000454  00000bac  RWIX
  McBSPA                00005000   00000040  00000024  0000001c  RWIX
  ECANA                 00006000   00000040  00000034  0000000c  RWIX
  ECANA_LAM             00006040   00000040  00000040  00000000  RWIX
  ECANA_MOTS            00006080   00000040  00000040  00000000  RWIX
  ECANA_MOTO            000060c0   00000040  00000040  00000000  RWIX
  ECANA_MBOX            00006100   00000100  00000100  00000000  RWIX
  COMP1                 00006400   00000020  00000014  0000000c  RWIX
  COMP2                 00006420   00000020  00000014  0000000c  RWIX
  COMP3                 00006440   00000020  00000014  0000000c  RWIX
  EPWM1                 00006800   00000040  00000040  00000000  RWIX
  EPWM2                 00006840   00000040  00000040  00000000  RWIX
  EPWM3                 00006880   00000040  00000040  00000000  RWIX
  EPWM4                 000068c0   00000040  00000040  00000000  RWIX
  EPWM5                 00006900   00000040  00000040  00000000  RWIX
  EPWM6                 00006940   00000040  00000040  00000000  RWIX
  EPWM7                 00006980   00000040  00000040  00000000  RWIX
  EPWM8                 000069c0   00000040  00000040  00000000  RWIX
  ECAP1                 00006a00   00000020  00000020  00000000  RWIX
  ECAP2                 00006a20   00000020  00000020  00000000  RWIX
  ECAP3                 00006a40   00000020  00000020  00000000  RWIX
  HRCAP1                00006ac0   00000020  00000020  00000000  RWIX
  HRCAP2                00006ae0   00000020  00000020  00000000  RWIX
  EQEP1                 00006b00   00000040  00000022  0000001e  RWIX
  EQEP2                 00006b40   00000040  00000022  0000001e  RWIX
  HRCAP3                00006c80   00000020  00000020  00000000  RWIX
  HRCAP4                00006ca0   00000020  00000020  00000000  RWIX
  GPIOCTRL              00006f80   00000040  00000040  00000000  RWIX
  GPIODAT               00006fc0   00000020  00000020  00000000  RWIX
  GPIOINT               00006fe0   00000020  00000020  00000000  RWIX
  SYSTEM                00007010   00000030  00000030  00000000  RWIX
  SPIA                  00007040   00000010  00000010  00000000  RWIX
  SCIA                  00007050   00000010  00000010  00000000  RWIX
  NMIINTRUPT            00007060   00000010  00000010  00000000  RWIX
  XINTRUPT              00007070   00000010  00000010  00000000  RWIX
  ADC                   00007100   00000080  00000050  00000030  RWIX
  SPIB                  00007740   00000010  00000010  00000000  RWIX
  SCIB                  00007750   00000010  00000010  00000000  RWIX
  I2CA                  00007900   00000040  00000022  0000001e  RWIX
  RAML4                 0000a000   00002000  0000087c  00001784  RWIX
  RAML5                 0000c000   00002000  00000080  00001f80  RWIX
  RAML6                 0000e000   00002000  00000080  00001f80  RWIX
  RAML7                 00010000   00002000  00000042  00001fbe  RWIX
  RAML8                 00012000   00002000  00000080  00001f80  RWIX
  USB_RAM               00040000   00000800  00000000  00000800  RWIX
  PARTID                003d7e80   00000001  00000001  00000000  RWIX
  CSM_PWL               003f7ff8   00000008  00000008  00000000  RWIX


SECTION ALLOCATION MAP

 output                                  attributes/
section   page    origin      length       input sections
--------  ----  ----------  ----------   ----------------
codestart 
*          0    00000000    00000002     
                  00000000    00000002     F2806x_CodeStartBranch.obj (codestart)

.pinit     0    00000050    00000000     UNINITIALIZED

.cinit     0    00000050    000000ca     
                  00000050    00000045     MonitorCalculate.obj (.cinit)
                  00000095    00000030     RtuFrame.obj (.cinit)
                  000000c5    0000001e     main.obj (.cinit)
                  000000e3    00000019     SampleProcess.obj (.cinit)
                  000000fc    0000000a     rts2800_fpu32.lib : _lock.obj (.cinit)
                  00000106    0000000a                       : exit.obj (.cinit)
                  00000110    00000008     Action.obj (.cinit)
                  00000118    00000002     --HOLE-- [fill = 0]

.switch    0    0000011a    00000022     
                  0000011a    00000022     Action.obj (.switch:_ExecuteFunctioncode)

ramfuncs   0    0000013c    00000004     
                  0000013c    00000004     F2806x_usDelay.obj (ramfuncs)

.text      0    00008000    00001876     
                  00008000    0000039b     F2806x_DefaultIsr.obj (.text:retain)
                  0000839b    00000001     --HOLE-- [fill = 0]
                  0000839c    00000315     MonitorCalculate.obj (.text)
                  000086b1    000001f2     main.obj (.text)
                  000088a3    000001b9     F2806x_Adc.obj (.text)
                  00008a5c    000001aa     Action.obj (.text)
                  00008c06    00000186     F2806x_SysCtrl.obj (.text)
                  00008d8c    0000011d     C28x_FPU_Lib.lib : RFFT_f32.obj (.text)
                  00008ea9    0000011b     RtuFrame.obj (.text)
                  00008fc4    0000009c     rts2800_fpu32.lib : fd_add.obj (.text)
                  00009060    00000095     RtuFrame.obj (.text:retain)
                  000090f5    00000095     SampleProcess.obj (.text:retain)
                  0000918a    0000008b     rts2800_fpu32.lib : fd_div.obj (.text)
                  00009215    00000088     PwmTimer.obj (.text:retain)
                  0000929d    00000088     rts2800_fpu32.lib : fs_div.obj (.text)
                  00009325    00000083                       : fd_mpy.obj (.text)
                  000093a8    00000070     C28x_FPU_Lib.lib : RFFT_f32_sincostable.obj (.text)
                  00009418    0000006f     rts2800_fpu32.lib : atan.obj (.text)
                  00009487    00000066     ConfigADC.obj (.text)
                  000094ed    0000005e     rts2800_fpu32.lib : cos.obj (.text)
                  0000954b    0000005c                       : sin.obj (.text)
                  000095a7    00000058     F2806x_CpuTimers.obj (.text)
                  000095ff    00000055     SCI.obj (.text)
                  00009654    00000046     rts2800_fpu32.lib : boot.obj (.text)
                  0000969a    00000042     DeviceIO.obj (.text)
                  000096dc    0000003e     F2806x_Sci.obj (.text)
                  0000971a    00000028     F2806x_PieCtrl.obj (.text)
                  00009742    00000020     SampleProcess.obj (.text)
                  00009762    0000001c     CRC16.obj (.text)
                  0000977e    0000001c     rts2800_fpu32.lib : fs_tofd.obj (.text)
                  0000979a    0000001b                       : args_main.obj (.text)
                  000097b5    0000001b                       : fd_toul.obj (.text)
                  000097d0    0000001a     MonitorCalculate.obj (.text:retain)
                  000097ea    00000019     rts2800_fpu32.lib : exit.obj (.text)
                  00009803    00000019                       : prolog.obj (.text)
                  0000981c    00000017                       : u_tofd.obj (.text)
                  00009833    00000011     F2806x_PieVect.obj (.text)
                  00009844    0000000e     rts2800_fpu32.lib : fd_sub.obj (.text)
                  00009852    0000000c                       : epilog.obj (.text)
                  0000985e    00000009                       : _lock.obj (.text)
                  00009867    00000008     F2806x_CodeStartBranch.obj (.text)
                  0000986f    00000007     F2806x_DisInt.obj (.text)

.reset     0    003fffc0    00000002     DSECT
                  003fffc0    00000002     rts2800_fpu32.lib : boot.obj (.reset)

.stack     1    00000400    00000300     UNINITIALIZED
                  00000400    00000300     --HOLE--

DevEmuRegsFile 
*          1    00000880    00000004     UNINITIALIZED
                  00000880    00000004     F2806x_GlobalVariableDefs.obj (DevEmuRegsFile)

SysPwrCtrlRegsFile 
*          1    00000985    00000003     UNINITIALIZED
                  00000985    00000003     F2806x_GlobalVariableDefs.obj (SysPwrCtrlRegsFile)

FlashRegsFile 
*          1    00000a80    00000008     UNINITIALIZED
                  00000a80    00000008     F2806x_GlobalVariableDefs.obj (FlashRegsFile)

CsmRegsFile 
*          1    00000ae0    00000010     UNINITIALIZED
                  00000ae0    00000010     F2806x_GlobalVariableDefs.obj (CsmRegsFile)

AdcResultFile 
*          1    00000b00    00000010     UNINITIALIZED
                  00000b00    00000010     F2806x_GlobalVariableDefs.obj (AdcResultFile)

CpuTimer0RegsFile 
*          1    00000c00    00000008     UNINITIALIZED
                  00000c00    00000008     F2806x_GlobalVariableDefs.obj (CpuTimer0RegsFile)

CpuTimer1RegsFile 
*          1    00000c08    00000008     UNINITIALIZED
                  00000c08    00000008     F2806x_GlobalVariableDefs.obj (CpuTimer1RegsFile)

CpuTimer2RegsFile 
*          1    00000c10    00000008     UNINITIALIZED
                  00000c10    00000008     F2806x_GlobalVariableDefs.obj (CpuTimer2RegsFile)

PieCtrlRegsFile 
*          1    00000ce0    0000001a     UNINITIALIZED
                  00000ce0    0000001a     F2806x_GlobalVariableDefs.obj (PieCtrlRegsFile)

PieVectTableFile 
*          1    00000d00    00000100     UNINITIALIZED
                  00000d00    00000100     F2806x_GlobalVariableDefs.obj (PieVectTableFile)

EmuKeyVar 
*          1    00000d00    00000001     UNINITIALIZED
                  00000d00    00000001     F2806x_GlobalVariableDefs.obj (EmuKeyVar)

EmuBModeVar 
*          1    00000d01    00000001     UNINITIALIZED
                  00000d01    00000001     F2806x_GlobalVariableDefs.obj (EmuBModeVar)

FlashCallbackVar 
*          1    00000d02    00000002     UNINITIALIZED
                  00000d02    00000002     F2806x_GlobalVariableDefs.obj (FlashCallbackVar)

FlashScalingVar 
*          1    00000d04    00000002     UNINITIALIZED
                  00000d04    00000002     F2806x_GlobalVariableDefs.obj (FlashScalingVar)

DmaRegsFile 
*          1    00001000    000000e0     UNINITIALIZED
                  00001000    000000e0     F2806x_GlobalVariableDefs.obj (DmaRegsFile)

Cla1RegsFile 
*          1    00001400    00000040     UNINITIALIZED
                  00001400    00000040     F2806x_GlobalVariableDefs.obj (Cla1RegsFile)

Usb0RegsFile 
*          1    00004000    00000454     UNINITIALIZED
                  00004000    00000454     F2806x_GlobalVariableDefs.obj (Usb0RegsFile)

McbspaRegsFile 
*          1    00005000    00000024     UNINITIALIZED
                  00005000    00000024     F2806x_GlobalVariableDefs.obj (McbspaRegsFile)

ECanaRegsFile 
*          1    00006000    00000034     UNINITIALIZED
                  00006000    00000034     F2806x_GlobalVariableDefs.obj (ECanaRegsFile)

ECanaLAMRegsFile 
*          1    00006040    00000040     UNINITIALIZED
                  00006040    00000040     F2806x_GlobalVariableDefs.obj (ECanaLAMRegsFile)

ECanaMOTSRegsFile 
*          1    00006080    00000040     UNINITIALIZED
                  00006080    00000040     F2806x_GlobalVariableDefs.obj (ECanaMOTSRegsFile)

ECanaMOTORegsFile 
*          1    000060c0    00000040     UNINITIALIZED
                  000060c0    00000040     F2806x_GlobalVariableDefs.obj (ECanaMOTORegsFile)

ECanaMboxesFile 
*          1    00006100    00000100     UNINITIALIZED
                  00006100    00000100     F2806x_GlobalVariableDefs.obj (ECanaMboxesFile)

Comp1RegsFile 
*          1    00006400    00000014     UNINITIALIZED
                  00006400    00000014     F2806x_GlobalVariableDefs.obj (Comp1RegsFile)

Comp2RegsFile 
*          1    00006420    00000014     UNINITIALIZED
                  00006420    00000014     F2806x_GlobalVariableDefs.obj (Comp2RegsFile)

Comp3RegsFile 
*          1    00006440    00000014     UNINITIALIZED
                  00006440    00000014     F2806x_GlobalVariableDefs.obj (Comp3RegsFile)

EPwm1RegsFile 
*          1    00006800    00000040     UNINITIALIZED
                  00006800    00000040     F2806x_GlobalVariableDefs.obj (EPwm1RegsFile)

EPwm2RegsFile 
*          1    00006840    00000040     UNINITIALIZED
                  00006840    00000040     F2806x_GlobalVariableDefs.obj (EPwm2RegsFile)

EPwm3RegsFile 
*          1    00006880    00000040     UNINITIALIZED
                  00006880    00000040     F2806x_GlobalVariableDefs.obj (EPwm3RegsFile)

EPwm4RegsFile 
*          1    000068c0    00000040     UNINITIALIZED
                  000068c0    00000040     F2806x_GlobalVariableDefs.obj (EPwm4RegsFile)

EPwm5RegsFile 
*          1    00006900    00000040     UNINITIALIZED
                  00006900    00000040     F2806x_GlobalVariableDefs.obj (EPwm5RegsFile)

EPwm6RegsFile 
*          1    00006940    00000040     UNINITIALIZED
                  00006940    00000040     F2806x_GlobalVariableDefs.obj (EPwm6RegsFile)

EPwm7RegsFile 
*          1    00006980    00000040     UNINITIALIZED
                  00006980    00000040     F2806x_GlobalVariableDefs.obj (EPwm7RegsFile)

EPwm8RegsFile 
*          1    000069c0    00000040     UNINITIALIZED
                  000069c0    00000040     F2806x_GlobalVariableDefs.obj (EPwm8RegsFile)

ECap1RegsFile 
*          1    00006a00    00000020     UNINITIALIZED
                  00006a00    00000020     F2806x_GlobalVariableDefs.obj (ECap1RegsFile)

ECap2RegsFile 
*          1    00006a20    00000020     UNINITIALIZED
                  00006a20    00000020     F2806x_GlobalVariableDefs.obj (ECap2RegsFile)

ECap3RegsFile 
*          1    00006a40    00000020     UNINITIALIZED
                  00006a40    00000020     F2806x_GlobalVariableDefs.obj (ECap3RegsFile)

HRCap1RegsFile 
*          1    00006ac0    00000020     UNINITIALIZED
                  00006ac0    00000020     F2806x_GlobalVariableDefs.obj (HRCap1RegsFile)

HRCap2RegsFile 
*          1    00006ae0    00000020     UNINITIALIZED
                  00006ae0    00000020     F2806x_GlobalVariableDefs.obj (HRCap2RegsFile)

EQep1RegsFile 
*          1    00006b00    00000022     UNINITIALIZED
                  00006b00    00000022     F2806x_GlobalVariableDefs.obj (EQep1RegsFile)

EQep2RegsFile 
*          1    00006b40    00000022     UNINITIALIZED
                  00006b40    00000022     F2806x_GlobalVariableDefs.obj (EQep2RegsFile)

HRCap3RegsFile 
*          1    00006c80    00000020     UNINITIALIZED
                  00006c80    00000020     F2806x_GlobalVariableDefs.obj (HRCap3RegsFile)

HRCap4RegsFile 
*          1    00006ca0    00000020     UNINITIALIZED
                  00006ca0    00000020     F2806x_GlobalVariableDefs.obj (HRCap4RegsFile)

GpioCtrlRegsFile 
*          1    00006f80    00000040     UNINITIALIZED
                  00006f80    00000040     F2806x_GlobalVariableDefs.obj (GpioCtrlRegsFile)

GpioDataRegsFile 
*          1    00006fc0    00000020     UNINITIALIZED
                  00006fc0    00000020     F2806x_GlobalVariableDefs.obj (GpioDataRegsFile)

GpioIntRegsFile 
*          1    00006fe0    00000020     UNINITIALIZED
                  00006fe0    00000020     F2806x_GlobalVariableDefs.obj (GpioIntRegsFile)

SysCtrlRegsFile 
*          1    00007010    00000030     UNINITIALIZED
                  00007010    00000030     F2806x_GlobalVariableDefs.obj (SysCtrlRegsFile)

SpiaRegsFile 
*          1    00007040    00000010     UNINITIALIZED
                  00007040    00000010     F2806x_GlobalVariableDefs.obj (SpiaRegsFile)

SciaRegsFile 
*          1    00007050    00000010     UNINITIALIZED
                  00007050    00000010     F2806x_GlobalVariableDefs.obj (SciaRegsFile)

NmiIntruptRegsFile 
*          1    00007060    00000010     UNINITIALIZED
                  00007060    00000010     F2806x_GlobalVariableDefs.obj (NmiIntruptRegsFile)

XIntruptRegsFile 
*          1    00007070    00000010     UNINITIALIZED
                  00007070    00000010     F2806x_GlobalVariableDefs.obj (XIntruptRegsFile)

AdcRegsFile 
*          1    00007100    00000050     UNINITIALIZED
                  00007100    00000050     F2806x_GlobalVariableDefs.obj (AdcRegsFile)

SpibRegsFile 
*          1    00007740    00000010     UNINITIALIZED
                  00007740    00000010     F2806x_GlobalVariableDefs.obj (SpibRegsFile)

ScibRegsFile 
*          1    00007750    00000010     UNINITIALIZED
                  00007750    00000010     F2806x_GlobalVariableDefs.obj (ScibRegsFile)

I2caRegsFile 
*          1    00007900    00000022     UNINITIALIZED
                  00007900    00000022     F2806x_GlobalVariableDefs.obj (I2caRegsFile)

.ebss      1    0000a000    00000542     UNINITIALIZED
                  0000a000    00000282     SampleProcess.obj (.ebss)
                  0000a282    00000018     F2806x_CpuTimers.obj (.ebss)
                  0000a29a    00000008     PwmTimer.obj (.ebss)
                  0000a2a2    00000004     rts2800_fpu32.lib : _lock.obj (.ebss)
                  0000a2a6    00000004                       : exit.obj (.ebss)
                  0000a2aa    00000002     Action.obj (.ebss)
                  0000a2ac    00000014     --HOLE--
                  0000a2c0    00000140     main.obj (.ebss)
                  0000a400    000000c0     RtuFrame.obj (.ebss)
                  0000a4c0    00000082     MonitorCalculate.obj (.ebss)

.econst    1    0000a542    0000033a     
                  0000a542    00000100     CRC16.obj (.econst:.string:_auchCRCHi)
                  0000a642    00000100     CRC16.obj (.econst:.string:_auchCRCLo)
                  0000a742    00000100     F2806x_PieVect.obj (.econst)
                  0000a842    00000014     BasicModule.obj (.econst)
                  0000a856    00000010     MonitorCalculate.obj (.econst)
                  0000a866    0000000e     main.obj (.econst:_$P$T0$1)
                  0000a874    00000008     rts2800_fpu32.lib : atan.obj (.econst:_a$1)

RFFTdata1 
*          1    0000c000    00000080     UNINITIALIZED
                  0000c000    00000080     MonitorCalculate.obj (RFFTdata1)

RFFTdata2 
*          1    0000e000    00000080     UNINITIALIZED
                  0000e000    00000080     MonitorCalculate.obj (RFFTdata2)

RFFTdata3 
*          1    00010000    00000042     UNINITIALIZED
                  00010000    00000042     MonitorCalculate.obj (RFFTdata3)

RFFTdata4 
*          1    00012000    00000080     UNINITIALIZED
                  00012000    00000080     MonitorCalculate.obj (RFFTdata4)

PartIdRegsFile 
*          1    003d7e80    00000001     UNINITIALIZED
                  003d7e80    00000001     F2806x_GlobalVariableDefs.obj (PartIdRegsFile)

CsmPwlFile 
*          1    003f7ff8    00000008     UNINITIALIZED
                  003f7ff8    00000008     F2806x_GlobalVariableDefs.obj (CsmPwlFile)


GLOBAL DATA SYMBOLS: SORTED BY DATA PAGE

address     data page           name
--------    ----------------    ----
00000400      10 (00000400)     __stack

00000880      22 (00000880)     _DevEmuRegs

00000985      26 (00000980)     _SysPwrCtrlRegs

00000a80      2a (00000a80)     _FlashRegs

00000ae0      2b (00000ac0)     _CsmRegs

00000b00      2c (00000b00)     _AdcResult

00000c00      30 (00000c00)     _CpuTimer0Regs
00000c08      30 (00000c00)     _CpuTimer1Regs
00000c10      30 (00000c00)     _CpuTimer2Regs

00000ce0      33 (00000cc0)     _PieCtrlRegs

00000d00      34 (00000d00)     _EmuKey
00000d00      34 (00000d00)     _PieVectTable
00000d01      34 (00000d00)     _EmuBMode
00000d02      34 (00000d00)     _Flash_CallbackPtr
00000d04      34 (00000d00)     _Flash_CPUScaleFactor

00001000      40 (00001000)     _DmaRegs

00001400      50 (00001400)     _Cla1Regs

00004000     100 (00004000)     _Usb0Regs

00005000     140 (00005000)     _McbspaRegs

00006000     180 (00006000)     _ECanaRegs

00006040     181 (00006040)     _ECanaLAMRegs

00006080     182 (00006080)     _ECanaMOTSRegs

000060c0     183 (000060c0)     _ECanaMOTORegs

00006100     184 (00006100)     _ECanaMboxes

00006400     190 (00006400)     _Comp1Regs
00006420     190 (00006400)     _Comp2Regs

00006440     191 (00006440)     _Comp3Regs

00006800     1a0 (00006800)     _EPwm1Regs

00006840     1a1 (00006840)     _EPwm2Regs

00006880     1a2 (00006880)     _EPwm3Regs

000068c0     1a3 (000068c0)     _EPwm4Regs

00006900     1a4 (00006900)     _EPwm5Regs

00006940     1a5 (00006940)     _EPwm6Regs

00006980     1a6 (00006980)     _EPwm7Regs

000069c0     1a7 (000069c0)     _EPwm8Regs

00006a00     1a8 (00006a00)     _ECap1Regs
00006a20     1a8 (00006a00)     _ECap2Regs

00006a40     1a9 (00006a40)     _ECap3Regs

00006ac0     1ab (00006ac0)     _HRCap1Regs
00006ae0     1ab (00006ac0)     _HRCap2Regs

00006b00     1ac (00006b00)     _EQep1Regs

00006b40     1ad (00006b40)     _EQep2Regs

00006c80     1b2 (00006c80)     _HRCap3Regs
00006ca0     1b2 (00006c80)     _HRCap4Regs

00006f80     1be (00006f80)     _GpioCtrlRegs

00006fc0     1bf (00006fc0)     _GpioDataRegs
00006fe0     1bf (00006fc0)     _GpioIntRegs

00007010     1c0 (00007000)     _SysCtrlRegs

00007040     1c1 (00007040)     _SpiaRegs
00007050     1c1 (00007040)     _SciaRegs
00007060     1c1 (00007040)     _NmiIntruptRegs
00007070     1c1 (00007040)     _XIntruptRegs

00007100     1c4 (00007100)     _AdcRegs

00007740     1dd (00007740)     _SpibRegs
00007750     1dd (00007740)     _ScibRegs

00007900     1e4 (00007900)     _I2caRegs

0000a000     280 (0000a000)     _i
0000a001     280 (0000a000)     _SampleIndex
0000a002     280 (0000a000)     _SampleLen

0000a040     281 (0000a040)     _SampleData

0000a0c0     283 (0000a0c0)     _SampleDataSave

0000a180     286 (0000a180)     _SampleDataSavefloat

0000a282     28a (0000a280)     _CpuTimer1
0000a28a     28a (0000a280)     _CpuTimer2
0000a292     28a (0000a280)     _CpuTimer0
0000a29a     28a (0000a280)     _EPwm2TimerIntCount
0000a29c     28a (0000a280)     _EPwm1TimerIntCount
0000a29e     28a (0000a280)     _EPwm4TimerIntCount
0000a2a0     28a (0000a280)     _EPwm3TimerIntCount
0000a2a2     28a (0000a280)     __unlock
0000a2a4     28a (0000a280)     __lock
0000a2a6     28a (0000a280)     __cleanup_ptr
0000a2a8     28a (0000a280)     __dtors_ptr
0000a2aa     28a (0000a280)     _ZVDFlag
0000a2ab     28a (0000a280)     _HefenFlag

0000a2c0     28b (0000a2c0)     _Fq
0000a2c2     28b (0000a2c0)     _DiffFreq
0000a2c4     28b (0000a2c0)     _FS
0000a2c6     28b (0000a2c0)     _f1
0000a2c8     28b (0000a2c0)     _diffPhase
0000a2ca     28b (0000a2c0)     _setPhase
0000a2cc     28b (0000a2c0)     _sendFrame
0000a2d4     28b (0000a2c0)     _recvFrame
0000a2dc     28b (0000a2c0)     _Xiangjiao

0000a300     28c (0000a300)     _SimSinvalue

0000a400     290 (0000a400)     _FifoEnd
0000a401     290 (0000a400)     _ReciveOverTimeFlag
0000a402     290 (0000a400)     _FifoHead
0000a403     290 (0000a400)     _LocalAddress
0000a404     290 (0000a400)     _completeFlag
0000a405     290 (0000a400)     _DealStep
0000a406     290 (0000a400)     _ReciveBufferLen
0000a407     290 (0000a400)     _ReciveIndex
0000a408     290 (0000a400)     _SciSendData
0000a40e     290 (0000a400)     _ReciveBuffer
0000a41e     290 (0000a400)     _RtuFrame

0000a440     291 (0000a440)     _FrameData

0000a480     292 (0000a480)     _SendFrameData

0000a4c0     293 (0000a4c0)     _xiang
0000a4c2     293 (0000a4c0)     _phase
0000a4c4     293 (0000a4c0)     _pCalTimeMonitor
0000a4c6     293 (0000a4c0)     _TwoDivideN
0000a4c8     293 (0000a4c0)     _Sin1step
0000a4ca     293 (0000a4c0)     _pFreqMonitor
0000a4cc     293 (0000a4c0)     _Cos1step
0000a4ce     293 (0000a4c0)     _t0
0000a4d0     293 (0000a4c0)     _tph
0000a4d2     293 (0000a4c0)     _tp4
0000a4d4     293 (0000a4c0)     _b
0000a4d6     293 (0000a4c0)     _a
0000a4d8     293 (0000a4c0)     _tq
0000a4da     293 (0000a4c0)     _tp
0000a4dc     293 (0000a4c0)     _res
0000a4de     293 (0000a4c0)     _t1
0000a4e0     293 (0000a4c0)     _FreqMonitor
0000a4e8     293 (0000a4c0)     _CalTimeMonitor
0000a4f0     293 (0000a4c0)     _rfft

0000a500     294 (0000a500)     _RFFphaseBuff

0000a542     295 (0000a540)     _auchCRCHi

0000a642     299 (0000a640)     _auchCRCLo

0000a742     29d (0000a740)     _PieVectTableInit

0000c000     300 (0000c000)     _RFFTin1Buff

0000e000     380 (0000e000)     _RFFToutBuff

00010000     400 (00010000)     _RFFTmagBuff

00012000     480 (00012000)     _RFFTF32Coef

003d7e80    f5fa (003d7e80)     _PartIdRegs

003f7ff8    fdff (003f7fc0)     _CsmPwl


GLOBAL SYMBOLS: SORTED ALPHABETICALLY BY Name 

address    name
--------   ----
00008000   .text
000097ea   C$$EXIT
00008fc4   FD$$ADD
0000918a   FD$$DIV
00009325   FD$$MPY
00009844   FD$$SUB
000097b5   FD$$TOUL
0000929d   FS$$DIV
0000977e   FS$$TOFD
0000981c   U$$TOFD
00008391   _ADCINT1_ISR
00008387   _ADCINT2_ISR
0000837d   _ADCINT3_ISR
00008373   _ADCINT4_ISR
00008369   _ADCINT5_ISR
0000835f   _ADCINT6_ISR
00008355   _ADCINT7_ISR
0000834b   _ADCINT8_ISR
00008341   _ADCINT9_ISR
000090f5   _ADC_INT1_ISR
000088f6   _AdcChanSelect
0000894e   _AdcConversion
00008a36   _AdcOffsetSelfCal
00007100   _AdcRegs
00000b00   _AdcResult
00008337   _CLA1_INT1_ISR
0000832d   _CLA1_INT2_ISR
00008323   _CLA1_INT3_ISR
00008319   _CLA1_INT4_ISR
0000830f   _CLA1_INT5_ISR
00008305   _CLA1_INT6_ISR
000082fb   _CLA1_INT7_ISR
000082f1   _CLA1_INT8_ISR
00009762   _CRC16
0000867e   _CalFreq
0000a4e8   _CalTimeMonitor
000085e0   _CaliAB_Base
00001400   _Cla1Regs
00006400   _Comp1Regs
00006420   _Comp2Regs
00006440   _Comp3Regs
000094b4   _ConfigADC_Monitor
000095dc   _ConfigCpuTimer
0000a4cc   _Cos1step
0000a292   _CpuTimer0
00000c00   _CpuTimer0Regs
0000a282   _CpuTimer1
00000c08   _CpuTimer1Regs
0000a28a   _CpuTimer2
00000c10   _CpuTimer2Regs
003f7ff8   _CsmPwl
00000ae0   _CsmRegs
00008d5e   _CsmUnlock
000082e7   _DATALOG_ISR
000082dd   _DINTCH1_ISR
000082d3   _DINTCH2_ISR
000082c9   _DINTCH3_ISR
000082bf   _DINTCH4_ISR
000082b5   _DINTCH5_ISR
000082ab   _DINTCH6_ISR
0000986f   _DSP28x_DisableInt
00009873   _DSP28x_RestoreInt
0000013c   _DSP28x_usDelay
0000a405   _DealStep
00000880   _DevEmuRegs
0000a2c2   _DiffFreq
00008c48   _DisableDog
00001000   _DmaRegs
000082a1   _ECAN0INTA_ISR
00008297   _ECAN1INTA_ISR
0000828d   _ECAP1_INT_ISR
00008283   _ECAP2_INT_ISR
00008279   _ECAP3_INT_ISR
00006040   _ECanaLAMRegs
000060c0   _ECanaMOTORegs
00006080   _ECanaMOTSRegs
00006100   _ECanaMboxes
00006000   _ECanaRegs
00006a00   _ECap1Regs
00006a20   _ECap2Regs
00006a40   _ECap3Regs
0000826c   _EMPTY_ISR
00008262   _EMUINT_ISR
00008258   _EPWM1_INT_ISR
0000824e   _EPWM1_TZINT_ISR
00008244   _EPWM2_INT_ISR
0000823a   _EPWM2_TZINT_ISR
00008230   _EPWM3_INT_ISR
00008226   _EPWM3_TZINT_ISR
0000821c   _EPWM4_INT_ISR
00008212   _EPWM4_TZINT_ISR
00008208   _EPWM5_INT_ISR
000081fe   _EPWM5_TZINT_ISR
000081f4   _EPWM6_INT_ISR
000081ea   _EPWM6_TZINT_ISR
000081e0   _EPWM7_INT_ISR
000081d6   _EPWM7_TZINT_ISR
000081cc   _EPWM8_INT_ISR
000081c2   _EPWM8_TZINT_ISR
00006800   _EPwm1Regs
0000a29c   _EPwm1TimerIntCount
00006840   _EPwm2Regs
0000a29a   _EPwm2TimerIntCount
00006880   _EPwm3Regs
0000a2a0   _EPwm3TimerIntCount
000068c0   _EPwm4Regs
0000a29e   _EPwm4TimerIntCount
00006900   _EPwm5Regs
00006940   _EPwm6Regs
00006980   _EPwm7Regs
000069c0   _EPwm8Regs
000081b8   _EQEP1_INT_ISR
000081ae   _EQEP2_INT_ISR
00006b00   _EQep1Regs
00006b40   _EQep2Regs
00000d01   _EmuBMode
00000d00   _EmuKey
00009739   _EnableInterrupts
00008b69   _ExecuteFunctioncode
00008c50   _ExtOscSel
0000844f   _FFT_Cal
000083cc   _FFT_Init
0000a2c4   _FS
0000a400   _FifoEnd
0000a402   _FifoHead
00000a80   _FlashRegs
00000d04   _Flash_CPUScaleFactor
00000d02   _Flash_CallbackPtr
0000a2c0   _Fq
0000a440   _FrameData
00008edc   _FrameQueneIn
00008efc   _FrameQueneOut
0000a4e0   _FreqMonitor
00008f9f   _GenRTUFrame
000096da   _GetKeyValue
00008557   _GetNewFreq
00008467   _GetOVD
00006f80   _GpioCtrlRegs
00006fc0   _GpioDataRegs
00006fe0   _GpioIntRegs
000081a4   _HRCAP1_INT_ISR
0000819a   _HRCAP2_INT_ISR
00008190   _HRCAP3_INT_ISR
00008186   _HRCAP4_INT_ISR
00006ac0   _HRCap1Regs
00006ae0   _HRCap2Regs
00006c80   _HRCap3Regs
00006ca0   _HRCap4Regs
0000a2ab   _HefenFlag
0000817c   _I2CINT1A_ISR
00008172   _I2CINT2A_ISR
00007900   _I2caRegs
00008168   _ILLEGAL_ISR
0000815e   _INT13_ISR
00008154   _INT14_ISR
000088c9   _InitAdc
000088a3   _InitAdcAio
000095a7   _InitCpuTimers
0000969a   _InitDeviceIO
000083e4   _InitMonitorCalData
00008cb9   _InitPeripheralClocks
0000971a   _InitPieCtrl
00009833   _InitPieVectTable
00008c68   _InitPll
00008d31   _InitPll2
00009742   _InitSampleProcessData
00009719   _InitSci
00009643   _InitSciAny
00009714   _InitSciGpio
000096f7   _InitSciaGpio
000096dc   _InitScibGpio
00008d19   _InitSysCtrl
00008c38   _IntOsc1Sel
00008c24   _IntOsc2Sel
0000814a   _LUF_ISR
00008140   _LVF_ISR
0000a403   _LocalAddress
00008136   _MRINTA_ISR
0000812c   _MXINTA_ISR
00005000   _McbspaRegs
0000839c   _MidMeanFilter
00008122   _NMI_ISR
00007060   _NmiIntruptRegs
00008118   _PIE_RESERVED
003d7e80   _PartIdRegs
00000ce0   _PieCtrlRegs
00000d00   _PieVectTable
0000a742   _PieVectTableInit
00012000   _RFFTF32Coef
00008d8c   _RFFT_f32
000093a8   _RFFT_f32_sincostable
0000c000   _RFFTin1Buff
00010000   _RFFTmagBuff
0000e000   _RFFToutBuff
0000a500   _RFFphaseBuff
0000810e   _RTOSINT_ISR
0000a40e   _ReciveBuffer
00008f0e   _ReciveBufferDataDealing
0000a406   _ReciveBufferLen
00008eef   _ReciveFrameDataInit
0000a407   _ReciveIndex
0000a401   _ReciveOverTimeFlag
0000a41e   _RtuFrame
00008104   _SCIRXINTA_ISR
000080fa   _SCIRXINTB_ISR
000080f0   _SCITXINTA_ISR
000080e6   _SCITXINTB_ISR
000080dc   _SPIRXINTA_ISR
000080d2   _SPIRXINTB_ISR
000080c8   _SPITXINTA_ISR
000080be   _SPITXINTB_ISR
0000a040   _SampleData
0000a0c0   _SampleDataSave
0000a180   _SampleDataSavefloat
0000a001   _SampleIndex
0000a002   _SampleLen
00009620   _SciAnyFifoInit
0000960f   _SciAnySendByte
00009614   _SciAnySendStr
0000a408   _SciSendData
000090b8   _SciaRX_ISR
00007050   _SciaRegs
00009060   _SciaTX_ISR
00007750   _ScibRegs
000095ff   _ScibSendByte
00009605   _ScibSendStr
00008b32   _SendAFloatMesssage
00008b19   _SendAckMesssage
00008a5c   _SendBigData
00008ea9   _SendFrame
0000a480   _SendFrameData
00008c1a   _ServiceDog
00009494   _SetSamplePriod
0000a300   _SimSinvalue
0000a4c8   _Sin1step
00007040   _SpiaRegs
00007740   _SpibRegs
0000948c   _StartSample
00009487   _StopSample
00007010   _SysCtrlRegs
00000985   _SysPwrCtrlRegs
000080b4   _TINT0_ISR
000086b1   _TestWay
0000a4c6   _TwoDivideN
000080aa   _USB0_INT_ISR
000080a0   _USER10_ISR
00008096   _USER11_ISR
0000808c   _USER12_ISR
00008082   _USER1_ISR
00008078   _USER2_ISR
0000806e   _USER3_ISR
00008064   _USER4_ISR
0000805a   _USER5_ISR
00008050   _USER6_ISR
00008046   _USER7_ISR
0000803c   _USER8_ISR
00008032   _USER9_ISR
00004000   _Usb0Regs
00008028   _WAKEINT_ISR
0000801e   _XINT1_ISR
00008014   _XINT2_ISR
0000800a   _XINT3_ISR
00007070   _XIntruptRegs
0000a2dc   _Xiangjiao
00008c06   _XtalOscSel
0000a2aa   _ZVDFlag
00000700   __STACK_END
00000300   __STACK_SIZE
00000001   __TI_args_main
ffffffff   ___binit__
ffffffff   ___c_args__
00000050   ___cinit__
00009876   ___etext__
ffffffff   ___pinit__
00008000   ___text__
0000979a   __args_main
0000a2a6   __cleanup_ptr
0000a2a8   __dtors_ptr
0000a2a4   __lock
00009866   __nop
00009862   __register_lock
0000985e   __register_unlock
00000400   __stack
0000a2a2   __unlock
0000a4d6   _a
000097ea   _abort
00009418   _atan
0000a542   _auchCRCHi
0000a642   _auchCRCLo
0000a4d4   _b
00009654   _c_int00
0000a404   _completeFlag
000094ed   _cos
000097d0   _cpu_timer0_isr
0000a2c8   _diffPhase
00009852   _epilog_c28x_1
00009856   _epilog_c28x_2
00009283   _epwm1_timer_isr
00009269   _epwm2_timer_isr
0000924f   _epwm3_timer_isr
00009215   _epwm4_timer_isr
000097ec   _exit
0000a2c6   _f1
0000a000   _i
000087ee   _main
0000a4c4   _pCalTimeMonitor
0000a4ca   _pFreqMonitor
0000a4c2   _phase
00009803   _prolog_c28x_1
00009807   _prolog_c28x_2
0000980f   _prolog_c28x_3
0000a2d4   _recvFrame
0000a4dc   _res
0000a4f0   _rfft
00008d95   _rfft_f32_Stages1and2and3andBitReverse
00008e01   _rfft_f32_Stages4andUp
00008000   _rsvd_ISR
0000a2cc   _sendFrame
0000a2ca   _setPhase
0000954b   _sin
0000a4ce   _t0
0000a4de   _t1
0000a4da   _tp
0000a4d2   _tp4
0000a4d0   _tph
0000a4d8   _tq
0000a4c0   _xiang
ffffffff   binit
00000050   cinit
00000000   code_start
00009876   etext
ffffffff   pinit


GLOBAL SYMBOLS: SORTED BY Symbol Address 

address    name
--------   ----
00000000   code_start
00000001   __TI_args_main
00000050   ___cinit__
00000050   cinit
0000013c   _DSP28x_usDelay
00000300   __STACK_SIZE
00000400   __stack
00000700   __STACK_END
00000880   _DevEmuRegs
00000985   _SysPwrCtrlRegs
00000a80   _FlashRegs
00000ae0   _CsmRegs
00000b00   _AdcResult
00000c00   _CpuTimer0Regs
00000c08   _CpuTimer1Regs
00000c10   _CpuTimer2Regs
00000ce0   _PieCtrlRegs
00000d00   _EmuKey
00000d00   _PieVectTable
00000d01   _EmuBMode
00000d02   _Flash_CallbackPtr
00000d04   _Flash_CPUScaleFactor
00001000   _DmaRegs
00001400   _Cla1Regs
00004000   _Usb0Regs
00005000   _McbspaRegs
00006000   _ECanaRegs
00006040   _ECanaLAMRegs
00006080   _ECanaMOTSRegs
000060c0   _ECanaMOTORegs
00006100   _ECanaMboxes
00006400   _Comp1Regs
00006420   _Comp2Regs
00006440   _Comp3Regs
00006800   _EPwm1Regs
00006840   _EPwm2Regs
00006880   _EPwm3Regs
000068c0   _EPwm4Regs
00006900   _EPwm5Regs
00006940   _EPwm6Regs
00006980   _EPwm7Regs
000069c0   _EPwm8Regs
00006a00   _ECap1Regs
00006a20   _ECap2Regs
00006a40   _ECap3Regs
00006ac0   _HRCap1Regs
00006ae0   _HRCap2Regs
00006b00   _EQep1Regs
00006b40   _EQep2Regs
00006c80   _HRCap3Regs
00006ca0   _HRCap4Regs
00006f80   _GpioCtrlRegs
00006fc0   _GpioDataRegs
00006fe0   _GpioIntRegs
00007010   _SysCtrlRegs
00007040   _SpiaRegs
00007050   _SciaRegs
00007060   _NmiIntruptRegs
00007070   _XIntruptRegs
00007100   _AdcRegs
00007740   _SpibRegs
00007750   _ScibRegs
00007900   _I2caRegs
00008000   .text
00008000   ___text__
00008000   _rsvd_ISR
0000800a   _XINT3_ISR
00008014   _XINT2_ISR
0000801e   _XINT1_ISR
00008028   _WAKEINT_ISR
00008032   _USER9_ISR
0000803c   _USER8_ISR
00008046   _USER7_ISR
00008050   _USER6_ISR
0000805a   _USER5_ISR
00008064   _USER4_ISR
0000806e   _USER3_ISR
00008078   _USER2_ISR
00008082   _USER1_ISR
0000808c   _USER12_ISR
00008096   _USER11_ISR
000080a0   _USER10_ISR
000080aa   _USB0_INT_ISR
000080b4   _TINT0_ISR
000080be   _SPITXINTB_ISR
000080c8   _SPITXINTA_ISR
000080d2   _SPIRXINTB_ISR
000080dc   _SPIRXINTA_ISR
000080e6   _SCITXINTB_ISR
000080f0   _SCITXINTA_ISR
000080fa   _SCIRXINTB_ISR
00008104   _SCIRXINTA_ISR
0000810e   _RTOSINT_ISR
00008118   _PIE_RESERVED
00008122   _NMI_ISR
0000812c   _MXINTA_ISR
00008136   _MRINTA_ISR
00008140   _LVF_ISR
0000814a   _LUF_ISR
00008154   _INT14_ISR
0000815e   _INT13_ISR
00008168   _ILLEGAL_ISR
00008172   _I2CINT2A_ISR
0000817c   _I2CINT1A_ISR
00008186   _HRCAP4_INT_ISR
00008190   _HRCAP3_INT_ISR
0000819a   _HRCAP2_INT_ISR
000081a4   _HRCAP1_INT_ISR
000081ae   _EQEP2_INT_ISR
000081b8   _EQEP1_INT_ISR
000081c2   _EPWM8_TZINT_ISR
000081cc   _EPWM8_INT_ISR
000081d6   _EPWM7_TZINT_ISR
000081e0   _EPWM7_INT_ISR
000081ea   _EPWM6_TZINT_ISR
000081f4   _EPWM6_INT_ISR
000081fe   _EPWM5_TZINT_ISR
00008208   _EPWM5_INT_ISR
00008212   _EPWM4_TZINT_ISR
0000821c   _EPWM4_INT_ISR
00008226   _EPWM3_TZINT_ISR
00008230   _EPWM3_INT_ISR
0000823a   _EPWM2_TZINT_ISR
00008244   _EPWM2_INT_ISR
0000824e   _EPWM1_TZINT_ISR
00008258   _EPWM1_INT_ISR
00008262   _EMUINT_ISR
0000826c   _EMPTY_ISR
00008279   _ECAP3_INT_ISR
00008283   _ECAP2_INT_ISR
0000828d   _ECAP1_INT_ISR
00008297   _ECAN1INTA_ISR
000082a1   _ECAN0INTA_ISR
000082ab   _DINTCH6_ISR
000082b5   _DINTCH5_ISR
000082bf   _DINTCH4_ISR
000082c9   _DINTCH3_ISR
000082d3   _DINTCH2_ISR
000082dd   _DINTCH1_ISR
000082e7   _DATALOG_ISR
000082f1   _CLA1_INT8_ISR
000082fb   _CLA1_INT7_ISR
00008305   _CLA1_INT6_ISR
0000830f   _CLA1_INT5_ISR
00008319   _CLA1_INT4_ISR
00008323   _CLA1_INT3_ISR
0000832d   _CLA1_INT2_ISR
00008337   _CLA1_INT1_ISR
00008341   _ADCINT9_ISR
0000834b   _ADCINT8_ISR
00008355   _ADCINT7_ISR
0000835f   _ADCINT6_ISR
00008369   _ADCINT5_ISR
00008373   _ADCINT4_ISR
0000837d   _ADCINT3_ISR
00008387   _ADCINT2_ISR
00008391   _ADCINT1_ISR
0000839c   _MidMeanFilter
000083cc   _FFT_Init
000083e4   _InitMonitorCalData
0000844f   _FFT_Cal
00008467   _GetOVD
00008557   _GetNewFreq
000085e0   _CaliAB_Base
0000867e   _CalFreq
000086b1   _TestWay
000087ee   _main
000088a3   _InitAdcAio
000088c9   _InitAdc
000088f6   _AdcChanSelect
0000894e   _AdcConversion
00008a36   _AdcOffsetSelfCal
00008a5c   _SendBigData
00008b19   _SendAckMesssage
00008b32   _SendAFloatMesssage
00008b69   _ExecuteFunctioncode
00008c06   _XtalOscSel
00008c1a   _ServiceDog
00008c24   _IntOsc2Sel
00008c38   _IntOsc1Sel
00008c48   _DisableDog
00008c50   _ExtOscSel
00008c68   _InitPll
00008cb9   _InitPeripheralClocks
00008d19   _InitSysCtrl
00008d31   _InitPll2
00008d5e   _CsmUnlock
00008d8c   _RFFT_f32
00008d95   _rfft_f32_Stages1and2and3andBitReverse
00008e01   _rfft_f32_Stages4andUp
00008ea9   _SendFrame
00008edc   _FrameQueneIn
00008eef   _ReciveFrameDataInit
00008efc   _FrameQueneOut
00008f0e   _ReciveBufferDataDealing
00008f9f   _GenRTUFrame
00008fc4   FD$$ADD
00009060   _SciaTX_ISR
000090b8   _SciaRX_ISR
000090f5   _ADC_INT1_ISR
0000918a   FD$$DIV
00009215   _epwm4_timer_isr
0000924f   _epwm3_timer_isr
00009269   _epwm2_timer_isr
00009283   _epwm1_timer_isr
0000929d   FS$$DIV
00009325   FD$$MPY
000093a8   _RFFT_f32_sincostable
00009418   _atan
00009487   _StopSample
0000948c   _StartSample
00009494   _SetSamplePriod
000094b4   _ConfigADC_Monitor
000094ed   _cos
0000954b   _sin
000095a7   _InitCpuTimers
000095dc   _ConfigCpuTimer
000095ff   _ScibSendByte
00009605   _ScibSendStr
0000960f   _SciAnySendByte
00009614   _SciAnySendStr
00009620   _SciAnyFifoInit
00009643   _InitSciAny
00009654   _c_int00
0000969a   _InitDeviceIO
000096da   _GetKeyValue
000096dc   _InitScibGpio
000096f7   _InitSciaGpio
00009714   _InitSciGpio
00009719   _InitSci
0000971a   _InitPieCtrl
00009739   _EnableInterrupts
00009742   _InitSampleProcessData
00009762   _CRC16
0000977e   FS$$TOFD
0000979a   __args_main
000097b5   FD$$TOUL
000097d0   _cpu_timer0_isr
000097ea   C$$EXIT
000097ea   _abort
000097ec   _exit
00009803   _prolog_c28x_1
00009807   _prolog_c28x_2
0000980f   _prolog_c28x_3
0000981c   U$$TOFD
00009833   _InitPieVectTable
00009844   FD$$SUB
00009852   _epilog_c28x_1
00009856   _epilog_c28x_2
0000985e   __register_unlock
00009862   __register_lock
00009866   __nop
0000986f   _DSP28x_DisableInt
00009873   _DSP28x_RestoreInt
00009876   ___etext__
00009876   etext
0000a000   _i
0000a001   _SampleIndex
0000a002   _SampleLen
0000a040   _SampleData
0000a0c0   _SampleDataSave
0000a180   _SampleDataSavefloat
0000a282   _CpuTimer1
0000a28a   _CpuTimer2
0000a292   _CpuTimer0
0000a29a   _EPwm2TimerIntCount
0000a29c   _EPwm1TimerIntCount
0000a29e   _EPwm4TimerIntCount
0000a2a0   _EPwm3TimerIntCount
0000a2a2   __unlock
0000a2a4   __lock
0000a2a6   __cleanup_ptr
0000a2a8   __dtors_ptr
0000a2aa   _ZVDFlag
0000a2ab   _HefenFlag
0000a2c0   _Fq
0000a2c2   _DiffFreq
0000a2c4   _FS
0000a2c6   _f1
0000a2c8   _diffPhase
0000a2ca   _setPhase
0000a2cc   _sendFrame
0000a2d4   _recvFrame
0000a2dc   _Xiangjiao
0000a300   _SimSinvalue
0000a400   _FifoEnd
0000a401   _ReciveOverTimeFlag
0000a402   _FifoHead
0000a403   _LocalAddress
0000a404   _completeFlag
0000a405   _DealStep
0000a406   _ReciveBufferLen
0000a407   _ReciveIndex
0000a408   _SciSendData
0000a40e   _ReciveBuffer
0000a41e   _RtuFrame
0000a440   _FrameData
0000a480   _SendFrameData
0000a4c0   _xiang
0000a4c2   _phase
0000a4c4   _pCalTimeMonitor
0000a4c6   _TwoDivideN
0000a4c8   _Sin1step
0000a4ca   _pFreqMonitor
0000a4cc   _Cos1step
0000a4ce   _t0
0000a4d0   _tph
0000a4d2   _tp4
0000a4d4   _b
0000a4d6   _a
0000a4d8   _tq
0000a4da   _tp
0000a4dc   _res
0000a4de   _t1
0000a4e0   _FreqMonitor
0000a4e8   _CalTimeMonitor
0000a4f0   _rfft
0000a500   _RFFphaseBuff
0000a542   _auchCRCHi
0000a642   _auchCRCLo
0000a742   _PieVectTableInit
0000c000   _RFFTin1Buff
0000e000   _RFFToutBuff
00010000   _RFFTmagBuff
00012000   _RFFTF32Coef
003d7e80   _PartIdRegs
003f7ff8   _CsmPwl
ffffffff   ___binit__
ffffffff   ___c_args__
ffffffff   ___pinit__
ffffffff   binit
ffffffff   pinit

[332 symbols]
