<?xml version="1.0"?>
<link_info>
   <banner>TMS320C2000 Linker PC v15.12.3.LTS</banner>
   <copyright>Copyright (c) 1996-2015 Texas Instruments Incorporated</copyright>
   <link_time>0x595314f9</link_time>
   <link_errors>0x0</link_errors>
   <output_file>ChoicePhaseWithKindsV1.3.out</output_file>
   <entry_point>
      <name>_c_int00</name>
      <address>0x3f7318</address>
   </entry_point>
   <input_file_list>
      <input_file id="fl-2">
         <path>.\AlgorithmSource\</path>
         <kind>object</kind>
         <file>FrequencyCalutate.obj</file>
         <name>FrequencyCalutate.obj</name>
      </input_file>
      <input_file id="fl-3">
         <path>.\ProjectSource\</path>
         <kind>object</kind>
         <file>Action.obj</file>
         <name>Action.obj</name>
      </input_file>
      <input_file id="fl-4">
         <path>.\ProjectSource\</path>
         <kind>object</kind>
         <file>BasicModule.obj</file>
         <name>BasicModule.obj</name>
      </input_file>
      <input_file id="fl-5">
         <path>.\ProjectSource\</path>
         <kind>object</kind>
         <file>CAN.obj</file>
         <name>CAN.obj</name>
      </input_file>
      <input_file id="fl-6">
         <path>.\ProjectSource\</path>
         <kind>object</kind>
         <file>ConfigADC.obj</file>
         <name>ConfigADC.obj</name>
      </input_file>
      <input_file id="fl-7">
         <path>.\ProjectSource\</path>
         <kind>object</kind>
         <file>DeviceIO.obj</file>
         <name>DeviceIO.obj</name>
      </input_file>
      <input_file id="fl-8">
         <path>.\ProjectSource\</path>
         <kind>object</kind>
         <file>DeviceNet.obj</file>
         <name>DeviceNet.obj</name>
      </input_file>
      <input_file id="fl-9">
         <path>.\ProjectSource\</path>
         <kind>object</kind>
         <file>ECAP.obj</file>
         <name>ECAP.obj</name>
      </input_file>
      <input_file id="fl-a">
         <path>.\ProjectSource\</path>
         <kind>object</kind>
         <file>MonitorCalculate.obj</file>
         <name>MonitorCalculate.obj</name>
      </input_file>
      <input_file id="fl-b">
         <path>.\ProjectSource\</path>
         <kind>object</kind>
         <file>PwmTimer.obj</file>
         <name>PwmTimer.obj</name>
      </input_file>
      <input_file id="fl-c">
         <path>.\ProjectSource\</path>
         <kind>object</kind>
         <file>RefParameter.obj</file>
         <name>RefParameter.obj</name>
      </input_file>
      <input_file id="fl-d">
         <path>.\ProjectSource\</path>
         <kind>object</kind>
         <file>SampleProcess.obj</file>
         <name>SampleProcess.obj</name>
      </input_file>
      <input_file id="fl-e">
         <path>.\ProjectSource\</path>
         <kind>object</kind>
         <file>SoftI2C.obj</file>
         <name>SoftI2C.obj</name>
      </input_file>
      <input_file id="fl-f">
         <path>.\ProjectSource\</path>
         <kind>object</kind>
         <file>Timer.obj</file>
         <name>Timer.obj</name>
      </input_file>
      <input_file id="fl-10">
         <path>.\source\</path>
         <kind>object</kind>
         <file>F2806x_Adc.obj</file>
         <name>F2806x_Adc.obj</name>
      </input_file>
      <input_file id="fl-11">
         <path>.\source\</path>
         <kind>object</kind>
         <file>F2806x_CodeStartBranch.obj</file>
         <name>F2806x_CodeStartBranch.obj</name>
      </input_file>
      <input_file id="fl-12">
         <path>.\source\</path>
         <kind>object</kind>
         <file>F2806x_CpuTimers.obj</file>
         <name>F2806x_CpuTimers.obj</name>
      </input_file>
      <input_file id="fl-13">
         <path>.\source\</path>
         <kind>object</kind>
         <file>F2806x_DefaultIsr.obj</file>
         <name>F2806x_DefaultIsr.obj</name>
      </input_file>
      <input_file id="fl-14">
         <path>.\source\</path>
         <kind>object</kind>
         <file>F2806x_DisInt.obj</file>
         <name>F2806x_DisInt.obj</name>
      </input_file>
      <input_file id="fl-15">
         <path>.\source\</path>
         <kind>object</kind>
         <file>F2806x_ECan.obj</file>
         <name>F2806x_ECan.obj</name>
      </input_file>
      <input_file id="fl-16">
         <path>.\source\</path>
         <kind>object</kind>
         <file>F2806x_ECap.obj</file>
         <name>F2806x_ECap.obj</name>
      </input_file>
      <input_file id="fl-17">
         <path>.\source\</path>
         <kind>object</kind>
         <file>F2806x_GlobalVariableDefs.obj</file>
         <name>F2806x_GlobalVariableDefs.obj</name>
      </input_file>
      <input_file id="fl-18">
         <path>.\source\</path>
         <kind>object</kind>
         <file>F2806x_OscComp.obj</file>
         <name>F2806x_OscComp.obj</name>
      </input_file>
      <input_file id="fl-19">
         <path>.\source\</path>
         <kind>object</kind>
         <file>F2806x_PieCtrl.obj</file>
         <name>F2806x_PieCtrl.obj</name>
      </input_file>
      <input_file id="fl-1a">
         <path>.\source\</path>
         <kind>object</kind>
         <file>F2806x_PieVect.obj</file>
         <name>F2806x_PieVect.obj</name>
      </input_file>
      <input_file id="fl-1b">
         <path>.\source\</path>
         <kind>object</kind>
         <file>F2806x_Sci.obj</file>
         <name>F2806x_Sci.obj</name>
      </input_file>
      <input_file id="fl-1c">
         <path>.\source\</path>
         <kind>object</kind>
         <file>F2806x_SysCtrl.obj</file>
         <name>F2806x_SysCtrl.obj</name>
      </input_file>
      <input_file id="fl-1d">
         <path>.\source\</path>
         <kind>object</kind>
         <file>F2806x_usDelay.obj</file>
         <name>F2806x_usDelay.obj</name>
      </input_file>
      <input_file id="fl-1e">
         <path>.\withFFT\</path>
         <kind>object</kind>
         <file>withFFTmain.obj</file>
         <name>withFFTmain.obj</name>
      </input_file>
      <input_file id="fl-2d">
         <path>D:\Program Files (x86)\TI\ccsv6\tools\compiler\c2000_15.12.3.LTS\lib\</path>
         <kind>archive</kind>
         <file>rts2800_fpu32.lib</file>
         <name>fd_div.obj</name>
      </input_file>
      <input_file id="fl-2e">
         <path>D:\Program Files (x86)\TI\ccsv6\tools\compiler\c2000_15.12.3.LTS\lib\</path>
         <kind>archive</kind>
         <file>rts2800_fpu32.lib</file>
         <name>fd_mpy.obj</name>
      </input_file>
      <input_file id="fl-2f">
         <path>D:\Program Files (x86)\TI\ccsv6\tools\compiler\c2000_15.12.3.LTS\lib\</path>
         <kind>archive</kind>
         <file>rts2800_fpu32.lib</file>
         <name>fd_sub.obj</name>
      </input_file>
      <input_file id="fl-30">
         <path>D:\Program Files (x86)\TI\ccsv6\tools\compiler\c2000_15.12.3.LTS\lib\</path>
         <kind>archive</kind>
         <file>rts2800_fpu32.lib</file>
         <name>fd_add.obj</name>
      </input_file>
      <input_file id="fl-31">
         <path>D:\Program Files (x86)\TI\ccsv6\tools\compiler\c2000_15.12.3.LTS\lib\</path>
         <kind>archive</kind>
         <file>rts2800_fpu32.lib</file>
         <name>fd_toul.obj</name>
      </input_file>
      <input_file id="fl-32">
         <path>..\lib\</path>
         <kind>archive</kind>
         <file>rts2800_fpu32_fast_supplement.lib</file>
         <name>div_f32.obj</name>
      </input_file>
      <input_file id="fl-33">
         <path>D:\Program Files (x86)\TI\ccsv6\tools\compiler\c2000_15.12.3.LTS\lib\</path>
         <kind>archive</kind>
         <file>rts2800_fpu32.lib</file>
         <name>u_tofd.obj</name>
      </input_file>
      <input_file id="fl-34">
         <path>..\lib\</path>
         <kind>archive</kind>
         <file>C28x_FPU_Lib.lib</file>
         <name>RFFT_f32.obj</name>
      </input_file>
      <input_file id="fl-35">
         <path>..\lib\</path>
         <kind>archive</kind>
         <file>C28x_FPU_Lib.lib</file>
         <name>RFFT_f32_sincostable.obj</name>
      </input_file>
      <input_file id="fl-36">
         <path>..\lib\</path>
         <kind>archive</kind>
         <file>rts2800_fpu32_fast_supplement.lib</file>
         <name>atan_f32.obj</name>
      </input_file>
      <input_file id="fl-37">
         <path>..\lib\</path>
         <kind>archive</kind>
         <file>rts2800_fpu32_fast_supplement.lib</file>
         <name>FPUmathTables.obj</name>
      </input_file>
      <input_file id="fl-38">
         <path>D:\Program Files (x86)\TI\ccsv6\tools\compiler\c2000_15.12.3.LTS\lib\</path>
         <kind>archive</kind>
         <file>rts2800_fpu32.lib</file>
         <name>boot.obj</name>
      </input_file>
      <input_file id="fl-39">
         <path>D:\Program Files (x86)\TI\ccsv6\tools\compiler\c2000_15.12.3.LTS\lib\</path>
         <kind>archive</kind>
         <file>rts2800_fpu32.lib</file>
         <name>args_main.obj</name>
      </input_file>
      <input_file id="fl-3a">
         <path>D:\Program Files (x86)\TI\ccsv6\tools\compiler\c2000_15.12.3.LTS\lib\</path>
         <kind>archive</kind>
         <file>rts2800_fpu32.lib</file>
         <name>startup.obj</name>
      </input_file>
      <input_file id="fl-3b">
         <path>D:\Program Files (x86)\TI\ccsv6\tools\compiler\c2000_15.12.3.LTS\lib\</path>
         <kind>archive</kind>
         <file>rts2800_fpu32.lib</file>
         <name>pre_init.obj</name>
      </input_file>
      <input_file id="fl-3c">
         <path>D:\Program Files (x86)\TI\ccsv6\tools\compiler\c2000_15.12.3.LTS\lib\</path>
         <kind>archive</kind>
         <file>rts2800_fpu32.lib</file>
         <name>cpy_tbl.obj</name>
      </input_file>
      <input_file id="fl-3d">
         <path>..\lib\</path>
         <kind>archive</kind>
         <file>rts2800_fpu32_fast_supplement.lib</file>
         <name>cos_f32.obj</name>
      </input_file>
      <input_file id="fl-3e">
         <path>D:\Program Files (x86)\TI\ccsv6\tools\compiler\c2000_15.12.3.LTS\lib\</path>
         <kind>archive</kind>
         <file>rts2800_fpu32.lib</file>
         <name>cpy_utils.obj</name>
      </input_file>
      <input_file id="fl-3f">
         <path>D:\Program Files (x86)\TI\ccsv6\tools\compiler\c2000_15.12.3.LTS\lib\</path>
         <kind>archive</kind>
         <file>rts2800_fpu32.lib</file>
         <name>epilog.obj</name>
      </input_file>
      <input_file id="fl-40">
         <path>D:\Program Files (x86)\TI\ccsv6\tools\compiler\c2000_15.12.3.LTS\lib\</path>
         <kind>archive</kind>
         <file>rts2800_fpu32.lib</file>
         <name>exit.obj</name>
      </input_file>
      <input_file id="fl-41">
         <path>D:\Program Files (x86)\TI\ccsv6\tools\compiler\c2000_15.12.3.LTS\lib\</path>
         <kind>archive</kind>
         <file>rts2800_fpu32.lib</file>
         <name>_lock.obj</name>
      </input_file>
      <input_file id="fl-42">
         <path>D:\Program Files (x86)\TI\ccsv6\tools\compiler\c2000_15.12.3.LTS\lib\</path>
         <kind>archive</kind>
         <file>rts2800_fpu32.lib</file>
         <name>memcpy.obj</name>
      </input_file>
      <input_file id="fl-43">
         <path>D:\Program Files (x86)\TI\ccsv6\tools\compiler\c2000_15.12.3.LTS\lib\</path>
         <kind>archive</kind>
         <file>rts2800_fpu32.lib</file>
         <name>prolog.obj</name>
      </input_file>
      <input_file id="fl-44">
         <path>..\lib\</path>
         <kind>archive</kind>
         <file>rts2800_fpu32_fast_supplement.lib</file>
         <name>sin_f32.obj</name>
      </input_file>
      <input_file id="fl-45">
         <path>..\lib\</path>
         <kind>archive</kind>
         <file>rts2800_fpu32_fast_supplement.lib</file>
         <name>sqrt_f32.obj</name>
      </input_file>
   </input_file_list>
   <object_component_list>
      <object_component id="oc-7e">
         <name>.cinit</name>
         <load_address>0x3f7801</load_address>
         <run_address>0x3f7801</run_address>
         <size>0x35</size>
         <input_file_ref idref="fl-8"/>
      </object_component>
      <object_component id="oc-a7">
         <name>.cinit</name>
         <load_address>0x3f7836</load_address>
         <run_address>0x3f7836</run_address>
         <size>0x1e</size>
         <input_file_ref idref="fl-d"/>
      </object_component>
      <object_component id="oc-59">
         <name>.cinit</name>
         <load_address>0x3f7854</load_address>
         <run_address>0x3f7854</run_address>
         <size>0x18</size>
         <input_file_ref idref="fl-2"/>
      </object_component>
      <object_component id="oc-191">
         <name>.cinit</name>
         <load_address>0x3f786c</load_address>
         <run_address>0x3f786c</run_address>
         <size>0xe</size>
         <input_file_ref idref="fl-40"/>
      </object_component>
      <object_component id="oc-af">
         <name>.cinit</name>
         <load_address>0x3f787a</load_address>
         <run_address>0x3f787a</run_address>
         <size>0xc</size>
         <input_file_ref idref="fl-e"/>
      </object_component>
      <object_component id="oc-6c">
         <name>.cinit</name>
         <load_address>0x3f7886</load_address>
         <run_address>0x3f7886</run_address>
         <size>0x9</size>
         <input_file_ref idref="fl-5"/>
      </object_component>
      <object_component id="oc-86">
         <name>.cinit</name>
         <load_address>0x3f788f</load_address>
         <run_address>0x3f788f</run_address>
         <size>0x9</size>
         <input_file_ref idref="fl-9"/>
      </object_component>
      <object_component id="oc-a0">
         <name>.cinit</name>
         <load_address>0x3f7898</load_address>
         <run_address>0x3f7898</run_address>
         <size>0x8</size>
         <input_file_ref idref="fl-c"/>
      </object_component>
      <object_component id="oc-1bd">
         <name>.cinit:__lock</name>
         <load_address>0x3f78a0</load_address>
         <run_address>0x3f78a0</run_address>
         <size>0x5</size>
         <input_file_ref idref="fl-41"/>
      </object_component>
      <object_component id="oc-1cb">
         <name>.cinit:__unlock</name>
         <load_address>0x3f78a5</load_address>
         <run_address>0x3f78a5</run_address>
         <size>0x5</size>
         <input_file_ref idref="fl-41"/>
      </object_component>
      <object_component id="oc-8e">
         <name>.cinit</name>
         <load_address>0x3f78aa</load_address>
         <run_address>0x3f78aa</run_address>
         <size>0x4</size>
         <input_file_ref idref="fl-a"/>
      </object_component>
      <object_component id="oc-1c1">
         <name>.text</name>
         <load_address>0x3f4000</load_address>
         <run_address>0x3f4000</run_address>
         <size>0xdeb</size>
         <input_file_ref idref="fl-c"/>
      </object_component>
      <object_component id="oc-1ba">
         <name>.text</name>
         <load_address>0x3f4deb</load_address>
         <run_address>0x3f4deb</run_address>
         <size>0x57f</size>
         <input_file_ref idref="fl-a"/>
      </object_component>
      <object_component id="oc-1b4">
         <name>.text</name>
         <load_address>0x3f536a</load_address>
         <run_address>0x3f536a</run_address>
         <size>0x4ad</size>
         <input_file_ref idref="fl-8"/>
      </object_component>
      <object_component id="oc-1be">
         <name>.text</name>
         <load_address>0x3f5817</load_address>
         <run_address>0x3f5817</run_address>
         <size>0x416</size>
         <input_file_ref idref="fl-3"/>
      </object_component>
      <object_component id="oc-cd">
         <name>.text:retain</name>
         <load_address>0x3f5c2d</load_address>
         <run_address>0x3f5c2d</run_address>
         <size>0x39b</size>
         <input_file_ref idref="fl-13"/>
      </object_component>
      <object_component id="oc-1cd">
         <name>.text</name>
         <load_address>0x3f5fc8</load_address>
         <run_address>0x3f5fc8</run_address>
         <size>0x259</size>
         <input_file_ref idref="fl-e"/>
      </object_component>
      <object_component id="oc-1b5">
         <name>.text</name>
         <load_address>0x3f6221</load_address>
         <run_address>0x3f6221</run_address>
         <size>0x230</size>
         <input_file_ref idref="fl-2"/>
      </object_component>
      <object_component id="oc-1c7">
         <name>.text</name>
         <load_address>0x3f6451</load_address>
         <run_address>0x3f6451</run_address>
         <size>0x1eb</size>
         <input_file_ref idref="fl-10"/>
      </object_component>
      <object_component id="oc-1b8">
         <name>.text</name>
         <load_address>0x3f663c</load_address>
         <run_address>0x3f663c</run_address>
         <size>0x177</size>
         <input_file_ref idref="fl-1c"/>
      </object_component>
      <object_component id="oc-1b6">
         <name>.text</name>
         <load_address>0x3f67b3</load_address>
         <run_address>0x3f67b3</run_address>
         <size>0x15d</size>
         <input_file_ref idref="fl-b"/>
      </object_component>
      <object_component id="oc-1bf">
         <name>.text</name>
         <load_address>0x3f6910</load_address>
         <run_address>0x3f6910</run_address>
         <size>0x12f</size>
         <input_file_ref idref="fl-5"/>
      </object_component>
      <object_component id="oc-9a">
         <name>.text:retain</name>
         <load_address>0x3f6a3f</load_address>
         <run_address>0x3f6a3f</run_address>
         <size>0x12a</size>
         <input_file_ref idref="fl-b"/>
      </object_component>
      <object_component id="oc-1b0">
         <name>.text</name>
         <load_address>0x3f6b69</load_address>
         <run_address>0x3f6b69</run_address>
         <size>0x1</size>
         <input_file_ref idref="fl-3a"/>
      </object_component>
      <object_component id="oc-161">
         <name>.text</name>
         <load_address>0x3f6b6a</load_address>
         <run_address>0x3f6b6a</run_address>
         <size>0x11d</size>
         <input_file_ref idref="fl-34"/>
      </object_component>
      <object_component id="oc-6e">
         <name>.text:retain</name>
         <load_address>0x3f6c87</load_address>
         <run_address>0x3f6c87</run_address>
         <size>0xd1</size>
         <input_file_ref idref="fl-5"/>
      </object_component>
      <object_component id="oc-a9">
         <name>.text:retain</name>
         <load_address>0x3f6d58</load_address>
         <run_address>0x3f6d58</run_address>
         <size>0xbc</size>
         <input_file_ref idref="fl-d"/>
      </object_component>
      <object_component id="oc-1bb">
         <name>.text</name>
         <load_address>0x3f6e14</load_address>
         <run_address>0x3f6e14</run_address>
         <size>0xad</size>
         <input_file_ref idref="fl-1e"/>
      </object_component>
      <object_component id="oc-14e">
         <name>.text</name>
         <load_address>0x3f6ec1</load_address>
         <run_address>0x3f6ec1</run_address>
         <size>0x9c</size>
         <input_file_ref idref="fl-30"/>
      </object_component>
      <object_component id="oc-1cc">
         <name>.text</name>
         <load_address>0x3f6f5d</load_address>
         <run_address>0x3f6f5d</run_address>
         <size>0x8e</size>
         <input_file_ref idref="fl-15"/>
      </object_component>
      <object_component id="oc-13f">
         <name>.text</name>
         <load_address>0x3f6feb</load_address>
         <run_address>0x3f6feb</run_address>
         <size>0x8b</size>
         <input_file_ref idref="fl-2d"/>
      </object_component>
      <object_component id="oc-1c2">
         <name>.text</name>
         <load_address>0x3f7076</load_address>
         <run_address>0x3f7076</run_address>
         <size>0x86</size>
         <input_file_ref idref="fl-7"/>
      </object_component>
      <object_component id="oc-144">
         <name>.text</name>
         <load_address>0x3f70fc</load_address>
         <run_address>0x3f70fc</run_address>
         <size>0x83</size>
         <input_file_ref idref="fl-2e"/>
      </object_component>
      <object_component id="oc-162">
         <name>.text</name>
         <load_address>0x3f717f</load_address>
         <run_address>0x3f717f</run_address>
         <size>0x70</size>
         <input_file_ref idref="fl-35"/>
      </object_component>
      <object_component id="oc-88">
         <name>.text:retain</name>
         <load_address>0x3f71ef</load_address>
         <run_address>0x3f71ef</run_address>
         <size>0x6b</size>
         <input_file_ref idref="fl-9"/>
      </object_component>
      <object_component id="oc-1b9">
         <name>.text</name>
         <load_address>0x3f725a</load_address>
         <run_address>0x3f725a</run_address>
         <size>0x61</size>
         <input_file_ref idref="fl-12"/>
      </object_component>
      <object_component id="oc-1b7">
         <name>.text</name>
         <load_address>0x3f72bb</load_address>
         <run_address>0x3f72bb</run_address>
         <size>0x5d</size>
         <input_file_ref idref="fl-6"/>
      </object_component>
      <object_component id="oc-57">
         <name>.text</name>
         <load_address>0x3f7318</load_address>
         <run_address>0x3f7318</run_address>
         <size>0x56</size>
         <input_file_ref idref="fl-38"/>
      </object_component>
      <object_component id="oc-163">
         <name>.text</name>
         <load_address>0x3f736e</load_address>
         <run_address>0x3f736e</run_address>
         <size>0x4a</size>
         <input_file_ref idref="fl-36"/>
      </object_component>
      <object_component id="oc-1b3">
         <name>.text</name>
         <load_address>0x3f73b8</load_address>
         <run_address>0x3f73b8</run_address>
         <size>0x47</size>
         <input_file_ref idref="fl-4"/>
      </object_component>
      <object_component id="oc-1af">
         <name>.text</name>
         <load_address>0x3f73ff</load_address>
         <run_address>0x3f73ff</run_address>
         <size>0x46</size>
         <input_file_ref idref="fl-3c"/>
      </object_component>
      <object_component id="oc-1c8">
         <name>.text</name>
         <load_address>0x3f7445</load_address>
         <run_address>0x3f7445</run_address>
         <size>0x3a</size>
         <input_file_ref idref="fl-d"/>
      </object_component>
      <object_component id="oc-1c9">
         <name>.text</name>
         <load_address>0x3f747f</load_address>
         <run_address>0x3f747f</run_address>
         <size>0x34</size>
         <input_file_ref idref="fl-9"/>
      </object_component>
      <object_component id="oc-182">
         <name>.text</name>
         <load_address>0x3f74b3</load_address>
         <run_address>0x3f74b3</run_address>
         <size>0x34</size>
         <input_file_ref idref="fl-3d"/>
      </object_component>
      <object_component id="oc-1a6">
         <name>.text</name>
         <load_address>0x3f74e7</load_address>
         <run_address>0x3f74e7</run_address>
         <size>0x34</size>
         <input_file_ref idref="fl-44"/>
      </object_component>
      <object_component id="oc-1cf">
         <name>.text</name>
         <load_address>0x3f751b</load_address>
         <run_address>0x3f751b</run_address>
         <size>0x2e</size>
         <input_file_ref idref="fl-16"/>
      </object_component>
      <object_component id="oc-1b2">
         <name>.text</name>
         <load_address>0x3f7549</load_address>
         <run_address>0x3f7549</run_address>
         <size>0x29</size>
         <input_file_ref idref="fl-40"/>
      </object_component>
      <object_component id="oc-1c3">
         <name>.text</name>
         <load_address>0x3f7572</load_address>
         <run_address>0x3f7572</run_address>
         <size>0x28</size>
         <input_file_ref idref="fl-19"/>
      </object_component>
      <object_component id="oc-1aa">
         <name>.text</name>
         <load_address>0x3f759a</load_address>
         <run_address>0x3f759a</run_address>
         <size>0x21</size>
         <input_file_ref idref="fl-45"/>
      </object_component>
      <object_component id="oc-1c5">
         <name>.text</name>
         <load_address>0x3f75bb</load_address>
         <run_address>0x3f75bb</run_address>
         <size>0x1e</size>
         <input_file_ref idref="fl-42"/>
      </object_component>
      <object_component id="oc-1c0">
         <name>.text</name>
         <load_address>0x3f75d9</load_address>
         <run_address>0x3f75d9</run_address>
         <size>0x1b</size>
         <input_file_ref idref="fl-f"/>
      </object_component>
      <object_component id="oc-153">
         <name>.text</name>
         <load_address>0x3f75f4</load_address>
         <run_address>0x3f75f4</run_address>
         <size>0x1b</size>
         <input_file_ref idref="fl-31"/>
      </object_component>
      <object_component id="oc-186">
         <name>.text</name>
         <load_address>0x3f760f</load_address>
         <run_address>0x3f760f</run_address>
         <size>0x1a</size>
         <input_file_ref idref="fl-3e"/>
      </object_component>
      <object_component id="oc-1b1">
         <name>.text</name>
         <load_address>0x3f7629</load_address>
         <run_address>0x3f7629</run_address>
         <size>0x19</size>
         <input_file_ref idref="fl-39"/>
      </object_component>
      <object_component id="oc-1a1">
         <name>.text</name>
         <load_address>0x3f7642</load_address>
         <run_address>0x3f7642</run_address>
         <size>0x19</size>
         <input_file_ref idref="fl-43"/>
      </object_component>
      <object_component id="oc-158">
         <name>.text</name>
         <load_address>0x3f765b</load_address>
         <run_address>0x3f765b</run_address>
         <size>0x19</size>
         <input_file_ref idref="fl-32"/>
      </object_component>
      <object_component id="oc-15c">
         <name>.text</name>
         <load_address>0x3f7674</load_address>
         <run_address>0x3f7674</run_address>
         <size>0x17</size>
         <input_file_ref idref="fl-33"/>
      </object_component>
      <object_component id="oc-b6">
         <name>.text:retain</name>
         <load_address>0x3f768b</load_address>
         <run_address>0x3f768b</run_address>
         <size>0x16</size>
         <input_file_ref idref="fl-f"/>
      </object_component>
      <object_component id="oc-1c4">
         <name>.text</name>
         <load_address>0x3f76a1</load_address>
         <run_address>0x3f76a1</run_address>
         <size>0x14</size>
         <input_file_ref idref="fl-1a"/>
      </object_component>
      <object_component id="oc-149">
         <name>.text</name>
         <load_address>0x3f76b5</load_address>
         <run_address>0x3f76b5</run_address>
         <size>0xe</size>
         <input_file_ref idref="fl-2f"/>
      </object_component>
      <object_component id="oc-18b">
         <name>.text</name>
         <load_address>0x3f76c3</load_address>
         <run_address>0x3f76c3</run_address>
         <size>0xc</size>
         <input_file_ref idref="fl-3f"/>
      </object_component>
      <object_component id="oc-1ca">
         <name>.text</name>
         <load_address>0x3f76cf</load_address>
         <run_address>0x3f76cf</run_address>
         <size>0x9</size>
         <input_file_ref idref="fl-41"/>
      </object_component>
      <object_component id="oc-c0">
         <name>.text</name>
         <load_address>0x3f76d8</load_address>
         <run_address>0x3f76d8</run_address>
         <size>0x8</size>
         <input_file_ref idref="fl-11"/>
      </object_component>
      <object_component id="oc-d2">
         <name>.text</name>
         <load_address>0x3f76e0</load_address>
         <run_address>0x3f76e0</run_address>
         <size>0x7</size>
         <input_file_ref idref="fl-14"/>
      </object_component>
      <object_component id="oc-1ae">
         <name>.text</name>
         <load_address>0x3f76e7</load_address>
         <run_address>0x3f76e7</run_address>
         <size>0x2</size>
         <input_file_ref idref="fl-3b"/>
      </object_component>
      <object_component id="oc-c1">
         <name>codestart</name>
         <load_address>0x3f7ff6</load_address>
         <run_address>0x3f7ff6</run_address>
         <size>0x2</size>
         <input_file_ref idref="fl-11"/>
      </object_component>
      <object_component id="oc-1c6">
         <name>ramfuncs</name>
         <load_address>0x3e8000</load_address>
         <run_address>0x8000</run_address>
         <size>0x1b</size>
         <input_file_ref idref="fl-1c"/>
      </object_component>
      <object_component id="oc-135">
         <name>ramfuncs</name>
         <load_address>0x3e801b</load_address>
         <run_address>0x801b</run_address>
         <size>0x4</size>
         <input_file_ref idref="fl-1d"/>
      </object_component>
      <object_component id="oc-168">
         <name>.stack</name>
         <uninitialized>true</uninitialized>
         <run_address>0x50</run_address>
         <size>0x0</size>
         <input_file_ref idref="fl-38"/>
      </object_component>
      <object_component id="oc-230">
         <name>.stack</name>
         <uninitialized>true</uninitialized>
         <run_address>0x50</run_address>
         <size>0x0</size>
      </object_component>
      <object_component id="oc-5a">
         <name>.ebss</name>
         <uninitialized>true</uninitialized>
         <run_address>0xa5da</run_address>
         <size>0x16</size>
         <input_file_ref idref="fl-2"/>
      </object_component>
      <object_component id="oc-60">
         <name>.ebss</name>
         <uninitialized>true</uninitialized>
         <run_address>0xa30a</run_address>
         <size>0x28</size>
         <input_file_ref idref="fl-3"/>
      </object_component>
      <object_component id="oc-6d">
         <name>.ebss</name>
         <uninitialized>true</uninitialized>
         <run_address>0xa332</run_address>
         <size>0xc</size>
         <input_file_ref idref="fl-5"/>
      </object_component>
      <object_component id="oc-7f">
         <name>.ebss</name>
         <uninitialized>true</uninitialized>
         <run_address>0xa600</run_address>
         <size>0xe5</size>
         <input_file_ref idref="fl-8"/>
      </object_component>
      <object_component id="oc-87">
         <name>.ebss</name>
         <uninitialized>true</uninitialized>
         <run_address>0xa5f0</run_address>
         <size>0x10</size>
         <input_file_ref idref="fl-9"/>
      </object_component>
      <object_component id="oc-8f">
         <name>.ebss</name>
         <uninitialized>true</uninitialized>
         <run_address>0xa700</run_address>
         <size>0x82</size>
         <input_file_ref idref="fl-a"/>
      </object_component>
      <object_component id="oc-99">
         <name>.ebss</name>
         <uninitialized>true</uninitialized>
         <run_address>0xa6e6</run_address>
         <size>0xc</size>
         <input_file_ref idref="fl-b"/>
      </object_component>
      <object_component id="oc-a1">
         <name>.ebss</name>
         <uninitialized>true</uninitialized>
         <run_address>0xa000</run_address>
         <size>0x30a</size>
         <input_file_ref idref="fl-c"/>
      </object_component>
      <object_component id="oc-a8">
         <name>.ebss</name>
         <uninitialized>true</uninitialized>
         <run_address>0xa340</run_address>
         <size>0x282</size>
         <input_file_ref idref="fl-d"/>
      </object_component>
      <object_component id="oc-b0">
         <name>.ebss</name>
         <uninitialized>true</uninitialized>
         <run_address>0xa6f8</run_address>
         <size>0x3</size>
         <input_file_ref idref="fl-e"/>
      </object_component>
      <object_component id="oc-c7">
         <name>.ebss</name>
         <uninitialized>true</uninitialized>
         <run_address>0xa5c2</run_address>
         <size>0x18</size>
         <input_file_ref idref="fl-12"/>
      </object_component>
      <object_component id="oc-192">
         <name>.ebss</name>
         <uninitialized>true</uninitialized>
         <run_address>0xa6f2</run_address>
         <size>0x6</size>
         <input_file_ref idref="fl-40"/>
      </object_component>
      <object_component id="oc-1d0">
         <name>.ebss:__unlock</name>
         <uninitialized>true</uninitialized>
         <run_address>0xa6fc</run_address>
         <size>0x2</size>
         <input_file_ref idref="fl-41"/>
      </object_component>
      <object_component id="oc-1bc">
         <name>.ebss:__lock</name>
         <uninitialized>true</uninitialized>
         <run_address>0xa33e</run_address>
         <size>0x2</size>
         <input_file_ref idref="fl-41"/>
      </object_component>
      <object_component id="oc-1ce">
         <name>.econst:_PieVectTableInit</name>
         <load_address>0x3f76ea</load_address>
         <run_address>0x3f76ea</run_address>
         <size>0x100</size>
         <input_file_ref idref="fl-1a"/>
      </object_component>
      <object_component id="oc-66">
         <name>.econst</name>
         <load_address>0x3f77ea</load_address>
         <run_address>0x3f77ea</run_address>
         <size>0x10</size>
         <input_file_ref idref="fl-4"/>
      </object_component>
      <object_component id="oc-80">
         <name>.econst:.string</name>
         <load_address>0x3f77fa</load_address>
         <run_address>0x3f77fa</run_address>
         <size>0x7</size>
         <input_file_ref idref="fl-8"/>
      </object_component>
      <object_component id="oc-92">
         <name>RFFTdata1</name>
         <uninitialized>true</uninitialized>
         <run_address>0xc000</run_address>
         <size>0x80</size>
         <input_file_ref idref="fl-a"/>
      </object_component>
      <object_component id="oc-93">
         <name>RFFTdata2</name>
         <uninitialized>true</uninitialized>
         <run_address>0xe000</run_address>
         <size>0x80</size>
         <input_file_ref idref="fl-a"/>
      </object_component>
      <object_component id="oc-90">
         <name>RFFTdata3</name>
         <uninitialized>true</uninitialized>
         <run_address>0x10000</run_address>
         <size>0x42</size>
         <input_file_ref idref="fl-a"/>
      </object_component>
      <object_component id="oc-91">
         <name>RFFTdata4</name>
         <uninitialized>true</uninitialized>
         <run_address>0x12000</run_address>
         <size>0x80</size>
         <input_file_ref idref="fl-a"/>
      </object_component>
      <object_component id="oc-167">
         <name>FPUmathTables</name>
         <load_address>0x3fd860</load_address>
         <run_address>0x3fd860</run_address>
         <size>0x6a0</size>
         <input_file_ref idref="fl-37"/>
      </object_component>
      <object_component id="oc-169">
         <name>.reset</name>
         <load_address>0x3fffc0</load_address>
         <run_address>0x3fffc0</run_address>
         <size>0x2</size>
         <input_file_ref idref="fl-38"/>
      </object_component>
      <object_component id="oc-118">
         <name>PieVectTableFile</name>
         <uninitialized>true</uninitialized>
         <run_address>0xd00</run_address>
         <size>0x100</size>
         <input_file_ref idref="fl-17"/>
      </object_component>
      <object_component id="oc-e3">
         <name>EmuKeyVar</name>
         <uninitialized>true</uninitialized>
         <run_address>0xd00</run_address>
         <size>0x1</size>
         <input_file_ref idref="fl-17"/>
      </object_component>
      <object_component id="oc-e4">
         <name>EmuBModeVar</name>
         <uninitialized>true</uninitialized>
         <run_address>0xd01</run_address>
         <size>0x1</size>
         <input_file_ref idref="fl-17"/>
      </object_component>
      <object_component id="oc-e5">
         <name>FlashCallbackVar</name>
         <uninitialized>true</uninitialized>
         <run_address>0xd02</run_address>
         <size>0x2</size>
         <input_file_ref idref="fl-17"/>
      </object_component>
      <object_component id="oc-e6">
         <name>FlashScalingVar</name>
         <uninitialized>true</uninitialized>
         <run_address>0xd04</run_address>
         <size>0x2</size>
         <input_file_ref idref="fl-17"/>
      </object_component>
      <object_component id="oc-e8">
         <name>DevEmuRegsFile</name>
         <uninitialized>true</uninitialized>
         <run_address>0x880</run_address>
         <size>0x4</size>
         <input_file_ref idref="fl-17"/>
      </object_component>
      <object_component id="oc-e7">
         <name>SysPwrCtrlRegsFile</name>
         <uninitialized>true</uninitialized>
         <run_address>0x985</run_address>
         <size>0x3</size>
         <input_file_ref idref="fl-17"/>
      </object_component>
      <object_component id="oc-e9">
         <name>FlashRegsFile</name>
         <uninitialized>true</uninitialized>
         <run_address>0xa80</run_address>
         <size>0x8</size>
         <input_file_ref idref="fl-17"/>
      </object_component>
      <object_component id="oc-f3">
         <name>CsmRegsFile</name>
         <uninitialized>true</uninitialized>
         <run_address>0xae0</run_address>
         <size>0x10</size>
         <input_file_ref idref="fl-17"/>
      </object_component>
      <object_component id="oc-f0">
         <name>AdcResultFile</name>
         <uninitialized>true</uninitialized>
         <run_address>0xb00</run_address>
         <size>0x10</size>
         <input_file_ref idref="fl-17"/>
      </object_component>
      <object_component id="oc-ea">
         <name>CpuTimer0RegsFile</name>
         <uninitialized>true</uninitialized>
         <run_address>0xc00</run_address>
         <size>0x8</size>
         <input_file_ref idref="fl-17"/>
      </object_component>
      <object_component id="oc-ed">
         <name>CpuTimer1RegsFile</name>
         <uninitialized>true</uninitialized>
         <run_address>0xc08</run_address>
         <size>0x8</size>
         <input_file_ref idref="fl-17"/>
      </object_component>
      <object_component id="oc-eb">
         <name>CpuTimer2RegsFile</name>
         <uninitialized>true</uninitialized>
         <run_address>0xc10</run_address>
         <size>0x8</size>
         <input_file_ref idref="fl-17"/>
      </object_component>
      <object_component id="oc-f9">
         <name>PieCtrlRegsFile</name>
         <uninitialized>true</uninitialized>
         <run_address>0xce0</run_address>
         <size>0x1a</size>
         <input_file_ref idref="fl-17"/>
      </object_component>
      <object_component id="oc-10e">
         <name>Cla1RegsFile</name>
         <uninitialized>true</uninitialized>
         <run_address>0x1400</run_address>
         <size>0x40</size>
         <input_file_ref idref="fl-17"/>
      </object_component>
      <object_component id="oc-117">
         <name>DmaRegsFile</name>
         <uninitialized>true</uninitialized>
         <run_address>0x1000</run_address>
         <size>0xe0</size>
         <input_file_ref idref="fl-17"/>
      </object_component>
      <object_component id="oc-108">
         <name>ECanaRegsFile</name>
         <uninitialized>true</uninitialized>
         <run_address>0x6000</run_address>
         <size>0x34</size>
         <input_file_ref idref="fl-17"/>
      </object_component>
      <object_component id="oc-10c">
         <name>ECanaLAMRegsFile</name>
         <uninitialized>true</uninitialized>
         <run_address>0x6040</run_address>
         <size>0x40</size>
         <input_file_ref idref="fl-17"/>
      </object_component>
      <object_component id="oc-119">
         <name>ECanaMboxesFile</name>
         <uninitialized>true</uninitialized>
         <run_address>0x6100</run_address>
         <size>0x100</size>
         <input_file_ref idref="fl-17"/>
      </object_component>
      <object_component id="oc-10d">
         <name>ECanaMOTSRegsFile</name>
         <uninitialized>true</uninitialized>
         <run_address>0x6080</run_address>
         <size>0x40</size>
         <input_file_ref idref="fl-17"/>
      </object_component>
      <object_component id="oc-109">
         <name>ECanaMOTORegsFile</name>
         <uninitialized>true</uninitialized>
         <run_address>0x60c0</run_address>
         <size>0x40</size>
         <input_file_ref idref="fl-17"/>
      </object_component>
      <object_component id="oc-101">
         <name>ECap1RegsFile</name>
         <uninitialized>true</uninitialized>
         <run_address>0x6a00</run_address>
         <size>0x20</size>
         <input_file_ref idref="fl-17"/>
      </object_component>
      <object_component id="oc-100">
         <name>ECap2RegsFile</name>
         <uninitialized>true</uninitialized>
         <run_address>0x6a20</run_address>
         <size>0x20</size>
         <input_file_ref idref="fl-17"/>
      </object_component>
      <object_component id="oc-102">
         <name>ECap3RegsFile</name>
         <uninitialized>true</uninitialized>
         <run_address>0x6a40</run_address>
         <size>0x20</size>
         <input_file_ref idref="fl-17"/>
      </object_component>
      <object_component id="oc-105">
         <name>EQep1RegsFile</name>
         <uninitialized>true</uninitialized>
         <run_address>0x6b00</run_address>
         <size>0x22</size>
         <input_file_ref idref="fl-17"/>
      </object_component>
      <object_component id="oc-103">
         <name>EQep2RegsFile</name>
         <uninitialized>true</uninitialized>
         <run_address>0x6b40</run_address>
         <size>0x22</size>
         <input_file_ref idref="fl-17"/>
      </object_component>
      <object_component id="oc-111">
         <name>GpioCtrlRegsFile</name>
         <uninitialized>true</uninitialized>
         <run_address>0x6f80</run_address>
         <size>0x40</size>
         <input_file_ref idref="fl-17"/>
      </object_component>
      <object_component id="oc-fb">
         <name>GpioDataRegsFile</name>
         <uninitialized>true</uninitialized>
         <run_address>0x6fc0</run_address>
         <size>0x20</size>
         <input_file_ref idref="fl-17"/>
      </object_component>
      <object_component id="oc-fa">
         <name>GpioIntRegsFile</name>
         <uninitialized>true</uninitialized>
         <run_address>0x6fe0</run_address>
         <size>0x20</size>
         <input_file_ref idref="fl-17"/>
      </object_component>
      <object_component id="oc-fe">
         <name>HRCap1RegsFile</name>
         <uninitialized>true</uninitialized>
         <run_address>0x6ac0</run_address>
         <size>0x20</size>
         <input_file_ref idref="fl-17"/>
      </object_component>
      <object_component id="oc-ff">
         <name>HRCap2RegsFile</name>
         <uninitialized>true</uninitialized>
         <run_address>0x6ae0</run_address>
         <size>0x20</size>
         <input_file_ref idref="fl-17"/>
      </object_component>
      <object_component id="oc-fc">
         <name>HRCap3RegsFile</name>
         <uninitialized>true</uninitialized>
         <run_address>0x6c80</run_address>
         <size>0x20</size>
         <input_file_ref idref="fl-17"/>
      </object_component>
      <object_component id="oc-fd">
         <name>HRCap4RegsFile</name>
         <uninitialized>true</uninitialized>
         <run_address>0x6ca0</run_address>
         <size>0x20</size>
         <input_file_ref idref="fl-17"/>
      </object_component>
      <object_component id="oc-107">
         <name>SysCtrlRegsFile</name>
         <uninitialized>true</uninitialized>
         <run_address>0x7010</run_address>
         <size>0x30</size>
         <input_file_ref idref="fl-17"/>
      </object_component>
      <object_component id="oc-ef">
         <name>SpiaRegsFile</name>
         <uninitialized>true</uninitialized>
         <run_address>0x7040</run_address>
         <size>0x10</size>
         <input_file_ref idref="fl-17"/>
      </object_component>
      <object_component id="oc-f4">
         <name>SpibRegsFile</name>
         <uninitialized>true</uninitialized>
         <run_address>0x7740</run_address>
         <size>0x10</size>
         <input_file_ref idref="fl-17"/>
      </object_component>
      <object_component id="oc-f1">
         <name>SciaRegsFile</name>
         <uninitialized>true</uninitialized>
         <run_address>0x7050</run_address>
         <size>0x10</size>
         <input_file_ref idref="fl-17"/>
      </object_component>
      <object_component id="oc-ee">
         <name>ScibRegsFile</name>
         <uninitialized>true</uninitialized>
         <run_address>0x7750</run_address>
         <size>0x10</size>
         <input_file_ref idref="fl-17"/>
      </object_component>
      <object_component id="oc-f2">
         <name>NmiIntruptRegsFile</name>
         <uninitialized>true</uninitialized>
         <run_address>0x7060</run_address>
         <size>0x10</size>
         <input_file_ref idref="fl-17"/>
      </object_component>
      <object_component id="oc-f5">
         <name>XIntruptRegsFile</name>
         <uninitialized>true</uninitialized>
         <run_address>0x7070</run_address>
         <size>0x10</size>
         <input_file_ref idref="fl-17"/>
      </object_component>
      <object_component id="oc-116">
         <name>AdcRegsFile</name>
         <uninitialized>true</uninitialized>
         <run_address>0x7100</run_address>
         <size>0x50</size>
         <input_file_ref idref="fl-17"/>
      </object_component>
      <object_component id="oc-104">
         <name>I2caRegsFile</name>
         <uninitialized>true</uninitialized>
         <run_address>0x7900</run_address>
         <size>0x22</size>
         <input_file_ref idref="fl-17"/>
      </object_component>
      <object_component id="oc-f7">
         <name>Comp1RegsFile</name>
         <uninitialized>true</uninitialized>
         <run_address>0x6400</run_address>
         <size>0x14</size>
         <input_file_ref idref="fl-17"/>
      </object_component>
      <object_component id="oc-f6">
         <name>Comp2RegsFile</name>
         <uninitialized>true</uninitialized>
         <run_address>0x6420</run_address>
         <size>0x14</size>
         <input_file_ref idref="fl-17"/>
      </object_component>
      <object_component id="oc-f8">
         <name>Comp3RegsFile</name>
         <uninitialized>true</uninitialized>
         <run_address>0x6440</run_address>
         <size>0x14</size>
         <input_file_ref idref="fl-17"/>
      </object_component>
      <object_component id="oc-10b">
         <name>EPwm1RegsFile</name>
         <uninitialized>true</uninitialized>
         <run_address>0x6800</run_address>
         <size>0x40</size>
         <input_file_ref idref="fl-17"/>
      </object_component>
      <object_component id="oc-10a">
         <name>EPwm2RegsFile</name>
         <uninitialized>true</uninitialized>
         <run_address>0x6840</run_address>
         <size>0x40</size>
         <input_file_ref idref="fl-17"/>
      </object_component>
      <object_component id="oc-115">
         <name>EPwm3RegsFile</name>
         <uninitialized>true</uninitialized>
         <run_address>0x6880</run_address>
         <size>0x40</size>
         <input_file_ref idref="fl-17"/>
      </object_component>
      <object_component id="oc-113">
         <name>EPwm4RegsFile</name>
         <uninitialized>true</uninitialized>
         <run_address>0x68c0</run_address>
         <size>0x40</size>
         <input_file_ref idref="fl-17"/>
      </object_component>
      <object_component id="oc-114">
         <name>EPwm5RegsFile</name>
         <uninitialized>true</uninitialized>
         <run_address>0x6900</run_address>
         <size>0x40</size>
         <input_file_ref idref="fl-17"/>
      </object_component>
      <object_component id="oc-110">
         <name>EPwm6RegsFile</name>
         <uninitialized>true</uninitialized>
         <run_address>0x6940</run_address>
         <size>0x40</size>
         <input_file_ref idref="fl-17"/>
      </object_component>
      <object_component id="oc-10f">
         <name>EPwm7RegsFile</name>
         <uninitialized>true</uninitialized>
         <run_address>0x6980</run_address>
         <size>0x40</size>
         <input_file_ref idref="fl-17"/>
      </object_component>
      <object_component id="oc-112">
         <name>EPwm8RegsFile</name>
         <uninitialized>true</uninitialized>
         <run_address>0x69c0</run_address>
         <size>0x40</size>
         <input_file_ref idref="fl-17"/>
      </object_component>
      <object_component id="oc-106">
         <name>McbspaRegsFile</name>
         <uninitialized>true</uninitialized>
         <run_address>0x5000</run_address>
         <size>0x24</size>
         <input_file_ref idref="fl-17"/>
      </object_component>
      <object_component id="oc-11a">
         <name>Usb0RegsFile</name>
         <uninitialized>true</uninitialized>
         <run_address>0x4000</run_address>
         <size>0x454</size>
         <input_file_ref idref="fl-17"/>
      </object_component>
      <object_component id="oc-ec">
         <name>CsmPwlFile</name>
         <uninitialized>true</uninitialized>
         <run_address>0x3f7ff8</run_address>
         <size>0x8</size>
         <input_file_ref idref="fl-17"/>
      </object_component>
      <object_component id="oc-e2">
         <name>PartIdRegsFile</name>
         <uninitialized>true</uninitialized>
         <run_address>0x3d7e80</run_address>
         <size>0x1</size>
         <input_file_ref idref="fl-17"/>
      </object_component>
      <object_component id="oc-58">
         <name>.debug_info</name>
         <load_address>0x0</load_address>
         <run_address>0x0</run_address>
         <size>0x11b2</size>
         <input_file_ref idref="fl-2"/>
      </object_component>
      <object_component id="oc-5f">
         <name>.debug_info</name>
         <load_address>0x11b2</load_address>
         <run_address>0x11b2</run_address>
         <size>0x1a38</size>
         <input_file_ref idref="fl-3"/>
      </object_component>
      <object_component id="oc-65">
         <name>.debug_info</name>
         <load_address>0x2bea</load_address>
         <run_address>0x2bea</run_address>
         <size>0x560</size>
         <input_file_ref idref="fl-4"/>
      </object_component>
      <object_component id="oc-6b">
         <name>.debug_info</name>
         <load_address>0x314a</load_address>
         <run_address>0x314a</run_address>
         <size>0x5ea4</size>
         <input_file_ref idref="fl-5"/>
      </object_component>
      <object_component id="oc-73">
         <name>.debug_info</name>
         <load_address>0x8fee</load_address>
         <run_address>0x8fee</run_address>
         <size>0x3e95</size>
         <input_file_ref idref="fl-6"/>
      </object_component>
      <object_component id="oc-78">
         <name>.debug_info</name>
         <load_address>0xce83</load_address>
         <run_address>0xce83</run_address>
         <size>0x304f</size>
         <input_file_ref idref="fl-7"/>
      </object_component>
      <object_component id="oc-7d">
         <name>.debug_info</name>
         <load_address>0xfed2</load_address>
         <run_address>0xfed2</run_address>
         <size>0x3623</size>
         <input_file_ref idref="fl-8"/>
      </object_component>
      <object_component id="oc-85">
         <name>.debug_info</name>
         <load_address>0x134f5</load_address>
         <run_address>0x134f5</run_address>
         <size>0x162c</size>
         <input_file_ref idref="fl-9"/>
      </object_component>
      <object_component id="oc-8d">
         <name>.debug_info</name>
         <load_address>0x14b21</load_address>
         <run_address>0x14b21</run_address>
         <size>0x2969</size>
         <input_file_ref idref="fl-a"/>
      </object_component>
      <object_component id="oc-98">
         <name>.debug_info</name>
         <load_address>0x1748a</load_address>
         <run_address>0x1748a</run_address>
         <size>0x4f0e</size>
         <input_file_ref idref="fl-b"/>
      </object_component>
      <object_component id="oc-9f">
         <name>.debug_info</name>
         <load_address>0x1c398</load_address>
         <run_address>0x1c398</run_address>
         <size>0x33c2</size>
         <input_file_ref idref="fl-c"/>
      </object_component>
      <object_component id="oc-a6">
         <name>.debug_info</name>
         <load_address>0x1f75a</load_address>
         <run_address>0x1f75a</run_address>
         <size>0x3c64</size>
         <input_file_ref idref="fl-d"/>
      </object_component>
      <object_component id="oc-ae">
         <name>.debug_info</name>
         <load_address>0x233be</load_address>
         <run_address>0x233be</run_address>
         <size>0x27e0</size>
         <input_file_ref idref="fl-e"/>
      </object_component>
      <object_component id="oc-b5">
         <name>.debug_info</name>
         <load_address>0x25b9e</load_address>
         <run_address>0x25b9e</run_address>
         <size>0x1012</size>
         <input_file_ref idref="fl-f"/>
      </object_component>
      <object_component id="oc-bb">
         <name>.debug_info</name>
         <load_address>0x26bb0</load_address>
         <run_address>0x26bb0</run_address>
         <size>0x4c99</size>
         <input_file_ref idref="fl-10"/>
      </object_component>
      <object_component id="oc-c2">
         <name>.debug_info</name>
         <load_address>0x2b849</load_address>
         <run_address>0x2b849</run_address>
         <size>0x13d</size>
         <input_file_ref idref="fl-11"/>
      </object_component>
      <object_component id="oc-c6">
         <name>.debug_info</name>
         <load_address>0x2b986</load_address>
         <run_address>0x2b986</run_address>
         <size>0x9b1</size>
         <input_file_ref idref="fl-12"/>
      </object_component>
      <object_component id="oc-cc">
         <name>.debug_info</name>
         <load_address>0x2c337</load_address>
         <run_address>0x2c337</run_address>
         <size>0x28c7</size>
         <input_file_ref idref="fl-13"/>
      </object_component>
      <object_component id="oc-d3">
         <name>.debug_info</name>
         <load_address>0x2ebfe</load_address>
         <run_address>0x2ebfe</run_address>
         <size>0x105</size>
         <input_file_ref idref="fl-14"/>
      </object_component>
      <object_component id="oc-d7">
         <name>.debug_info</name>
         <load_address>0x2ed03</load_address>
         <run_address>0x2ed03</run_address>
         <size>0x5b4c</size>
         <input_file_ref idref="fl-15"/>
      </object_component>
      <object_component id="oc-dc">
         <name>.debug_info</name>
         <load_address>0x3484f</load_address>
         <run_address>0x3484f</run_address>
         <size>0x1ae5</size>
         <input_file_ref idref="fl-16"/>
      </object_component>
      <object_component id="oc-e1">
         <name>.debug_info</name>
         <load_address>0x36334</load_address>
         <run_address>0x36334</run_address>
         <size>0x1afd3</size>
         <input_file_ref idref="fl-17"/>
      </object_component>
      <object_component id="oc-11c">
         <name>.debug_info</name>
         <load_address>0x51307</load_address>
         <run_address>0x51307</run_address>
         <size>0x1862</size>
         <input_file_ref idref="fl-18"/>
      </object_component>
      <object_component id="oc-121">
         <name>.debug_info</name>
         <load_address>0x52b69</load_address>
         <run_address>0x52b69</run_address>
         <size>0xb73</size>
         <input_file_ref idref="fl-19"/>
      </object_component>
      <object_component id="oc-126">
         <name>.debug_info</name>
         <load_address>0x536dc</load_address>
         <run_address>0x536dc</run_address>
         <size>0x2498</size>
         <input_file_ref idref="fl-1a"/>
      </object_component>
      <object_component id="oc-12b">
         <name>.debug_info</name>
         <load_address>0x55b74</load_address>
         <run_address>0x55b74</run_address>
         <size>0x18ae</size>
         <input_file_ref idref="fl-1b"/>
      </object_component>
      <object_component id="oc-130">
         <name>.debug_info</name>
         <load_address>0x57422</load_address>
         <run_address>0x57422</run_address>
         <size>0x299c</size>
         <input_file_ref idref="fl-1c"/>
      </object_component>
      <object_component id="oc-136">
         <name>.debug_info</name>
         <load_address>0x59dbe</load_address>
         <run_address>0x59dbe</run_address>
         <size>0x101</size>
         <input_file_ref idref="fl-1d"/>
      </object_component>
      <object_component id="oc-13a">
         <name>.debug_info</name>
         <load_address>0x59ebf</load_address>
         <run_address>0x59ebf</run_address>
         <size>0x4386</size>
         <input_file_ref idref="fl-1e"/>
      </object_component>
      <object_component id="oc-140">
         <name>.debug_info</name>
         <load_address>0x5e245</load_address>
         <run_address>0x5e245</run_address>
         <size>0x10d</size>
         <input_file_ref idref="fl-2d"/>
      </object_component>
      <object_component id="oc-145">
         <name>.debug_info</name>
         <load_address>0x5e352</load_address>
         <run_address>0x5e352</run_address>
         <size>0x10d</size>
         <input_file_ref idref="fl-2e"/>
      </object_component>
      <object_component id="oc-14a">
         <name>.debug_info</name>
         <load_address>0x5e45f</load_address>
         <run_address>0x5e45f</run_address>
         <size>0x11b</size>
         <input_file_ref idref="fl-2f"/>
      </object_component>
      <object_component id="oc-14f">
         <name>.debug_info</name>
         <load_address>0x5e57a</load_address>
         <run_address>0x5e57a</run_address>
         <size>0x10d</size>
         <input_file_ref idref="fl-30"/>
      </object_component>
      <object_component id="oc-154">
         <name>.debug_info</name>
         <load_address>0x5e687</load_address>
         <run_address>0x5e687</run_address>
         <size>0x110</size>
         <input_file_ref idref="fl-31"/>
      </object_component>
      <object_component id="oc-159">
         <name>.debug_info</name>
         <load_address>0x5e797</load_address>
         <run_address>0x5e797</run_address>
         <size>0x142</size>
         <input_file_ref idref="fl-32"/>
      </object_component>
      <object_component id="oc-15d">
         <name>.debug_info</name>
         <load_address>0x5e8d9</load_address>
         <run_address>0x5e8d9</run_address>
         <size>0x111</size>
         <input_file_ref idref="fl-33"/>
      </object_component>
      <object_component id="oc-164">
         <name>.debug_info</name>
         <load_address>0x5e9ea</load_address>
         <run_address>0x5e9ea</run_address>
         <size>0x145</size>
         <input_file_ref idref="fl-36"/>
      </object_component>
      <object_component id="oc-16a">
         <name>.debug_info</name>
         <load_address>0x5eb2f</load_address>
         <run_address>0x5eb2f</run_address>
         <size>0x16c</size>
         <input_file_ref idref="fl-38"/>
      </object_component>
      <object_component id="oc-16e">
         <name>.debug_info</name>
         <load_address>0x5ec9b</load_address>
         <run_address>0x5ec9b</run_address>
         <size>0x4cf</size>
         <input_file_ref idref="fl-39"/>
      </object_component>
      <object_component id="oc-173">
         <name>.debug_info</name>
         <load_address>0x5f16a</load_address>
         <run_address>0x5f16a</run_address>
         <size>0x3e0</size>
         <input_file_ref idref="fl-3a"/>
      </object_component>
      <object_component id="oc-178">
         <name>.debug_info</name>
         <load_address>0x5f54a</load_address>
         <run_address>0x5f54a</run_address>
         <size>0x3e3</size>
         <input_file_ref idref="fl-3b"/>
      </object_component>
      <object_component id="oc-17d">
         <name>.debug_info</name>
         <load_address>0x5f92d</load_address>
         <run_address>0x5f92d</run_address>
         <size>0x628</size>
         <input_file_ref idref="fl-3c"/>
      </object_component>
      <object_component id="oc-183">
         <name>.debug_info</name>
         <load_address>0x5ff55</load_address>
         <run_address>0x5ff55</run_address>
         <size>0x142</size>
         <input_file_ref idref="fl-3d"/>
      </object_component>
      <object_component id="oc-187">
         <name>.debug_info</name>
         <load_address>0x60097</load_address>
         <run_address>0x60097</run_address>
         <size>0x113</size>
         <input_file_ref idref="fl-3e"/>
      </object_component>
      <object_component id="oc-18c">
         <name>.debug_info</name>
         <load_address>0x601aa</load_address>
         <run_address>0x601aa</run_address>
         <size>0x15b</size>
         <input_file_ref idref="fl-3f"/>
      </object_component>
      <object_component id="oc-190">
         <name>.debug_info</name>
         <load_address>0x60305</load_address>
         <run_address>0x60305</run_address>
         <size>0x5ac</size>
         <input_file_ref idref="fl-40"/>
      </object_component>
      <object_component id="oc-197">
         <name>.debug_info</name>
         <load_address>0x608b1</load_address>
         <run_address>0x608b1</run_address>
         <size>0x502</size>
         <input_file_ref idref="fl-41"/>
      </object_component>
      <object_component id="oc-19c">
         <name>.debug_info</name>
         <load_address>0x60db3</load_address>
         <run_address>0x60db3</run_address>
         <size>0x470</size>
         <input_file_ref idref="fl-42"/>
      </object_component>
      <object_component id="oc-1a2">
         <name>.debug_info</name>
         <load_address>0x61223</load_address>
         <run_address>0x61223</run_address>
         <size>0x19b</size>
         <input_file_ref idref="fl-43"/>
      </object_component>
      <object_component id="oc-1a7">
         <name>.debug_info</name>
         <load_address>0x613be</load_address>
         <run_address>0x613be</run_address>
         <size>0x142</size>
         <input_file_ref idref="fl-44"/>
      </object_component>
      <object_component id="oc-1ab">
         <name>.debug_info</name>
         <load_address>0x61500</load_address>
         <run_address>0x61500</run_address>
         <size>0x144</size>
         <input_file_ref idref="fl-45"/>
      </object_component>
      <object_component id="oc-231">
         <name>.debug_info</name>
         <load_address>0x61644</load_address>
         <run_address>0x61644</run_address>
         <size>0xb0</size>
      </object_component>
      <object_component id="oc-5b">
         <name>.debug_frame</name>
         <load_address>0x0</load_address>
         <run_address>0x0</run_address>
         <size>0x134</size>
         <input_file_ref idref="fl-2"/>
      </object_component>
      <object_component id="oc-61">
         <name>.debug_frame</name>
         <load_address>0x134</load_address>
         <run_address>0x134</run_address>
         <size>0x184</size>
         <input_file_ref idref="fl-3"/>
      </object_component>
      <object_component id="oc-67">
         <name>.debug_frame</name>
         <load_address>0x2b8</load_address>
         <run_address>0x2b8</run_address>
         <size>0xc5</size>
         <input_file_ref idref="fl-4"/>
      </object_component>
      <object_component id="oc-6f">
         <name>.debug_frame</name>
         <load_address>0x37d</load_address>
         <run_address>0x37d</run_address>
         <size>0x13f</size>
         <input_file_ref idref="fl-5"/>
      </object_component>
      <object_component id="oc-74">
         <name>.debug_frame</name>
         <load_address>0x4bc</load_address>
         <run_address>0x4bc</run_address>
         <size>0xe0</size>
         <input_file_ref idref="fl-6"/>
      </object_component>
      <object_component id="oc-79">
         <name>.debug_frame</name>
         <load_address>0x59c</load_address>
         <run_address>0x59c</run_address>
         <size>0xb6</size>
         <input_file_ref idref="fl-7"/>
      </object_component>
      <object_component id="oc-81">
         <name>.debug_frame</name>
         <load_address>0x652</load_address>
         <run_address>0x652</run_address>
         <size>0x2ac</size>
         <input_file_ref idref="fl-8"/>
      </object_component>
      <object_component id="oc-89">
         <name>.debug_frame</name>
         <load_address>0x8fe</load_address>
         <run_address>0x8fe</run_address>
         <size>0x12c</size>
         <input_file_ref idref="fl-9"/>
      </object_component>
      <object_component id="oc-94">
         <name>.debug_frame</name>
         <load_address>0xa2a</load_address>
         <run_address>0xa2a</run_address>
         <size>0x1a5</size>
         <input_file_ref idref="fl-a"/>
      </object_component>
      <object_component id="oc-9b">
         <name>.debug_frame</name>
         <load_address>0xbcf</load_address>
         <run_address>0xbcf</run_address>
         <size>0x277</size>
         <input_file_ref idref="fl-b"/>
      </object_component>
      <object_component id="oc-a2">
         <name>.debug_frame</name>
         <load_address>0xe46</load_address>
         <run_address>0xe46</run_address>
         <size>0x2de</size>
         <input_file_ref idref="fl-c"/>
      </object_component>
      <object_component id="oc-aa">
         <name>.debug_frame</name>
         <load_address>0x1124</load_address>
         <run_address>0x1124</run_address>
         <size>0x11d</size>
         <input_file_ref idref="fl-d"/>
      </object_component>
      <object_component id="oc-b1">
         <name>.debug_frame</name>
         <load_address>0x1241</load_address>
         <run_address>0x1241</run_address>
         <size>0x1c4</size>
         <input_file_ref idref="fl-e"/>
      </object_component>
      <object_component id="oc-b7">
         <name>.debug_frame</name>
         <load_address>0x1405</load_address>
         <run_address>0x1405</run_address>
         <size>0xd2</size>
         <input_file_ref idref="fl-f"/>
      </object_component>
      <object_component id="oc-bc">
         <name>.debug_frame</name>
         <load_address>0x14d7</load_address>
         <run_address>0x14d7</run_address>
         <size>0x101</size>
         <input_file_ref idref="fl-10"/>
      </object_component>
      <object_component id="oc-c8">
         <name>.debug_frame</name>
         <load_address>0x15d8</load_address>
         <run_address>0x15d8</run_address>
         <size>0xb6</size>
         <input_file_ref idref="fl-12"/>
      </object_component>
      <object_component id="oc-ce">
         <name>.debug_frame</name>
         <load_address>0x168e</load_address>
         <run_address>0x168e</run_address>
         <size>0xde4</size>
         <input_file_ref idref="fl-13"/>
      </object_component>
      <object_component id="oc-d8">
         <name>.debug_frame</name>
         <load_address>0x2472</load_address>
         <run_address>0x2472</run_address>
         <size>0xbd</size>
         <input_file_ref idref="fl-15"/>
      </object_component>
      <object_component id="oc-dd">
         <name>.debug_frame</name>
         <load_address>0x252f</load_address>
         <run_address>0x252f</run_address>
         <size>0xf5</size>
         <input_file_ref idref="fl-16"/>
      </object_component>
      <object_component id="oc-11d">
         <name>.debug_frame</name>
         <load_address>0x2624</load_address>
         <run_address>0x2624</run_address>
         <size>0x8c</size>
         <input_file_ref idref="fl-18"/>
      </object_component>
      <object_component id="oc-122">
         <name>.debug_frame</name>
         <load_address>0x26b0</load_address>
         <run_address>0x26b0</run_address>
         <size>0xb6</size>
         <input_file_ref idref="fl-19"/>
      </object_component>
      <object_component id="oc-127">
         <name>.debug_frame</name>
         <load_address>0x2766</load_address>
         <run_address>0x2766</run_address>
         <size>0xa1</size>
         <input_file_ref idref="fl-1a"/>
      </object_component>
      <object_component id="oc-12c">
         <name>.debug_frame</name>
         <load_address>0x2807</load_address>
         <run_address>0x2807</run_address>
         <size>0x8c</size>
         <input_file_ref idref="fl-1b"/>
      </object_component>
      <object_component id="oc-131">
         <name>.debug_frame</name>
         <load_address>0x2893</load_address>
         <run_address>0x2893</run_address>
         <size>0x190</size>
         <input_file_ref idref="fl-1c"/>
      </object_component>
      <object_component id="oc-13b">
         <name>.debug_frame</name>
         <load_address>0x2a23</load_address>
         <run_address>0x2a23</run_address>
         <size>0xa7</size>
         <input_file_ref idref="fl-1e"/>
      </object_component>
      <object_component id="oc-16f">
         <name>.debug_frame</name>
         <load_address>0x2aca</load_address>
         <run_address>0x2aca</run_address>
         <size>0xa1</size>
         <input_file_ref idref="fl-39"/>
      </object_component>
      <object_component id="oc-174">
         <name>.debug_frame</name>
         <load_address>0x2b6b</load_address>
         <run_address>0x2b6b</run_address>
         <size>0xa1</size>
         <input_file_ref idref="fl-3a"/>
      </object_component>
      <object_component id="oc-179">
         <name>.debug_frame</name>
         <load_address>0x2c0c</load_address>
         <run_address>0x2c0c</run_address>
         <size>0xa1</size>
         <input_file_ref idref="fl-3b"/>
      </object_component>
      <object_component id="oc-17e">
         <name>.debug_frame</name>
         <load_address>0x2cad</load_address>
         <run_address>0x2cad</run_address>
         <size>0xba</size>
         <input_file_ref idref="fl-3c"/>
      </object_component>
      <object_component id="oc-193">
         <name>.debug_frame</name>
         <load_address>0x2d67</load_address>
         <run_address>0x2d67</run_address>
         <size>0xbf</size>
         <input_file_ref idref="fl-40"/>
      </object_component>
      <object_component id="oc-198">
         <name>.debug_frame</name>
         <load_address>0x2e26</load_address>
         <run_address>0x2e26</run_address>
         <size>0xcb</size>
         <input_file_ref idref="fl-41"/>
      </object_component>
      <object_component id="oc-19d">
         <name>.debug_frame</name>
         <load_address>0x2ef1</load_address>
         <run_address>0x2ef1</run_address>
         <size>0xa1</size>
         <input_file_ref idref="fl-42"/>
      </object_component>
      <object_component id="oc-5c">
         <name>.debug_line</name>
         <load_address>0x0</load_address>
         <run_address>0x0</run_address>
         <size>0x145</size>
         <input_file_ref idref="fl-2"/>
      </object_component>
      <object_component id="oc-62">
         <name>.debug_line</name>
         <load_address>0x145</load_address>
         <run_address>0x145</run_address>
         <size>0x4b7</size>
         <input_file_ref idref="fl-3"/>
      </object_component>
      <object_component id="oc-68">
         <name>.debug_line</name>
         <load_address>0x5fc</load_address>
         <run_address>0x5fc</run_address>
         <size>0x7a</size>
         <input_file_ref idref="fl-4"/>
      </object_component>
      <object_component id="oc-70">
         <name>.debug_line</name>
         <load_address>0x676</load_address>
         <run_address>0x676</run_address>
         <size>0x1e3</size>
         <input_file_ref idref="fl-5"/>
      </object_component>
      <object_component id="oc-75">
         <name>.debug_line</name>
         <load_address>0x859</load_address>
         <run_address>0x859</run_address>
         <size>0xb8</size>
         <input_file_ref idref="fl-6"/>
      </object_component>
      <object_component id="oc-7a">
         <name>.debug_line</name>
         <load_address>0x911</load_address>
         <run_address>0x911</run_address>
         <size>0xa8</size>
         <input_file_ref idref="fl-7"/>
      </object_component>
      <object_component id="oc-82">
         <name>.debug_line</name>
         <load_address>0x9b9</load_address>
         <run_address>0x9b9</run_address>
         <size>0x5b9</size>
         <input_file_ref idref="fl-8"/>
      </object_component>
      <object_component id="oc-8a">
         <name>.debug_line</name>
         <load_address>0xf72</load_address>
         <run_address>0xf72</run_address>
         <size>0xa8</size>
         <input_file_ref idref="fl-9"/>
      </object_component>
      <object_component id="oc-95">
         <name>.debug_line</name>
         <load_address>0x101a</load_address>
         <run_address>0x101a</run_address>
         <size>0x3ab</size>
         <input_file_ref idref="fl-a"/>
      </object_component>
      <object_component id="oc-9c">
         <name>.debug_line</name>
         <load_address>0x13c5</load_address>
         <run_address>0x13c5</run_address>
         <size>0x20a</size>
         <input_file_ref idref="fl-b"/>
      </object_component>
      <object_component id="oc-a3">
         <name>.debug_line</name>
         <load_address>0x15cf</load_address>
         <run_address>0x15cf</run_address>
         <size>0x830</size>
         <input_file_ref idref="fl-c"/>
      </object_component>
      <object_component id="oc-ab">
         <name>.debug_line</name>
         <load_address>0x1dff</load_address>
         <run_address>0x1dff</run_address>
         <size>0xbe</size>
         <input_file_ref idref="fl-d"/>
      </object_component>
      <object_component id="oc-b2">
         <name>.debug_line</name>
         <load_address>0x1ebd</load_address>
         <run_address>0x1ebd</run_address>
         <size>0x262</size>
         <input_file_ref idref="fl-e"/>
      </object_component>
      <object_component id="oc-b8">
         <name>.debug_line</name>
         <load_address>0x211f</load_address>
         <run_address>0x211f</run_address>
         <size>0x7b</size>
         <input_file_ref idref="fl-f"/>
      </object_component>
      <object_component id="oc-bd">
         <name>.debug_line</name>
         <load_address>0x219a</load_address>
         <run_address>0x219a</run_address>
         <size>0x160</size>
         <input_file_ref idref="fl-10"/>
      </object_component>
      <object_component id="oc-c3">
         <name>.debug_line</name>
         <load_address>0x22fa</load_address>
         <run_address>0x22fa</run_address>
         <size>0x66</size>
         <input_file_ref idref="fl-11"/>
      </object_component>
      <object_component id="oc-c9">
         <name>.debug_line</name>
         <load_address>0x2360</load_address>
         <run_address>0x2360</run_address>
         <size>0x8a</size>
         <input_file_ref idref="fl-12"/>
      </object_component>
      <object_component id="oc-cf">
         <name>.debug_line</name>
         <load_address>0x23ea</load_address>
         <run_address>0x23ea</run_address>
         <size>0x931</size>
         <input_file_ref idref="fl-13"/>
      </object_component>
      <object_component id="oc-d4">
         <name>.debug_line</name>
         <load_address>0x2d1b</load_address>
         <run_address>0x2d1b</run_address>
         <size>0x50</size>
         <input_file_ref idref="fl-14"/>
      </object_component>
      <object_component id="oc-d9">
         <name>.debug_line</name>
         <load_address>0x2d6b</load_address>
         <run_address>0x2d6b</run_address>
         <size>0xba</size>
         <input_file_ref idref="fl-15"/>
      </object_component>
      <object_component id="oc-de">
         <name>.debug_line</name>
         <load_address>0x2e25</load_address>
         <run_address>0x2e25</run_address>
         <size>0xbd</size>
         <input_file_ref idref="fl-16"/>
      </object_component>
      <object_component id="oc-11e">
         <name>.debug_line</name>
         <load_address>0x2ee2</load_address>
         <run_address>0x2ee2</run_address>
         <size>0x3b</size>
         <input_file_ref idref="fl-18"/>
      </object_component>
      <object_component id="oc-123">
         <name>.debug_line</name>
         <load_address>0x2f1d</load_address>
         <run_address>0x2f1d</run_address>
         <size>0x8a</size>
         <input_file_ref idref="fl-19"/>
      </object_component>
      <object_component id="oc-128">
         <name>.debug_line</name>
         <load_address>0x2fa7</load_address>
         <run_address>0x2fa7</run_address>
         <size>0x63</size>
         <input_file_ref idref="fl-1a"/>
      </object_component>
      <object_component id="oc-12d">
         <name>.debug_line</name>
         <load_address>0x300a</load_address>
         <run_address>0x300a</run_address>
         <size>0x37</size>
         <input_file_ref idref="fl-1b"/>
      </object_component>
      <object_component id="oc-132">
         <name>.debug_line</name>
         <load_address>0x3041</load_address>
         <run_address>0x3041</run_address>
         <size>0x21f</size>
         <input_file_ref idref="fl-1c"/>
      </object_component>
      <object_component id="oc-137">
         <name>.debug_line</name>
         <load_address>0x3260</load_address>
         <run_address>0x3260</run_address>
         <size>0x4d</size>
         <input_file_ref idref="fl-1d"/>
      </object_component>
      <object_component id="oc-13c">
         <name>.debug_line</name>
         <load_address>0x32ad</load_address>
         <run_address>0x32ad</run_address>
         <size>0x95</size>
         <input_file_ref idref="fl-1e"/>
      </object_component>
      <object_component id="oc-141">
         <name>.debug_line</name>
         <load_address>0x3342</load_address>
         <run_address>0x3342</run_address>
         <size>0xb3</size>
         <input_file_ref idref="fl-2d"/>
      </object_component>
      <object_component id="oc-146">
         <name>.debug_line</name>
         <load_address>0x33f5</load_address>
         <run_address>0x33f5</run_address>
         <size>0xa2</size>
         <input_file_ref idref="fl-2e"/>
      </object_component>
      <object_component id="oc-14b">
         <name>.debug_line</name>
         <load_address>0x3497</load_address>
         <run_address>0x3497</run_address>
         <size>0x49</size>
         <input_file_ref idref="fl-2f"/>
      </object_component>
      <object_component id="oc-150">
         <name>.debug_line</name>
         <load_address>0x34e0</load_address>
         <run_address>0x34e0</run_address>
         <size>0xc4</size>
         <input_file_ref idref="fl-30"/>
      </object_component>
      <object_component id="oc-155">
         <name>.debug_line</name>
         <load_address>0x35a4</load_address>
         <run_address>0x35a4</run_address>
         <size>0x57</size>
         <input_file_ref idref="fl-31"/>
      </object_component>
      <object_component id="oc-15a">
         <name>.debug_line</name>
         <load_address>0x35fb</load_address>
         <run_address>0x35fb</run_address>
         <size>0x7a</size>
         <input_file_ref idref="fl-32"/>
      </object_component>
      <object_component id="oc-15e">
         <name>.debug_line</name>
         <load_address>0x3675</load_address>
         <run_address>0x3675</run_address>
         <size>0x52</size>
         <input_file_ref idref="fl-33"/>
      </object_component>
      <object_component id="oc-165">
         <name>.debug_line</name>
         <load_address>0x36c7</load_address>
         <run_address>0x36c7</run_address>
         <size>0x96</size>
         <input_file_ref idref="fl-36"/>
      </object_component>
[...]
         <name>_InitECap2Gpio</name>
         <value>0x3f752f</value>
         <object_component_ref idref="oc-1cf"/>
      </symbol>
      <symbol id="sm-51f">
         <name>_InitECap1Gpio</name>
         <value>0x3f7523</value>
         <object_component_ref idref="oc-1cf"/>
      </symbol>
      <symbol id="sm-520">
         <name>_InitECapGpio</name>
         <value>0x3f751c</value>
         <object_component_ref idref="oc-1cf"/>
      </symbol>
      <symbol id="sm-599">
         <name>_Usb0Regs</name>
         <value>0x4000</value>
         <object_component_ref idref="oc-11a"/>
      </symbol>
      <symbol id="sm-59a">
         <name>_GpioCtrlRegs</name>
         <value>0x6f80</value>
         <object_component_ref idref="oc-111"/>
      </symbol>
      <symbol id="sm-59b">
         <name>_PieVectTable</name>
         <value>0xd00</value>
         <object_component_ref idref="oc-118"/>
      </symbol>
      <symbol id="sm-59c">
         <name>_SysPwrCtrlRegs</name>
         <value>0x985</value>
         <object_component_ref idref="oc-e7"/>
      </symbol>
      <symbol id="sm-59d">
         <name>_EmuBMode</name>
         <value>0xd01</value>
         <object_component_ref idref="oc-e4"/>
      </symbol>
      <symbol id="sm-59e">
         <name>_CsmRegs</name>
         <value>0xae0</value>
         <object_component_ref idref="oc-f3"/>
      </symbol>
      <symbol id="sm-59f">
         <name>_ECanaLAMRegs</name>
         <value>0x6040</value>
         <object_component_ref idref="oc-10c"/>
      </symbol>
      <symbol id="sm-5a0">
         <name>_AdcResult</name>
         <value>0xb00</value>
         <object_component_ref idref="oc-f0"/>
      </symbol>
      <symbol id="sm-5a1">
         <name>_EPwm4Regs</name>
         <value>0x68c0</value>
         <object_component_ref idref="oc-113"/>
      </symbol>
      <symbol id="sm-5a2">
         <name>_CpuTimer1Regs</name>
         <value>0xc08</value>
         <object_component_ref idref="oc-ed"/>
      </symbol>
      <symbol id="sm-5a3">
         <name>_SysCtrlRegs</name>
         <value>0x7010</value>
         <object_component_ref idref="oc-107"/>
      </symbol>
      <symbol id="sm-5a4">
         <name>_HRCap4Regs</name>
         <value>0x6ca0</value>
         <object_component_ref idref="oc-fd"/>
      </symbol>
      <symbol id="sm-5a5">
         <name>_EPwm5Regs</name>
         <value>0x6900</value>
         <object_component_ref idref="oc-114"/>
      </symbol>
      <symbol id="sm-5a6">
         <name>_SpiaRegs</name>
         <value>0x7040</value>
         <object_component_ref idref="oc-ef"/>
      </symbol>
      <symbol id="sm-5a7">
         <name>_ECanaMOTSRegs</name>
         <value>0x6080</value>
         <object_component_ref idref="oc-10d"/>
      </symbol>
      <symbol id="sm-5a8">
         <name>_DmaRegs</name>
         <value>0x1000</value>
         <object_component_ref idref="oc-117"/>
      </symbol>
      <symbol id="sm-5a9">
         <name>_FlashRegs</name>
         <value>0xa80</value>
         <object_component_ref idref="oc-e9"/>
      </symbol>
      <symbol id="sm-5aa">
         <name>_CpuTimer0Regs</name>
         <value>0xc00</value>
         <object_component_ref idref="oc-ea"/>
      </symbol>
      <symbol id="sm-5ab">
         <name>_DevEmuRegs</name>
         <value>0x880</value>
         <object_component_ref idref="oc-e8"/>
      </symbol>
      <symbol id="sm-5ac">
         <name>_EPwm6Regs</name>
         <value>0x6940</value>
         <object_component_ref idref="oc-110"/>
      </symbol>
      <symbol id="sm-5ad">
         <name>_Comp1Regs</name>
         <value>0x6400</value>
         <object_component_ref idref="oc-f7"/>
      </symbol>
      <symbol id="sm-5ae">
         <name>_SciaRegs</name>
         <value>0x7050</value>
         <object_component_ref idref="oc-f1"/>
      </symbol>
      <symbol id="sm-5af">
         <name>_GpioDataRegs</name>
         <value>0x6fc0</value>
         <object_component_ref idref="oc-fb"/>
      </symbol>
      <symbol id="sm-5b0">
         <name>_CsmPwl</name>
         <value>0x3f7ff8</value>
         <object_component_ref idref="oc-ec"/>
      </symbol>
      <symbol id="sm-5b1">
         <name>_AdcRegs</name>
         <value>0x7100</value>
         <object_component_ref idref="oc-116"/>
      </symbol>
      <symbol id="sm-5b2">
         <name>_EPwm7Regs</name>
         <value>0x6980</value>
         <object_component_ref idref="oc-10f"/>
      </symbol>
      <symbol id="sm-5b3">
         <name>_Comp2Regs</name>
         <value>0x6420</value>
         <object_component_ref idref="oc-f6"/>
      </symbol>
      <symbol id="sm-5b4">
         <name>_XIntruptRegs</name>
         <value>0x7070</value>
         <object_component_ref idref="oc-f5"/>
      </symbol>
      <symbol id="sm-5b5">
         <name>_CpuTimer2Regs</name>
         <value>0xc10</value>
         <object_component_ref idref="oc-eb"/>
      </symbol>
      <symbol id="sm-5b6">
         <name>_HRCap1Regs</name>
         <value>0x6ac0</value>
         <object_component_ref idref="oc-fe"/>
      </symbol>
      <symbol id="sm-5b7">
         <name>_PieCtrlRegs</name>
         <value>0xce0</value>
         <object_component_ref idref="oc-f9"/>
      </symbol>
      <symbol id="sm-5b8">
         <name>_SpibRegs</name>
         <value>0x7740</value>
         <object_component_ref idref="oc-f4"/>
      </symbol>
      <symbol id="sm-5b9">
         <name>_ECanaRegs</name>
         <value>0x6000</value>
         <object_component_ref idref="oc-108"/>
      </symbol>
      <symbol id="sm-5ba">
         <name>_Comp3Regs</name>
         <value>0x6440</value>
         <object_component_ref idref="oc-f8"/>
      </symbol>
      <symbol id="sm-5bb">
         <name>_ECap1Regs</name>
         <value>0x6a00</value>
         <object_component_ref idref="oc-101"/>
      </symbol>
      <symbol id="sm-5bc">
         <name>_EmuKey</name>
         <value>0xd00</value>
         <object_component_ref idref="oc-e3"/>
      </symbol>
      <symbol id="sm-5bd">
         <name>_Cla1Regs</name>
         <value>0x1400</value>
         <object_component_ref idref="oc-10e"/>
      </symbol>
      <symbol id="sm-5be">
         <name>_EQep1Regs</name>
         <value>0x6b00</value>
         <object_component_ref idref="oc-105"/>
      </symbol>
      <symbol id="sm-5bf">
         <name>_McbspaRegs</name>
         <value>0x5000</value>
         <object_component_ref idref="oc-106"/>
      </symbol>
      <symbol id="sm-5c0">
         <name>_EPwm1Regs</name>
         <value>0x6800</value>
         <object_component_ref idref="oc-10b"/>
      </symbol>
      <symbol id="sm-5c1">
         <name>_ScibRegs</name>
         <value>0x7750</value>
         <object_component_ref idref="oc-ee"/>
      </symbol>
      <symbol id="sm-5c2">
         <name>_ECap2Regs</name>
         <value>0x6a20</value>
         <object_component_ref idref="oc-100"/>
      </symbol>
      <symbol id="sm-5c3">
         <name>_GpioIntRegs</name>
         <value>0x6fe0</value>
         <object_component_ref idref="oc-fa"/>
      </symbol>
      <symbol id="sm-5c4">
         <name>_EQep2Regs</name>
         <value>0x6b40</value>
         <object_component_ref idref="oc-103"/>
      </symbol>
      <symbol id="sm-5c5">
         <name>_PartIdRegs</name>
         <value>0x3d7e80</value>
         <object_component_ref idref="oc-e2"/>
      </symbol>
      <symbol id="sm-5c6">
         <name>_HRCap3Regs</name>
         <value>0x6c80</value>
         <object_component_ref idref="oc-fc"/>
      </symbol>
      <symbol id="sm-5c7">
         <name>_EPwm8Regs</name>
         <value>0x69c0</value>
         <object_component_ref idref="oc-112"/>
      </symbol>
      <symbol id="sm-5c8">
         <name>_Flash_CPUScaleFactor</name>
         <value>0xd04</value>
         <object_component_ref idref="oc-e6"/>
      </symbol>
      <symbol id="sm-5c9">
         <name>_EPwm2Regs</name>
         <value>0x6840</value>
         <object_component_ref idref="oc-10a"/>
      </symbol>
      <symbol id="sm-5ca">
         <name>_ECanaMboxes</name>
         <value>0x6100</value>
         <object_component_ref idref="oc-119"/>
      </symbol>
      <symbol id="sm-5cb">
         <name>_ECap3Regs</name>
         <value>0x6a40</value>
         <object_component_ref idref="oc-102"/>
      </symbol>
      <symbol id="sm-5cc">
         <name>_HRCap2Regs</name>
         <value>0x6ae0</value>
         <object_component_ref idref="oc-ff"/>
      </symbol>
      <symbol id="sm-5cd">
         <name>_NmiIntruptRegs</name>
         <value>0x7060</value>
         <object_component_ref idref="oc-f2"/>
      </symbol>
      <symbol id="sm-5ce">
         <name>_ECanaMOTORegs</name>
         <value>0x60c0</value>
         <object_component_ref idref="oc-109"/>
      </symbol>
      <symbol id="sm-5cf">
         <name>_Flash_CallbackPtr</name>
         <value>0xd02</value>
         <object_component_ref idref="oc-e5"/>
      </symbol>
      <symbol id="sm-5d0">
         <name>_EPwm3Regs</name>
         <value>0x6880</value>
         <object_component_ref idref="oc-115"/>
      </symbol>
      <symbol id="sm-5d1">
         <name>_I2caRegs</name>
         <value>0x7900</value>
         <object_component_ref idref="oc-104"/>
      </symbol>
      <symbol id="sm-5e8">
         <name>_InitPieCtrl</name>
         <value>0x3f7572</value>
         <object_component_ref idref="oc-1c3"/>
      </symbol>
      <symbol id="sm-5e9">
         <name>_EnableInterrupts</name>
         <value>0x3f7591</value>
         <object_component_ref idref="oc-1c3"/>
      </symbol>
      <symbol id="sm-5fa">
         <name>_PieVectTableInit</name>
         <value>0x3f76ea</value>
         <object_component_ref idref="oc-1ce"/>
      </symbol>
      <symbol id="sm-5fb">
         <name>_InitPieVectTable</name>
         <value>0x3f76a1</value>
         <object_component_ref idref="oc-1c4"/>
      </symbol>
      <symbol id="sm-61d">
         <name>_InitPll</name>
         <value>0x3f6668</value>
         <object_component_ref idref="oc-1b8"/>
      </symbol>
      <symbol id="sm-61e">
         <name>_IntOsc1Sel</name>
         <value>0x3f6765</value>
         <object_component_ref idref="oc-1b8"/>
      </symbol>
      <symbol id="sm-61f">
         <name>_ExtOscSel</name>
         <value>0x3f679d</value>
         <object_component_ref idref="oc-1b8"/>
      </symbol>
      <symbol id="sm-620">
         <name>_DisableDog</name>
         <value>0x3f6660</value>
         <object_component_ref idref="oc-1b8"/>
      </symbol>
      <symbol id="sm-621">
         <name>_InitPeripheralClocks</name>
         <value>0x3f66e0</value>
         <object_component_ref idref="oc-1b8"/>
      </symbol>
      <symbol id="sm-622">
         <name>_IntOsc2Sel</name>
         <value>0x3f6775</value>
         <object_component_ref idref="oc-1b8"/>
      </symbol>
      <symbol id="sm-623">
         <name>_InitFlash</name>
         <value>0x8000</value>
         <object_component_ref idref="oc-1c6"/>
      </symbol>
      <symbol id="sm-624">
         <name>_CsmUnlock</name>
         <value>0x3f6736</value>
         <object_component_ref idref="oc-1b8"/>
      </symbol>
      <symbol id="sm-625">
         <name>_InitPll2</name>
         <value>0x3f66b8</value>
         <object_component_ref idref="oc-1b8"/>
      </symbol>
      <symbol id="sm-626">
         <name>_ServiceDog</name>
         <value>0x3f6656</value>
         <object_component_ref idref="oc-1b8"/>
      </symbol>
      <symbol id="sm-627">
         <name>_XtalOscSel</name>
         <value>0x3f6789</value>
         <object_component_ref idref="oc-1b8"/>
      </symbol>
      <symbol id="sm-628">
         <name>_InitSysCtrl</name>
         <value>0x3f663c</value>
         <object_component_ref idref="oc-1b8"/>
      </symbol>
      <symbol id="sm-634">
         <name>_DSP28x_usDelay</name>
         <value>0x801b</value>
         <object_component_ref idref="oc-135"/>
      </symbol>
      <symbol id="sm-644">
         <name>_main</name>
         <value>0x3f6e14</value>
         <object_component_ref idref="oc-1bb"/>
      </symbol>
      <symbol id="sm-65d">
         <name>FD$$DIV</name>
         <value>0x3f6feb</value>
         <object_component_ref idref="oc-13f"/>
      </symbol>
      <symbol id="sm-66f">
         <name>FD$$MPY</name>
         <value>0x3f70fc</value>
         <object_component_ref idref="oc-144"/>
      </symbol>
      <symbol id="sm-67b">
         <name>FD$$SUB</name>
         <value>0x3f76b5</value>
         <object_component_ref idref="oc-149"/>
      </symbol>
      <symbol id="sm-696">
         <name>FD$$ADD</name>
         <value>0x3f6ec1</value>
         <object_component_ref idref="oc-14e"/>
      </symbol>
      <symbol id="sm-6a5">
         <name>FD$$TOUL</name>
         <value>0x3f75f4</value>
         <object_component_ref idref="oc-153"/>
      </symbol>
      <symbol id="sm-6ad">
         <name>FS$$DIV</name>
         <value>0x3f765b</value>
         <object_component_ref idref="oc-158"/>
      </symbol>
      <symbol id="sm-6be">
         <name>U$$TOFD</name>
         <value>0x3f7674</value>
         <object_component_ref idref="oc-15c"/>
      </symbol>
      <symbol id="sm-6c2">
         <name>_rfft_f32_Stages1and2and3andBitReverse</name>
         <value>0x3f6b73</value>
         <object_component_ref idref="oc-161"/>
      </symbol>
      <symbol id="sm-6c3">
         <name>_rfft_f32_Stages4andUp</name>
         <value>0x3f6bdf</value>
         <object_component_ref idref="oc-161"/>
      </symbol>
      <symbol id="sm-6c4">
         <name>_RFFT_f32</name>
         <value>0x3f6b6a</value>
         <object_component_ref idref="oc-161"/>
      </symbol>
      <symbol id="sm-6c8">
         <name>_RFFT_f32_sincostable</name>
         <value>0x3f717f</value>
         <object_component_ref idref="oc-162"/>
      </symbol>
      <symbol id="sm-6d0">
         <name>_atan</name>
         <value>0x3f736e</value>
         <object_component_ref idref="oc-163"/>
      </symbol>
      <symbol id="sm-6d8">
         <name>_FPUcosTableEnd</name>
         <value>0x3fdd62</value>
         <object_component_ref idref="oc-167"/>
      </symbol>
      <symbol id="sm-6d9">
         <name>_FPUatan2TableEnd</name>
         <value>0x3fdeec</value>
         <object_component_ref idref="oc-167"/>
      </symbol>
      <symbol id="sm-6da">
         <name>_FPUatan2Table</name>
         <value>0x3fdd66</value>
         <object_component_ref idref="oc-167"/>
      </symbol>
      <symbol id="sm-6db">
         <name>_FPUsinTable</name>
         <value>0x3fd860</value>
         <object_component_ref idref="oc-167"/>
      </symbol>
      <symbol id="sm-6dc">
         <name>_FPUcosTable</name>
         <value>0x3fd960</value>
         <object_component_ref idref="oc-167"/>
      </symbol>
      <symbol id="sm-6dd">
         <name>_FPUatan2HalfPITable</name>
         <value>0x3fdd62</value>
         <object_component_ref idref="oc-167"/>
      </symbol>
      <symbol id="sm-6de">
         <name>_FPUsinTableEnd</name>
         <value>0x3fdc60</value>
         <object_component_ref idref="oc-167"/>
      </symbol>
      <symbol id="sm-6f9">
         <name>_c_int00</name>
         <value>0x3f7318</value>
         <object_component_ref idref="oc-57"/>
      </symbol>
      <symbol id="sm-6fa">
         <name>__stack</name>
         <value>0x50</value>
         <object_component_ref idref="oc-168"/>
      </symbol>
      <symbol id="sm-70a">
         <name>__args_main</name>
         <value>0x3f7629</value>
         <object_component_ref idref="oc-1b1"/>
      </symbol>
      <symbol id="sm-717">
         <name>__system_post_cinit</name>
         <value>0x3f6b69</value>
         <object_component_ref idref="oc-1b0"/>
      </symbol>
      <symbol id="sm-724">
         <name>__system_pre_init</name>
         <value>0x3f76e7</value>
         <object_component_ref idref="oc-1ae"/>
      </symbol>
      <symbol id="sm-73a">
         <name>_copy_in</name>
         <value>0x3f73ff</value>
         <object_component_ref idref="oc-1af"/>
      </symbol>
      <symbol id="sm-742">
         <name>_cos</name>
         <value>0x3f74b3</value>
         <object_component_ref idref="oc-182"/>
      </symbol>
      <symbol id="sm-751">
         <name>_ppcopy</name>
         <value>0x3f760f</value>
         <object_component_ref idref="oc-186"/>
      </symbol>
      <symbol id="sm-752">
         <name>_dpcopy</name>
         <value>0x3f760f</value>
         <object_component_ref idref="oc-186"/>
      </symbol>
      <symbol id="sm-753">
         <name>_pdcopy</name>
         <value>0x3f760f</value>
         <object_component_ref idref="oc-186"/>
      </symbol>
      <symbol id="sm-754">
         <name>_ddcopy</name>
         <value>0x3f760f</value>
         <object_component_ref idref="oc-186"/>
      </symbol>
      <symbol id="sm-760">
         <name>_epilog_c28x_1</name>
         <value>0x3f76c3</value>
         <object_component_ref idref="oc-18b"/>
      </symbol>
      <symbol id="sm-761">
         <name>_epilog_c28x_2</name>
         <value>0x3f76c7</value>
         <object_component_ref idref="oc-18b"/>
      </symbol>
      <symbol id="sm-776">
         <name>C$$EXIT</name>
         <value>0x3f7549</value>
         <object_component_ref idref="oc-1b2"/>
      </symbol>
      <symbol id="sm-777">
         <name>_exit</name>
         <value>0x3f754b</value>
         <object_component_ref idref="oc-1b2"/>
      </symbol>
      <symbol id="sm-778">
         <name>___TI_cleanup_ptr</name>
         <value>0xa6f4</value>
         <object_component_ref idref="oc-192"/>
      </symbol>
      <symbol id="sm-779">
         <name>___TI_enable_exit_profile_output</name>
         <value>0xa6f2</value>
         <object_component_ref idref="oc-192"/>
      </symbol>
      <symbol id="sm-77a">
         <name>_abort</name>
         <value>0x3f7549</value>
         <object_component_ref idref="oc-1b2"/>
      </symbol>
      <symbol id="sm-77b">
         <name>___TI_dtors_ptr</name>
         <value>0xa6f6</value>
         <object_component_ref idref="oc-192"/>
      </symbol>
      <symbol id="sm-790">
         <name>__unlock</name>
         <value>0xa6fc</value>
         <object_component_ref idref="oc-1d0"/>
      </symbol>
      <symbol id="sm-791">
         <name>__lock</name>
         <value>0xa33e</value>
         <object_component_ref idref="oc-1bc"/>
      </symbol>
      <symbol id="sm-792">
         <name>__register_lock</name>
         <value>0x3f76d3</value>
         <object_component_ref idref="oc-1ca"/>
      </symbol>
      <symbol id="sm-793">
         <name>__nop</name>
         <value>0x3f76d7</value>
         <object_component_ref idref="oc-1ca"/>
      </symbol>
      <symbol id="sm-794">
         <name>__register_unlock</name>
         <value>0x3f76cf</value>
         <object_component_ref idref="oc-1ca"/>
      </symbol>
      <symbol id="sm-7a6">
         <name>_memcpy</name>
         <value>0x3f75bb</value>
         <object_component_ref idref="oc-1c5"/>
      </symbol>
      <symbol id="sm-7b2">
         <name>_prolog_c28x_1</name>
         <value>0x3f7642</value>
         <object_component_ref idref="oc-1a1"/>
      </symbol>
      <symbol id="sm-7b3">
         <name>_prolog_c28x_2</name>
         <value>0x3f7646</value>
         <object_component_ref idref="oc-1a1"/>
      </symbol>
      <symbol id="sm-7b4">
         <name>_prolog_c28x_3</name>
         <value>0x3f764e</value>
         <object_component_ref idref="oc-1a1"/>
      </symbol>
      <symbol id="sm-7bc">
         <name>_sin</name>
         <value>0x3f74e7</value>
         <object_component_ref idref="oc-1a6"/>
      </symbol>
      <symbol id="sm-7c4">
         <name>_sqrt</name>
         <value>0x3f759a</value>
         <object_component_ref idref="oc-1aa"/>
      </symbol>
   </symbol_table>
   <title>Link successful</title>
</link_info>
