******************************************************************************
             TMS320C2000 Linker PC v6.1.0                      
******************************************************************************
>> Linked Thu Jun 05 18:13:25 2014

OUTPUT FILE NAME:   <RelayingProtect.out>
ENTRY POINT SYMBOL: "_c_int00"  address: 000091b3


MEMORY CONFIGURATION

         name            origin    length      used     unused   attr    fill
----------------------  --------  ---------  --------  --------  ----  --------
PAGE 0:
  BEGIN                 00000000   00000002  00000002  00000000  RWIX
  RAMM0                 00000050   000003b0  0000009e  00000312  RWIX
  RAML0_L3              00008000   00002000  0000145a  00000ba6  RWIX
  FPUTABLES             003fd860   000006a0  000006a0  00000000  RWIX
  IQTABLES              003fdf00   00000b50  00000000  00000b50  RWIX
  IQTABLES2             003fea50   0000008c  00000000  0000008c  RWIX
  IQTABLES3             003feadc   000000aa  00000000  000000aa  RWIX
  BOOTROM               003ff3b0   00000c10  00000000  00000c10  RWIX
  RESET                 003fffc0   00000002  00000000  00000002  RWIX

PAGE 1:
  BOOT_RSVD             00000002   0000004e  00000000  0000004e  RWIX
  RAMM1                 00000400   00000400  00000300  00000100  RWIX
  DEV_EMU               00000880   00000105  00000004  00000101  RWIX
  SYS_PWR_CTL           00000985   00000003  00000003  00000000  RWIX
  FLASH_REGS            00000a80   00000060  00000008  00000058  RWIX
  CSM                   00000ae0   00000020  00000010  00000010  RWIX
  ADC_RESULT            00000b00   00000020  00000010  00000010  RWIX
  CPU_TIMER0            00000c00   00000008  00000008  00000000  RWIX
  CPU_TIMER1            00000c08   00000008  00000008  00000000  RWIX
  CPU_TIMER2            00000c10   00000008  00000008  00000000  RWIX
  PIE_CTRL              00000ce0   00000020  0000001a  00000006  RWIX
  PIE_VECT              00000d00   00000100  00000100  00000000  RWIX
  DMA                   00001000   00000200  000000e0  00000120  RWIX
  CLA1                  00001400   00000080  00000040  00000040  RWIX
  USB0                  00004000   00001000  00000454  00000bac  RWIX
  McBSPA                00005000   00000040  00000024  0000001c  RWIX
  ECANA                 00006000   00000040  00000034  0000000c  RWIX
  ECANA_LAM             00006040   00000040  00000040  00000000  RWIX
  ECANA_MOTS            00006080   00000040  00000040  00000000  RWIX
  ECANA_MOTO            000060c0   00000040  00000040  00000000  RWIX
  ECANA_MBOX            00006100   00000100  00000100  00000000  RWIX
  COMP1                 00006400   00000020  00000014  0000000c  RWIX
  COMP2                 00006420   00000020  00000014  0000000c  RWIX
  COMP3                 00006440   00000020  00000014  0000000c  RWIX
  EPWM1                 00006800   00000040  00000040  00000000  RWIX
  EPWM2                 00006840   00000040  00000040  00000000  RWIX
  EPWM3                 00006880   00000040  00000040  00000000  RWIX
  EPWM4                 000068c0   00000040  00000040  00000000  RWIX
  EPWM5                 00006900   00000040  00000040  00000000  RWIX
  EPWM6                 00006940   00000040  00000040  00000000  RWIX
  EPWM7                 00006980   00000040  00000040  00000000  RWIX
  EPWM8                 000069c0   00000040  00000040  00000000  RWIX
  ECAP1                 00006a00   00000020  00000020  00000000  RWIX
  ECAP2                 00006a20   00000020  00000020  00000000  RWIX
  ECAP3                 00006a40   00000020  00000020  00000000  RWIX
  HRCAP1                00006ac0   00000020  00000020  00000000  RWIX
  HRCAP2                00006ae0   00000020  00000020  00000000  RWIX
  EQEP1                 00006b00   00000040  00000022  0000001e  RWIX
  EQEP2                 00006b40   00000040  00000022  0000001e  RWIX
  HRCAP3                00006c80   00000020  00000020  00000000  RWIX
  HRCAP4                00006ca0   00000020  00000020  00000000  RWIX
  GPIOCTRL              00006f80   00000040  00000040  00000000  RWIX
  GPIODAT               00006fc0   00000020  00000020  00000000  RWIX
  GPIOINT               00006fe0   00000020  00000020  00000000  RWIX
  SYSTEM                00007010   00000030  00000030  00000000  RWIX
  SPIA                  00007040   00000010  00000010  00000000  RWIX
  SCIA                  00007050   00000010  00000010  00000000  RWIX
  NMIINTRUPT            00007060   00000010  00000010  00000000  RWIX
  XINTRUPT              00007070   00000010  00000010  00000000  RWIX
  ADC                   00007100   00000080  00000050  00000030  RWIX
  SPIB                  00007740   00000010  00000010  00000000  RWIX
  SCIB                  00007750   00000010  00000010  00000000  RWIX
  I2CA                  00007900   00000040  00000022  0000001e  RWIX
  RAML4                 0000a000   00002000  00000928  000016d8  RWIX
  RAML5                 0000c000   00002000  00000080  00001f80  RWIX
  RAML6                 0000e000   00002000  00000080  00001f80  RWIX
  RAML7                 00010000   00002000  000000c2  00001f3e  RWIX
  RAML8                 00012000   00002000  00000081  00001f7f  RWIX
  USB_RAM               00040000   00000800  00000000  00000800  RWIX
  PARTID                003d7e80   00000001  00000001  00000000  RWIX
  CSM_PWL               003f7ff8   00000008  00000008  00000000  RWIX


SECTION ALLOCATION MAP

 output                                  attributes/
section   page    origin      length       input sections
--------  ----  ----------  ----------   ----------------
codestart 
*          0    00000000    00000002     
                  00000000    00000002     F2806x_CodeStartBranch.obj (codestart)

.pinit     0    00000050    00000000     UNINITIALIZED

.cinit     0    00000050    0000007d     
                  00000050    00000025     MonitorCalculate.obj (.cinit)
                  00000075    00000022     ProtectCalculate.obj (.cinit)
                  00000097    00000020     main.obj (.cinit)
                  000000b7    0000000a     rts2800_fpu32.lib : _lock.obj (.cinit)
                  000000c1    0000000a                       : exit.obj (.cinit)
                  000000cb    00000002     --HOLE-- [fill = 0]

ramfuncs   0    000000cd    00000021     
                  000000cd    0000001d     F2806x_SysCtrl.obj (ramfuncs)
                  000000ea    00000004     F2806x_usDelay.obj (ramfuncs)

.text      0    00008000    0000145a     
                  00008000    0000039b     F2806x_DefaultIsr.obj (.text:retain)
                  0000839b    000001b9     F2806x_Adc.obj (.text)
                  00008554    00000182     F2806x_SysCtrl.obj (.text)
                  000086d6    0000016c     MonitorCalculate.obj (.text)
                  00008842    0000011d     C28x_FPU_Lib.lib : RFFT_f32.obj (.text)
                  0000895f    00000103     ConfigGpio.obj (.text)
                  00008a62    00000101     ConfigADC.obj (.text)
                  00008b63    000000f6     main.obj (.text:retain)
                  00008c59    000000f4     ProtectCalculate.obj (.text)
                  00008d4d    0000009c     rts2800_fpu32.lib : fd_add.obj (.text)
                  00008de9    0000008c     F2806x_OscComp.obj (.text)
                  00008e75    0000008b     rts2800_fpu32.lib : fd_div.obj (.text)
                  00008f00    00000083                       : fd_mpy.obj (.text)
                  00008f83    00000081     main.obj (.text)
                  00009004    00000070     C28x_FPU_Lib.lib : RFFT_f32_sincostable.obj (.text)
                  00009074    0000005d     F2806x_CpuTimers.obj (.text)
                  000090d1    0000004f     rts2800_fpu32_fast_supplement.lib : atan2_f32.obj (.text)
                  00009120    0000004a                                       : atan_f32.obj (.text)
                  0000916a    00000049     C28x_FPU_Lib.lib : RFFT_f32_phase.obj (.text)
                  000091b3    00000046     rts2800_fpu32.lib : boot.obj (.text)
                  000091f9    00000044     C28x_FPU_Lib.lib : RFFT_f32_mag.obj (.text)
                  0000923d    0000003a     BasicModule.obj (.text)
                  00009277    00000036     F2806x_Sci.obj (.text)
                  000092ad    00000034     rts2800_fpu32_fast_supplement.lib : cos_f32.obj (.text)
                  000092e1    00000034                                       : sin_f32.obj (.text)
                  00009315    00000028     F2806x_PieCtrl.obj (.text)
                  0000933d    00000023     SCI.obj (.text)
                  00009360    00000021     rts2800_fpu32_fast_supplement.lib : sqrt_f32.obj (.text)
                  00009381    0000001c     rts2800_fpu32.lib : fs_tofd.obj (.text)
                  0000939d    0000001b                       : args_main.obj (.text)
                  000093b8    0000001b                       : fd_toul.obj (.text)
                  000093d3    00000019                       : exit.obj (.text)
                  000093ec    00000019     rts2800_fpu32_fast_supplement.lib : div_f32.obj (.text)
                  00009405    00000017     rts2800_fpu32.lib : u_tofd.obj (.text)
                  0000941c    00000011     F2806x_PieVect.obj (.text)
                  0000942d    0000000e     rts2800_fpu32.lib : fd_sub.obj (.text)
                  0000943b    00000009                       : _lock.obj (.text)
                  00009444    00000008     F2806x_CodeStartBranch.obj (.text)
                  0000944c    00000007     C28x_FPU_Lib.lib : memcpy_fast.obj (.text)
                  00009453    00000007     F2806x_DisInt.obj (.text)

FPUmathTables 
*          0    003fd860    000006a0     NOLOAD SECTION
                  003fd860    000006a0     rts2800_fpu32_fast_supplement.lib : FPUmathTables.obj (FPUmathTables)

.reset     0    003fffc0    00000002     DSECT
                  003fffc0    00000002     rts2800_fpu32.lib : boot.obj (.reset)

.stack     1    00000400    00000300     UNINITIALIZED
                  00000400    00000300     --HOLE--

DevEmuRegsFile 
*          1    00000880    00000004     UNINITIALIZED
                  00000880    00000004     F2806x_GlobalVariableDefs.obj (DevEmuRegsFile)

SysPwrCtrlRegsFile 
*          1    00000985    00000003     UNINITIALIZED
                  00000985    00000003     F2806x_GlobalVariableDefs.obj (SysPwrCtrlRegsFile)

FlashRegsFile 
*          1    00000a80    00000008     UNINITIALIZED
                  00000a80    00000008     F2806x_GlobalVariableDefs.obj (FlashRegsFile)

CsmRegsFile 
*          1    00000ae0    00000010     UNINITIALIZED
                  00000ae0    00000010     F2806x_GlobalVariableDefs.obj (CsmRegsFile)

AdcResultFile 
*          1    00000b00    00000010     UNINITIALIZED
                  00000b00    00000010     F2806x_GlobalVariableDefs.obj (AdcResultFile)

CpuTimer0RegsFile 
*          1    00000c00    00000008     UNINITIALIZED
                  00000c00    00000008     F2806x_GlobalVariableDefs.obj (CpuTimer0RegsFile)

CpuTimer1RegsFile 
*          1    00000c08    00000008     UNINITIALIZED
                  00000c08    00000008     F2806x_GlobalVariableDefs.obj (CpuTimer1RegsFile)

CpuTimer2RegsFile 
*          1    00000c10    00000008     UNINITIALIZED
                  00000c10    00000008     F2806x_GlobalVariableDefs.obj (CpuTimer2RegsFile)

PieCtrlRegsFile 
*          1    00000ce0    0000001a     UNINITIALIZED
                  00000ce0    0000001a     F2806x_GlobalVariableDefs.obj (PieCtrlRegsFile)

PieVectTableFile 
*          1    00000d00    00000100     UNINITIALIZED
                  00000d00    00000100     F2806x_GlobalVariableDefs.obj (PieVectTableFile)

EmuKeyVar 
*          1    00000d00    00000001     UNINITIALIZED
                  00000d00    00000001     F2806x_GlobalVariableDefs.obj (EmuKeyVar)

EmuBModeVar 
*          1    00000d01    00000001     UNINITIALIZED
                  00000d01    00000001     F2806x_GlobalVariableDefs.obj (EmuBModeVar)

FlashCallbackVar 
*          1    00000d02    00000002     UNINITIALIZED
                  00000d02    00000002     F2806x_GlobalVariableDefs.obj (FlashCallbackVar)

FlashScalingVar 
*          1    00000d04    00000002     UNINITIALIZED
                  00000d04    00000002     F2806x_GlobalVariableDefs.obj (FlashScalingVar)

DmaRegsFile 
*          1    00001000    000000e0     UNINITIALIZED
                  00001000    000000e0     F2806x_GlobalVariableDefs.obj (DmaRegsFile)

Cla1RegsFile 
*          1    00001400    00000040     UNINITIALIZED
                  00001400    00000040     F2806x_GlobalVariableDefs.obj (Cla1RegsFile)

Usb0RegsFile 
*          1    00004000    00000454     UNINITIALIZED
                  00004000    00000454     F2806x_GlobalVariableDefs.obj (Usb0RegsFile)

McbspaRegsFile 
*          1    00005000    00000024     UNINITIALIZED
                  00005000    00000024     F2806x_GlobalVariableDefs.obj (McbspaRegsFile)

ECanaRegsFile 
*          1    00006000    00000034     UNINITIALIZED
                  00006000    00000034     F2806x_GlobalVariableDefs.obj (ECanaRegsFile)

ECanaLAMRegsFile 
*          1    00006040    00000040     UNINITIALIZED
                  00006040    00000040     F2806x_GlobalVariableDefs.obj (ECanaLAMRegsFile)

ECanaMOTSRegsFile 
*          1    00006080    00000040     UNINITIALIZED
                  00006080    00000040     F2806x_GlobalVariableDefs.obj (ECanaMOTSRegsFile)

ECanaMOTORegsFile 
*          1    000060c0    00000040     UNINITIALIZED
                  000060c0    00000040     F2806x_GlobalVariableDefs.obj (ECanaMOTORegsFile)

ECanaMboxesFile 
*          1    00006100    00000100     UNINITIALIZED
                  00006100    00000100     F2806x_GlobalVariableDefs.obj (ECanaMboxesFile)

Comp1RegsFile 
*          1    00006400    00000014     UNINITIALIZED
                  00006400    00000014     F2806x_GlobalVariableDefs.obj (Comp1RegsFile)

Comp2RegsFile 
*          1    00006420    00000014     UNINITIALIZED
                  00006420    00000014     F2806x_GlobalVariableDefs.obj (Comp2RegsFile)

Comp3RegsFile 
*          1    00006440    00000014     UNINITIALIZED
                  00006440    00000014     F2806x_GlobalVariableDefs.obj (Comp3RegsFile)

EPwm1RegsFile 
*          1    00006800    00000040     UNINITIALIZED
                  00006800    00000040     F2806x_GlobalVariableDefs.obj (EPwm1RegsFile)

EPwm2RegsFile 
*          1    00006840    00000040     UNINITIALIZED
                  00006840    00000040     F2806x_GlobalVariableDefs.obj (EPwm2RegsFile)

EPwm3RegsFile 
*          1    00006880    00000040     UNINITIALIZED
                  00006880    00000040     F2806x_GlobalVariableDefs.obj (EPwm3RegsFile)

EPwm4RegsFile 
*          1    000068c0    00000040     UNINITIALIZED
                  000068c0    00000040     F2806x_GlobalVariableDefs.obj (EPwm4RegsFile)

EPwm5RegsFile 
*          1    00006900    00000040     UNINITIALIZED
                  00006900    00000040     F2806x_GlobalVariableDefs.obj (EPwm5RegsFile)

EPwm6RegsFile 
*          1    00006940    00000040     UNINITIALIZED
                  00006940    00000040     F2806x_GlobalVariableDefs.obj (EPwm6RegsFile)

EPwm7RegsFile 
*          1    00006980    00000040     UNINITIALIZED
                  00006980    00000040     F2806x_GlobalVariableDefs.obj (EPwm7RegsFile)

EPwm8RegsFile 
*          1    000069c0    00000040     UNINITIALIZED
                  000069c0    00000040     F2806x_GlobalVariableDefs.obj (EPwm8RegsFile)

ECap1RegsFile 
*          1    00006a00    00000020     UNINITIALIZED
                  00006a00    00000020     F2806x_GlobalVariableDefs.obj (ECap1RegsFile)

ECap2RegsFile 
*          1    00006a20    00000020     UNINITIALIZED
                  00006a20    00000020     F2806x_GlobalVariableDefs.obj (ECap2RegsFile)

ECap3RegsFile 
*          1    00006a40    00000020     UNINITIALIZED
                  00006a40    00000020     F2806x_GlobalVariableDefs.obj (ECap3RegsFile)

HRCap1RegsFile 
*          1    00006ac0    00000020     UNINITIALIZED
                  00006ac0    00000020     F2806x_GlobalVariableDefs.obj (HRCap1RegsFile)

HRCap2RegsFile 
*          1    00006ae0    00000020     UNINITIALIZED
                  00006ae0    00000020     F2806x_GlobalVariableDefs.obj (HRCap2RegsFile)

EQep1RegsFile 
*          1    00006b00    00000022     UNINITIALIZED
                  00006b00    00000022     F2806x_GlobalVariableDefs.obj (EQep1RegsFile)

EQep2RegsFile 
*          1    00006b40    00000022     UNINITIALIZED
                  00006b40    00000022     F2806x_GlobalVariableDefs.obj (EQep2RegsFile)

HRCap3RegsFile 
*          1    00006c80    00000020     UNINITIALIZED
                  00006c80    00000020     F2806x_GlobalVariableDefs.obj (HRCap3RegsFile)

HRCap4RegsFile 
*          1    00006ca0    00000020     UNINITIALIZED
                  00006ca0    00000020     F2806x_GlobalVariableDefs.obj (HRCap4RegsFile)

GpioCtrlRegsFile 
*          1    00006f80    00000040     UNINITIALIZED
                  00006f80    00000040     F2806x_GlobalVariableDefs.obj (GpioCtrlRegsFile)

GpioDataRegsFile 
*          1    00006fc0    00000020     UNINITIALIZED
                  00006fc0    00000020     F2806x_GlobalVariableDefs.obj (GpioDataRegsFile)

GpioIntRegsFile 
*          1    00006fe0    00000020     UNINITIALIZED
                  00006fe0    00000020     F2806x_GlobalVariableDefs.obj (GpioIntRegsFile)

SysCtrlRegsFile 
*          1    00007010    00000030     UNINITIALIZED
                  00007010    00000030     F2806x_GlobalVariableDefs.obj (SysCtrlRegsFile)

SpiaRegsFile 
*          1    00007040    00000010     UNINITIALIZED
                  00007040    00000010     F2806x_GlobalVariableDefs.obj (SpiaRegsFile)

SciaRegsFile 
*          1    00007050    00000010     UNINITIALIZED
                  00007050    00000010     F2806x_GlobalVariableDefs.obj (SciaRegsFile)

NmiIntruptRegsFile 
*          1    00007060    00000010     UNINITIALIZED
                  00007060    00000010     F2806x_GlobalVariableDefs.obj (NmiIntruptRegsFile)

XIntruptRegsFile 
*          1    00007070    00000010     UNINITIALIZED
                  00007070    00000010     F2806x_GlobalVariableDefs.obj (XIntruptRegsFile)

AdcRegsFile 
*          1    00007100    00000050     UNINITIALIZED
                  00007100    00000050     F2806x_GlobalVariableDefs.obj (AdcRegsFile)

SpibRegsFile 
*          1    00007740    00000010     UNINITIALIZED
                  00007740    00000010     F2806x_GlobalVariableDefs.obj (SpibRegsFile)

ScibRegsFile 
*          1    00007750    00000010     UNINITIALIZED
                  00007750    00000010     F2806x_GlobalVariableDefs.obj (ScibRegsFile)

I2caRegsFile 
*          1    00007900    00000022     UNINITIALIZED
                  00007900    00000022     F2806x_GlobalVariableDefs.obj (I2caRegsFile)

.ebss      1    0000a000    000007b8     UNINITIALIZED
                  0000a000    0000038c     MonitorCalculate.obj (.ebss)
                  0000a38c    00000018     F2806x_CpuTimers.obj (.ebss)
                  0000a3a4    00000004     rts2800_fpu32.lib : _lock.obj (.ebss)
                  0000a3a8    00000004                       : exit.obj (.ebss)
                  0000a3ac    00000014     --HOLE--
                  0000a3c0    00000340     main.obj (.ebss)
                  0000a700    000000b8     ProtectCalculate.obj (.ebss)

.econst    1    0000a7b8    00000170     
                  0000a7b8    00000100     F2806x_PieVect.obj (.econst)
                  0000a8b8    00000030     ProtectCalculate.obj (.econst:_CosValue_1)
                  0000a8e8    00000030     ProtectCalculate.obj (.econst:_SinValue_1)
                  0000a918    00000010     BasicModule.obj (.econst)

RFFTdata1 
*          1    0000c000    00000080     UNINITIALIZED
                  0000c000    00000080     MonitorCalculate.obj (RFFTdata1)

RFFTdata2 
*          1    0000e000    00000080     UNINITIALIZED
                  0000e000    00000080     MonitorCalculate.obj (RFFTdata2)

RFFTdata3 
*          1    00010000    000000c2     UNINITIALIZED
                  00010000    000000c2     MonitorCalculate.obj (RFFTdata3)

RFFTdata4 
*          1    00012000    00000081     UNINITIALIZED
                  00012000    00000080     MonitorCalculate.obj (RFFTdata4)
                  00012080    00000001     main.obj (RFFTdata4)

PartIdRegsFile 
*          1    003d7e80    00000001     UNINITIALIZED
                  003d7e80    00000001     F2806x_GlobalVariableDefs.obj (PartIdRegsFile)

CsmPwlFile 
*          1    003f7ff8    00000008     UNINITIALIZED
                  003f7ff8    00000008     F2806x_GlobalVariableDefs.obj (CsmPwlFile)


GLOBAL SYMBOLS: SORTED ALPHABETICALLY BY Name 

address    name
--------   ----
00008000   .text
000093d3   C$$EXIT
00008d4d   FD$$ADD
00008e75   FD$$DIV
00008f00   FD$$MPY
0000942d   FD$$SUB
000093b8   FD$$TOUL
000093ec   FS$$DIV
00009381   FS$$TOFD
00009405   U$$TOFD
00008391   _ADCINT1_ISR
00008387   _ADCINT2_ISR
0000837d   _ADCINT3_ISR
00008373   _ADCINT4_ISR
00008369   _ADCINT5_ISR
0000835f   _ADCINT6_ISR
00008355   _ADCINT7_ISR
0000834b   _ADCINT8_ISR
00008341   _ADCINT9_ISR
00008bcf   _ADC_INT1_Monitor_ISR
00008b98   _ADC_INT2_Potect_ISR
0000a580   _ADMonitorSamBuffer6_64
0000a400   _ADMonitorSampleValue6_64
0000a3c3   _ADProtectSample
0000a3c8   _ADProtectSampleBuffer
0000a000   _ActivePower
0000a732   _AdSqureSum
000083ee   _AdcChanSelect
00008446   _AdcConversion
0000852e   _AdcOffsetSelfCal
00007100   _AdcRegs
00000b00   _AdcResult
0000a714   _Ample
0000a3c0   _CCount
00008337   _CLA1_INT1_ISR
0000832d   _CLA1_INT2_ISR
00008323   _CLA1_INT3_ISR
00008319   _CLA1_INT4_ISR
0000830f   _CLA1_INT5_ISR
00008305   _CLA1_INT6_ISR
000082fb   _CLA1_INT7_ISR
000082f1   _CLA1_INT8_ISR
0000a016   _CalPhase
00008c9a   _CalculateAmplePhase
000087d9   _CalculatePower_EM
00001400   _Cla1Regs
00006400   _Comp1Regs
00006420   _Comp2Regs
00006440   _Comp3Regs
00008ade   _ConfigADC_Monitor
00008a62   _ConfigADC_Protect
000090ab   _ConfigCpuTimer
0000a8b8   _CosValue_1
0000a39c   _CpuTimer0
00000c00   _CpuTimer0Regs
0000a38c   _CpuTimer1
00000c08   _CpuTimer1Regs
0000a394   _CpuTimer2
00000c10   _CpuTimer2Regs
003f7ff8   _CsmPwl
00000ae0   _CsmRegs
000086a8   _CsmUnlock
000082e7   _DATALOG_ISR
000082dd   _DINTCH1_ISR
000082d3   _DINTCH2_ISR
000082c9   _DINTCH3_ISR
000082bf   _DINTCH4_ISR
000082b5   _DINTCH5_ISR
000082ab   _DINTCH6_ISR
00009453   _DSP28x_DisableInt
00009457   _DSP28x_RestoreInt
000000ea   _DSP28x_usDelay
0000926a   _DelayMs
0000923d   _DelayUs
00000880   _DevEmuRegs
00008596   _DisableDog
00001000   _DmaRegs
000082a1   _ECAN0INTA_ISR
00008297   _ECAN1INTA_ISR
0000828d   _ECAP1_INT_ISR
00008283   _ECAP2_INT_ISR
00008279   _ECAP3_INT_ISR
00006040   _ECanaLAMRegs
000060c0   _ECanaMOTORegs
00006080   _ECanaMOTSRegs
00006100   _ECanaMboxes
00006000   _ECanaRegs
00006a00   _ECap1Regs
00006a20   _ECap2Regs
00006a40   _ECap3Regs
0000826c   _EMPTY_ISR
00008262   _EMUINT_ISR
00008258   _EPWM1_INT_ISR
0000824e   _EPWM1_TZINT_ISR
00008244   _EPWM2_INT_ISR
0000823a   _EPWM2_TZINT_ISR
00008230   _EPWM3_INT_ISR
00008226   _EPWM3_TZINT_ISR
0000821c   _EPWM4_INT_ISR
00008212   _EPWM4_TZINT_ISR
00008208   _EPWM5_INT_ISR
000081fe   _EPWM5_TZINT_ISR
000081f4   _EPWM6_INT_ISR
000081ea   _EPWM6_TZINT_ISR
000081e0   _EPWM7_INT_ISR
000081d6   _EPWM7_TZINT_ISR
000081cc   _EPWM8_INT_ISR
000081c2   _EPWM8_TZINT_ISR
00006800   _EPwm1Regs
00006840   _EPwm2Regs
00006880   _EPwm3Regs
000068c0   _EPwm4Regs
00006900   _EPwm5Regs
00006940   _EPwm6Regs
00006980   _EPwm7Regs
000069c0   _EPwm8Regs
000081b8   _EQEP1_INT_ISR
000081ae   _EQEP2_INT_ISR
00006b00   _EQep1Regs
00006b40   _EQep2Regs
0000a728   _EfficVale
00000d01   _EmuBMode
00000d00   _EmuKey
00009334   _EnableInterrupts
0000a006   _EnergyMeasure
00008690   _ExtOscSel
0000a200   _FFT_Ample
00008711   _FFT_Ample_Phase_Part
0000a040   _FFT_Phase
003fdd62   _FPUatan2HalfPITable
003fdd66   _FPUatan2Table
003fdeec   _FPUatan2TableEnd
003fd960   _FPUcosTable
003fdd62   _FPUcosTableEnd
003fd860   _FPUsinTable
003fdc60   _FPUsinTableEnd
00000a80   _FlashRegs
00000d04   _Flash_CPUScaleFactor
00000d02   _Flash_CallbackPtr
00008a3f   _GetKeyValue
00008de9   _GetOscTrimValue
00006f80   _GpioCtrlRegs
00006fc0   _GpioDataRegs
00006fe0   _GpioIntRegs
000081a4   _HRCAP1_INT_ISR
0000819a   _HRCAP2_INT_ISR
00008190   _HRCAP3_INT_ISR
00008186   _HRCAP4_INT_ISR
00006ac0   _HRCap1Regs
00006ae0   _HRCap2Regs
00006c80   _HRCap3Regs
00006ca0   _HRCap4Regs
0000817c   _I2CINT1A_ISR
00008172   _I2CINT2A_ISR
00007900   _I2caRegs
00008168   _ILLEGAL_ISR
0000815e   _INT13_ISR
00008154   _INT14_ISR
0000a70a   _Image
000086d6   _InitADMonitorVariable
00008c59   _InitADProtectVariable
000083c1   _InitAdc
0000839b   _InitAdcAio
00009074   _InitCpuTimers
000000cd   _InitFlash
000089be   _InitKey_LED
000089ad   _InitLed34
000085ec   _InitPeripheralClocks
00009315   _InitPieCtrl
0000941c   _InitPieVectTable
0000859e   _InitPll
00008663   _InitPll2
000092ac   _InitSci
000092a7   _InitSciGpio
0000928c   _InitSciaGpio
0000934d   _InitScib
00009277   _InitScibGpio
0000864b   _InitSysCtrl
00008586   _IntOsc1Sel
00008572   _IntOsc2Sel
0000814a   _LUF_ISR
00008140   _LVF_ISR
00008136   _MRINTA_ISR
0000812c   _MXINTA_ISR
00005000   _McbspaRegs
0000a3c2   _MonitorSamlpeFlag
00008122   _NMI_ISR
00007060   _NmiIntruptRegs
000089a8   _OffLed34
000089a3   _OnLed34
00008e39   _Osc1Comp
00008dfd   _Osc2Comp
00008118   _PIE_RESERVED
003d7e80   _PartIdRegs
0000a71e   _Phase
00000ce0   _PieCtrlRegs
00000d00   _PieVectTable
0000a7b8   _PieVectTableInit
0000a004   _Power
0000a3c1   _ProtectSampleFlag
00012000   _RFFTF32Coef
00008842   _RFFT_f32
000091f9   _RFFT_f32_mag
0000916a   _RFFT_f32_phase
00009004   _RFFT_f32_sincostable
0000c000   _RFFTin1Buff
00010080   _RFFTmagBuff
0000e000   _RFFToutBuff
00010000   _RFFphaseBuff
0000810e   _RTOSINT_ISR
0000a700   _Rel
00008104   _SCIRXINTA_ISR
000080fa   _SCIRXINTB_ISR
000080f0   _SCITXINTA_ISR
000080e6   _SCITXINTB_ISR
00012080   _SCount
000080dc   _SPIRXINTA_ISR
000080d2   _SPIRXINTB_ISR
000080c8   _SPITXINTA_ISR
000080be   _SPITXINTB_ISR
0000a740   _SampleValue
00007050   _SciaRegs
00007750   _ScibRegs
0000933d   _Scib_SendByte
00009343   _Scib_SendStr
00008568   _ServiceDog
00008964   _SetLED8
0000a8e8   _SinValue_1
00007040   _SpiaRegs
00007740   _SpibRegs
00007010   _SysCtrlRegs
00000985   _SysPwrCtrlRegs
000080b4   _TINT0_ISR
0000895f   _ToggleLed34
000080aa   _USB0_INT_ISR
000080a0   _USER10_ISR
00008096   _USER11_ISR
0000808c   _USER12_ISR
00008082   _USER1_ISR
00008078   _USER2_ISR
0000806e   _USER3_ISR
00008064   _USER4_ISR
0000805a   _USER5_ISR
00008050   _USER6_ISR
00008046   _USER7_ISR
0000803c   _USER8_ISR
00008032   _USER9_ISR
00004000   _Usb0Regs
00008028   _WAKEINT_ISR
0000a002   _WattlessPower
0000801e   _XINT1_ISR
00008014   _XINT2_ISR
0000800a   _XINT3_ISR
00007070   _XIntruptRegs
00008554   _XtalOscSel
00000700   __STACK_END
00000300   __STACK_SIZE
00000001   __TI_args_main
ffffffff   ___binit__
ffffffff   ___c_args__
00000050   ___cinit__
0000945a   ___etext__
ffffffff   ___pinit__
00008000   ___text__
0000939d   __args_main
0000a3a8   __cleanup_ptr
0000a3aa   __dtors_ptr
0000a3a6   __lock
00009443   __nop
0000943f   __register_lock
0000943b   __register_unlock
00000400   __stack
0000a3a4   __unlock
000093d3   _abort
00009120   _atan
000090d1   _atan2
000091b3   _c_int00
000092ad   _cos
00008b63   _cpu_timer0_isr
000093d5   _exit
00008f83   _main
0000944c   _memcpy_fast
0000a00a   _rfft
0000884b   _rfft_f32_Stages1and2and3andBitReverse
000088b7   _rfft_f32_Stages4andUp
00008000   _rsvd_ISR
000092e1   _sin
00009360   _sqrt
ffffffff   binit
00000050   cinit
00000000   code_start
0000945a   etext
ffffffff   pinit


GLOBAL SYMBOLS: SORTED BY Symbol Address 

address    name
--------   ----
00000000   code_start
00000001   __TI_args_main
00000050   ___cinit__
00000050   cinit
000000cd   _InitFlash
000000ea   _DSP28x_usDelay
00000300   __STACK_SIZE
00000400   __stack
00000700   __STACK_END
00000880   _DevEmuRegs
00000985   _SysPwrCtrlRegs
00000a80   _FlashRegs
00000ae0   _CsmRegs
00000b00   _AdcResult
00000c00   _CpuTimer0Regs
00000c08   _CpuTimer1Regs
00000c10   _CpuTimer2Regs
00000ce0   _PieCtrlRegs
00000d00   _EmuKey
00000d00   _PieVectTable
00000d01   _EmuBMode
00000d02   _Flash_CallbackPtr
00000d04   _Flash_CPUScaleFactor
00001000   _DmaRegs
00001400   _Cla1Regs
00004000   _Usb0Regs
00005000   _McbspaRegs
00006000   _ECanaRegs
00006040   _ECanaLAMRegs
00006080   _ECanaMOTSRegs
000060c0   _ECanaMOTORegs
00006100   _ECanaMboxes
00006400   _Comp1Regs
00006420   _Comp2Regs
00006440   _Comp3Regs
00006800   _EPwm1Regs
00006840   _EPwm2Regs
00006880   _EPwm3Regs
000068c0   _EPwm4Regs
00006900   _EPwm5Regs
00006940   _EPwm6Regs
00006980   _EPwm7Regs
000069c0   _EPwm8Regs
00006a00   _ECap1Regs
00006a20   _ECap2Regs
00006a40   _ECap3Regs
00006ac0   _HRCap1Regs
00006ae0   _HRCap2Regs
00006b00   _EQep1Regs
00006b40   _EQep2Regs
00006c80   _HRCap3Regs
00006ca0   _HRCap4Regs
00006f80   _GpioCtrlRegs
00006fc0   _GpioDataRegs
00006fe0   _GpioIntRegs
00007010   _SysCtrlRegs
00007040   _SpiaRegs
00007050   _SciaRegs
00007060   _NmiIntruptRegs
00007070   _XIntruptRegs
00007100   _AdcRegs
00007740   _SpibRegs
00007750   _ScibRegs
00007900   _I2caRegs
00008000   .text
00008000   ___text__
00008000   _rsvd_ISR
0000800a   _XINT3_ISR
00008014   _XINT2_ISR
0000801e   _XINT1_ISR
00008028   _WAKEINT_ISR
00008032   _USER9_ISR
0000803c   _USER8_ISR
00008046   _USER7_ISR
00008050   _USER6_ISR
0000805a   _USER5_ISR
00008064   _USER4_ISR
0000806e   _USER3_ISR
00008078   _USER2_ISR
00008082   _USER1_ISR
0000808c   _USER12_ISR
00008096   _USER11_ISR
000080a0   _USER10_ISR
000080aa   _USB0_INT_ISR
000080b4   _TINT0_ISR
000080be   _SPITXINTB_ISR
000080c8   _SPITXINTA_ISR
000080d2   _SPIRXINTB_ISR
000080dc   _SPIRXINTA_ISR
000080e6   _SCITXINTB_ISR
000080f0   _SCITXINTA_ISR
000080fa   _SCIRXINTB_ISR
00008104   _SCIRXINTA_ISR
0000810e   _RTOSINT_ISR
00008118   _PIE_RESERVED
00008122   _NMI_ISR
0000812c   _MXINTA_ISR
00008136   _MRINTA_ISR
00008140   _LVF_ISR
0000814a   _LUF_ISR
00008154   _INT14_ISR
0000815e   _INT13_ISR
00008168   _ILLEGAL_ISR
00008172   _I2CINT2A_ISR
0000817c   _I2CINT1A_ISR
00008186   _HRCAP4_INT_ISR
00008190   _HRCAP3_INT_ISR
0000819a   _HRCAP2_INT_ISR
000081a4   _HRCAP1_INT_ISR
000081ae   _EQEP2_INT_ISR
000081b8   _EQEP1_INT_ISR
000081c2   _EPWM8_TZINT_ISR
000081cc   _EPWM8_INT_ISR
000081d6   _EPWM7_TZINT_ISR
000081e0   _EPWM7_INT_ISR
000081ea   _EPWM6_TZINT_ISR
000081f4   _EPWM6_INT_ISR
000081fe   _EPWM5_TZINT_ISR
00008208   _EPWM5_INT_ISR
00008212   _EPWM4_TZINT_ISR
0000821c   _EPWM4_INT_ISR
00008226   _EPWM3_TZINT_ISR
00008230   _EPWM3_INT_ISR
0000823a   _EPWM2_TZINT_ISR
00008244   _EPWM2_INT_ISR
0000824e   _EPWM1_TZINT_ISR
00008258   _EPWM1_INT_ISR
00008262   _EMUINT_ISR
0000826c   _EMPTY_ISR
00008279   _ECAP3_INT_ISR
00008283   _ECAP2_INT_ISR
0000828d   _ECAP1_INT_ISR
00008297   _ECAN1INTA_ISR
000082a1   _ECAN0INTA_ISR
000082ab   _DINTCH6_ISR
000082b5   _DINTCH5_ISR
000082bf   _DINTCH4_ISR
000082c9   _DINTCH3_ISR
000082d3   _DINTCH2_ISR
000082dd   _DINTCH1_ISR
000082e7   _DATALOG_ISR
000082f1   _CLA1_INT8_ISR
000082fb   _CLA1_INT7_ISR
00008305   _CLA1_INT6_ISR
0000830f   _CLA1_INT5_ISR
00008319   _CLA1_INT4_ISR
00008323   _CLA1_INT3_ISR
0000832d   _CLA1_INT2_ISR
00008337   _CLA1_INT1_ISR
00008341   _ADCINT9_ISR
0000834b   _ADCINT8_ISR
00008355   _ADCINT7_ISR
0000835f   _ADCINT6_ISR
00008369   _ADCINT5_ISR
00008373   _ADCINT4_ISR
0000837d   _ADCINT3_ISR
00008387   _ADCINT2_ISR
00008391   _ADCINT1_ISR
0000839b   _InitAdcAio
000083c1   _InitAdc
000083ee   _AdcChanSelect
00008446   _AdcConversion
0000852e   _AdcOffsetSelfCal
00008554   _XtalOscSel
00008568   _ServiceDog
00008572   _IntOsc2Sel
00008586   _IntOsc1Sel
00008596   _DisableDog
0000859e   _InitPll
000085ec   _InitPeripheralClocks
0000864b   _InitSysCtrl
00008663   _InitPll2
00008690   _ExtOscSel
000086a8   _CsmUnlock
000086d6   _InitADMonitorVariable
00008711   _FFT_Ample_Phase_Part
000087d9   _CalculatePower_EM
00008842   _RFFT_f32
0000884b   _rfft_f32_Stages1and2and3andBitReverse
000088b7   _rfft_f32_Stages4andUp
0000895f   _ToggleLed34
00008964   _SetLED8
000089a3   _OnLed34
000089a8   _OffLed34
000089ad   _InitLed34
000089be   _InitKey_LED
00008a3f   _GetKeyValue
00008a62   _ConfigADC_Protect
00008ade   _ConfigADC_Monitor
00008b63   _cpu_timer0_isr
00008b98   _ADC_INT2_Potect_ISR
00008bcf   _ADC_INT1_Monitor_ISR
00008c59   _InitADProtectVariable
00008c9a   _CalculateAmplePhase
00008d4d   FD$$ADD
00008de9   _GetOscTrimValue
00008dfd   _Osc2Comp
00008e39   _Osc1Comp
00008e75   FD$$DIV
00008f00   FD$$MPY
00008f83   _main
00009004   _RFFT_f32_sincostable
00009074   _InitCpuTimers
000090ab   _ConfigCpuTimer
000090d1   _atan2
00009120   _atan
0000916a   _RFFT_f32_phase
000091b3   _c_int00
000091f9   _RFFT_f32_mag
0000923d   _DelayUs
0000926a   _DelayMs
00009277   _InitScibGpio
0000928c   _InitSciaGpio
000092a7   _InitSciGpio
000092ac   _InitSci
000092ad   _cos
000092e1   _sin
00009315   _InitPieCtrl
00009334   _EnableInterrupts
0000933d   _Scib_SendByte
00009343   _Scib_SendStr
0000934d   _InitScib
00009360   _sqrt
00009381   FS$$TOFD
0000939d   __args_main
000093b8   FD$$TOUL
000093d3   C$$EXIT
000093d3   _abort
000093d5   _exit
000093ec   FS$$DIV
00009405   U$$TOFD
0000941c   _InitPieVectTable
0000942d   FD$$SUB
0000943b   __register_unlock
0000943f   __register_lock
00009443   __nop
0000944c   _memcpy_fast
00009453   _DSP28x_DisableInt
00009457   _DSP28x_RestoreInt
0000945a   ___etext__
0000945a   etext
0000a000   _ActivePower
0000a002   _WattlessPower
0000a004   _Power
0000a006   _EnergyMeasure
0000a00a   _rfft
0000a016   _CalPhase
0000a040   _FFT_Phase
0000a200   _FFT_Ample
0000a38c   _CpuTimer1
0000a394   _CpuTimer2
0000a39c   _CpuTimer0
0000a3a4   __unlock
0000a3a6   __lock
0000a3a8   __cleanup_ptr
0000a3aa   __dtors_ptr
0000a3c0   _CCount
0000a3c1   _ProtectSampleFlag
0000a3c2   _MonitorSamlpeFlag
0000a3c3   _ADProtectSample
0000a3c8   _ADProtectSampleBuffer
0000a400   _ADMonitorSampleValue6_64
0000a580   _ADMonitorSamBuffer6_64
0000a700   _Rel
0000a70a   _Image
0000a714   _Ample
0000a71e   _Phase
0000a728   _EfficVale
0000a732   _AdSqureSum
0000a740   _SampleValue
0000a7b8   _PieVectTableInit
0000a8b8   _CosValue_1
0000a8e8   _SinValue_1
0000c000   _RFFTin1Buff
0000e000   _RFFToutBuff
00010000   _RFFphaseBuff
00010080   _RFFTmagBuff
00012000   _RFFTF32Coef
00012080   _SCount
003d7e80   _PartIdRegs
003f7ff8   _CsmPwl
003fd860   _FPUsinTable
003fd960   _FPUcosTable
003fdc60   _FPUsinTableEnd
003fdd62   _FPUatan2HalfPITable
003fdd62   _FPUcosTableEnd
003fdd66   _FPUatan2Table
003fdeec   _FPUatan2TableEnd
ffffffff   ___binit__
ffffffff   ___c_args__
ffffffff   ___pinit__
ffffffff   binit
ffffffff   pinit

[293 symbols]
